2021-05-12T15:02:48.395+0800	error	hello	zapLogger/logger_test.go:23	this is a test
2021-05-12T15:02:48.396+0800	error	hello	zapLogger/logger_test.go:23	this is a test
2021-05-12T15:02:48.396+0800	error	hello	zapLogger/logger_test.go:23	this is a test
2021-05-12T15:02:48.396+0800	error	hello	zapLogger/logger_test.go:23	this is a test
2021-05-12T15:02:48.396+0800	error	hello	zapLogger/logger_test.go:23	this is a test
2021-05-12T15:02:48.396+0800	error	hello	zapLogger/logger_test.go:23	this is a test
2021-05-12T15:02:48.395+0800	error	hello	zapLogger/logger_test.go:23	this is a test
2021-05-12T15:02:48.396+0800	error	hello	zapLogger/logger_test.go:23	this is a test
2021-05-12T15:02:48.395+0800	error	hello	zapLogger/logger_test.go:23	this is a test
2021-05-12T15:02:48.396+0800	error	hello	zapLogger/logger_test.go:23	this is a test
2021-05-12T15:02:48.395+0800	error	hello	zapLogger/logger_test.go:23	this is a test
2021-05-12T15:02:48.396+0800	error	hello	zapLogger/logger_test.go:23	this is a test
2021-05-12T15:02:48.396+0800	error	hello	zapLogger/logger_test.go:23	this is a test
2021-05-12T15:02:48.396+0800	error	hello	zapLogger/logger_test.go:23	this is a test
2021-05-12T15:02:48.395+0800	error	hello	zapLogger/logger_test.go:23	this is a test
2021-05-12T15:02:48.396+0800	error	hello	zapLogger/logger_test.go:23	this is a test
2021-05-12T15:02:48.396+0800	error	hello	zapLogger/logger_test.go:23	this is a test
2021-05-12T15:02:48.397+0800	error	hello	zapLogger/logger_test.go:23	this is a test
2021-05-12T15:02:48.397+0800	error	hello	zapLogger/logger_test.go:23	this is a test
2021-05-12T15:02:48.397+0800	error	hello	zapLogger/logger_test.go:23	this is a test
2021-05-12T15:02:48.396+0800	error	hello	zapLogger/logger_test.go:23	this is a test
2021-05-12T15:02:48.397+0800	error	hello	zapLogger/logger_test.go:23	this is a test
2021-05-12T15:02:48.397+0800	error	hello	zapLogger/logger_test.go:23	this is a test
2021-05-12T15:02:48.395+0800	error	hello	zapLogger/logger_test.go:23	this is a test
2021-05-12T15:02:48.397+0800	error	hello	zapLogger/logger_test.go:23	this is a test
2021-05-12T15:02:48.396+0800	error	hello	zapLogger/logger_test.go:23	this is a test
2021-05-12T15:02:48.397+0800	error	hello	zapLogger/logger_test.go:23	this is a test
2021-05-12T15:02:48.396+0800	error	hello	zapLogger/logger_test.go:23	this is a test
2021-05-12T15:02:48.397+0800	error	hello	zapLogger/logger_test.go:23	this is a test
2021-05-12T15:02:48.397+0800	error	hello	zapLogger/logger_test.go:23	this is a test
2021-05-12T15:02:48.396+0800	error	hello	zapLogger/logger_test.go:23	this is a test
2021-05-12T15:02:48.397+0800	error	hello	zapLogger/logger_test.go:23	this is a test
2021-05-12T15:02:48.396+0800	error	hello	zapLogger/logger_test.go:23	this is a test
2021-05-12T15:02:48.397+0800	error	hello	zapLogger/logger_test.go:23	this is a test
2021-05-12T15:02:48.396+0800	error	hello	zapLogger/logger_test.go:23	this is a test
2021-05-12T15:02:48.397+0800	error	hello	zapLogger/logger_test.go:23	this is a test
2021-05-12T15:02:48.396+0800	error	hello	zapLogger/logger_test.go:23	this is a test
2021-05-12T15:02:48.397+0800	error	hello	zapLogger/logger_test.go:23	this is a test
2021-05-12T15:02:48.397+0800	error	hello	zapLogger/logger_test.go:23	this is a test
2021-05-12T15:02:48.397+0800	error	hello	zapLogger/logger_test.go:23	this is a test
2021-05-12T15:02:48.397+0800	error	hello	zapLogger/logger_test.go:23	this is a test
2021-05-12T15:02:48.397+0800	error	hello	zapLogger/logger_test.go:23	this is a test
2021-05-12T15:02:48.397+0800	error	hello	zapLogger/logger_test.go:23	this is a test
2021-05-12T15:02:48.397+0800	error	hello	zapLogger/logger_test.go:23	this is a test
2021-05-12T15:02:48.397+0800	error	hello	zapLogger/logger_test.go:23	this is a test
2021-05-12T15:02:48.397+0800	error	hello	zapLogger/logger_test.go:23	this is a test
2021-05-12T15:02:48.397+0800	error	hello	zapLogger/logger_test.go:23	this is a test
2021-05-12T15:02:48.397+0800	error	hello	zapLogger/logger_test.go:23	this is a test
2021-05-12T15:02:48.397+0800	error	hello	zapLogger/logger_test.go:23	this is a test
2021-05-12T15:02:48.397+0800	error	hello	zapLogger/logger_test.go:23	this is a test
2021-05-12T15:02:48.397+0800	error	hello	zapLogger/logger_test.go:23	this is a test
2021-05-12T15:02:48.397+0800	error	hello	zapLogger/logger_test.go:23	this is a test
2021-05-12T15:02:48.397+0800	error	hello	zapLogger/logger_test.go:23	this is a test
2021-05-12T15:02:48.397+0800	error	hello	zapLogger/logger_test.go:23	this is a test
2021-05-12T15:02:48.397+0800	error	hello	zapLogger/logger_test.go:23	this is a test
2021-05-12T15:02:48.398+0800	error	hello	zapLogger/logger_test.go:23	this is a test
2021-05-12T15:02:48.397+0800	error	hello	zapLogger/logger_test.go:23	this is a test
2021-05-12T15:02:48.398+0800	error	hello	zapLogger/logger_test.go:23	this is a test
2021-05-12T15:02:48.397+0800	error	hello	zapLogger/logger_test.go:23	this is a test
2021-05-12T15:02:48.398+0800	error	hello	zapLogger/logger_test.go:23	this is a test
2021-05-12T15:02:48.398+0800	error	hello	zapLogger/logger_test.go:23	this is a test
2021-05-12T15:02:48.398+0800	error	hello	zapLogger/logger_test.go:23	this is a test
2021-05-12T15:02:48.398+0800	error	hello	zapLogger/logger_test.go:23	this is a test
2021-05-12T15:02:48.398+0800	error	hello	zapLogger/logger_test.go:23	this is a test
2021-05-12T15:02:48.398+0800	error	hello	zapLogger/logger_test.go:23	this is a test
2021-05-12T15:02:48.398+0800	error	hello	zapLogger/logger_test.go:23	this is a test
2021-05-12T15:02:48.398+0800	error	hello	zapLogger/logger_test.go:23	this is a test
2021-05-12T15:02:48.398+0800	error	hello	zapLogger/logger_test.go:23	this is a test
2021-05-12T15:02:48.398+0800	error	hello	zapLogger/logger_test.go:23	this is a test
2021-05-12T15:02:48.398+0800	error	hello	zapLogger/logger_test.go:23	this is a test
2021-05-12T15:02:48.398+0800	error	hello	zapLogger/logger_test.go:23	this is a test
2021-05-12T15:02:48.398+0800	error	hello	zapLogger/logger_test.go:23	this is a test
2021-05-12T15:02:48.398+0800	error	hello	zapLogger/logger_test.go:23	this is a test
2021-05-12T15:02:48.398+0800	error	hello	zapLogger/logger_test.go:23	this is a test
2021-05-12T15:02:48.398+0800	error	hello	zapLogger/logger_test.go:23	this is a test
2021-05-12T15:02:48.397+0800	error	hello	zapLogger/logger_test.go:23	this is a test
2021-05-12T15:02:48.398+0800	error	hello	zapLogger/logger_test.go:23	this is a test
2021-05-12T15:02:48.398+0800	error	hello	zapLogger/logger_test.go:23	this is a test
2021-05-12T15:02:48.398+0800	error	hello	zapLogger/logger_test.go:23	this is a test
2021-05-12T15:02:48.398+0800	error	hello	zapLogger/logger_test.go:23	this is a test
2021-05-12T15:02:48.398+0800	error	hello	zapLogger/logger_test.go:23	this is a test
2021-05-12T15:02:48.398+0800	error	hello	zapLogger/logger_test.go:23	this is a test
2021-05-12T15:02:48.398+0800	error	hello	zapLogger/logger_test.go:23	this is a test
2021-05-12T15:02:48.398+0800	error	hello	zapLogger/logger_test.go:23	this is a test
2021-05-12T15:02:48.398+0800	error	hello	zapLogger/logger_test.go:23	this is a test
2021-05-12T15:02:48.398+0800	error	hello	zapLogger/logger_test.go:23	this is a test
2021-05-12T15:02:48.398+0800	error	hello	zapLogger/logger_test.go:23	this is a test
2021-05-12T15:02:48.398+0800	error	hello	zapLogger/logger_test.go:23	this is a test
2021-05-12T15:02:48.398+0800	error	hello	zapLogger/logger_test.go:23	this is a test
2021-05-12T15:02:48.398+0800	error	hello	zapLogger/logger_test.go:23	this is a test
2021-05-12T15:02:48.398+0800	error	hello	zapLogger/logger_test.go:23	this is a test
2021-05-12T15:02:48.398+0800	error	hello	zapLogger/logger_test.go:23	this is a test
2021-05-12T15:02:48.398+0800	error	hello	zapLogger/logger_test.go:23	this is a test
2021-05-12T15:02:48.398+0800	error	hello	zapLogger/logger_test.go:23	this is a test
2021-05-12T15:02:48.398+0800	error	hello	zapLogger/logger_test.go:23	this is a test
2021-05-12T15:02:48.398+0800	error	hello	zapLogger/logger_test.go:23	this is a test
2021-05-12T15:02:48.398+0800	error	hello	zapLogger/logger_test.go:23	this is a test
2021-05-12T15:02:48.398+0800	error	hello	zapLogger/logger_test.go:23	this is a test
2021-05-12T15:02:48.398+0800	error	hello	zapLogger/logger_test.go:23	this is a test
2021-05-12T15:02:48.398+0800	error	hello	zapLogger/logger_test.go:23	this is a test
2021-05-12T15:02:48.398+0800	error	hello	zapLogger/logger_test.go:23	this is a test
2021-05-12T15:02:48.398+0800	error	hello	zapLogger/logger_test.go:23	this is a test
2021-05-12T15:02:48.398+0800	error	hello	zapLogger/logger_test.go:23	this is a test
2021-05-12T15:02:48.398+0800	error	hello	zapLogger/logger_test.go:23	this is a test
2021-05-12T15:02:48.398+0800	error	hello	zapLogger/logger_test.go:23	this is a test
2021-05-12T15:02:48.398+0800	error	hello	zapLogger/logger_test.go:23	this is a test
2021-05-12T15:02:48.397+0800	error	hello	zapLogger/logger_test.go:23	this is a test
2021-05-12T15:02:48.398+0800	error	hello	zapLogger/logger_test.go:23	this is a test
2021-05-12T15:02:48.397+0800	error	hello	zapLogger/logger_test.go:23	this is a test
2021-05-12T15:02:48.398+0800	error	hello	zapLogger/logger_test.go:23	this is a test
2021-05-12T15:02:48.398+0800	error	hello	zapLogger/logger_test.go:23	this is a test
2021-05-12T15:02:48.398+0800	error	hello	zapLogger/logger_test.go:23	this is a test
2021-05-12T15:02:48.398+0800	error	hello	zapLogger/logger_test.go:23	this is a test
2021-05-12T15:02:48.398+0800	error	hello	zapLogger/logger_test.go:23	this is a test
2021-05-12T15:02:48.398+0800	error	hello	zapLogger/logger_test.go:23	this is a test
2021-05-12T15:02:48.398+0800	error	hello	zapLogger/logger_test.go:23	this is a test
2021-05-12T15:02:48.398+0800	error	hello	zapLogger/logger_test.go:23	this is a test
2021-05-12T15:02:48.398+0800	error	hello	zapLogger/logger_test.go:23	this is a test
2021-05-12T15:02:48.398+0800	error	hello	zapLogger/logger_test.go:23	this is a test
2021-05-12T15:02:48.398+0800	error	hello	zapLogger/logger_test.go:23	this is a test
2021-05-12T15:02:48.398+0800	error	hello	zapLogger/logger_test.go:23	this is a test
2021-05-12T15:02:48.398+0800	error	hello	zapLogger/logger_test.go:23	this is a test
2021-05-12T15:02:48.398+0800	error	hello	zapLogger/logger_test.go:23	this is a test
2021-05-12T15:02:48.398+0800	error	hello	zapLogger/logger_test.go:23	this is a test
2021-05-12T15:02:48.398+0800	error	hello	zapLogger/logger_test.go:23	this is a test
2021-05-12T15:02:48.398+0800	error	hello	zapLogger/logger_test.go:23	this is a test
2021-05-12T15:02:48.398+0800	error	hello	zapLogger/logger_test.go:23	this is a test
2021-05-12T15:02:48.398+0800	error	hello	zapLogger/logger_test.go:23	this is a test
2021-05-12T15:02:48.398+0800	error	hello	zapLogger/logger_test.go:23	this is a test
2021-05-12T15:02:48.398+0800	error	hello	zapLogger/logger_test.go:23	this is a test
2021-05-12T15:02:48.398+0800	error	hello	zapLogger/logger_test.go:23	this is a test
2021-05-12T15:02:48.397+0800	error	hello	zapLogger/logger_test.go:23	this is a test
2021-05-12T15:02:48.398+0800	error	hello	zapLogger/logger_test.go:23	this is a test
2021-05-12T15:02:48.397+0800	error	hello	zapLogger/logger_test.go:23	this is a test
2021-05-12T15:02:48.398+0800	error	hello	zapLogger/logger_test.go:23	this is a test
2021-05-12T15:02:48.397+0800	error	hello	zapLogger/logger_test.go:23	this is a test
2021-05-12T15:02:48.398+0800	error	hello	zapLogger/logger_test.go:23	this is a test
2021-05-12T15:02:48.399+0800	error	hello	zapLogger/logger_test.go:23	this is a test
2021-05-12T15:02:48.399+0800	error	hello	zapLogger/logger_test.go:23	this is a test
2021-05-12T15:02:48.399+0800	error	hello	zapLogger/logger_test.go:23	this is a test
2021-05-12T15:02:48.399+0800	error	hello	zapLogger/logger_test.go:23	this is a test
2021-05-12T15:02:48.399+0800	error	hello	zapLogger/logger_test.go:23	this is a test
2021-05-12T15:02:48.399+0800	error	hello	zapLogger/logger_test.go:23	this is a test
2021-05-12T15:02:48.399+0800	error	hello	zapLogger/logger_test.go:23	this is a test
2021-05-12T15:02:48.399+0800	error	hello	zapLogger/logger_test.go:23	this is a test
2021-05-12T15:02:48.399+0800	error	hello	zapLogger/logger_test.go:23	this is a test
2021-05-12T15:02:48.399+0800	error	hello	zapLogger/logger_test.go:23	this is a test
2021-05-12T15:02:48.399+0800	error	hello	zapLogger/logger_test.go:23	this is a test
2021-05-12T15:02:48.399+0800	error	hello	zapLogger/logger_test.go:23	this is a test
2021-05-12T15:02:48.399+0800	error	hello	zapLogger/logger_test.go:23	this is a test
2021-05-12T15:02:48.399+0800	error	hello	zapLogger/logger_test.go:23	this is a test
2021-05-12T15:02:48.399+0800	error	hello	zapLogger/logger_test.go:23	this is a test
2021-05-12T15:02:48.399+0800	error	hello	zapLogger/logger_test.go:23	this is a test
2021-05-12T15:02:48.397+0800	error	hello	zapLogger/logger_test.go:23	this is a test
2021-05-12T15:02:48.399+0800	error	hello	zapLogger/logger_test.go:23	this is a test
2021-05-12T15:02:48.398+0800	error	hello	zapLogger/logger_test.go:23	this is a test
2021-05-12T15:02:48.399+0800	error	hello	zapLogger/logger_test.go:23	this is a test
2021-05-12T15:02:48.399+0800	error	hello	zapLogger/logger_test.go:23	this is a test
2021-05-12T15:02:48.399+0800	error	hello	zapLogger/logger_test.go:23	this is a test
2021-05-12T15:02:48.399+0800	error	hello	zapLogger/logger_test.go:23	this is a test
2021-05-12T15:02:48.399+0800	error	hello	zapLogger/logger_test.go:23	this is a test
2021-05-12T15:02:48.399+0800	error	hello	zapLogger/logger_test.go:23	this is a test
2021-05-12T15:02:48.399+0800	error	hello	zapLogger/logger_test.go:23	this is a test
2021-05-12T15:02:48.399+0800	error	hello	zapLogger/logger_test.go:23	this is a test
2021-05-12T15:02:48.399+0800	error	hello	zapLogger/logger_test.go:23	this is a test
2021-05-12T15:02:48.399+0800	error	hello	zapLogger/logger_test.go:23	this is a test
2021-05-12T15:02:48.399+0800	error	hello	zapLogger/logger_test.go:23	this is a test
2021-05-12T15:02:48.399+0800	error	hello	zapLogger/logger_test.go:23	this is a test
2021-05-12T15:02:48.399+0800	error	hello	zapLogger/logger_test.go:23	this is a test
2021-05-12T15:02:48.399+0800	error	hello	zapLogger/logger_test.go:23	this is a test
2021-05-12T15:02:48.399+0800	error	hello	zapLogger/logger_test.go:23	this is a test
2021-05-12T15:02:48.399+0800	error	hello	zapLogger/logger_test.go:23	this is a test
2021-05-12T15:02:48.399+0800	error	hello	zapLogger/logger_test.go:23	this is a test
2021-05-12T15:02:48.399+0800	error	hello	zapLogger/logger_test.go:23	this is a test
2021-05-12T15:02:48.399+0800	error	hello	zapLogger/logger_test.go:23	this is a test
2021-05-12T15:02:48.399+0800	error	hello	zapLogger/logger_test.go:23	this is a test
2021-05-12T15:02:48.399+0800	error	hello	zapLogger/logger_test.go:23	this is a test
2021-05-12T15:02:48.399+0800	error	hello	zapLogger/logger_test.go:23	this is a test
2021-05-12T15:02:48.399+0800	error	hello	zapLogger/logger_test.go:23	this is a test
2021-05-12T15:02:48.399+0800	error	hello	zapLogger/logger_test.go:23	this is a test
2021-05-12T15:02:48.399+0800	error	hello	zapLogger/logger_test.go:23	this is a test
2021-05-12T15:02:48.399+0800	error	hello	zapLogger/logger_test.go:23	this is a test
2021-05-12T15:02:48.399+0800	error	hello	zapLogger/logger_test.go:23	this is a test
2021-05-12T15:02:48.399+0800	error	hello	zapLogger/logger_test.go:23	this is a test
2021-05-12T15:02:48.399+0800	error	hello	zapLogger/logger_test.go:23	this is a test
2021-05-12T15:02:48.399+0800	error	hello	zapLogger/logger_test.go:23	this is a test
2021-05-12T15:02:48.399+0800	error	hello	zapLogger/logger_test.go:23	this is a test
2021-05-12T15:02:48.399+0800	error	hello	zapLogger/logger_test.go:23	this is a test
2021-05-12T15:02:48.399+0800	error	hello	zapLogger/logger_test.go:23	this is a test
2021-05-12T15:02:48.399+0800	error	hello	zapLogger/logger_test.go:23	this is a test
2021-05-12T15:02:48.399+0800	error	hello	zapLogger/logger_test.go:23	this is a test
2021-05-12T15:02:48.398+0800	error	hello	zapLogger/logger_test.go:23	this is a test
2021-05-12T15:02:48.399+0800	error	hello	zapLogger/logger_test.go:23	this is a test
2021-05-12T15:02:48.398+0800	error	hello	zapLogger/logger_test.go:23	this is a test
2021-05-12T15:02:48.399+0800	error	hello	zapLogger/logger_test.go:23	this is a test
2021-05-12T15:02:48.399+0800	error	hello	zapLogger/logger_test.go:23	this is a test
2021-05-12T15:02:48.399+0800	error	hello	zapLogger/logger_test.go:23	this is a test
2021-05-12T15:02:48.398+0800	error	hello	zapLogger/logger_test.go:23	this is a test
2021-05-12T15:02:48.399+0800	error	hello	zapLogger/logger_test.go:23	this is a test
2021-05-12T15:02:48.399+0800	error	hello	zapLogger/logger_test.go:23	this is a test
2021-05-12T15:02:48.399+0800	error	hello	zapLogger/logger_test.go:23	this is a test
2021-05-12T15:02:48.399+0800	error	hello	zapLogger/logger_test.go:23	this is a test
2021-05-12T15:02:48.399+0800	error	hello	zapLogger/logger_test.go:23	this is a test
2021-05-12T15:02:48.399+0800	error	hello	zapLogger/logger_test.go:23	this is a test
2021-05-12T15:02:48.399+0800	error	hello	zapLogger/logger_test.go:23	this is a test
2021-05-12T15:02:48.399+0800	error	hello	zapLogger/logger_test.go:23	this is a test
2021-05-12T15:02:48.399+0800	error	hello	zapLogger/logger_test.go:23	this is a test
2021-05-12T15:02:48.399+0800	error	hello	zapLogger/logger_test.go:23	this is a test
2021-05-12T15:02:48.399+0800	error	hello	zapLogger/logger_test.go:23	this is a test
2021-05-12T15:02:48.399+0800	error	hello	zapLogger/logger_test.go:23	this is a test
2021-05-12T15:02:48.400+0800	error	hello	zapLogger/logger_test.go:23	this is a test
2021-05-12T15:02:48.400+0800	error	hello	zapLogger/logger_test.go:23	this is a test
2021-05-12T15:02:48.400+0800	error	hello	zapLogger/logger_test.go:23	this is a test
2021-05-12T15:02:48.400+0800	error	hello	zapLogger/logger_test.go:23	this is a test
2021-05-12T15:02:48.400+0800	error	hello	zapLogger/logger_test.go:23	this is a test
2021-05-12T15:02:48.400+0800	error	hello	zapLogger/logger_test.go:23	this is a test
2021-05-12T15:02:48.400+0800	error	hello	zapLogger/logger_test.go:23	this is a test
2021-05-12T15:02:48.400+0800	error	hello	zapLogger/logger_test.go:23	this is a test
2021-05-12T15:02:48.400+0800	error	hello	zapLogger/logger_test.go:23	this is a test
2021-05-12T15:02:48.400+0800	error	hello	zapLogger/logger_test.go:23	this is a test
2021-05-12T15:02:48.400+0800	error	hello	zapLogger/logger_test.go:23	this is a test
2021-05-12T15:02:48.400+0800	error	hello	zapLogger/logger_test.go:23	this is a test
2021-05-12T15:02:48.398+0800	error	hello	zapLogger/logger_test.go:23	this is a test
2021-05-12T15:02:48.398+0800	error	hello	zapLogger/logger_test.go:23	this is a test
2021-05-12T15:02:48.399+0800	error	hello	zapLogger/logger_test.go:23	this is a test
2021-05-12T15:02:48.399+0800	error	hello	zapLogger/logger_test.go:23	this is a test
2021-05-12T15:02:48.400+0800	error	hello	zapLogger/logger_test.go:23	this is a test
2021-05-12T15:02:48.400+0800	error	hello	zapLogger/logger_test.go:23	this is a test
2021-05-12T15:02:48.400+0800	error	hello	zapLogger/logger_test.go:23	this is a test
2021-05-12T15:02:48.400+0800	error	hello	zapLogger/logger_test.go:23	this is a test
2021-05-12T15:02:48.400+0800	error	hello	zapLogger/logger_test.go:23	this is a test
2021-05-12T15:02:48.400+0800	error	hello	zapLogger/logger_test.go:23	this is a test
2021-05-12T15:02:48.400+0800	error	hello	zapLogger/logger_test.go:23	this is a test
2021-05-12T15:02:48.400+0800	error	hello	zapLogger/logger_test.go:23	this is a test
2021-05-12T15:02:48.400+0800	error	hello	zapLogger/logger_test.go:23	this is a test
2021-05-12T15:02:48.400+0800	error	hello	zapLogger/logger_test.go:23	this is a test
2021-05-12T15:02:48.400+0800	error	hello	zapLogger/logger_test.go:23	this is a test
2021-05-12T15:02:48.400+0800	error	hello	zapLogger/logger_test.go:23	this is a test
2021-05-12T15:02:48.400+0800	error	hello	zapLogger/logger_test.go:23	this is a test
2021-05-12T15:02:48.400+0800	error	hello	zapLogger/logger_test.go:23	this is a test
2021-05-12T15:02:48.400+0800	error	hello	zapLogger/logger_test.go:23	this is a test
2021-05-12T15:02:48.400+0800	error	hello	zapLogger/logger_test.go:23	this is a test
2021-05-12T15:02:48.400+0800	error	hello	zapLogger/logger_test.go:23	this is a test
2021-05-12T15:02:48.400+0800	error	hello	zapLogger/logger_test.go:23	this is a test
2021-05-12T15:02:48.400+0800	error	hello	zapLogger/logger_test.go:23	this is a test
2021-05-12T15:02:48.400+0800	error	hello	zapLogger/logger_test.go:23	this is a test
2021-05-12T15:02:48.399+0800	error	hello	zapLogger/logger_test.go:23	this is a test
2021-05-12T15:02:48.400+0800	error	hello	zapLogger/logger_test.go:23	this is a test
2021-05-12T15:02:48.400+0800	error	hello	zapLogger/logger_test.go:23	this is a test
2021-05-12T15:02:48.400+0800	error	hello	zapLogger/logger_test.go:23	this is a test
2021-05-12T15:02:48.400+0800	error	hello	zapLogger/logger_test.go:23	this is a test
2021-05-12T15:02:48.400+0800	error	hello	zapLogger/logger_test.go:23	this is a test
2021-05-12T15:02:48.400+0800	error	hello	zapLogger/logger_test.go:23	this is a test
2021-05-12T15:02:48.400+0800	error	hello	zapLogger/logger_test.go:23	this is a test
2021-05-12T15:02:48.400+0800	error	hello	zapLogger/logger_test.go:23	this is a test
2021-05-12T15:02:48.400+0800	error	hello	zapLogger/logger_test.go:23	this is a test
2021-05-12T15:02:48.400+0800	error	hello	zapLogger/logger_test.go:23	this is a test
2021-05-12T15:02:48.400+0800	error	hello	zapLogger/logger_test.go:23	this is a test
2021-05-12T15:02:48.399+0800	error	hello	zapLogger/logger_test.go:23	this is a test
2021-05-12T15:02:48.400+0800	error	hello	zapLogger/logger_test.go:23	this is a test
2021-05-12T15:02:48.398+0800	error	hello	zapLogger/logger_test.go:23	this is a test
2021-05-12T15:02:48.400+0800	error	hello	zapLogger/logger_test.go:23	this is a test
2021-05-12T15:02:48.400+0800	error	hello	zapLogger/logger_test.go:23	this is a test
2021-05-12T15:02:48.400+0800	error	hello	zapLogger/logger_test.go:23	this is a test
2021-05-12T15:02:48.400+0800	error	hello	zapLogger/logger_test.go:23	this is a test
2021-05-12T15:02:48.400+0800	error	hello	zapLogger/logger_test.go:23	this is a test
2021-05-12T15:02:48.400+0800	error	hello	zapLogger/logger_test.go:23	this is a test
2021-05-12T15:02:48.400+0800	error	hello	zapLogger/logger_test.go:23	this is a test
2021-05-12T15:02:48.400+0800	error	hello	zapLogger/logger_test.go:23	this is a test
2021-05-12T15:02:48.400+0800	error	hello	zapLogger/logger_test.go:23	this is a test
2021-05-12T15:02:48.400+0800	error	hello	zapLogger/logger_test.go:23	this is a test
2021-05-12T15:02:48.400+0800	error	hello	zapLogger/logger_test.go:23	this is a test
2021-05-12T15:02:48.400+0800	error	hello	zapLogger/logger_test.go:23	this is a test
2021-05-12T15:02:48.400+0800	error	hello	zapLogger/logger_test.go:23	this is a test
2021-05-12T15:02:48.400+0800	error	hello	zapLogger/logger_test.go:23	this is a test
2021-05-12T15:02:48.400+0800	error	hello	zapLogger/logger_test.go:23	this is a test
2021-05-12T15:02:48.400+0800	error	hello	zapLogger/logger_test.go:23	this is a test
2021-05-12T15:02:48.400+0800	error	hello	zapLogger/logger_test.go:23	this is a test
2021-05-12T15:02:48.400+0800	error	hello	zapLogger/logger_test.go:23	this is a test
2021-05-12T15:02:48.400+0800	error	hello	zapLogger/logger_test.go:23	this is a test
2021-05-12T15:02:48.400+0800	error	hello	zapLogger/logger_test.go:23	this is a test
2021-05-12T15:02:48.400+0800	error	hello	zapLogger/logger_test.go:23	this is a test
2021-05-12T15:02:48.399+0800	error	hello	zapLogger/logger_test.go:23	this is a test
2021-05-12T15:02:48.400+0800	error	hello	zapLogger/logger_test.go:23	this is a test
2021-05-12T15:02:48.400+0800	error	hello	zapLogger/logger_test.go:23	this is a test
2021-05-12T15:02:48.400+0800	error	hello	zapLogger/logger_test.go:23	this is a test
2021-05-12T15:02:48.400+0800	error	hello	zapLogger/logger_test.go:23	this is a test
2021-05-12T15:02:48.400+0800	error	hello	zapLogger/logger_test.go:23	this is a test
2021-05-12T15:02:48.400+0800	error	hello	zapLogger/logger_test.go:23	this is a test
2021-05-12T15:02:48.400+0800	error	hello	zapLogger/logger_test.go:23	this is a test
2021-05-12T15:02:48.400+0800	error	hello	zapLogger/logger_test.go:23	this is a test
2021-05-12T15:02:48.400+0800	error	hello	zapLogger/logger_test.go:23	this is a test
2021-05-12T15:02:48.400+0800	error	hello	zapLogger/logger_test.go:23	this is a test
2021-05-12T15:02:48.400+0800	error	hello	zapLogger/logger_test.go:23	this is a test
2021-05-12T15:02:48.400+0800	error	hello	zapLogger/logger_test.go:23	this is a test
2021-05-12T15:02:48.400+0800	error	hello	zapLogger/logger_test.go:23	this is a test
2021-05-12T15:02:48.400+0800	error	hello	zapLogger/logger_test.go:23	this is a test
2021-05-12T15:02:48.401+0800	error	hello	zapLogger/logger_test.go:23	this is a test
2021-05-12T15:02:48.400+0800	error	hello	zapLogger/logger_test.go:23	this is a test
2021-05-12T15:02:48.401+0800	error	hello	zapLogger/logger_test.go:23	this is a test
2021-05-12T15:02:48.401+0800	error	hello	zapLogger/logger_test.go:23	this is a test
2021-05-12T15:02:48.401+0800	error	hello	zapLogger/logger_test.go:23	this is a test
2021-05-12T15:02:48.401+0800	error	hello	zapLogger/logger_test.go:23	this is a test
2021-05-12T15:02:48.401+0800	error	hello	zapLogger/logger_test.go:23	this is a test
2021-05-12T15:02:48.401+0800	error	hello	zapLogger/logger_test.go:23	this is a test
2021-05-12T15:02:48.400+0800	error	hello	zapLogger/logger_test.go:23	this is a test
2021-05-12T15:02:48.401+0800	error	hello	zapLogger/logger_test.go:23	this is a test
2021-05-12T15:02:48.401+0800	error	hello	zapLogger/logger_test.go:23	this is a test
2021-05-12T15:02:48.400+0800	error	hello	zapLogger/logger_test.go:23	this is a test
2021-05-12T15:02:48.401+0800	error	hello	zapLogger/logger_test.go:23	this is a test
2021-05-12T15:02:48.400+0800	error	hello	zapLogger/logger_test.go:23	this is a test
2021-05-12T15:02:48.401+0800	error	hello	zapLogger/logger_test.go:23	this is a test
2021-05-12T15:02:48.401+0800	error	hello	zapLogger/logger_test.go:23	this is a test
2021-05-12T15:02:48.400+0800	error	hello	zapLogger/logger_test.go:23	this is a test
2021-05-12T15:02:48.400+0800	error	hello	zapLogger/logger_test.go:23	this is a test
2021-05-12T15:02:48.401+0800	error	hello	zapLogger/logger_test.go:23	this is a test
2021-05-12T15:02:48.401+0800	error	hello	zapLogger/logger_test.go:23	this is a test
2021-05-12T15:02:48.401+0800	error	hello	zapLogger/logger_test.go:23	this is a test
2021-05-12T15:02:48.401+0800	error	hello	zapLogger/logger_test.go:23	this is a test
2021-05-12T15:02:48.401+0800	error	hello	zapLogger/logger_test.go:23	this is a test
2021-05-12T15:02:48.401+0800	error	hello	zapLogger/logger_test.go:23	this is a test
2021-05-12T15:02:48.401+0800	error	hello	zapLogger/logger_test.go:23	this is a test
2021-05-12T15:02:48.400+0800	error	hello	zapLogger/logger_test.go:23	this is a test
2021-05-12T15:02:48.401+0800	error	hello	zapLogger/logger_test.go:23	this is a test
2021-05-12T15:02:48.401+0800	error	hello	zapLogger/logger_test.go:23	this is a test
2021-05-12T15:02:48.400+0800	error	hello	zapLogger/logger_test.go:23	this is a test
2021-05-12T15:02:48.401+0800	error	hello	zapLogger/logger_test.go:23	this is a test
2021-05-12T15:02:48.401+0800	error	hello	zapLogger/logger_test.go:23	this is a test
2021-05-12T15:02:48.401+0800	error	hello	zapLogger/logger_test.go:23	this is a test
2021-05-12T15:02:48.401+0800	error	hello	zapLogger/logger_test.go:23	this is a test
2021-05-12T15:02:48.401+0800	error	hello	zapLogger/logger_test.go:23	this is a test
2021-05-12T15:02:48.401+0800	error	hello	zapLogger/logger_test.go:23	this is a test
2021-05-12T15:02:48.401+0800	error	hello	zapLogger/logger_test.go:23	this is a test
2021-05-12T15:02:48.401+0800	error	hello	zapLogger/logger_test.go:23	this is a test
2021-05-12T15:02:48.401+0800	error	hello	zapLogger/logger_test.go:23	this is a test
2021-05-12T15:02:48.401+0800	error	hello	zapLogger/logger_test.go:23	this is a test
2021-05-12T15:02:48.401+0800	error	hello	zapLogger/logger_test.go:23	this is a test
2021-05-12T15:02:48.401+0800	error	hello	zapLogger/logger_test.go:23	this is a test
2021-05-12T15:02:48.401+0800	error	hello	zapLogger/logger_test.go:23	this is a test
2021-05-12T15:02:48.401+0800	error	hello	zapLogger/logger_test.go:23	this is a test
2021-05-12T15:02:48.401+0800	error	hello	zapLogger/logger_test.go:23	this is a test
2021-05-12T15:02:48.401+0800	error	hello	zapLogger/logger_test.go:23	this is a test
2021-05-12T15:02:48.401+0800	error	hello	zapLogger/logger_test.go:23	this is a test
2021-05-12T15:02:48.401+0800	error	hello	zapLogger/logger_test.go:23	this is a test
2021-05-12T15:02:48.401+0800	error	hello	zapLogger/logger_test.go:23	this is a test
2021-05-12T15:02:48.401+0800	error	hello	zapLogger/logger_test.go:23	this is a test
2021-05-12T15:02:48.400+0800	error	hello	zapLogger/logger_test.go:23	this is a test
2021-05-12T15:02:48.402+0800	error	hello	zapLogger/logger_test.go:23	this is a test
2021-05-12T15:02:48.402+0800	error	hello	zapLogger/logger_test.go:23	this is a test
2021-05-12T15:02:48.401+0800	error	hello	zapLogger/logger_test.go:23	this is a test
2021-05-12T15:02:48.401+0800	error	hello	zapLogger/logger_test.go:23	this is a test
2021-05-12T15:02:48.401+0800	error	hello	zapLogger/logger_test.go:23	this is a test
2021-05-12T15:02:48.401+0800	error	hello	zapLogger/logger_test.go:23	this is a test
2021-05-12T15:02:48.401+0800	error	hello	zapLogger/logger_test.go:23	this is a test
2021-05-12T15:02:48.401+0800	error	hello	zapLogger/logger_test.go:23	this is a test
2021-05-12T15:02:48.401+0800	error	hello	zapLogger/logger_test.go:23	this is a test
2021-05-12T15:02:48.401+0800	error	hello	zapLogger/logger_test.go:23	this is a test
2021-05-12T15:02:48.401+0800	error	hello	zapLogger/logger_test.go:23	this is a test
2021-05-12T15:02:48.403+0800	error	hello	zapLogger/logger_test.go:23	this is a test
2021-05-12T15:02:48.403+0800	error	hello	zapLogger/logger_test.go:23	this is a test
2021-05-12T15:02:48.403+0800	error	hello	zapLogger/logger_test.go:23	this is a test
2021-05-12T15:02:48.403+0800	error	hello	zapLogger/logger_test.go:23	this is a test
2021-05-12T15:02:48.402+0800	error	hello	zapLogger/logger_test.go:23	this is a test
2021-05-12T15:02:48.403+0800	error	hello	zapLogger/logger_test.go:23	this is a test
2021-05-12T15:02:48.402+0800	error	hello	zapLogger/logger_test.go:23	this is a test
2021-05-12T15:02:48.403+0800	error	hello	zapLogger/logger_test.go:23	this is a test
2021-05-12T15:02:48.403+0800	error	hello	zapLogger/logger_test.go:23	this is a test
2021-05-12T15:02:48.403+0800	error	hello	zapLogger/logger_test.go:23	this is a test
2021-05-12T15:02:48.402+0800	error	hello	zapLogger/logger_test.go:23	this is a test
2021-05-12T15:02:48.402+0800	error	hello	zapLogger/logger_test.go:23	this is a test
2021-05-12T15:02:48.402+0800	error	hello	zapLogger/logger_test.go:23	this is a test
2021-05-12T15:02:48.402+0800	error	hello	zapLogger/logger_test.go:23	this is a test
2021-05-12T15:02:48.403+0800	error	hello	zapLogger/logger_test.go:23	this is a test
2021-05-12T15:02:48.403+0800	error	hello	zapLogger/logger_test.go:23	this is a test
2021-05-12T15:02:48.403+0800	error	hello	zapLogger/logger_test.go:23	this is a test
2021-05-12T15:02:48.403+0800	error	hello	zapLogger/logger_test.go:23	this is a test
2021-05-12T15:02:48.402+0800	error	hello	zapLogger/logger_test.go:23	this is a test
2021-05-12T15:02:48.403+0800	error	hello	zapLogger/logger_test.go:23	this is a test
2021-05-12T15:02:48.403+0800	error	hello	zapLogger/logger_test.go:23	this is a test
2021-05-12T15:02:48.404+0800	error	hello	zapLogger/logger_test.go:23	this is a test
2021-05-12T15:02:48.404+0800	error	hello	zapLogger/logger_test.go:23	this is a test
2021-05-12T15:02:48.404+0800	error	hello	zapLogger/logger_test.go:23	this is a test
2021-05-12T15:02:48.404+0800	error	hello	zapLogger/logger_test.go:23	this is a test
2021-05-12T15:02:48.404+0800	error	hello	zapLogger/logger_test.go:23	this is a test
2021-05-12T15:02:48.404+0800	error	hello	zapLogger/logger_test.go:23	this is a test
2021-05-12T15:02:48.403+0800	error	hello	zapLogger/logger_test.go:23	this is a test
2021-05-12T15:02:48.404+0800	error	hello	zapLogger/logger_test.go:23	this is a test
2021-05-12T15:02:48.403+0800	error	hello	zapLogger/logger_test.go:23	this is a test
2021-05-12T15:02:48.404+0800	error	hello	zapLogger/logger_test.go:23	this is a test
2021-05-12T15:02:48.402+0800	error	hello	zapLogger/logger_test.go:23	this is a test
2021-05-12T15:02:48.404+0800	error	hello	zapLogger/logger_test.go:23	this is a test
2021-05-12T15:02:48.404+0800	error	hello	zapLogger/logger_test.go:23	this is a test
2021-05-12T15:02:48.403+0800	error	hello	zapLogger/logger_test.go:23	this is a test
2021-05-12T15:02:48.404+0800	error	hello	zapLogger/logger_test.go:23	this is a test
2021-05-12T15:02:48.404+0800	error	hello	zapLogger/logger_test.go:23	this is a test
2021-05-12T15:02:48.404+0800	error	hello	zapLogger/logger_test.go:23	this is a test
2021-05-12T15:02:48.404+0800	error	hello	zapLogger/logger_test.go:23	this is a test
2021-05-12T15:02:48.404+0800	error	hello	zapLogger/logger_test.go:23	this is a test
2021-05-12T15:02:48.403+0800	error	hello	zapLogger/logger_test.go:23	this is a test
2021-05-12T15:02:48.404+0800	error	hello	zapLogger/logger_test.go:23	this is a test
2021-05-12T15:02:48.404+0800	error	hello	zapLogger/logger_test.go:23	this is a test
2021-05-12T15:02:48.405+0800	error	hello	zapLogger/logger_test.go:23	this is a test
2021-05-12T15:02:48.403+0800	error	hello	zapLogger/logger_test.go:23	this is a test
2021-05-12T15:02:48.405+0800	error	hello	zapLogger/logger_test.go:23	this is a test
2021-05-12T15:02:48.405+0800	error	hello	zapLogger/logger_test.go:23	this is a test
2021-05-12T15:02:48.404+0800	error	hello	zapLogger/logger_test.go:23	this is a test
2021-05-12T15:02:48.405+0800	error	hello	zapLogger/logger_test.go:23	this is a test
2021-05-12T15:02:48.405+0800	error	hello	zapLogger/logger_test.go:23	this is a test
2021-05-12T15:02:48.405+0800	error	hello	zapLogger/logger_test.go:23	this is a test
2021-05-12T15:02:48.405+0800	error	hello	zapLogger/logger_test.go:23	this is a test
2021-05-12T15:02:48.404+0800	error	hello	zapLogger/logger_test.go:23	this is a test
2021-05-12T15:02:48.405+0800	error	hello	zapLogger/logger_test.go:23	this is a test
2021-05-12T15:02:48.404+0800	error	hello	zapLogger/logger_test.go:23	this is a test
2021-05-12T15:02:48.405+0800	error	hello	zapLogger/logger_test.go:23	this is a test
2021-05-12T15:02:48.404+0800	error	hello	zapLogger/logger_test.go:23	this is a test
2021-05-12T15:02:48.404+0800	error	hello	zapLogger/logger_test.go:23	this is a test
2021-05-12T15:02:48.405+0800	error	hello	zapLogger/logger_test.go:23	this is a test
2021-05-12T15:02:48.405+0800	error	hello	zapLogger/logger_test.go:23	this is a test
2021-05-12T15:02:48.405+0800	error	hello	zapLogger/logger_test.go:23	this is a test
2021-05-12T15:02:48.405+0800	error	hello	zapLogger/logger_test.go:23	this is a test
2021-05-12T15:02:48.404+0800	error	hello	zapLogger/logger_test.go:23	this is a test
2021-05-12T15:02:48.405+0800	error	hello	zapLogger/logger_test.go:23	this is a test
2021-05-12T15:02:48.404+0800	error	hello	zapLogger/logger_test.go:23	this is a test
2021-05-12T15:02:48.405+0800	error	hello	zapLogger/logger_test.go:23	this is a test
2021-05-12T15:02:48.405+0800	error	hello	zapLogger/logger_test.go:23	this is a test
2021-05-12T15:02:48.405+0800	error	hello	zapLogger/logger_test.go:23	this is a test
2021-05-12T15:02:48.405+0800	error	hello	zapLogger/logger_test.go:23	this is a test
2021-05-12T15:02:48.405+0800	error	hello	zapLogger/logger_test.go:23	this is a test
2021-05-12T15:02:48.405+0800	error	hello	zapLogger/logger_test.go:23	this is a test
2021-05-12T15:02:48.405+0800	error	hello	zapLogger/logger_test.go:23	this is a test
2021-05-12T15:02:48.405+0800	error	hello	zapLogger/logger_test.go:23	this is a test
2021-05-12T15:02:48.405+0800	error	hello	zapLogger/logger_test.go:23	this is a test
2021-05-12T15:02:48.405+0800	error	hello	zapLogger/logger_test.go:23	this is a test
2021-05-12T15:02:48.405+0800	error	hello	zapLogger/logger_test.go:23	this is a test
2021-05-12T15:02:48.405+0800	error	hello	zapLogger/logger_test.go:23	this is a test
2021-05-12T15:02:48.405+0800	error	hello	zapLogger/logger_test.go:23	this is a test
2021-05-12T15:02:48.405+0800	error	hello	zapLogger/logger_test.go:23	this is a test
2021-05-12T15:02:48.405+0800	error	hello	zapLogger/logger_test.go:23	this is a test
2021-05-12T15:02:48.405+0800	error	hello	zapLogger/logger_test.go:23	this is a test
2021-05-12T15:02:48.406+0800	error	hello	zapLogger/logger_test.go:23	this is a test
2021-05-12T15:02:48.406+0800	error	hello	zapLogger/logger_test.go:23	this is a test
2021-05-12T15:02:48.406+0800	error	hello	zapLogger/logger_test.go:23	this is a test
2021-05-12T15:02:48.406+0800	error	hello	zapLogger/logger_test.go:23	this is a test
2021-05-12T15:02:48.405+0800	error	hello	zapLogger/logger_test.go:23	this is a test
2021-05-12T15:02:48.406+0800	error	hello	zapLogger/logger_test.go:23	this is a test
2021-05-12T15:02:48.406+0800	error	hello	zapLogger/logger_test.go:23	this is a test
2021-05-12T15:02:48.403+0800	error	hello	zapLogger/logger_test.go:23	this is a test
2021-05-12T15:02:48.405+0800	error	hello	zapLogger/logger_test.go:23	this is a test
2021-05-12T15:02:48.406+0800	error	hello	zapLogger/logger_test.go:23	this is a test
2021-05-12T15:02:48.406+0800	error	hello	zapLogger/logger_test.go:23	this is a test
2021-05-12T15:02:48.406+0800	error	hello	zapLogger/logger_test.go:23	this is a test
2021-05-12T15:02:48.406+0800	error	hello	zapLogger/logger_test.go:23	this is a test
2021-05-12T15:02:48.406+0800	error	hello	zapLogger/logger_test.go:23	this is a test
2021-05-12T15:02:48.406+0800	error	hello	zapLogger/logger_test.go:23	this is a test
2021-05-12T15:02:48.406+0800	error	hello	zapLogger/logger_test.go:23	this is a test
2021-05-12T15:02:48.406+0800	error	hello	zapLogger/logger_test.go:23	this is a test
2021-05-12T15:02:48.406+0800	error	hello	zapLogger/logger_test.go:23	this is a test
2021-05-12T15:02:48.405+0800	error	hello	zapLogger/logger_test.go:23	this is a test
2021-05-12T15:02:48.406+0800	error	hello	zapLogger/logger_test.go:23	this is a test
2021-05-12T15:02:48.405+0800	error	hello	zapLogger/logger_test.go:23	this is a test
2021-05-12T15:02:48.406+0800	error	hello	zapLogger/logger_test.go:23	this is a test
2021-05-12T15:02:48.405+0800	error	hello	zapLogger/logger_test.go:23	this is a test
2021-05-12T15:02:48.406+0800	error	hello	zapLogger/logger_test.go:23	this is a test
2021-05-12T15:02:48.406+0800	error	hello	zapLogger/logger_test.go:23	this is a test
2021-05-12T15:02:48.406+0800	error	hello	zapLogger/logger_test.go:23	this is a test
2021-05-12T15:02:48.405+0800	error	hello	zapLogger/logger_test.go:23	this is a test
2021-05-12T15:02:48.406+0800	error	hello	zapLogger/logger_test.go:23	this is a test
2021-05-12T15:02:48.406+0800	error	hello	zapLogger/logger_test.go:23	this is a test
2021-05-12T15:02:48.406+0800	error	hello	zapLogger/logger_test.go:23	this is a test
2021-05-12T15:02:48.406+0800	error	hello	zapLogger/logger_test.go:23	this is a test
2021-05-12T15:02:48.407+0800	error	hello	zapLogger/logger_test.go:23	this is a test
2021-05-12T15:02:48.407+0800	error	hello	zapLogger/logger_test.go:23	this is a test
2021-05-12T15:02:48.407+0800	error	hello	zapLogger/logger_test.go:23	this is a test
2021-05-12T15:02:48.407+0800	error	hello	zapLogger/logger_test.go:23	this is a test
2021-05-12T15:02:48.407+0800	error	hello	zapLogger/logger_test.go:23	this is a test
2021-05-12T15:02:48.407+0800	error	hello	zapLogger/logger_test.go:23	this is a test
2021-05-12T15:02:48.407+0800	error	hello	zapLogger/logger_test.go:23	this is a test
2021-05-12T15:02:48.407+0800	error	hello	zapLogger/logger_test.go:23	this is a test
2021-05-12T15:02:48.407+0800	error	hello	zapLogger/logger_test.go:23	this is a test
2021-05-12T15:02:48.407+0800	error	hello	zapLogger/logger_test.go:23	this is a test
2021-05-12T15:02:48.406+0800	error	hello	zapLogger/logger_test.go:23	this is a test
2021-05-12T15:02:48.406+0800	error	hello	zapLogger/logger_test.go:23	this is a test
2021-05-12T15:02:48.407+0800	error	hello	zapLogger/logger_test.go:23	this is a test
2021-05-12T15:02:48.405+0800	error	hello	zapLogger/logger_test.go:23	this is a test
2021-05-12T15:02:48.407+0800	error	hello	zapLogger/logger_test.go:23	this is a test
2021-05-12T15:02:48.407+0800	error	hello	zapLogger/logger_test.go:23	this is a test
2021-05-12T15:02:48.407+0800	error	hello	zapLogger/logger_test.go:23	this is a test
2021-05-12T15:02:48.407+0800	error	hello	zapLogger/logger_test.go:23	this is a test
2021-05-12T15:02:48.407+0800	error	hello	zapLogger/logger_test.go:23	this is a test
2021-05-12T15:02:48.407+0800	error	hello	zapLogger/logger_test.go:23	this is a test
2021-05-12T15:02:48.406+0800	error	hello	zapLogger/logger_test.go:23	this is a test
2021-05-12T15:02:48.406+0800	error	hello	zapLogger/logger_test.go:23	this is a test
2021-05-12T15:02:48.407+0800	error	hello	zapLogger/logger_test.go:23	this is a test
2021-05-12T15:02:48.407+0800	error	hello	zapLogger/logger_test.go:23	this is a test
2021-05-12T15:02:48.407+0800	error	hello	zapLogger/logger_test.go:23	this is a test
2021-05-12T15:02:48.407+0800	error	hello	zapLogger/logger_test.go:23	this is a test
2021-05-12T15:02:48.407+0800	error	hello	zapLogger/logger_test.go:23	this is a test
2021-05-12T15:02:48.407+0800	error	hello	zapLogger/logger_test.go:23	this is a test
2021-05-12T15:02:48.407+0800	error	hello	zapLogger/logger_test.go:23	this is a test
2021-05-12T15:02:48.407+0800	error	hello	zapLogger/logger_test.go:23	this is a test
2021-05-12T15:02:48.407+0800	error	hello	zapLogger/logger_test.go:23	this is a test
2021-05-12T15:02:48.407+0800	error	hello	zapLogger/logger_test.go:23	this is a test
2021-05-12T15:02:48.407+0800	error	hello	zapLogger/logger_test.go:23	this is a test
2021-05-12T15:02:48.407+0800	error	hello	zapLogger/logger_test.go:23	this is a test
2021-05-12T15:02:48.407+0800	error	hello	zapLogger/logger_test.go:23	this is a test
2021-05-12T15:02:48.407+0800	error	hello	zapLogger/logger_test.go:23	this is a test
2021-05-12T15:02:48.407+0800	error	hello	zapLogger/logger_test.go:23	this is a test
2021-05-12T15:02:48.407+0800	error	hello	zapLogger/logger_test.go:23	this is a test
2021-05-12T15:02:48.406+0800	error	hello	zapLogger/logger_test.go:23	this is a test
2021-05-12T15:02:48.407+0800	error	hello	zapLogger/logger_test.go:23	this is a test
2021-05-12T15:02:48.407+0800	error	hello	zapLogger/logger_test.go:23	this is a test
2021-05-12T15:02:48.407+0800	error	hello	zapLogger/logger_test.go:23	this is a test
2021-05-12T15:02:48.406+0800	error	hello	zapLogger/logger_test.go:23	this is a test
2021-05-12T15:02:48.407+0800	error	hello	zapLogger/logger_test.go:23	this is a test
2021-05-12T15:02:48.407+0800	error	hello	zapLogger/logger_test.go:23	this is a test
2021-05-12T15:02:48.407+0800	error	hello	zapLogger/logger_test.go:23	this is a test
2021-05-12T15:02:48.407+0800	error	hello	zapLogger/logger_test.go:23	this is a test
2021-05-12T15:02:48.407+0800	error	hello	zapLogger/logger_test.go:23	this is a test
2021-05-12T15:02:48.407+0800	error	hello	zapLogger/logger_test.go:23	this is a test
2021-05-12T15:02:48.407+0800	error	hello	zapLogger/logger_test.go:23	this is a test
2021-05-12T15:02:48.407+0800	error	hello	zapLogger/logger_test.go:23	this is a test
2021-05-12T15:02:48.407+0800	error	hello	zapLogger/logger_test.go:23	this is a test
2021-05-12T15:02:48.407+0800	error	hello	zapLogger/logger_test.go:23	this is a test
2021-05-12T15:02:48.407+0800	error	hello	zapLogger/logger_test.go:23	this is a test
2021-05-12T15:02:48.407+0800	error	hello	zapLogger/logger_test.go:23	this is a test
2021-05-12T15:02:48.407+0800	error	hello	zapLogger/logger_test.go:23	this is a test
2021-05-12T15:02:48.407+0800	error	hello	zapLogger/logger_test.go:23	this is a test
2021-05-12T15:02:48.407+0800	error	hello	zapLogger/logger_test.go:23	this is a test
2021-05-12T15:02:48.407+0800	error	hello	zapLogger/logger_test.go:23	this is a test
2021-05-12T15:02:48.407+0800	error	hello	zapLogger/logger_test.go:23	this is a test
2021-05-12T15:02:48.407+0800	error	hello	zapLogger/logger_test.go:23	this is a test
2021-05-12T15:02:48.407+0800	error	hello	zapLogger/logger_test.go:23	this is a test
2021-05-12T15:02:48.407+0800	error	hello	zapLogger/logger_test.go:23	this is a test
2021-05-12T15:02:48.407+0800	error	hello	zapLogger/logger_test.go:23	this is a test
2021-05-12T15:02:48.407+0800	error	hello	zapLogger/logger_test.go:23	this is a test
2021-05-12T15:02:48.407+0800	error	hello	zapLogger/logger_test.go:23	this is a test
2021-05-12T15:02:48.407+0800	error	hello	zapLogger/logger_test.go:23	this is a test
2021-05-12T15:02:48.407+0800	error	hello	zapLogger/logger_test.go:23	this is a test
2021-05-12T15:02:48.407+0800	error	hello	zapLogger/logger_test.go:23	this is a test
2021-05-12T15:02:48.407+0800	error	hello	zapLogger/logger_test.go:23	this is a test
2021-05-12T15:02:48.407+0800	error	hello	zapLogger/logger_test.go:23	this is a test
2021-05-12T15:02:48.407+0800	error	hello	zapLogger/logger_test.go:23	this is a test
2021-05-12T15:02:48.407+0800	error	hello	zapLogger/logger_test.go:23	this is a test
2021-05-12T15:02:48.407+0800	error	hello	zapLogger/logger_test.go:23	this is a test
2021-05-12T15:02:48.407+0800	error	hello	zapLogger/logger_test.go:23	this is a test
2021-05-12T15:02:48.407+0800	error	hello	zapLogger/logger_test.go:23	this is a test
2021-05-12T15:02:48.407+0800	error	hello	zapLogger/logger_test.go:23	this is a test
2021-05-12T15:02:48.407+0800	error	hello	zapLogger/logger_test.go:23	this is a test
2021-05-12T15:02:48.407+0800	error	hello	zapLogger/logger_test.go:23	this is a test
2021-05-12T15:02:48.407+0800	error	hello	zapLogger/logger_test.go:23	this is a test
2021-05-12T15:02:48.407+0800	error	hello	zapLogger/logger_test.go:23	this is a test
2021-05-12T15:02:48.407+0800	error	hello	zapLogger/logger_test.go:23	this is a test
2021-05-12T15:02:48.407+0800	error	hello	zapLogger/logger_test.go:23	this is a test
2021-05-12T15:02:48.407+0800	error	hello	zapLogger/logger_test.go:23	this is a test
2021-05-12T15:02:48.407+0800	error	hello	zapLogger/logger_test.go:23	this is a test
2021-05-12T15:02:48.407+0800	error	hello	zapLogger/logger_test.go:23	this is a test
2021-05-12T15:02:48.407+0800	error	hello	zapLogger/logger_test.go:23	this is a test
2021-05-12T15:02:48.407+0800	error	hello	zapLogger/logger_test.go:23	this is a test
2021-05-12T15:02:48.407+0800	error	hello	zapLogger/logger_test.go:23	this is a test
2021-05-12T15:02:48.407+0800	error	hello	zapLogger/logger_test.go:23	this is a test
2021-05-12T15:02:48.407+0800	error	hello	zapLogger/logger_test.go:23	this is a test
2021-05-12T15:02:48.407+0800	error	hello	zapLogger/logger_test.go:23	this is a test
2021-05-12T15:02:48.407+0800	error	hello	zapLogger/logger_test.go:23	this is a test
2021-05-12T15:02:48.407+0800	error	hello	zapLogger/logger_test.go:23	this is a test
2021-05-12T15:02:48.407+0800	error	hello	zapLogger/logger_test.go:23	this is a test
2021-05-12T15:02:48.407+0800	error	hello	zapLogger/logger_test.go:23	this is a test
2021-05-12T15:02:48.407+0800	error	hello	zapLogger/logger_test.go:23	this is a test
2021-05-12T15:02:48.407+0800	error	hello	zapLogger/logger_test.go:23	this is a test
2021-05-12T15:02:48.407+0800	error	hello	zapLogger/logger_test.go:23	this is a test
2021-05-12T15:02:48.407+0800	error	hello	zapLogger/logger_test.go:23	this is a test
2021-05-12T15:02:48.407+0800	error	hello	zapLogger/logger_test.go:23	this is a test
2021-05-12T15:02:48.407+0800	error	hello	zapLogger/logger_test.go:23	this is a test
2021-05-12T15:02:48.407+0800	error	hello	zapLogger/logger_test.go:23	this is a test
2021-05-12T15:02:48.408+0800	error	hello	zapLogger/logger_test.go:23	this is a test
2021-05-12T15:02:48.408+0800	error	hello	zapLogger/logger_test.go:23	this is a test
2021-05-12T15:02:48.408+0800	error	hello	zapLogger/logger_test.go:23	this is a test
2021-05-12T15:02:48.408+0800	error	hello	zapLogger/logger_test.go:23	this is a test
2021-05-12T15:02:48.408+0800	error	hello	zapLogger/logger_test.go:23	this is a test
2021-05-12T15:02:48.408+0800	error	hello	zapLogger/logger_test.go:23	this is a test
2021-05-12T15:02:48.408+0800	error	hello	zapLogger/logger_test.go:23	this is a test
2021-05-12T15:02:48.408+0800	error	hello	zapLogger/logger_test.go:23	this is a test
2021-05-12T15:02:48.408+0800	error	hello	zapLogger/logger_test.go:23	this is a test
2021-05-12T15:02:48.408+0800	error	hello	zapLogger/logger_test.go:23	this is a test
2021-05-12T15:02:48.408+0800	error	hello	zapLogger/logger_test.go:23	this is a test
2021-05-12T15:02:48.408+0800	error	hello	zapLogger/logger_test.go:23	this is a test
2021-05-12T15:02:48.408+0800	error	hello	zapLogger/logger_test.go:23	this is a test
2021-05-12T15:02:48.408+0800	error	hello	zapLogger/logger_test.go:23	this is a test
2021-05-12T15:02:48.408+0800	error	hello	zapLogger/logger_test.go:23	this is a test
2021-05-12T15:02:48.408+0800	error	hello	zapLogger/logger_test.go:23	this is a test
2021-05-12T15:02:48.408+0800	error	hello	zapLogger/logger_test.go:23	this is a test
2021-05-12T15:02:48.408+0800	error	hello	zapLogger/logger_test.go:23	this is a test
2021-05-12T15:02:48.407+0800	error	hello	zapLogger/logger_test.go:23	this is a test
2021-05-12T15:02:48.408+0800	error	hello	zapLogger/logger_test.go:23	this is a test
2021-05-12T15:02:48.406+0800	error	hello	zapLogger/logger_test.go:23	this is a test
2021-05-12T15:02:48.408+0800	error	hello	zapLogger/logger_test.go:23	this is a test
2021-05-12T15:02:48.408+0800	error	hello	zapLogger/logger_test.go:23	this is a test
2021-05-12T15:02:48.408+0800	error	hello	zapLogger/logger_test.go:23	this is a test
2021-05-12T15:02:48.408+0800	error	hello	zapLogger/logger_test.go:23	this is a test
2021-05-12T15:02:48.408+0800	error	hello	zapLogger/logger_test.go:23	this is a test
2021-05-12T15:02:48.408+0800	error	hello	zapLogger/logger_test.go:23	this is a test
2021-05-12T15:02:48.408+0800	error	hello	zapLogger/logger_test.go:23	this is a test
2021-05-12T15:02:48.408+0800	error	hello	zapLogger/logger_test.go:23	this is a test
2021-05-12T15:02:48.408+0800	error	hello	zapLogger/logger_test.go:23	this is a test
2021-05-12T15:02:48.408+0800	error	hello	zapLogger/logger_test.go:23	this is a test
2021-05-12T15:02:48.408+0800	error	hello	zapLogger/logger_test.go:23	this is a test
2021-05-12T15:02:48.408+0800	error	hello	zapLogger/logger_test.go:23	this is a test
2021-05-12T15:02:48.408+0800	error	hello	zapLogger/logger_test.go:23	this is a test
2021-05-12T15:02:48.408+0800	error	hello	zapLogger/logger_test.go:23	this is a test
2021-05-12T15:02:48.408+0800	error	hello	zapLogger/logger_test.go:23	this is a test
2021-05-12T15:02:48.408+0800	error	hello	zapLogger/logger_test.go:23	this is a test
2021-05-12T15:02:48.408+0800	error	hello	zapLogger/logger_test.go:23	this is a test
2021-05-12T15:02:48.408+0800	error	hello	zapLogger/logger_test.go:23	this is a test
2021-05-12T15:02:48.408+0800	error	hello	zapLogger/logger_test.go:23	this is a test
2021-05-12T15:02:48.408+0800	error	hello	zapLogger/logger_test.go:23	this is a test
2021-05-12T15:02:48.408+0800	error	hello	zapLogger/logger_test.go:23	this is a test
2021-05-12T15:02:48.408+0800	error	hello	zapLogger/logger_test.go:23	this is a test
2021-05-12T15:02:48.408+0800	error	hello	zapLogger/logger_test.go:23	this is a test
2021-05-12T15:02:48.408+0800	error	hello	zapLogger/logger_test.go:23	this is a test
2021-05-12T15:02:48.408+0800	error	hello	zapLogger/logger_test.go:23	this is a test
2021-05-12T15:02:48.408+0800	error	hello	zapLogger/logger_test.go:23	this is a test
2021-05-12T15:02:48.408+0800	error	hello	zapLogger/logger_test.go:23	this is a test
2021-05-12T15:02:48.408+0800	error	hello	zapLogger/logger_test.go:23	this is a test
2021-05-12T15:02:48.408+0800	error	hello	zapLogger/logger_test.go:23	this is a test
2021-05-12T15:02:48.408+0800	error	hello	zapLogger/logger_test.go:23	this is a test
2021-05-12T15:02:48.408+0800	error	hello	zapLogger/logger_test.go:23	this is a test
2021-05-12T15:02:48.408+0800	error	hello	zapLogger/logger_test.go:23	this is a test
2021-05-12T15:02:48.408+0800	error	hello	zapLogger/logger_test.go:23	this is a test
2021-05-12T15:02:48.408+0800	error	hello	zapLogger/logger_test.go:23	this is a test
2021-05-12T15:02:48.408+0800	error	hello	zapLogger/logger_test.go:23	this is a test
2021-05-12T15:02:48.408+0800	error	hello	zapLogger/logger_test.go:23	this is a test
2021-05-12T15:02:48.408+0800	error	hello	zapLogger/logger_test.go:23	this is a test
2021-05-12T15:02:48.408+0800	error	hello	zapLogger/logger_test.go:23	this is a test
2021-05-12T15:02:48.408+0800	error	hello	zapLogger/logger_test.go:23	this is a test
2021-05-12T15:02:48.408+0800	error	hello	zapLogger/logger_test.go:23	this is a test
2021-05-12T15:02:48.408+0800	error	hello	zapLogger/logger_test.go:23	this is a test
2021-05-12T15:02:48.407+0800	error	hello	zapLogger/logger_test.go:23	this is a test
2021-05-12T15:02:48.408+0800	error	hello	zapLogger/logger_test.go:23	this is a test
2021-05-12T15:02:48.408+0800	error	hello	zapLogger/logger_test.go:23	this is a test
2021-05-12T15:02:48.408+0800	error	hello	zapLogger/logger_test.go:23	this is a test
2021-05-12T15:02:48.408+0800	error	hello	zapLogger/logger_test.go:23	this is a test
2021-05-12T15:02:48.408+0800	error	hello	zapLogger/logger_test.go:23	this is a test
2021-05-12T15:02:48.408+0800	error	hello	zapLogger/logger_test.go:23	this is a test
2021-05-12T15:02:48.408+0800	error	hello	zapLogger/logger_test.go:23	this is a test
2021-05-12T15:02:48.408+0800	error	hello	zapLogger/logger_test.go:23	this is a test
2021-05-12T15:02:48.408+0800	error	hello	zapLogger/logger_test.go:23	this is a test
2021-05-12T15:02:48.408+0800	error	hello	zapLogger/logger_test.go:23	this is a test
2021-05-12T15:02:48.408+0800	error	hello	zapLogger/logger_test.go:23	this is a test
2021-05-12T15:02:48.408+0800	error	hello	zapLogger/logger_test.go:23	this is a test
2021-05-12T15:02:48.408+0800	error	hello	zapLogger/logger_test.go:23	this is a test
2021-05-12T15:02:48.408+0800	error	hello	zapLogger/logger_test.go:23	this is a test
2021-05-12T15:02:48.408+0800	error	hello	zapLogger/logger_test.go:23	this is a test
2021-05-12T15:02:48.408+0800	error	hello	zapLogger/logger_test.go:23	this is a test
2021-05-12T15:02:48.408+0800	error	hello	zapLogger/logger_test.go:23	this is a test
2021-05-12T15:02:48.408+0800	error	hello	zapLogger/logger_test.go:23	this is a test
2021-05-12T15:02:48.408+0800	error	hello	zapLogger/logger_test.go:23	this is a test
2021-05-12T15:02:48.408+0800	error	hello	zapLogger/logger_test.go:23	this is a test
2021-05-12T15:02:48.407+0800	error	hello	zapLogger/logger_test.go:23	this is a test
2021-05-12T15:02:48.408+0800	error	hello	zapLogger/logger_test.go:23	this is a test
2021-05-12T15:02:48.408+0800	error	hello	zapLogger/logger_test.go:23	this is a test
2021-05-12T15:02:48.408+0800	error	hello	zapLogger/logger_test.go:23	this is a test
2021-05-12T15:02:48.408+0800	error	hello	zapLogger/logger_test.go:23	this is a test
2021-05-12T15:02:48.408+0800	error	hello	zapLogger/logger_test.go:23	this is a test
2021-05-12T15:02:48.408+0800	error	hello	zapLogger/logger_test.go:23	this is a test
2021-05-12T15:02:48.408+0800	error	hello	zapLogger/logger_test.go:23	this is a test
2021-05-12T15:02:48.408+0800	error	hello	zapLogger/logger_test.go:23	this is a test
2021-05-12T15:02:48.408+0800	error	hello	zapLogger/logger_test.go:23	this is a test
2021-05-12T15:02:48.408+0800	error	hello	zapLogger/logger_test.go:23	this is a test
2021-05-12T15:02:48.408+0800	error	hello	zapLogger/logger_test.go:23	this is a test
2021-05-12T15:02:48.408+0800	error	hello	zapLogger/logger_test.go:23	this is a test
2021-05-12T15:02:48.408+0800	error	hello	zapLogger/logger_test.go:23	this is a test
2021-05-12T15:02:48.408+0800	error	hello	zapLogger/logger_test.go:23	this is a test
2021-05-12T15:02:48.408+0800	error	hello	zapLogger/logger_test.go:23	this is a test
2021-05-12T15:02:48.408+0800	error	hello	zapLogger/logger_test.go:23	this is a test
2021-05-12T15:02:48.408+0800	error	hello	zapLogger/logger_test.go:23	this is a test
2021-05-12T15:02:48.408+0800	error	hello	zapLogger/logger_test.go:23	this is a test
2021-05-12T15:02:48.408+0800	error	hello	zapLogger/logger_test.go:23	this is a test
2021-05-12T15:02:48.408+0800	error	hello	zapLogger/logger_test.go:23	this is a test
2021-05-12T15:02:48.408+0800	error	hello	zapLogger/logger_test.go:23	this is a test
2021-05-12T15:02:48.408+0800	error	hello	zapLogger/logger_test.go:23	this is a test
2021-05-12T15:02:48.408+0800	error	hello	zapLogger/logger_test.go:23	this is a test
2021-05-12T15:02:48.408+0800	error	hello	zapLogger/logger_test.go:23	this is a test
2021-05-12T15:02:48.408+0800	error	hello	zapLogger/logger_test.go:23	this is a test
2021-05-12T15:02:48.408+0800	error	hello	zapLogger/logger_test.go:23	this is a test
2021-05-12T15:02:48.408+0800	error	hello	zapLogger/logger_test.go:23	this is a test
2021-05-12T15:02:48.408+0800	error	hello	zapLogger/logger_test.go:23	this is a test
2021-05-12T15:02:48.408+0800	error	hello	zapLogger/logger_test.go:23	this is a test
2021-05-12T15:02:48.408+0800	error	hello	zapLogger/logger_test.go:23	this is a test
2021-05-12T15:02:48.408+0800	error	hello	zapLogger/logger_test.go:23	this is a test
2021-05-12T15:02:48.408+0800	error	hello	zapLogger/logger_test.go:23	this is a test
2021-05-12T15:02:48.408+0800	error	hello	zapLogger/logger_test.go:23	this is a test
2021-05-12T15:02:48.408+0800	error	hello	zapLogger/logger_test.go:23	this is a test
2021-05-12T15:02:48.408+0800	error	hello	zapLogger/logger_test.go:23	this is a test
2021-05-12T15:02:48.408+0800	error	hello	zapLogger/logger_test.go:23	this is a test
2021-05-12T15:02:48.408+0800	error	hello	zapLogger/logger_test.go:23	this is a test
2021-05-12T15:02:48.408+0800	error	hello	zapLogger/logger_test.go:23	this is a test
2021-05-12T15:02:48.408+0800	error	hello	zapLogger/logger_test.go:23	this is a test
2021-05-12T15:02:48.408+0800	error	hello	zapLogger/logger_test.go:23	this is a test
2021-05-12T15:02:48.408+0800	error	hello	zapLogger/logger_test.go:23	this is a test
2021-05-12T15:02:48.408+0800	error	hello	zapLogger/logger_test.go:23	this is a test
2021-05-12T15:02:48.408+0800	error	hello	zapLogger/logger_test.go:23	this is a test
2021-05-12T15:02:48.408+0800	error	hello	zapLogger/logger_test.go:23	this is a test
2021-05-12T15:02:48.409+0800	error	hello	zapLogger/logger_test.go:23	this is a test
2021-05-12T15:02:48.409+0800	error	hello	zapLogger/logger_test.go:23	this is a test
2021-05-12T15:02:48.409+0800	error	hello	zapLogger/logger_test.go:23	this is a test
2021-05-12T15:02:48.409+0800	error	hello	zapLogger/logger_test.go:23	this is a test
2021-05-12T15:02:48.409+0800	error	hello	zapLogger/logger_test.go:23	this is a test
2021-05-12T15:02:48.409+0800	error	hello	zapLogger/logger_test.go:23	this is a test
2021-05-12T15:02:48.409+0800	error	hello	zapLogger/logger_test.go:23	this is a test
2021-05-12T15:02:48.409+0800	error	hello	zapLogger/logger_test.go:23	this is a test
2021-05-12T15:02:48.409+0800	error	hello	zapLogger/logger_test.go:23	this is a test
2021-05-12T15:02:48.409+0800	error	hello	zapLogger/logger_test.go:23	this is a test
2021-05-12T15:02:48.409+0800	error	hello	zapLogger/logger_test.go:23	this is a test
2021-05-12T15:02:48.409+0800	error	hello	zapLogger/logger_test.go:23	this is a test
2021-05-12T15:02:48.409+0800	error	hello	zapLogger/logger_test.go:23	this is a test
2021-05-12T15:02:48.409+0800	error	hello	zapLogger/logger_test.go:23	this is a test
2021-05-12T15:02:48.409+0800	error	hello	zapLogger/logger_test.go:23	this is a test
2021-05-12T15:02:48.409+0800	error	hello	zapLogger/logger_test.go:23	this is a test
2021-05-12T15:02:48.409+0800	error	hello	zapLogger/logger_test.go:23	this is a test
2021-05-12T15:02:48.409+0800	error	hello	zapLogger/logger_test.go:23	this is a test
2021-05-12T15:02:48.409+0800	error	hello	zapLogger/logger_test.go:23	this is a test
2021-05-12T15:02:48.409+0800	error	hello	zapLogger/logger_test.go:23	this is a test
2021-05-12T15:02:48.409+0800	error	hello	zapLogger/logger_test.go:23	this is a test
2021-05-12T15:02:48.409+0800	error	hello	zapLogger/logger_test.go:23	this is a test
2021-05-12T15:02:48.409+0800	error	hello	zapLogger/logger_test.go:23	this is a test
2021-05-12T15:02:48.409+0800	error	hello	zapLogger/logger_test.go:23	this is a test
2021-05-12T15:02:48.409+0800	error	hello	zapLogger/logger_test.go:23	this is a test
2021-05-12T15:02:48.409+0800	error	hello	zapLogger/logger_test.go:23	this is a test
2021-05-12T15:02:48.409+0800	error	hello	zapLogger/logger_test.go:23	this is a test
2021-05-12T15:02:48.409+0800	error	hello	zapLogger/logger_test.go:23	this is a test
2021-05-12T15:02:48.409+0800	error	hello	zapLogger/logger_test.go:23	this is a test
2021-05-12T15:02:48.409+0800	error	hello	zapLogger/logger_test.go:23	this is a test
2021-05-12T15:02:48.409+0800	error	hello	zapLogger/logger_test.go:23	this is a test
2021-05-12T15:02:48.409+0800	error	hello	zapLogger/logger_test.go:23	this is a test
2021-05-12T15:02:48.409+0800	error	hello	zapLogger/logger_test.go:23	this is a test
2021-05-12T15:02:48.408+0800	error	hello	zapLogger/logger_test.go:23	this is a test
2021-05-12T15:02:48.409+0800	error	hello	zapLogger/logger_test.go:23	this is a test
2021-05-12T15:02:48.409+0800	error	hello	zapLogger/logger_test.go:23	this is a test
2021-05-12T15:02:48.409+0800	error	hello	zapLogger/logger_test.go:23	this is a test
2021-05-12T15:02:48.409+0800	error	hello	zapLogger/logger_test.go:23	this is a test
2021-05-12T15:02:48.409+0800	error	hello	zapLogger/logger_test.go:23	this is a test
2021-05-12T15:02:48.409+0800	error	hello	zapLogger/logger_test.go:23	this is a test
2021-05-12T15:02:48.409+0800	error	hello	zapLogger/logger_test.go:23	this is a test
2021-05-12T15:02:48.409+0800	error	hello	zapLogger/logger_test.go:23	this is a test
2021-05-12T15:02:48.409+0800	error	hello	zapLogger/logger_test.go:23	this is a test
2021-05-12T15:02:48.409+0800	error	hello	zapLogger/logger_test.go:23	this is a test
2021-05-12T15:02:48.409+0800	error	hello	zapLogger/logger_test.go:23	this is a test
2021-05-12T15:02:48.409+0800	error	hello	zapLogger/logger_test.go:23	this is a test
2021-05-12T15:02:48.409+0800	error	hello	zapLogger/logger_test.go:23	this is a test
2021-05-12T15:02:48.409+0800	error	hello	zapLogger/logger_test.go:23	this is a test
2021-05-12T15:02:48.409+0800	error	hello	zapLogger/logger_test.go:23	this is a test
2021-05-12T15:02:48.409+0800	error	hello	zapLogger/logger_test.go:23	this is a test
2021-05-12T15:02:48.409+0800	error	hello	zapLogger/logger_test.go:23	this is a test
2021-05-12T15:02:48.409+0800	error	hello	zapLogger/logger_test.go:23	this is a test
2021-05-12T15:02:48.409+0800	error	hello	zapLogger/logger_test.go:23	this is a test
2021-05-12T15:02:48.409+0800	error	hello	zapLogger/logger_test.go:23	this is a test
2021-05-12T15:02:48.409+0800	error	hello	zapLogger/logger_test.go:23	this is a test
2021-05-12T15:02:48.409+0800	error	hello	zapLogger/logger_test.go:23	this is a test
2021-05-12T15:02:48.409+0800	error	hello	zapLogger/logger_test.go:23	this is a test
2021-05-12T15:02:48.409+0800	error	hello	zapLogger/logger_test.go:23	this is a test
2021-05-12T15:02:48.409+0800	error	hello	zapLogger/logger_test.go:23	this is a test
2021-05-12T15:02:48.409+0800	error	hello	zapLogger/logger_test.go:23	this is a test
2021-05-12T15:02:48.409+0800	error	hello	zapLogger/logger_test.go:23	this is a test
2021-05-12T15:02:48.409+0800	error	hello	zapLogger/logger_test.go:23	this is a test
2021-05-12T15:02:48.409+0800	error	hello	zapLogger/logger_test.go:23	this is a test
2021-05-12T15:02:48.409+0800	error	hello	zapLogger/logger_test.go:23	this is a test
2021-05-12T15:02:48.409+0800	error	hello	zapLogger/logger_test.go:23	this is a test
2021-05-12T15:02:48.409+0800	error	hello	zapLogger/logger_test.go:23	this is a test
2021-05-12T15:02:48.409+0800	error	hello	zapLogger/logger_test.go:23	this is a test
2021-05-12T15:02:48.409+0800	error	hello	zapLogger/logger_test.go:23	this is a test
2021-05-12T15:02:48.409+0800	error	hello	zapLogger/logger_test.go:23	this is a test
2021-05-12T15:02:48.409+0800	error	hello	zapLogger/logger_test.go:23	this is a test
2021-05-12T15:02:48.409+0800	error	hello	zapLogger/logger_test.go:23	this is a test
2021-05-12T15:02:48.409+0800	error	hello	zapLogger/logger_test.go:23	this is a test
2021-05-12T15:02:48.409+0800	error	hello	zapLogger/logger_test.go:23	this is a test
2021-05-12T15:02:48.409+0800	error	hello	zapLogger/logger_test.go:23	this is a test
2021-05-12T15:02:48.409+0800	error	hello	zapLogger/logger_test.go:23	this is a test
2021-05-12T15:02:48.409+0800	error	hello	zapLogger/logger_test.go:23	this is a test
2021-05-12T15:02:48.409+0800	error	hello	zapLogger/logger_test.go:23	this is a test
2021-05-12T15:02:48.409+0800	error	hello	zapLogger/logger_test.go:23	this is a test
2021-05-12T15:02:48.409+0800	error	hello	zapLogger/logger_test.go:23	this is a test
2021-05-12T15:02:48.409+0800	error	hello	zapLogger/logger_test.go:23	this is a test
2021-05-12T15:02:48.409+0800	error	hello	zapLogger/logger_test.go:23	this is a test
2021-05-12T15:02:48.408+0800	error	hello	zapLogger/logger_test.go:23	this is a test
2021-05-12T15:02:48.409+0800	error	hello	zapLogger/logger_test.go:23	this is a test
2021-05-12T15:02:48.409+0800	error	hello	zapLogger/logger_test.go:23	this is a test
2021-05-12T15:02:48.409+0800	error	hello	zapLogger/logger_test.go:23	this is a test
2021-05-12T15:02:48.409+0800	error	hello	zapLogger/logger_test.go:23	this is a test
2021-05-12T15:02:48.409+0800	error	hello	zapLogger/logger_test.go:23	this is a test
2021-05-12T15:02:48.409+0800	error	hello	zapLogger/logger_test.go:23	this is a test
2021-05-12T15:02:48.409+0800	error	hello	zapLogger/logger_test.go:23	this is a test
2021-05-12T15:02:48.409+0800	error	hello	zapLogger/logger_test.go:23	this is a test
2021-05-12T15:02:48.409+0800	error	hello	zapLogger/logger_test.go:23	this is a test
2021-05-12T15:02:48.409+0800	error	hello	zapLogger/logger_test.go:23	this is a test
2021-05-12T15:02:48.409+0800	error	hello	zapLogger/logger_test.go:23	this is a test
2021-05-12T15:02:48.409+0800	error	hello	zapLogger/logger_test.go:23	this is a test
2021-05-12T15:02:48.409+0800	error	hello	zapLogger/logger_test.go:23	this is a test
2021-05-12T15:02:48.409+0800	error	hello	zapLogger/logger_test.go:23	this is a test
2021-05-12T15:02:48.409+0800	error	hello	zapLogger/logger_test.go:23	this is a test
2021-05-12T15:02:48.409+0800	error	hello	zapLogger/logger_test.go:23	this is a test
2021-05-12T15:02:48.409+0800	error	hello	zapLogger/logger_test.go:23	this is a test
2021-05-12T15:02:48.409+0800	error	hello	zapLogger/logger_test.go:23	this is a test
2021-05-12T15:02:48.409+0800	error	hello	zapLogger/logger_test.go:23	this is a test
2021-05-12T15:02:48.409+0800	error	hello	zapLogger/logger_test.go:23	this is a test
2021-05-12T15:02:48.409+0800	error	hello	zapLogger/logger_test.go:23	this is a test
2021-05-12T15:02:48.409+0800	error	hello	zapLogger/logger_test.go:23	this is a test
2021-05-12T15:02:48.409+0800	error	hello	zapLogger/logger_test.go:23	this is a test
2021-05-12T15:02:48.409+0800	error	hello	zapLogger/logger_test.go:23	this is a test
2021-05-12T15:02:48.409+0800	error	hello	zapLogger/logger_test.go:23	this is a test
2021-05-12T15:02:48.409+0800	error	hello	zapLogger/logger_test.go:23	this is a test
2021-05-12T15:02:48.409+0800	error	hello	zapLogger/logger_test.go:23	this is a test
2021-05-12T15:02:48.409+0800	error	hello	zapLogger/logger_test.go:23	this is a test
2021-05-12T15:02:48.409+0800	error	hello	zapLogger/logger_test.go:23	this is a test
2021-05-12T15:02:48.409+0800	error	hello	zapLogger/logger_test.go:23	this is a test
2021-05-12T15:02:48.409+0800	error	hello	zapLogger/logger_test.go:23	this is a test
2021-05-12T15:02:48.409+0800	error	hello	zapLogger/logger_test.go:23	this is a test
2021-05-12T15:02:48.409+0800	error	hello	zapLogger/logger_test.go:23	this is a test
2021-05-12T15:02:48.409+0800	error	hello	zapLogger/logger_test.go:23	this is a test
2021-05-12T15:02:48.409+0800	error	hello	zapLogger/logger_test.go:23	this is a test
2021-05-12T15:02:48.409+0800	error	hello	zapLogger/logger_test.go:23	this is a test
2021-05-12T15:02:48.409+0800	error	hello	zapLogger/logger_test.go:23	this is a test
2021-05-12T15:02:48.409+0800	error	hello	zapLogger/logger_test.go:23	this is a test
2021-05-12T15:02:48.409+0800	error	hello	zapLogger/logger_test.go:23	this is a test
2021-05-12T15:02:48.409+0800	error	hello	zapLogger/logger_test.go:23	this is a test
2021-05-12T15:02:48.409+0800	error	hello	zapLogger/logger_test.go:23	this is a test
2021-05-12T15:02:48.409+0800	error	hello	zapLogger/logger_test.go:23	this is a test
2021-05-12T15:02:48.409+0800	error	hello	zapLogger/logger_test.go:23	this is a test
2021-05-12T15:02:48.409+0800	error	hello	zapLogger/logger_test.go:23	this is a test
2021-05-12T15:02:48.409+0800	error	hello	zapLogger/logger_test.go:23	this is a test
2021-05-12T15:02:48.409+0800	error	hello	zapLogger/logger_test.go:23	this is a test
2021-05-12T15:02:48.409+0800	error	hello	zapLogger/logger_test.go:23	this is a test
2021-05-12T15:02:48.409+0800	error	hello	zapLogger/logger_test.go:23	this is a test
2021-05-12T15:02:48.409+0800	error	hello	zapLogger/logger_test.go:23	this is a test
2021-05-12T15:02:48.409+0800	error	hello	zapLogger/logger_test.go:23	this is a test
2021-05-12T15:02:48.409+0800	error	hello	zapLogger/logger_test.go:23	this is a test
2021-05-12T15:02:48.409+0800	error	hello	zapLogger/logger_test.go:23	this is a test
2021-05-12T15:02:48.409+0800	error	hello	zapLogger/logger_test.go:23	this is a test
2021-05-12T15:02:48.408+0800	error	hello	zapLogger/logger_test.go:23	this is a test
2021-05-12T15:02:48.409+0800	error	hello	zapLogger/logger_test.go:23	this is a test
2021-05-12T15:02:48.407+0800	error	hello	zapLogger/logger_test.go:23	this is a test
2021-05-12T15:02:48.409+0800	error	hello	zapLogger/logger_test.go:23	this is a test
2021-05-12T15:02:48.409+0800	error	hello	zapLogger/logger_test.go:23	this is a test
2021-05-12T15:02:48.409+0800	error	hello	zapLogger/logger_test.go:23	this is a test
2021-05-12T15:02:48.409+0800	error	hello	zapLogger/logger_test.go:23	this is a test
2021-05-12T15:02:48.409+0800	error	hello	zapLogger/logger_test.go:23	this is a test
2021-05-12T15:02:48.409+0800	error	hello	zapLogger/logger_test.go:23	this is a test
2021-05-12T15:02:48.410+0800	error	hello	zapLogger/logger_test.go:23	this is a test
2021-05-12T15:02:48.409+0800	error	hello	zapLogger/logger_test.go:23	this is a test
2021-05-12T15:02:48.410+0800	error	hello	zapLogger/logger_test.go:23	this is a test
2021-05-12T15:02:48.407+0800	error	hello	zapLogger/logger_test.go:23	this is a test
2021-05-12T15:02:48.410+0800	error	hello	zapLogger/logger_test.go:23	this is a test
2021-05-12T15:02:48.410+0800	error	hello	zapLogger/logger_test.go:23	this is a test
2021-05-12T15:02:48.410+0800	error	hello	zapLogger/logger_test.go:23	this is a test
2021-05-12T15:02:48.410+0800	error	hello	zapLogger/logger_test.go:23	this is a test
2021-05-12T15:02:48.410+0800	error	hello	zapLogger/logger_test.go:23	this is a test
2021-05-12T15:02:48.407+0800	error	hello	zapLogger/logger_test.go:23	this is a test
2021-05-12T15:02:48.407+0800	error	hello	zapLogger/logger_test.go:23	this is a test
2021-05-12T15:02:48.409+0800	error	hello	zapLogger/logger_test.go:23	this is a test
2021-05-12T15:02:48.410+0800	error	hello	zapLogger/logger_test.go:23	this is a test
2021-05-12T15:02:48.410+0800	error	hello	zapLogger/logger_test.go:23	this is a test
2021-05-12T15:02:48.410+0800	error	hello	zapLogger/logger_test.go:23	this is a test
2021-05-12T15:02:48.410+0800	error	hello	zapLogger/logger_test.go:23	this is a test
2021-05-12T15:02:48.410+0800	error	hello	zapLogger/logger_test.go:23	this is a test
2021-05-12T15:02:48.410+0800	error	hello	zapLogger/logger_test.go:23	this is a test
2021-05-12T15:02:48.410+0800	error	hello	zapLogger/logger_test.go:23	this is a test
2021-05-12T15:02:48.410+0800	error	hello	zapLogger/logger_test.go:23	this is a test
2021-05-12T15:02:48.410+0800	error	hello	zapLogger/logger_test.go:23	this is a test
2021-05-12T15:02:48.410+0800	error	hello	zapLogger/logger_test.go:23	this is a test
2021-05-12T15:02:48.410+0800	error	hello	zapLogger/logger_test.go:23	this is a test
2021-05-12T15:02:48.410+0800	error	hello	zapLogger/logger_test.go:23	this is a test
2021-05-12T15:02:48.410+0800	error	hello	zapLogger/logger_test.go:23	this is a test
2021-05-12T15:02:48.410+0800	error	hello	zapLogger/logger_test.go:23	this is a test
2021-05-12T15:02:48.410+0800	error	hello	zapLogger/logger_test.go:23	this is a test
2021-05-12T15:02:48.410+0800	error	hello	zapLogger/logger_test.go:23	this is a test
2021-05-12T15:02:48.410+0800	error	hello	zapLogger/logger_test.go:23	this is a test
2021-05-12T15:02:48.410+0800	error	hello	zapLogger/logger_test.go:23	this is a test
2021-05-12T15:02:48.410+0800	error	hello	zapLogger/logger_test.go:23	this is a test
2021-05-12T15:02:48.410+0800	error	hello	zapLogger/logger_test.go:23	this is a test
2021-05-12T15:02:48.410+0800	error	hello	zapLogger/logger_test.go:23	this is a test
2021-05-12T15:02:48.410+0800	error	hello	zapLogger/logger_test.go:23	this is a test
2021-05-12T15:02:48.409+0800	error	hello	zapLogger/logger_test.go:23	this is a test
2021-05-12T15:02:48.410+0800	error	hello	zapLogger/logger_test.go:23	this is a test
2021-05-12T15:02:48.410+0800	error	hello	zapLogger/logger_test.go:23	this is a test
2021-05-12T15:02:48.410+0800	error	hello	zapLogger/logger_test.go:23	this is a test
2021-05-12T15:02:48.410+0800	error	hello	zapLogger/logger_test.go:23	this is a test
2021-05-12T15:02:48.410+0800	error	hello	zapLogger/logger_test.go:23	this is a test
2021-05-12T15:02:48.410+0800	error	hello	zapLogger/logger_test.go:23	this is a test
2021-05-12T15:02:48.410+0800	error	hello	zapLogger/logger_test.go:23	this is a test
2021-05-12T15:02:48.410+0800	error	hello	zapLogger/logger_test.go:23	this is a test
2021-05-12T15:02:48.410+0800	error	hello	zapLogger/logger_test.go:23	this is a test
2021-05-12T15:02:48.410+0800	error	hello	zapLogger/logger_test.go:23	this is a test
2021-05-12T15:02:48.410+0800	error	hello	zapLogger/logger_test.go:23	this is a test
2021-05-12T15:02:48.410+0800	error	hello	zapLogger/logger_test.go:23	this is a test
2021-05-12T15:02:48.410+0800	error	hello	zapLogger/logger_test.go:23	this is a test
2021-05-12T15:02:48.410+0800	error	hello	zapLogger/logger_test.go:23	this is a test
2021-05-12T15:02:48.408+0800	error	hello	zapLogger/logger_test.go:23	this is a test
2021-05-12T15:02:48.410+0800	error	hello	zapLogger/logger_test.go:23	this is a test
2021-05-12T15:02:48.410+0800	error	hello	zapLogger/logger_test.go:23	this is a test
2021-05-12T15:02:48.410+0800	error	hello	zapLogger/logger_test.go:23	this is a test
2021-05-12T15:02:48.410+0800	error	hello	zapLogger/logger_test.go:23	this is a test
2021-05-12T15:02:48.410+0800	error	hello	zapLogger/logger_test.go:23	this is a test
2021-05-12T15:02:48.410+0800	error	hello	zapLogger/logger_test.go:23	this is a test
2021-05-12T15:02:48.410+0800	error	hello	zapLogger/logger_test.go:23	this is a test
2021-05-12T15:02:48.410+0800	error	hello	zapLogger/logger_test.go:23	this is a test
2021-05-12T15:02:48.410+0800	error	hello	zapLogger/logger_test.go:23	this is a test
2021-05-12T15:02:48.409+0800	error	hello	zapLogger/logger_test.go:23	this is a test
2021-05-12T15:02:48.409+0800	error	hello	zapLogger/logger_test.go:23	this is a test
2021-05-12T15:02:48.410+0800	error	hello	zapLogger/logger_test.go:23	this is a test
2021-05-12T15:02:48.410+0800	error	hello	zapLogger/logger_test.go:23	this is a test
2021-05-12T15:02:48.410+0800	error	hello	zapLogger/logger_test.go:23	this is a test
2021-05-12T15:02:48.410+0800	error	hello	zapLogger/logger_test.go:23	this is a test
2021-05-12T15:02:48.410+0800	error	hello	zapLogger/logger_test.go:23	this is a test
2021-05-12T15:02:48.410+0800	error	hello	zapLogger/logger_test.go:23	this is a test
2021-05-12T15:02:48.410+0800	error	hello	zapLogger/logger_test.go:23	this is a test
2021-05-12T15:02:48.411+0800	error	hello	zapLogger/logger_test.go:23	this is a test
2021-05-12T15:02:48.410+0800	error	hello	zapLogger/logger_test.go:23	this is a test
2021-05-12T15:02:48.411+0800	error	hello	zapLogger/logger_test.go:23	this is a test
2021-05-12T15:02:48.410+0800	error	hello	zapLogger/logger_test.go:23	this is a test
2021-05-12T15:02:48.411+0800	error	hello	zapLogger/logger_test.go:23	this is a test
2021-05-12T15:02:48.410+0800	error	hello	zapLogger/logger_test.go:23	this is a test
2021-05-12T15:02:48.411+0800	error	hello	zapLogger/logger_test.go:23	this is a test
2021-05-12T15:02:48.410+0800	error	hello	zapLogger/logger_test.go:23	this is a test
2021-05-12T15:02:48.411+0800	error	hello	zapLogger/logger_test.go:23	this is a test
2021-05-12T15:02:48.410+0800	error	hello	zapLogger/logger_test.go:23	this is a test
2021-05-12T15:02:48.411+0800	error	hello	zapLogger/logger_test.go:23	this is a test
2021-05-12T15:02:48.411+0800	error	hello	zapLogger/logger_test.go:23	this is a test
2021-05-12T15:02:48.411+0800	error	hello	zapLogger/logger_test.go:23	this is a test
2021-05-12T15:02:48.411+0800	error	hello	zapLogger/logger_test.go:23	this is a test
2021-05-12T15:02:48.411+0800	error	hello	zapLogger/logger_test.go:23	this is a test
2021-05-12T15:02:48.411+0800	error	hello	zapLogger/logger_test.go:23	this is a test
2021-05-12T15:02:48.411+0800	error	hello	zapLogger/logger_test.go:23	this is a test
2021-05-12T15:02:48.411+0800	error	hello	zapLogger/logger_test.go:23	this is a test
2021-05-12T15:02:48.411+0800	error	hello	zapLogger/logger_test.go:23	this is a test
2021-05-12T15:02:48.411+0800	error	hello	zapLogger/logger_test.go:23	this is a test
2021-05-12T15:02:48.410+0800	error	hello	zapLogger/logger_test.go:23	this is a test
2021-05-12T15:02:48.411+0800	error	hello	zapLogger/logger_test.go:23	this is a test
2021-05-12T15:02:48.411+0800	error	hello	zapLogger/logger_test.go:23	this is a test
2021-05-12T15:02:48.410+0800	error	hello	zapLogger/logger_test.go:23	this is a test
2021-05-12T15:02:48.411+0800	error	hello	zapLogger/logger_test.go:23	this is a test
2021-05-12T15:02:48.411+0800	error	hello	zapLogger/logger_test.go:23	this is a test
2021-05-12T15:02:48.411+0800	error	hello	zapLogger/logger_test.go:23	this is a test
2021-05-12T15:02:48.411+0800	error	hello	zapLogger/logger_test.go:23	this is a test
2021-05-12T15:02:48.411+0800	error	hello	zapLogger/logger_test.go:23	this is a test
2021-05-12T15:02:48.411+0800	error	hello	zapLogger/logger_test.go:23	this is a test
2021-05-12T15:02:48.411+0800	error	hello	zapLogger/logger_test.go:23	this is a test
2021-05-12T15:02:48.411+0800	error	hello	zapLogger/logger_test.go:23	this is a test
2021-05-12T15:02:48.411+0800	error	hello	zapLogger/logger_test.go:23	this is a test
2021-05-12T15:02:48.411+0800	error	hello	zapLogger/logger_test.go:23	this is a test
2021-05-12T15:02:48.411+0800	error	hello	zapLogger/logger_test.go:23	this is a test
2021-05-12T15:02:48.411+0800	error	hello	zapLogger/logger_test.go:23	this is a test
2021-05-12T15:02:48.411+0800	error	hello	zapLogger/logger_test.go:23	this is a test
2021-05-12T15:02:48.411+0800	error	hello	zapLogger/logger_test.go:23	this is a test
2021-05-12T15:02:48.411+0800	error	hello	zapLogger/logger_test.go:23	this is a test
2021-05-12T15:02:48.411+0800	error	hello	zapLogger/logger_test.go:23	this is a test
2021-05-12T15:02:48.411+0800	error	hello	zapLogger/logger_test.go:23	this is a test
2021-05-12T15:02:48.411+0800	error	hello	zapLogger/logger_test.go:23	this is a test
2021-05-12T15:02:48.411+0800	error	hello	zapLogger/logger_test.go:23	this is a test
2021-05-12T15:02:48.411+0800	error	hello	zapLogger/logger_test.go:23	this is a test
2021-05-12T15:02:48.411+0800	error	hello	zapLogger/logger_test.go:23	this is a test
2021-05-12T15:02:48.411+0800	error	hello	zapLogger/logger_test.go:23	this is a test
2021-05-12T15:02:48.411+0800	error	hello	zapLogger/logger_test.go:23	this is a test
2021-05-12T15:02:48.411+0800	error	hello	zapLogger/logger_test.go:23	this is a test
2021-05-12T15:02:48.411+0800	error	hello	zapLogger/logger_test.go:23	this is a test
2021-05-12T15:02:48.411+0800	error	hello	zapLogger/logger_test.go:23	this is a test
2021-05-12T15:02:48.411+0800	error	hello	zapLogger/logger_test.go:23	this is a test
2021-05-12T15:02:48.411+0800	error	hello	zapLogger/logger_test.go:23	this is a test
2021-05-12T15:02:48.410+0800	error	hello	zapLogger/logger_test.go:23	this is a test
2021-05-12T15:02:48.411+0800	error	hello	zapLogger/logger_test.go:23	this is a test
2021-05-12T15:02:48.411+0800	error	hello	zapLogger/logger_test.go:23	this is a test
2021-05-12T15:02:48.411+0800	error	hello	zapLogger/logger_test.go:23	this is a test
2021-05-12T15:02:48.411+0800	error	hello	zapLogger/logger_test.go:23	this is a test
2021-05-12T15:02:48.411+0800	error	hello	zapLogger/logger_test.go:23	this is a test
2021-05-12T15:02:48.410+0800	error	hello	zapLogger/logger_test.go:23	this is a test
2021-05-12T15:02:48.411+0800	error	hello	zapLogger/logger_test.go:23	this is a test
2021-05-12T15:02:48.411+0800	error	hello	zapLogger/logger_test.go:23	this is a test
2021-05-12T15:02:48.411+0800	error	hello	zapLogger/logger_test.go:23	this is a test
2021-05-12T15:02:48.411+0800	error	hello	zapLogger/logger_test.go:23	this is a test
2021-05-12T15:02:48.412+0800	error	hello	zapLogger/logger_test.go:23	this is a test
2021-05-12T15:02:48.411+0800	error	hello	zapLogger/logger_test.go:23	this is a test
2021-05-12T15:02:48.412+0800	error	hello	zapLogger/logger_test.go:23	this is a test
2021-05-12T15:02:48.411+0800	error	hello	zapLogger/logger_test.go:23	this is a test
2021-05-12T15:02:48.412+0800	error	hello	zapLogger/logger_test.go:23	this is a test
2021-05-12T15:02:48.411+0800	error	hello	zapLogger/logger_test.go:23	this is a test
2021-05-12T15:02:48.412+0800	error	hello	zapLogger/logger_test.go:23	this is a test
2021-05-12T15:02:48.412+0800	error	hello	zapLogger/logger_test.go:23	this is a test
2021-05-12T15:02:48.412+0800	error	hello	zapLogger/logger_test.go:23	this is a test
2021-05-12T15:02:48.411+0800	error	hello	zapLogger/logger_test.go:23	this is a test
2021-05-12T15:02:48.412+0800	error	hello	zapLogger/logger_test.go:23	this is a test
2021-05-12T15:02:48.411+0800	error	hello	zapLogger/logger_test.go:23	this is a test
2021-05-12T15:02:48.412+0800	error	hello	zapLogger/logger_test.go:23	this is a test
2021-05-12T15:02:48.411+0800	error	hello	zapLogger/logger_test.go:23	this is a test
2021-05-12T15:02:48.412+0800	error	hello	zapLogger/logger_test.go:23	this is a test
2021-05-12T15:02:48.411+0800	error	hello	zapLogger/logger_test.go:23	this is a test
2021-05-12T15:02:48.412+0800	error	hello	zapLogger/logger_test.go:23	this is a test
2021-05-12T15:02:48.412+0800	error	hello	zapLogger/logger_test.go:23	this is a test
2021-05-12T15:02:48.412+0800	error	hello	zapLogger/logger_test.go:23	this is a test
2021-05-12T15:02:48.412+0800	error	hello	zapLogger/logger_test.go:23	this is a test
2021-05-12T15:02:48.412+0800	error	hello	zapLogger/logger_test.go:23	this is a test
2021-05-12T15:02:48.412+0800	error	hello	zapLogger/logger_test.go:23	this is a test
2021-05-12T15:02:48.412+0800	error	hello	zapLogger/logger_test.go:23	this is a test
2021-05-12T15:02:48.412+0800	error	hello	zapLogger/logger_test.go:23	this is a test
2021-05-12T15:02:48.412+0800	error	hello	zapLogger/logger_test.go:23	this is a test
2021-05-12T15:02:48.411+0800	error	hello	zapLogger/logger_test.go:23	this is a test
2021-05-12T15:02:48.412+0800	error	hello	zapLogger/logger_test.go:23	this is a test
2021-05-12T15:02:48.412+0800	error	hello	zapLogger/logger_test.go:23	this is a test
2021-05-12T15:02:48.412+0800	error	hello	zapLogger/logger_test.go:23	this is a test
2021-05-12T15:02:48.412+0800	error	hello	zapLogger/logger_test.go:23	this is a test
2021-05-12T15:02:48.412+0800	error	hello	zapLogger/logger_test.go:23	this is a test
2021-05-12T15:02:48.412+0800	error	hello	zapLogger/logger_test.go:23	this is a test
2021-05-12T15:02:48.412+0800	error	hello	zapLogger/logger_test.go:23	this is a test
2021-05-12T15:02:48.412+0800	error	hello	zapLogger/logger_test.go:23	this is a test
2021-05-12T15:02:48.412+0800	error	hello	zapLogger/logger_test.go:23	this is a test
2021-05-12T15:02:48.412+0800	error	hello	zapLogger/logger_test.go:23	this is a test
2021-05-12T15:02:48.412+0800	error	hello	zapLogger/logger_test.go:23	this is a test
2021-05-12T15:02:48.412+0800	error	hello	zapLogger/logger_test.go:23	this is a test
2021-05-12T15:02:48.412+0800	error	hello	zapLogger/logger_test.go:23	this is a test
2021-05-12T15:02:48.412+0800	error	hello	zapLogger/logger_test.go:23	this is a test
2021-05-12T15:02:48.412+0800	error	hello	zapLogger/logger_test.go:23	this is a test
2021-05-12T15:02:48.412+0800	error	hello	zapLogger/logger_test.go:23	this is a test
2021-05-12T15:02:48.412+0800	error	hello	zapLogger/logger_test.go:23	this is a test
2021-05-12T15:02:48.412+0800	error	hello	zapLogger/logger_test.go:23	this is a test
2021-05-12T15:02:48.412+0800	error	hello	zapLogger/logger_test.go:23	this is a test
2021-05-12T15:02:48.412+0800	error	hello	zapLogger/logger_test.go:23	this is a test
2021-05-12T15:02:48.412+0800	error	hello	zapLogger/logger_test.go:23	this is a test
2021-05-12T15:02:48.412+0800	error	hello	zapLogger/logger_test.go:23	this is a test
2021-05-12T15:02:48.412+0800	error	hello	zapLogger/logger_test.go:23	this is a test
2021-05-12T15:02:48.412+0800	error	hello	zapLogger/logger_test.go:23	this is a test
2021-05-12T15:02:48.411+0800	error	hello	zapLogger/logger_test.go:23	this is a test
2021-05-12T15:02:48.412+0800	error	hello	zapLogger/logger_test.go:23	this is a test
2021-05-12T15:02:48.412+0800	error	hello	zapLogger/logger_test.go:23	this is a test
2021-05-12T15:02:48.412+0800	error	hello	zapLogger/logger_test.go:23	this is a test
2021-05-12T15:02:48.412+0800	error	hello	zapLogger/logger_test.go:23	this is a test
2021-05-12T15:02:48.412+0800	error	hello	zapLogger/logger_test.go:23	this is a test
2021-05-12T15:02:48.412+0800	error	hello	zapLogger/logger_test.go:23	this is a test
2021-05-12T15:02:48.412+0800	error	hello	zapLogger/logger_test.go:23	this is a test
2021-05-12T15:02:48.412+0800	error	hello	zapLogger/logger_test.go:23	this is a test
2021-05-12T15:02:48.412+0800	error	hello	zapLogger/logger_test.go:23	this is a test
2021-05-12T15:02:48.412+0800	error	hello	zapLogger/logger_test.go:23	this is a test
2021-05-12T15:02:48.413+0800	error	hello	zapLogger/logger_test.go:23	this is a test
2021-05-12T15:02:48.412+0800	error	hello	zapLogger/logger_test.go:23	this is a test
2021-05-12T15:02:48.413+0800	error	hello	zapLogger/logger_test.go:23	this is a test
2021-05-12T15:02:48.413+0800	error	hello	zapLogger/logger_test.go:23	this is a test
2021-05-12T15:02:48.413+0800	error	hello	zapLogger/logger_test.go:23	this is a test
2021-05-12T15:02:48.413+0800	error	hello	zapLogger/logger_test.go:23	this is a test
2021-05-12T15:02:48.413+0800	error	hello	zapLogger/logger_test.go:23	this is a test
2021-05-12T15:02:48.413+0800	error	hello	zapLogger/logger_test.go:23	this is a test
2021-05-12T15:02:48.413+0800	error	hello	zapLogger/logger_test.go:23	this is a test
2021-05-12T15:02:48.413+0800	error	hello	zapLogger/logger_test.go:23	this is a test
2021-05-12T15:02:48.413+0800	error	hello	zapLogger/logger_test.go:23	this is a test
2021-05-12T15:02:48.413+0800	error	hello	zapLogger/logger_test.go:23	this is a test
2021-05-12T15:02:48.413+0800	error	hello	zapLogger/logger_test.go:23	this is a test
2021-05-12T15:02:48.413+0800	error	hello	zapLogger/logger_test.go:23	this is a test
2021-05-12T15:02:48.413+0800	error	hello	zapLogger/logger_test.go:23	this is a test
2021-05-12T15:02:48.413+0800	error	hello	zapLogger/logger_test.go:23	this is a test
2021-05-12T15:02:48.413+0800	error	hello	zapLogger/logger_test.go:23	this is a test
2021-05-12T15:02:48.413+0800	error	hello	zapLogger/logger_test.go:23	this is a test
2021-05-12T15:02:48.412+0800	error	hello	zapLogger/logger_test.go:23	this is a test
2021-05-12T15:02:48.413+0800	error	hello	zapLogger/logger_test.go:23	this is a test
2021-05-12T15:02:48.412+0800	error	hello	zapLogger/logger_test.go:23	this is a test
2021-05-12T15:02:48.413+0800	error	hello	zapLogger/logger_test.go:23	this is a test
2021-05-12T15:02:48.412+0800	error	hello	zapLogger/logger_test.go:23	this is a test
2021-05-12T15:02:48.413+0800	error	hello	zapLogger/logger_test.go:23	this is a test
2021-05-12T15:02:48.412+0800	error	hello	zapLogger/logger_test.go:23	this is a test
2021-05-12T15:02:48.413+0800	error	hello	zapLogger/logger_test.go:23	this is a test
2021-05-12T15:02:48.413+0800	error	hello	zapLogger/logger_test.go:23	this is a test
2021-05-12T15:02:48.412+0800	error	hello	zapLogger/logger_test.go:23	this is a test
2021-05-12T15:02:48.413+0800	error	hello	zapLogger/logger_test.go:23	this is a test
2021-05-12T15:02:48.412+0800	error	hello	zapLogger/logger_test.go:23	this is a test
2021-05-12T15:02:48.413+0800	error	hello	zapLogger/logger_test.go:23	this is a test
2021-05-12T15:02:48.412+0800	error	hello	zapLogger/logger_test.go:23	this is a test
2021-05-12T15:02:48.413+0800	error	hello	zapLogger/logger_test.go:23	this is a test
2021-05-12T15:02:48.413+0800	error	hello	zapLogger/logger_test.go:23	this is a test
2021-05-12T15:02:48.413+0800	error	hello	zapLogger/logger_test.go:23	this is a test
2021-05-12T15:02:48.413+0800	error	hello	zapLogger/logger_test.go:23	this is a test
2021-05-12T15:02:48.413+0800	error	hello	zapLogger/logger_test.go:23	this is a test
2021-05-12T15:02:48.413+0800	error	hello	zapLogger/logger_test.go:23	this is a test
2021-05-12T15:02:48.413+0800	error	hello	zapLogger/logger_test.go:23	this is a test
2021-05-12T15:02:48.413+0800	error	hello	zapLogger/logger_test.go:23	this is a test
2021-05-12T15:02:48.413+0800	error	hello	zapLogger/logger_test.go:23	this is a test
2021-05-12T15:02:48.413+0800	error	hello	zapLogger/logger_test.go:23	this is a test
2021-05-12T15:02:48.413+0800	error	hello	zapLogger/logger_test.go:23	this is a test
2021-05-12T15:02:48.413+0800	error	hello	zapLogger/logger_test.go:23	this is a test
2021-05-12T15:02:48.413+0800	error	hello	zapLogger/logger_test.go:23	this is a test
2021-05-12T15:02:48.413+0800	error	hello	zapLogger/logger_test.go:23	this is a test
2021-05-12T15:02:48.413+0800	error	hello	zapLogger/logger_test.go:23	this is a test
2021-05-12T15:02:48.413+0800	error	hello	zapLogger/logger_test.go:23	this is a test
2021-05-12T15:02:48.413+0800	error	hello	zapLogger/logger_test.go:23	this is a test
2021-05-12T15:02:48.413+0800	error	hello	zapLogger/logger_test.go:23	this is a test
2021-05-12T15:02:48.413+0800	error	hello	zapLogger/logger_test.go:23	this is a test
2021-05-12T15:02:48.413+0800	error	hello	zapLogger/logger_test.go:23	this is a test
2021-05-12T15:02:48.413+0800	error	hello	zapLogger/logger_test.go:23	this is a test
2021-05-12T15:02:48.413+0800	error	hello	zapLogger/logger_test.go:23	this is a test
2021-05-12T15:02:48.413+0800	error	hello	zapLogger/logger_test.go:23	this is a test
2021-05-12T15:02:48.413+0800	error	hello	zapLogger/logger_test.go:23	this is a test
2021-05-12T15:02:48.413+0800	error	hello	zapLogger/logger_test.go:23	this is a test
2021-05-12T15:02:48.413+0800	error	hello	zapLogger/logger_test.go:23	this is a test
2021-05-12T15:02:48.413+0800	error	hello	zapLogger/logger_test.go:23	this is a test
2021-05-12T15:02:48.413+0800	error	hello	zapLogger/logger_test.go:23	this is a test
2021-05-12T15:02:48.413+0800	error	hello	zapLogger/logger_test.go:23	this is a test
2021-05-12T15:02:48.413+0800	error	hello	zapLogger/logger_test.go:23	this is a test
2021-05-12T15:02:48.413+0800	error	hello	zapLogger/logger_test.go:23	this is a test
2021-05-12T15:02:48.413+0800	error	hello	zapLogger/logger_test.go:23	this is a test
2021-05-12T15:02:48.413+0800	error	hello	zapLogger/logger_test.go:23	this is a test
2021-05-12T15:02:48.413+0800	error	hello	zapLogger/logger_test.go:23	this is a test
2021-05-12T15:02:48.413+0800	error	hello	zapLogger/logger_test.go:23	this is a test
2021-05-12T15:02:48.413+0800	error	hello	zapLogger/logger_test.go:23	this is a test
2021-05-12T15:02:48.414+0800	error	hello	zapLogger/logger_test.go:23	this is a test
2021-05-12T15:02:48.413+0800	error	hello	zapLogger/logger_test.go:23	this is a test
2021-05-12T15:02:48.414+0800	error	hello	zapLogger/logger_test.go:23	this is a test
2021-05-12T15:02:48.414+0800	error	hello	zapLogger/logger_test.go:23	this is a test
2021-05-12T15:02:48.414+0800	error	hello	zapLogger/logger_test.go:23	this is a test
2021-05-12T15:02:48.414+0800	error	hello	zapLogger/logger_test.go:23	this is a test
2021-05-12T15:02:48.414+0800	error	hello	zapLogger/logger_test.go:23	this is a test
2021-05-12T15:02:48.414+0800	error	hello	zapLogger/logger_test.go:23	this is a test
2021-05-12T15:02:48.414+0800	error	hello	zapLogger/logger_test.go:23	this is a test
2021-05-12T15:02:48.414+0800	error	hello	zapLogger/logger_test.go:23	this is a test
2021-05-12T15:02:48.414+0800	error	hello	zapLogger/logger_test.go:23	this is a test
2021-05-12T15:02:48.414+0800	error	hello	zapLogger/logger_test.go:23	this is a test
2021-05-12T15:02:48.414+0800	error	hello	zapLogger/logger_test.go:23	this is a test
2021-05-12T15:02:48.414+0800	error	hello	zapLogger/logger_test.go:23	this is a test
2021-05-12T15:02:48.414+0800	error	hello	zapLogger/logger_test.go:23	this is a test
2021-05-12T15:02:48.414+0800	error	hello	zapLogger/logger_test.go:23	this is a test
2021-05-12T15:02:48.414+0800	error	hello	zapLogger/logger_test.go:23	this is a test
2021-05-12T15:02:48.414+0800	error	hello	zapLogger/logger_test.go:23	this is a test
2021-05-12T15:02:48.413+0800	error	hello	zapLogger/logger_test.go:23	this is a test
2021-05-12T15:02:48.414+0800	error	hello	zapLogger/logger_test.go:23	this is a test
2021-05-12T15:02:48.413+0800	error	hello	zapLogger/logger_test.go:23	this is a test
2021-05-12T15:02:48.414+0800	error	hello	zapLogger/logger_test.go:23	this is a test
2021-05-12T15:02:48.413+0800	error	hello	zapLogger/logger_test.go:23	this is a test
2021-05-12T15:02:48.414+0800	error	hello	zapLogger/logger_test.go:23	this is a test
2021-05-12T15:02:48.413+0800	error	hello	zapLogger/logger_test.go:23	this is a test
2021-05-12T15:02:48.414+0800	error	hello	zapLogger/logger_test.go:23	this is a test
2021-05-12T15:02:48.413+0800	error	hello	zapLogger/logger_test.go:23	this is a test
2021-05-12T15:02:48.414+0800	error	hello	zapLogger/logger_test.go:23	this is a test
2021-05-12T15:02:48.413+0800	error	hello	zapLogger/logger_test.go:23	this is a test
2021-05-12T15:02:48.414+0800	error	hello	zapLogger/logger_test.go:23	this is a test
2021-05-12T15:02:48.414+0800	error	hello	zapLogger/logger_test.go:23	this is a test
2021-05-12T15:02:48.414+0800	error	hello	zapLogger/logger_test.go:23	this is a test
2021-05-12T15:02:48.413+0800	error	hello	zapLogger/logger_test.go:23	this is a test
2021-05-12T15:02:48.414+0800	error	hello	zapLogger/logger_test.go:23	this is a test
2021-05-12T15:02:48.414+0800	error	hello	zapLogger/logger_test.go:23	this is a test
2021-05-12T15:02:48.414+0800	error	hello	zapLogger/logger_test.go:23	this is a test
2021-05-12T15:02:48.414+0800	error	hello	zapLogger/logger_test.go:23	this is a test
2021-05-12T15:02:48.414+0800	error	hello	zapLogger/logger_test.go:23	this is a test
2021-05-12T15:02:48.414+0800	error	hello	zapLogger/logger_test.go:23	this is a test
2021-05-12T15:02:48.414+0800	error	hello	zapLogger/logger_test.go:23	this is a test
2021-05-12T15:02:48.414+0800	error	hello	zapLogger/logger_test.go:23	this is a test
2021-05-12T15:02:48.414+0800	error	hello	zapLogger/logger_test.go:23	this is a test
2021-05-12T15:02:48.414+0800	error	hello	zapLogger/logger_test.go:23	this is a test
2021-05-12T15:02:48.414+0800	error	hello	zapLogger/logger_test.go:23	this is a test
2021-05-12T15:02:48.414+0800	error	hello	zapLogger/logger_test.go:23	this is a test
2021-05-12T15:02:48.414+0800	error	hello	zapLogger/logger_test.go:23	this is a test
2021-05-12T15:02:48.414+0800	error	hello	zapLogger/logger_test.go:23	this is a test
2021-05-12T15:02:48.414+0800	error	hello	zapLogger/logger_test.go:23	this is a test
2021-05-12T15:02:48.414+0800	error	hello	zapLogger/logger_test.go:23	this is a test
2021-05-12T15:02:48.414+0800	error	hello	zapLogger/logger_test.go:23	this is a test
2021-05-12T15:02:48.414+0800	error	hello	zapLogger/logger_test.go:23	this is a test
2021-05-12T15:02:48.414+0800	error	hello	zapLogger/logger_test.go:23	this is a test
2021-05-12T15:02:48.414+0800	error	hello	zapLogger/logger_test.go:23	this is a test
2021-05-12T15:02:48.414+0800	error	hello	zapLogger/logger_test.go:23	this is a test
2021-05-12T15:02:48.414+0800	error	hello	zapLogger/logger_test.go:23	this is a test
2021-05-12T15:02:48.414+0800	error	hello	zapLogger/logger_test.go:23	this is a test
2021-05-12T15:02:48.414+0800	error	hello	zapLogger/logger_test.go:23	this is a test
2021-05-12T15:02:48.414+0800	error	hello	zapLogger/logger_test.go:23	this is a test
2021-05-12T15:02:48.414+0800	error	hello	zapLogger/logger_test.go:23	this is a test
2021-05-12T15:02:48.414+0800	error	hello	zapLogger/logger_test.go:23	this is a test
2021-05-12T15:02:48.414+0800	error	hello	zapLogger/logger_test.go:23	this is a test
2021-05-12T15:02:48.414+0800	error	hello	zapLogger/logger_test.go:23	this is a test
2021-05-12T15:02:48.414+0800	error	hello	zapLogger/logger_test.go:23	this is a test
2021-05-12T15:02:48.414+0800	error	hello	zapLogger/logger_test.go:23	this is a test
2021-05-12T15:02:48.414+0800	error	hello	zapLogger/logger_test.go:23	this is a test
2021-05-12T15:02:48.414+0800	error	hello	zapLogger/logger_test.go:23	this is a test
2021-05-12T15:02:48.414+0800	error	hello	zapLogger/logger_test.go:23	this is a test
2021-05-12T15:02:48.414+0800	error	hello	zapLogger/logger_test.go:23	this is a test
2021-05-12T15:02:48.414+0800	error	hello	zapLogger/logger_test.go:23	this is a test
2021-05-12T15:02:48.414+0800	error	hello	zapLogger/logger_test.go:23	this is a test
2021-05-12T15:02:48.414+0800	error	hello	zapLogger/logger_test.go:23	this is a test
2021-05-12T15:02:48.414+0800	error	hello	zapLogger/logger_test.go:23	this is a test
2021-05-12T15:02:48.414+0800	error	hello	zapLogger/logger_test.go:23	this is a test
2021-05-12T15:02:48.414+0800	error	hello	zapLogger/logger_test.go:23	this is a test
2021-05-12T15:02:48.415+0800	error	hello	zapLogger/logger_test.go:23	this is a test
2021-05-12T15:02:48.415+0800	error	hello	zapLogger/logger_test.go:23	this is a test
2021-05-12T15:02:48.415+0800	error	hello	zapLogger/logger_test.go:23	this is a test
2021-05-12T15:02:48.415+0800	error	hello	zapLogger/logger_test.go:23	this is a test
2021-05-12T15:02:48.415+0800	error	hello	zapLogger/logger_test.go:23	this is a test
2021-05-12T15:02:48.415+0800	error	hello	zapLogger/logger_test.go:23	this is a test
2021-05-12T15:02:48.415+0800	error	hello	zapLogger/logger_test.go:23	this is a test
2021-05-12T15:02:48.415+0800	error	hello	zapLogger/logger_test.go:23	this is a test
2021-05-12T15:02:48.415+0800	error	hello	zapLogger/logger_test.go:23	this is a test
2021-05-12T15:02:48.415+0800	error	hello	zapLogger/logger_test.go:23	this is a test
2021-05-12T15:02:48.414+0800	error	hello	zapLogger/logger_test.go:23	this is a test
2021-05-12T15:02:48.415+0800	error	hello	zapLogger/logger_test.go:23	this is a test
2021-05-12T15:02:48.415+0800	error	hello	zapLogger/logger_test.go:23	this is a test
2021-05-12T15:02:48.415+0800	error	hello	zapLogger/logger_test.go:23	this is a test
2021-05-12T15:02:48.415+0800	error	hello	zapLogger/logger_test.go:23	this is a test
2021-05-12T15:02:48.415+0800	error	hello	zapLogger/logger_test.go:23	this is a test
2021-05-12T15:02:48.415+0800	error	hello	zapLogger/logger_test.go:23	this is a test
2021-05-12T15:02:48.414+0800	error	hello	zapLogger/logger_test.go:23	this is a test
2021-05-12T15:02:48.415+0800	error	hello	zapLogger/logger_test.go:23	this is a test
2021-05-12T15:02:48.414+0800	error	hello	zapLogger/logger_test.go:23	this is a test
2021-05-12T15:02:48.415+0800	error	hello	zapLogger/logger_test.go:23	this is a test
2021-05-12T15:02:48.415+0800	error	hello	zapLogger/logger_test.go:23	this is a test
2021-05-12T15:02:48.414+0800	error	hello	zapLogger/logger_test.go:23	this is a test
2021-05-12T15:02:48.415+0800	error	hello	zapLogger/logger_test.go:23	this is a test
2021-05-12T15:02:48.415+0800	error	hello	zapLogger/logger_test.go:23	this is a test
2021-05-12T15:02:48.415+0800	error	hello	zapLogger/logger_test.go:23	this is a test
2021-05-12T15:02:48.415+0800	error	hello	zapLogger/logger_test.go:23	this is a test
2021-05-12T15:02:48.415+0800	error	hello	zapLogger/logger_test.go:23	this is a test
2021-05-12T15:02:48.415+0800	error	hello	zapLogger/logger_test.go:23	this is a test
2021-05-12T15:02:48.415+0800	error	hello	zapLogger/logger_test.go:23	this is a test
2021-05-12T15:02:48.415+0800	error	hello	zapLogger/logger_test.go:23	this is a test
2021-05-12T15:02:48.415+0800	error	hello	zapLogger/logger_test.go:23	this is a test
2021-05-12T15:02:48.415+0800	error	hello	zapLogger/logger_test.go:23	this is a test
2021-05-12T15:02:48.415+0800	error	hello	zapLogger/logger_test.go:23	this is a test
2021-05-12T15:02:48.415+0800	error	hello	zapLogger/logger_test.go:23	this is a test
2021-05-12T15:02:48.415+0800	error	hello	zapLogger/logger_test.go:23	this is a test
2021-05-12T15:02:48.415+0800	error	hello	zapLogger/logger_test.go:23	this is a test
2021-05-12T15:02:48.415+0800	error	hello	zapLogger/logger_test.go:23	this is a test
2021-05-12T15:02:48.415+0800	error	hello	zapLogger/logger_test.go:23	this is a test
2021-05-12T15:02:48.415+0800	error	hello	zapLogger/logger_test.go:23	this is a test
2021-05-12T15:02:48.415+0800	error	hello	zapLogger/logger_test.go:23	this is a test
2021-05-12T15:02:48.415+0800	error	hello	zapLogger/logger_test.go:23	this is a test
2021-05-12T15:02:48.415+0800	error	hello	zapLogger/logger_test.go:23	this is a test
2021-05-12T15:02:48.415+0800	error	hello	zapLogger/logger_test.go:23	this is a test
2021-05-12T15:02:48.415+0800	error	hello	zapLogger/logger_test.go:23	this is a test
2021-05-12T15:02:48.415+0800	error	hello	zapLogger/logger_test.go:23	this is a test
2021-05-12T15:02:48.415+0800	error	hello	zapLogger/logger_test.go:23	this is a test
2021-05-12T15:02:48.415+0800	error	hello	zapLogger/logger_test.go:23	this is a test
2021-05-12T15:02:48.415+0800	error	hello	zapLogger/logger_test.go:23	this is a test
2021-05-12T15:02:48.415+0800	error	hello	zapLogger/logger_test.go:23	this is a test
2021-05-12T15:02:48.415+0800	error	hello	zapLogger/logger_test.go:23	this is a test
2021-05-12T15:02:48.415+0800	error	hello	zapLogger/logger_test.go:23	this is a test
2021-05-12T15:02:48.415+0800	error	hello	zapLogger/logger_test.go:23	this is a test
2021-05-12T15:02:48.415+0800	error	hello	zapLogger/logger_test.go:23	this is a test
2021-05-12T15:02:48.415+0800	error	hello	zapLogger/logger_test.go:23	this is a test
2021-05-12T15:02:48.415+0800	error	hello	zapLogger/logger_test.go:23	this is a test
2021-05-12T15:02:48.415+0800	error	hello	zapLogger/logger_test.go:23	this is a test
2021-05-12T15:02:48.415+0800	error	hello	zapLogger/logger_test.go:23	this is a test
2021-05-12T15:02:48.415+0800	error	hello	zapLogger/logger_test.go:23	this is a test
2021-05-12T15:02:48.415+0800	error	hello	zapLogger/logger_test.go:23	this is a test
2021-05-12T15:02:48.415+0800	error	hello	zapLogger/logger_test.go:23	this is a test
2021-05-12T15:02:48.415+0800	error	hello	zapLogger/logger_test.go:23	this is a test
2021-05-12T15:02:48.415+0800	error	hello	zapLogger/logger_test.go:23	this is a test
2021-05-12T15:02:48.415+0800	error	hello	zapLogger/logger_test.go:23	this is a test
2021-05-12T15:02:48.415+0800	error	hello	zapLogger/logger_test.go:23	this is a test
2021-05-12T15:02:48.415+0800	error	hello	zapLogger/logger_test.go:23	this is a test
2021-05-12T15:02:48.415+0800	error	hello	zapLogger/logger_test.go:23	this is a test
2021-05-12T15:02:48.414+0800	error	hello	zapLogger/logger_test.go:23	this is a test
2021-05-12T15:02:48.415+0800	error	hello	zapLogger/logger_test.go:23	this is a test
2021-05-12T15:02:48.415+0800	error	hello	zapLogger/logger_test.go:23	this is a test
2021-05-12T15:02:48.415+0800	error	hello	zapLogger/logger_test.go:23	this is a test
2021-05-12T15:02:48.415+0800	error	hello	zapLogger/logger_test.go:23	this is a test
2021-05-12T15:02:48.415+0800	error	hello	zapLogger/logger_test.go:23	this is a test
2021-05-12T15:02:48.415+0800	error	hello	zapLogger/logger_test.go:23	this is a test
2021-05-12T15:02:48.415+0800	error	hello	zapLogger/logger_test.go:23	this is a test
2021-05-12T15:02:48.415+0800	error	hello	zapLogger/logger_test.go:23	this is a test
2021-05-12T15:02:48.415+0800	error	hello	zapLogger/logger_test.go:23	this is a test
2021-05-12T15:02:48.415+0800	error	hello	zapLogger/logger_test.go:23	this is a test
2021-05-12T15:02:48.415+0800	error	hello	zapLogger/logger_test.go:23	this is a test
2021-05-12T15:02:48.415+0800	error	hello	zapLogger/logger_test.go:23	this is a test
2021-05-12T15:02:48.415+0800	error	hello	zapLogger/logger_test.go:23	this is a test
2021-05-12T15:02:48.415+0800	error	hello	zapLogger/logger_test.go:23	this is a test
2021-05-12T15:02:48.415+0800	error	hello	zapLogger/logger_test.go:23	this is a test
2021-05-12T15:02:48.415+0800	error	hello	zapLogger/logger_test.go:23	this is a test
2021-05-12T15:02:48.415+0800	error	hello	zapLogger/logger_test.go:23	this is a test
2021-05-12T15:02:48.415+0800	error	hello	zapLogger/logger_test.go:23	this is a test
2021-05-12T15:02:48.415+0800	error	hello	zapLogger/logger_test.go:23	this is a test
2021-05-12T15:02:48.415+0800	error	hello	zapLogger/logger_test.go:23	this is a test
2021-05-12T15:02:48.415+0800	error	hello	zapLogger/logger_test.go:23	this is a test
2021-05-12T15:02:48.415+0800	error	hello	zapLogger/logger_test.go:23	this is a test
2021-05-12T15:02:48.415+0800	error	hello	zapLogger/logger_test.go:23	this is a test
2021-05-12T15:02:48.415+0800	error	hello	zapLogger/logger_test.go:23	this is a test
2021-05-12T15:02:48.415+0800	error	hello	zapLogger/logger_test.go:23	this is a test
2021-05-12T15:02:48.415+0800	error	hello	zapLogger/logger_test.go:23	this is a test
2021-05-12T15:02:48.415+0800	error	hello	zapLogger/logger_test.go:23	this is a test
2021-05-12T15:02:48.415+0800	error	hello	zapLogger/logger_test.go:23	this is a test
2021-05-12T15:02:48.414+0800	error	hello	zapLogger/logger_test.go:23	this is a test
2021-05-12T15:02:48.415+0800	error	hello	zapLogger/logger_test.go:23	this is a test
2021-05-12T15:02:48.415+0800	error	hello	zapLogger/logger_test.go:23	this is a test
2021-05-12T15:02:48.415+0800	error	hello	zapLogger/logger_test.go:23	this is a test
2021-05-12T15:02:48.415+0800	error	hello	zapLogger/logger_test.go:23	this is a test
2021-05-12T15:02:48.415+0800	error	hello	zapLogger/logger_test.go:23	this is a test
2021-05-12T15:02:48.415+0800	error	hello	zapLogger/logger_test.go:23	this is a test
2021-05-12T15:02:48.415+0800	error	hello	zapLogger/logger_test.go:23	this is a test
2021-05-12T15:02:48.415+0800	error	hello	zapLogger/logger_test.go:23	this is a test
2021-05-12T15:02:48.415+0800	error	hello	zapLogger/logger_test.go:23	this is a test
2021-05-12T15:02:48.415+0800	error	hello	zapLogger/logger_test.go:23	this is a test
2021-05-12T15:02:48.415+0800	error	hello	zapLogger/logger_test.go:23	this is a test
2021-05-12T15:02:48.415+0800	error	hello	zapLogger/logger_test.go:23	this is a test
2021-05-12T15:02:48.415+0800	error	hello	zapLogger/logger_test.go:23	this is a test
2021-05-12T15:02:48.415+0800	error	hello	zapLogger/logger_test.go:23	this is a test
2021-05-12T15:02:48.415+0800	error	hello	zapLogger/logger_test.go:23	this is a test
2021-05-12T15:02:48.415+0800	error	hello	zapLogger/logger_test.go:23	this is a test
2021-05-12T15:02:48.415+0800	error	hello	zapLogger/logger_test.go:23	this is a test
2021-05-12T15:02:48.415+0800	error	hello	zapLogger/logger_test.go:23	this is a test
2021-05-12T15:02:48.415+0800	error	hello	zapLogger/logger_test.go:23	this is a test
2021-05-12T15:02:48.415+0800	error	hello	zapLogger/logger_test.go:23	this is a test
2021-05-12T15:02:48.415+0800	error	hello	zapLogger/logger_test.go:23	this is a test
2021-05-12T15:02:48.415+0800	error	hello	zapLogger/logger_test.go:23	this is a test
2021-05-12T15:02:48.415+0800	error	hello	zapLogger/logger_test.go:23	this is a test
2021-05-12T15:02:48.415+0800	error	hello	zapLogger/logger_test.go:23	this is a test
2021-05-12T15:02:48.415+0800	error	hello	zapLogger/logger_test.go:23	this is a test
2021-05-12T15:02:48.415+0800	error	hello	zapLogger/logger_test.go:23	this is a test
2021-05-12T15:02:48.415+0800	error	hello	zapLogger/logger_test.go:23	this is a test
2021-05-12T15:02:48.415+0800	error	hello	zapLogger/logger_test.go:23	this is a test
2021-05-12T15:02:48.415+0800	error	hello	zapLogger/logger_test.go:23	this is a test
2021-05-12T15:02:48.415+0800	error	hello	zapLogger/logger_test.go:23	this is a test
2021-05-12T15:02:48.415+0800	error	hello	zapLogger/logger_test.go:23	this is a test
2021-05-12T15:02:48.415+0800	error	hello	zapLogger/logger_test.go:23	this is a test
2021-05-12T15:02:48.415+0800	error	hello	zapLogger/logger_test.go:23	this is a test
2021-05-12T15:02:48.415+0800	error	hello	zapLogger/logger_test.go:23	this is a test
2021-05-12T15:02:48.415+0800	error	hello	zapLogger/logger_test.go:23	this is a test
2021-05-12T15:02:48.415+0800	error	hello	zapLogger/logger_test.go:23	this is a test
2021-05-12T15:02:48.415+0800	error	hello	zapLogger/logger_test.go:23	this is a test
2021-05-12T15:02:48.415+0800	error	hello	zapLogger/logger_test.go:23	this is a test
2021-05-12T15:02:48.414+0800	error	hello	zapLogger/logger_test.go:23	this is a test
2021-05-12T15:02:48.415+0800	error	hello	zapLogger/logger_test.go:23	this is a test
2021-05-12T15:02:48.415+0800	error	hello	zapLogger/logger_test.go:23	this is a test
2021-05-12T15:02:48.415+0800	error	hello	zapLogger/logger_test.go:23	this is a test
2021-05-12T15:02:48.415+0800	error	hello	zapLogger/logger_test.go:23	this is a test
2021-05-12T15:02:48.415+0800	error	hello	zapLogger/logger_test.go:23	this is a test
2021-05-12T15:02:48.415+0800	error	hello	zapLogger/logger_test.go:23	this is a test
2021-05-12T15:02:48.415+0800	error	hello	zapLogger/logger_test.go:23	this is a test
2021-05-12T15:02:48.415+0800	error	hello	zapLogger/logger_test.go:23	this is a test
2021-05-12T15:02:48.415+0800	error	hello	zapLogger/logger_test.go:23	this is a test
2021-05-12T15:02:48.415+0800	error	hello	zapLogger/logger_test.go:23	this is a test
2021-05-12T15:02:48.415+0800	error	hello	zapLogger/logger_test.go:23	this is a test
2021-05-12T15:02:48.415+0800	error	hello	zapLogger/logger_test.go:23	this is a test
2021-05-12T15:02:48.415+0800	error	hello	zapLogger/logger_test.go:23	this is a test
2021-05-12T15:02:48.415+0800	error	hello	zapLogger/logger_test.go:23	this is a test
2021-05-12T15:02:48.416+0800	error	hello	zapLogger/logger_test.go:23	this is a test
2021-05-12T15:02:48.416+0800	error	hello	zapLogger/logger_test.go:23	this is a test
2021-05-12T15:02:48.416+0800	error	hello	zapLogger/logger_test.go:23	this is a test
2021-05-12T15:02:48.416+0800	error	hello	zapLogger/logger_test.go:23	this is a test
2021-05-12T15:02:48.416+0800	error	hello	zapLogger/logger_test.go:23	this is a test
2021-05-12T15:02:48.416+0800	error	hello	zapLogger/logger_test.go:23	this is a test
2021-05-12T15:02:48.416+0800	error	hello	zapLogger/logger_test.go:23	this is a test
2021-05-12T15:02:48.416+0800	error	hello	zapLogger/logger_test.go:23	this is a test
2021-05-12T15:02:48.416+0800	error	hello	zapLogger/logger_test.go:23	this is a test
2021-05-12T15:02:48.416+0800	error	hello	zapLogger/logger_test.go:23	this is a test
2021-05-12T15:02:48.416+0800	error	hello	zapLogger/logger_test.go:23	this is a test
2021-05-12T15:02:48.416+0800	error	hello	zapLogger/logger_test.go:23	this is a test
2021-05-12T15:02:48.416+0800	error	hello	zapLogger/logger_test.go:23	this is a test
2021-05-12T15:02:48.416+0800	error	hello	zapLogger/logger_test.go:23	this is a test
2021-05-12T15:02:48.416+0800	error	hello	zapLogger/logger_test.go:23	this is a test
2021-05-12T15:02:48.416+0800	error	hello	zapLogger/logger_test.go:23	this is a test
2021-05-12T15:02:48.416+0800	error	hello	zapLogger/logger_test.go:23	this is a test
2021-05-12T15:02:48.416+0800	error	hello	zapLogger/logger_test.go:23	this is a test
2021-05-12T15:02:48.416+0800	error	hello	zapLogger/logger_test.go:23	this is a test
2021-05-12T15:02:48.416+0800	error	hello	zapLogger/logger_test.go:23	this is a test
2021-05-12T15:02:48.416+0800	error	hello	zapLogger/logger_test.go:23	this is a test
2021-05-12T15:02:48.416+0800	error	hello	zapLogger/logger_test.go:23	this is a test
2021-05-12T15:02:48.416+0800	error	hello	zapLogger/logger_test.go:23	this is a test
2021-05-12T15:02:48.416+0800	error	hello	zapLogger/logger_test.go:23	this is a test
2021-05-12T15:02:48.416+0800	error	hello	zapLogger/logger_test.go:23	this is a test
2021-05-12T15:02:48.416+0800	error	hello	zapLogger/logger_test.go:23	this is a test
2021-05-12T15:02:48.416+0800	error	hello	zapLogger/logger_test.go:23	this is a test
2021-05-12T15:02:48.416+0800	error	hello	zapLogger/logger_test.go:23	this is a test
2021-05-12T15:02:48.416+0800	error	hello	zapLogger/logger_test.go:23	this is a test
2021-05-12T15:02:48.416+0800	error	hello	zapLogger/logger_test.go:23	this is a test
2021-05-12T15:02:48.416+0800	error	hello	zapLogger/logger_test.go:23	this is a test
2021-05-12T15:02:48.416+0800	error	hello	zapLogger/logger_test.go:23	this is a test
2021-05-12T15:02:48.416+0800	error	hello	zapLogger/logger_test.go:23	this is a test
2021-05-12T15:02:48.416+0800	error	hello	zapLogger/logger_test.go:23	this is a test
2021-05-12T15:02:48.416+0800	error	hello	zapLogger/logger_test.go:23	this is a test
2021-05-12T15:02:48.416+0800	error	hello	zapLogger/logger_test.go:23	this is a test
2021-05-12T15:02:48.416+0800	error	hello	zapLogger/logger_test.go:23	this is a test
2021-05-12T15:02:48.416+0800	error	hello	zapLogger/logger_test.go:23	this is a test
2021-05-12T15:02:48.416+0800	error	hello	zapLogger/logger_test.go:23	this is a test
2021-05-12T15:02:48.415+0800	error	hello	zapLogger/logger_test.go:23	this is a test
2021-05-12T15:02:48.416+0800	error	hello	zapLogger/logger_test.go:23	this is a test
2021-05-12T15:02:48.416+0800	error	hello	zapLogger/logger_test.go:23	this is a test
2021-05-12T15:02:48.416+0800	error	hello	zapLogger/logger_test.go:23	this is a test
2021-05-12T15:02:48.416+0800	error	hello	zapLogger/logger_test.go:23	this is a test
2021-05-12T15:02:48.416+0800	error	hello	zapLogger/logger_test.go:23	this is a test
2021-05-12T15:02:48.416+0800	error	hello	zapLogger/logger_test.go:23	this is a test
2021-05-12T15:02:48.416+0800	error	hello	zapLogger/logger_test.go:23	this is a test
2021-05-12T15:02:48.416+0800	error	hello	zapLogger/logger_test.go:23	this is a test
2021-05-12T15:02:48.416+0800	error	hello	zapLogger/logger_test.go:23	this is a test
2021-05-12T15:02:48.416+0800	error	hello	zapLogger/logger_test.go:23	this is a test
2021-05-12T15:02:48.416+0800	error	hello	zapLogger/logger_test.go:23	this is a test
2021-05-12T15:02:48.416+0800	error	hello	zapLogger/logger_test.go:23	this is a test
2021-05-12T15:02:48.416+0800	error	hello	zapLogger/logger_test.go:23	this is a test
2021-05-12T15:02:48.416+0800	error	hello	zapLogger/logger_test.go:23	this is a test
2021-05-12T15:02:48.416+0800	error	hello	zapLogger/logger_test.go:23	this is a test
2021-05-12T15:02:48.416+0800	error	hello	zapLogger/logger_test.go:23	this is a test
2021-05-12T15:02:48.416+0800	error	hello	zapLogger/logger_test.go:23	this is a test
2021-05-12T15:02:48.416+0800	error	hello	zapLogger/logger_test.go:23	this is a test
2021-05-12T15:02:48.416+0800	error	hello	zapLogger/logger_test.go:23	this is a test
2021-05-12T15:02:48.416+0800	error	hello	zapLogger/logger_test.go:23	this is a test
2021-05-12T15:02:48.416+0800	error	hello	zapLogger/logger_test.go:23	this is a test
2021-05-12T15:02:48.416+0800	error	hello	zapLogger/logger_test.go:23	this is a test
2021-05-12T15:02:48.416+0800	error	hello	zapLogger/logger_test.go:23	this is a test
2021-05-12T15:02:48.416+0800	error	hello	zapLogger/logger_test.go:23	this is a test
2021-05-12T15:02:48.416+0800	error	hello	zapLogger/logger_test.go:23	this is a test
2021-05-12T15:02:48.416+0800	error	hello	zapLogger/logger_test.go:23	this is a test
2021-05-12T15:02:48.415+0800	error	hello	zapLogger/logger_test.go:23	this is a test
2021-05-12T15:02:48.415+0800	error	hello	zapLogger/logger_test.go:23	this is a test
2021-05-12T15:02:48.415+0800	error	hello	zapLogger/logger_test.go:23	this is a test
2021-05-12T15:02:48.414+0800	error	hello	zapLogger/logger_test.go:23	this is a test
2021-05-12T15:02:48.415+0800	error	hello	zapLogger/logger_test.go:23	this is a test
2021-05-12T15:02:48.416+0800	error	hello	zapLogger/logger_test.go:23	this is a test
2021-05-12T15:02:48.416+0800	error	hello	zapLogger/logger_test.go:23	this is a test
2021-05-12T15:02:48.416+0800	error	hello	zapLogger/logger_test.go:23	this is a test
2021-05-12T15:02:48.416+0800	error	hello	zapLogger/logger_test.go:23	this is a test
2021-05-12T15:02:48.416+0800	error	hello	zapLogger/logger_test.go:23	this is a test
2021-05-12T15:02:48.416+0800	error	hello	zapLogger/logger_test.go:23	this is a test
2021-05-12T15:02:48.416+0800	error	hello	zapLogger/logger_test.go:23	this is a test
2021-05-12T15:02:48.416+0800	error	hello	zapLogger/logger_test.go:23	this is a test
2021-05-12T15:02:48.416+0800	error	hello	zapLogger/logger_test.go:23	this is a test
2021-05-12T15:02:48.416+0800	error	hello	zapLogger/logger_test.go:23	this is a test
2021-05-12T15:02:48.416+0800	error	hello	zapLogger/logger_test.go:23	this is a test
2021-05-12T15:02:48.416+0800	error	hello	zapLogger/logger_test.go:23	this is a test
2021-05-12T15:02:48.416+0800	error	hello	zapLogger/logger_test.go:23	this is a test
2021-05-12T15:02:48.416+0800	error	hello	zapLogger/logger_test.go:23	this is a test
2021-05-12T15:02:48.416+0800	error	hello	zapLogger/logger_test.go:23	this is a test
2021-05-12T15:02:48.416+0800	error	hello	zapLogger/logger_test.go:23	this is a test
2021-05-12T15:02:48.416+0800	error	hello	zapLogger/logger_test.go:23	this is a test
2021-05-12T15:02:48.416+0800	error	hello	zapLogger/logger_test.go:23	this is a test
2021-05-12T15:02:48.416+0800	error	hello	zapLogger/logger_test.go:23	this is a test
2021-05-12T15:02:48.416+0800	error	hello	zapLogger/logger_test.go:23	this is a test
2021-05-12T15:02:48.416+0800	error	hello	zapLogger/logger_test.go:23	this is a test
2021-05-12T15:02:48.416+0800	error	hello	zapLogger/logger_test.go:23	this is a test
2021-05-12T15:02:48.416+0800	error	hello	zapLogger/logger_test.go:23	this is a test
2021-05-12T15:02:48.416+0800	error	hello	zapLogger/logger_test.go:23	this is a test
2021-05-12T15:02:48.416+0800	error	hello	zapLogger/logger_test.go:23	this is a test
2021-05-12T15:02:48.416+0800	error	hello	zapLogger/logger_test.go:23	this is a test
2021-05-12T15:02:48.416+0800	error	hello	zapLogger/logger_test.go:23	this is a test
2021-05-12T15:02:48.416+0800	error	hello	zapLogger/logger_test.go:23	this is a test
2021-05-12T15:02:48.416+0800	error	hello	zapLogger/logger_test.go:23	this is a test
2021-05-12T15:02:48.416+0800	error	hello	zapLogger/logger_test.go:23	this is a test
2021-05-12T15:02:48.416+0800	error	hello	zapLogger/logger_test.go:23	this is a test
2021-05-12T15:02:48.416+0800	error	hello	zapLogger/logger_test.go:23	this is a test
2021-05-12T15:02:48.416+0800	error	hello	zapLogger/logger_test.go:23	this is a test
2021-05-12T15:02:48.416+0800	error	hello	zapLogger/logger_test.go:23	this is a test
2021-05-12T15:02:48.416+0800	error	hello	zapLogger/logger_test.go:23	this is a test
2021-05-12T15:02:48.416+0800	error	hello	zapLogger/logger_test.go:23	this is a test
2021-05-12T15:02:48.416+0800	error	hello	zapLogger/logger_test.go:23	this is a test
2021-05-12T15:02:48.416+0800	error	hello	zapLogger/logger_test.go:23	this is a test
2021-05-12T15:02:48.416+0800	error	hello	zapLogger/logger_test.go:23	this is a test
2021-05-12T15:02:48.416+0800	error	hello	zapLogger/logger_test.go:23	this is a test
2021-05-12T15:02:48.416+0800	error	hello	zapLogger/logger_test.go:23	this is a test
2021-05-12T15:02:48.416+0800	error	hello	zapLogger/logger_test.go:23	this is a test
2021-05-12T15:02:48.416+0800	error	hello	zapLogger/logger_test.go:23	this is a test
2021-05-12T15:02:48.416+0800	error	hello	zapLogger/logger_test.go:23	this is a test
2021-05-12T15:02:48.416+0800	error	hello	zapLogger/logger_test.go:23	this is a test
2021-05-12T15:02:48.416+0800	error	hello	zapLogger/logger_test.go:23	this is a test
2021-05-12T15:02:48.416+0800	error	hello	zapLogger/logger_test.go:23	this is a test
2021-05-12T15:02:48.416+0800	error	hello	zapLogger/logger_test.go:23	this is a test
2021-05-12T15:02:48.416+0800	error	hello	zapLogger/logger_test.go:23	this is a test
2021-05-12T15:02:48.416+0800	error	hello	zapLogger/logger_test.go:23	this is a test
2021-05-12T15:02:48.416+0800	error	hello	zapLogger/logger_test.go:23	this is a test
2021-05-12T15:02:48.416+0800	error	hello	zapLogger/logger_test.go:23	this is a test
2021-05-12T15:02:48.416+0800	error	hello	zapLogger/logger_test.go:23	this is a test
2021-05-12T15:02:48.416+0800	error	hello	zapLogger/logger_test.go:23	this is a test
2021-05-12T15:02:48.416+0800	error	hello	zapLogger/logger_test.go:23	this is a test
2021-05-12T15:02:48.416+0800	error	hello	zapLogger/logger_test.go:23	this is a test
2021-05-12T15:02:48.416+0800	error	hello	zapLogger/logger_test.go:23	this is a test
2021-05-12T15:02:48.416+0800	error	hello	zapLogger/logger_test.go:23	this is a test
2021-05-12T15:02:48.416+0800	error	hello	zapLogger/logger_test.go:23	this is a test
2021-05-12T15:02:48.416+0800	error	hello	zapLogger/logger_test.go:23	this is a test
2021-05-12T15:02:48.416+0800	error	hello	zapLogger/logger_test.go:23	this is a test
2021-05-12T15:02:48.416+0800	error	hello	zapLogger/logger_test.go:23	this is a test
2021-05-12T15:02:48.416+0800	error	hello	zapLogger/logger_test.go:23	this is a test
2021-05-12T15:02:48.416+0800	error	hello	zapLogger/logger_test.go:23	this is a test
2021-05-12T15:02:48.416+0800	error	hello	zapLogger/logger_test.go:23	this is a test
2021-05-12T15:02:48.416+0800	error	hello	zapLogger/logger_test.go:23	this is a test
2021-05-12T15:02:48.416+0800	error	hello	zapLogger/logger_test.go:23	this is a test
2021-05-12T15:02:48.416+0800	error	hello	zapLogger/logger_test.go:23	this is a test
2021-05-12T15:02:48.416+0800	error	hello	zapLogger/logger_test.go:23	this is a test
2021-05-12T15:02:48.416+0800	error	hello	zapLogger/logger_test.go:23	this is a test
2021-05-12T15:02:48.416+0800	error	hello	zapLogger/logger_test.go:23	this is a test
2021-05-12T15:02:48.416+0800	error	hello	zapLogger/logger_test.go:23	this is a test
2021-05-12T15:02:48.416+0800	error	hello	zapLogger/logger_test.go:23	this is a test
2021-05-12T15:02:48.416+0800	error	hello	zapLogger/logger_test.go:23	this is a test
2021-05-12T15:02:48.416+0800	error	hello	zapLogger/logger_test.go:23	this is a test
2021-05-12T15:02:48.417+0800	error	hello	zapLogger/logger_test.go:23	this is a test
2021-05-12T15:02:48.417+0800	error	hello	zapLogger/logger_test.go:23	this is a test
2021-05-12T15:02:48.417+0800	error	hello	zapLogger/logger_test.go:23	this is a test
2021-05-12T15:02:48.417+0800	error	hello	zapLogger/logger_test.go:23	this is a test
2021-05-12T15:02:48.417+0800	error	hello	zapLogger/logger_test.go:23	this is a test
2021-05-12T15:02:48.417+0800	error	hello	zapLogger/logger_test.go:23	this is a test
2021-05-12T15:02:48.417+0800	error	hello	zapLogger/logger_test.go:23	this is a test
2021-05-12T15:02:48.417+0800	error	hello	zapLogger/logger_test.go:23	this is a test
2021-05-12T15:02:48.417+0800	error	hello	zapLogger/logger_test.go:23	this is a test
2021-05-12T15:02:48.417+0800	error	hello	zapLogger/logger_test.go:23	this is a test
2021-05-12T15:02:48.417+0800	error	hello	zapLogger/logger_test.go:23	this is a test
2021-05-12T15:02:48.417+0800	error	hello	zapLogger/logger_test.go:23	this is a test
2021-05-12T15:02:48.417+0800	error	hello	zapLogger/logger_test.go:23	this is a test
2021-05-12T15:02:48.417+0800	error	hello	zapLogger/logger_test.go:23	this is a test
2021-05-12T15:02:48.417+0800	error	hello	zapLogger/logger_test.go:23	this is a test
2021-05-12T15:02:48.417+0800	error	hello	zapLogger/logger_test.go:23	this is a test
2021-05-12T15:02:48.417+0800	error	hello	zapLogger/logger_test.go:23	this is a test
2021-05-12T15:02:48.417+0800	error	hello	zapLogger/logger_test.go:23	this is a test
2021-05-12T15:02:48.417+0800	error	hello	zapLogger/logger_test.go:23	this is a test
2021-05-12T15:02:48.417+0800	error	hello	zapLogger/logger_test.go:23	this is a test
2021-05-12T15:02:48.417+0800	error	hello	zapLogger/logger_test.go:23	this is a test
2021-05-12T15:02:48.417+0800	error	hello	zapLogger/logger_test.go:23	this is a test
2021-05-12T15:02:48.417+0800	error	hello	zapLogger/logger_test.go:23	this is a test
2021-05-12T15:02:48.417+0800	error	hello	zapLogger/logger_test.go:23	this is a test
2021-05-12T15:02:48.417+0800	error	hello	zapLogger/logger_test.go:23	this is a test
2021-05-12T15:02:48.417+0800	error	hello	zapLogger/logger_test.go:23	this is a test
2021-05-12T15:02:48.417+0800	error	hello	zapLogger/logger_test.go:23	this is a test
2021-05-12T15:02:48.417+0800	error	hello	zapLogger/logger_test.go:23	this is a test
2021-05-12T15:02:48.415+0800	error	hello	zapLogger/logger_test.go:23	this is a test
2021-05-12T15:02:48.417+0800	error	hello	zapLogger/logger_test.go:23	this is a test
2021-05-12T15:02:48.417+0800	error	hello	zapLogger/logger_test.go:23	this is a test
2021-05-12T15:02:48.417+0800	error	hello	zapLogger/logger_test.go:23	this is a test
2021-05-12T15:02:48.417+0800	error	hello	zapLogger/logger_test.go:23	this is a test
2021-05-12T15:02:48.417+0800	error	hello	zapLogger/logger_test.go:23	this is a test
2021-05-12T15:02:48.417+0800	error	hello	zapLogger/logger_test.go:23	this is a test
2021-05-12T15:02:48.417+0800	error	hello	zapLogger/logger_test.go:23	this is a test
2021-05-12T15:02:48.417+0800	error	hello	zapLogger/logger_test.go:23	this is a test
2021-05-12T15:02:48.417+0800	error	hello	zapLogger/logger_test.go:23	this is a test
2021-05-12T15:02:48.417+0800	error	hello	zapLogger/logger_test.go:23	this is a test
2021-05-12T15:02:48.416+0800	error	hello	zapLogger/logger_test.go:23	this is a test
2021-05-12T15:02:48.417+0800	error	hello	zapLogger/logger_test.go:23	this is a test
2021-05-12T15:02:48.417+0800	error	hello	zapLogger/logger_test.go:23	this is a test
2021-05-12T15:02:48.417+0800	error	hello	zapLogger/logger_test.go:23	this is a test
2021-05-12T15:02:48.417+0800	error	hello	zapLogger/logger_test.go:23	this is a test
2021-05-12T15:02:48.417+0800	error	hello	zapLogger/logger_test.go:23	this is a test
2021-05-12T15:02:48.417+0800	error	hello	zapLogger/logger_test.go:23	this is a test
2021-05-12T15:02:48.417+0800	error	hello	zapLogger/logger_test.go:23	this is a test
2021-05-12T15:02:48.417+0800	error	hello	zapLogger/logger_test.go:23	this is a test
2021-05-12T15:02:48.417+0800	error	hello	zapLogger/logger_test.go:23	this is a test
2021-05-12T15:02:48.417+0800	error	hello	zapLogger/logger_test.go:23	this is a test
2021-05-12T15:02:48.416+0800	error	hello	zapLogger/logger_test.go:23	this is a test
2021-05-12T15:02:48.417+0800	error	hello	zapLogger/logger_test.go:23	this is a test
2021-05-12T15:02:48.417+0800	error	hello	zapLogger/logger_test.go:23	this is a test
2021-05-12T15:02:48.417+0800	error	hello	zapLogger/logger_test.go:23	this is a test
2021-05-12T15:02:48.417+0800	error	hello	zapLogger/logger_test.go:23	this is a test
2021-05-12T15:02:48.417+0800	error	hello	zapLogger/logger_test.go:23	this is a test
2021-05-12T15:02:48.417+0800	error	hello	zapLogger/logger_test.go:23	this is a test
2021-05-12T15:02:48.417+0800	error	hello	zapLogger/logger_test.go:23	this is a test
2021-05-12T15:02:48.416+0800	error	hello	zapLogger/logger_test.go:23	this is a test
2021-05-12T15:02:48.417+0800	error	hello	zapLogger/logger_test.go:23	this is a test
2021-05-12T15:02:48.417+0800	error	hello	zapLogger/logger_test.go:23	this is a test
2021-05-12T15:02:48.417+0800	error	hello	zapLogger/logger_test.go:23	this is a test
2021-05-12T15:02:48.417+0800	error	hello	zapLogger/logger_test.go:23	this is a test
2021-05-12T15:02:48.417+0800	error	hello	zapLogger/logger_test.go:23	this is a test
2021-05-12T15:02:48.417+0800	error	hello	zapLogger/logger_test.go:23	this is a test
2021-05-12T15:02:48.417+0800	error	hello	zapLogger/logger_test.go:23	this is a test
2021-05-12T15:02:48.417+0800	error	hello	zapLogger/logger_test.go:23	this is a test
2021-05-12T15:02:48.417+0800	error	hello	zapLogger/logger_test.go:23	this is a test
2021-05-12T15:02:48.417+0800	error	hello	zapLogger/logger_test.go:23	this is a test
2021-05-12T15:02:48.417+0800	error	hello	zapLogger/logger_test.go:23	this is a test
2021-05-12T15:02:48.417+0800	error	hello	zapLogger/logger_test.go:23	this is a test
2021-05-12T15:02:48.417+0800	error	hello	zapLogger/logger_test.go:23	this is a test
2021-05-12T15:02:48.417+0800	error	hello	zapLogger/logger_test.go:23	this is a test
2021-05-12T15:02:48.417+0800	error	hello	zapLogger/logger_test.go:23	this is a test
2021-05-12T15:02:48.416+0800	error	hello	zapLogger/logger_test.go:23	this is a test
2021-05-12T15:02:48.417+0800	error	hello	zapLogger/logger_test.go:23	this is a test
2021-05-12T15:02:48.417+0800	error	hello	zapLogger/logger_test.go:23	this is a test
2021-05-12T15:02:48.417+0800	error	hello	zapLogger/logger_test.go:23	this is a test
2021-05-12T15:02:48.417+0800	error	hello	zapLogger/logger_test.go:23	this is a test
2021-05-12T15:02:48.417+0800	error	hello	zapLogger/logger_test.go:23	this is a test
2021-05-12T15:02:48.417+0800	error	hello	zapLogger/logger_test.go:23	this is a test
2021-05-12T15:02:48.417+0800	error	hello	zapLogger/logger_test.go:23	this is a test
2021-05-12T15:02:48.417+0800	error	hello	zapLogger/logger_test.go:23	this is a test
2021-05-12T15:02:48.417+0800	error	hello	zapLogger/logger_test.go:23	this is a test
2021-05-12T15:02:48.417+0800	error	hello	zapLogger/logger_test.go:23	this is a test
2021-05-12T15:02:48.417+0800	error	hello	zapLogger/logger_test.go:23	this is a test
2021-05-12T15:02:48.417+0800	error	hello	zapLogger/logger_test.go:23	this is a test
2021-05-12T15:02:48.417+0800	error	hello	zapLogger/logger_test.go:23	this is a test
2021-05-12T15:02:48.416+0800	error	hello	zapLogger/logger_test.go:23	this is a test
2021-05-12T15:02:48.417+0800	error	hello	zapLogger/logger_test.go:23	this is a test
2021-05-12T15:02:48.417+0800	error	hello	zapLogger/logger_test.go:23	this is a test
2021-05-12T15:02:48.417+0800	error	hello	zapLogger/logger_test.go:23	this is a test
2021-05-12T15:02:48.417+0800	error	hello	zapLogger/logger_test.go:23	this is a test
2021-05-12T15:02:48.417+0800	error	hello	zapLogger/logger_test.go:23	this is a test
2021-05-12T15:02:48.417+0800	error	hello	zapLogger/logger_test.go:23	this is a test
2021-05-12T15:02:48.417+0800	error	hello	zapLogger/logger_test.go:23	this is a test
2021-05-12T15:02:48.417+0800	error	hello	zapLogger/logger_test.go:23	this is a test
2021-05-12T15:02:48.417+0800	error	hello	zapLogger/logger_test.go:23	this is a test
2021-05-12T15:02:48.417+0800	error	hello	zapLogger/logger_test.go:23	this is a test
2021-05-12T15:02:48.417+0800	error	hello	zapLogger/logger_test.go:23	this is a test
2021-05-12T15:02:48.417+0800	error	hello	zapLogger/logger_test.go:23	this is a test
2021-05-12T15:02:48.417+0800	error	hello	zapLogger/logger_test.go:23	this is a test
2021-05-12T15:02:48.417+0800	error	hello	zapLogger/logger_test.go:23	this is a test
2021-05-12T15:02:48.417+0800	error	hello	zapLogger/logger_test.go:23	this is a test
2021-05-12T15:02:48.417+0800	error	hello	zapLogger/logger_test.go:23	this is a test
2021-05-12T15:02:48.417+0800	error	hello	zapLogger/logger_test.go:23	this is a test
2021-05-12T15:02:48.417+0800	error	hello	zapLogger/logger_test.go:23	this is a test
2021-05-12T15:02:48.417+0800	error	hello	zapLogger/logger_test.go:23	this is a test
2021-05-12T15:02:48.417+0800	error	hello	zapLogger/logger_test.go:23	this is a test
2021-05-12T15:02:48.417+0800	error	hello	zapLogger/logger_test.go:23	this is a test
2021-05-12T15:02:48.417+0800	error	hello	zapLogger/logger_test.go:23	this is a test
2021-05-12T15:02:48.417+0800	error	hello	zapLogger/logger_test.go:23	this is a test
2021-05-12T15:02:48.417+0800	error	hello	zapLogger/logger_test.go:23	this is a test
2021-05-12T15:02:48.417+0800	error	hello	zapLogger/logger_test.go:23	this is a test
2021-05-12T15:02:48.417+0800	error	hello	zapLogger/logger_test.go:23	this is a test
2021-05-12T15:02:48.417+0800	error	hello	zapLogger/logger_test.go:23	this is a test
2021-05-12T15:02:48.417+0800	error	hello	zapLogger/logger_test.go:23	this is a test
2021-05-12T15:02:48.417+0800	error	hello	zapLogger/logger_test.go:23	this is a test
2021-05-12T15:02:48.417+0800	error	hello	zapLogger/logger_test.go:23	this is a test
2021-05-12T15:02:48.417+0800	error	hello	zapLogger/logger_test.go:23	this is a test
2021-05-12T15:02:48.417+0800	error	hello	zapLogger/logger_test.go:23	this is a test
2021-05-12T15:02:48.417+0800	error	hello	zapLogger/logger_test.go:23	this is a test
2021-05-12T15:02:48.417+0800	error	hello	zapLogger/logger_test.go:23	this is a test
2021-05-12T15:02:48.417+0800	error	hello	zapLogger/logger_test.go:23	this is a test
2021-05-12T15:02:48.417+0800	error	hello	zapLogger/logger_test.go:23	this is a test
2021-05-12T15:02:48.417+0800	error	hello	zapLogger/logger_test.go:23	this is a test
2021-05-12T15:02:48.417+0800	error	hello	zapLogger/logger_test.go:23	this is a test
2021-05-12T15:02:48.417+0800	error	hello	zapLogger/logger_test.go:23	this is a test
2021-05-12T15:02:48.417+0800	error	hello	zapLogger/logger_test.go:23	this is a test
2021-05-12T15:02:48.417+0800	error	hello	zapLogger/logger_test.go:23	this is a test
2021-05-12T15:02:48.417+0800	error	hello	zapLogger/logger_test.go:23	this is a test
2021-05-12T15:02:48.417+0800	error	hello	zapLogger/logger_test.go:23	this is a test
2021-05-12T15:02:48.417+0800	error	hello	zapLogger/logger_test.go:23	this is a test
2021-05-12T15:02:48.417+0800	error	hello	zapLogger/logger_test.go:23	this is a test
2021-05-12T15:02:48.417+0800	error	hello	zapLogger/logger_test.go:23	this is a test
2021-05-12T15:02:48.417+0800	error	hello	zapLogger/logger_test.go:23	this is a test
2021-05-12T15:02:48.417+0800	error	hello	zapLogger/logger_test.go:23	this is a test
2021-05-12T15:02:48.416+0800	error	hello	zapLogger/logger_test.go:23	this is a test
2021-05-12T15:02:48.417+0800	error	hello	zapLogger/logger_test.go:23	this is a test
2021-05-12T15:02:48.417+0800	error	hello	zapLogger/logger_test.go:23	this is a test
2021-05-12T15:02:48.417+0800	error	hello	zapLogger/logger_test.go:23	this is a test
2021-05-12T15:02:48.417+0800	error	hello	zapLogger/logger_test.go:23	this is a test
2021-05-12T15:02:48.417+0800	error	hello	zapLogger/logger_test.go:23	this is a test
2021-05-12T15:02:48.417+0800	error	hello	zapLogger/logger_test.go:23	this is a test
2021-05-12T15:02:48.417+0800	error	hello	zapLogger/logger_test.go:23	this is a test
2021-05-12T15:02:48.417+0800	error	hello	zapLogger/logger_test.go:23	this is a test
2021-05-12T15:02:48.417+0800	error	hello	zapLogger/logger_test.go:23	this is a test
2021-05-12T15:02:48.417+0800	error	hello	zapLogger/logger_test.go:23	this is a test
2021-05-12T15:02:48.417+0800	error	hello	zapLogger/logger_test.go:23	this is a test
2021-05-12T15:02:48.417+0800	error	hello	zapLogger/logger_test.go:23	this is a test
2021-05-12T15:02:48.417+0800	error	hello	zapLogger/logger_test.go:23	this is a test
2021-05-12T15:02:48.417+0800	error	hello	zapLogger/logger_test.go:23	this is a test
2021-05-12T15:02:48.417+0800	error	hello	zapLogger/logger_test.go:23	this is a test
2021-05-12T15:02:48.417+0800	error	hello	zapLogger/logger_test.go:23	this is a test
2021-05-12T15:02:48.417+0800	error	hello	zapLogger/logger_test.go:23	this is a test
2021-05-12T15:02:48.417+0800	error	hello	zapLogger/logger_test.go:23	this is a test
2021-05-12T15:02:48.417+0800	error	hello	zapLogger/logger_test.go:23	this is a test
2021-05-12T15:02:48.417+0800	error	hello	zapLogger/logger_test.go:23	this is a test
2021-05-12T15:02:48.417+0800	error	hello	zapLogger/logger_test.go:23	this is a test
2021-05-12T15:02:48.417+0800	error	hello	zapLogger/logger_test.go:23	this is a test
2021-05-12T15:02:48.418+0800	error	hello	zapLogger/logger_test.go:23	this is a test
2021-05-12T15:02:48.418+0800	error	hello	zapLogger/logger_test.go:23	this is a test
2021-05-12T15:02:48.418+0800	error	hello	zapLogger/logger_test.go:23	this is a test
2021-05-12T15:02:48.418+0800	error	hello	zapLogger/logger_test.go:23	this is a test
2021-05-12T15:02:48.418+0800	error	hello	zapLogger/logger_test.go:23	this is a test
2021-05-12T15:02:48.418+0800	error	hello	zapLogger/logger_test.go:23	this is a test
2021-05-12T15:02:48.418+0800	error	hello	zapLogger/logger_test.go:23	this is a test
2021-05-12T15:02:48.418+0800	error	hello	zapLogger/logger_test.go:23	this is a test
2021-05-12T15:02:48.418+0800	error	hello	zapLogger/logger_test.go:23	this is a test
2021-05-12T15:02:48.418+0800	error	hello	zapLogger/logger_test.go:23	this is a test
2021-05-12T15:02:48.418+0800	error	hello	zapLogger/logger_test.go:23	this is a test
2021-05-12T15:02:48.418+0800	error	hello	zapLogger/logger_test.go:23	this is a test
2021-05-12T15:02:48.418+0800	error	hello	zapLogger/logger_test.go:23	this is a test
2021-05-12T15:02:48.418+0800	error	hello	zapLogger/logger_test.go:23	this is a test
2021-05-12T15:02:48.418+0800	error	hello	zapLogger/logger_test.go:23	this is a test
2021-05-12T15:02:48.418+0800	error	hello	zapLogger/logger_test.go:23	this is a test
2021-05-12T15:02:48.418+0800	error	hello	zapLogger/logger_test.go:23	this is a test
2021-05-12T15:02:48.418+0800	error	hello	zapLogger/logger_test.go:23	this is a test
2021-05-12T15:02:48.418+0800	error	hello	zapLogger/logger_test.go:23	this is a test
2021-05-12T15:02:48.418+0800	error	hello	zapLogger/logger_test.go:23	this is a test
2021-05-12T15:02:48.418+0800	error	hello	zapLogger/logger_test.go:23	this is a test
2021-05-12T15:02:48.418+0800	error	hello	zapLogger/logger_test.go:23	this is a test
2021-05-12T15:02:48.418+0800	error	hello	zapLogger/logger_test.go:23	this is a test
2021-05-12T15:02:48.418+0800	error	hello	zapLogger/logger_test.go:23	this is a test
2021-05-12T15:02:48.418+0800	error	hello	zapLogger/logger_test.go:23	this is a test
2021-05-12T15:02:48.418+0800	error	hello	zapLogger/logger_test.go:23	this is a test
2021-05-12T15:02:48.418+0800	error	hello	zapLogger/logger_test.go:23	this is a test
2021-05-12T15:02:48.418+0800	error	hello	zapLogger/logger_test.go:23	this is a test
2021-05-12T15:02:48.418+0800	error	hello	zapLogger/logger_test.go:23	this is a test
2021-05-12T15:02:48.418+0800	error	hello	zapLogger/logger_test.go:23	this is a test
2021-05-12T15:02:48.418+0800	error	hello	zapLogger/logger_test.go:23	this is a test
2021-05-12T15:02:48.418+0800	error	hello	zapLogger/logger_test.go:23	this is a test
2021-05-12T15:02:48.418+0800	error	hello	zapLogger/logger_test.go:23	this is a test
2021-05-12T15:02:48.418+0800	error	hello	zapLogger/logger_test.go:23	this is a test
2021-05-12T15:02:48.418+0800	error	hello	zapLogger/logger_test.go:23	this is a test
2021-05-12T15:02:48.418+0800	error	hello	zapLogger/logger_test.go:23	this is a test
2021-05-12T15:02:48.418+0800	error	hello	zapLogger/logger_test.go:23	this is a test
2021-05-12T15:02:48.418+0800	error	hello	zapLogger/logger_test.go:23	this is a test
2021-05-12T15:02:48.418+0800	error	hello	zapLogger/logger_test.go:23	this is a test
2021-05-12T15:02:48.418+0800	error	hello	zapLogger/logger_test.go:23	this is a test
2021-05-12T15:02:48.418+0800	error	hello	zapLogger/logger_test.go:23	this is a test
2021-05-12T15:02:48.418+0800	error	hello	zapLogger/logger_test.go:23	this is a test
2021-05-12T15:02:48.418+0800	error	hello	zapLogger/logger_test.go:23	this is a test
2021-05-12T15:02:48.418+0800	error	hello	zapLogger/logger_test.go:23	this is a test
2021-05-12T15:02:48.418+0800	error	hello	zapLogger/logger_test.go:23	this is a test
2021-05-12T15:02:48.418+0800	error	hello	zapLogger/logger_test.go:23	this is a test
2021-05-12T15:02:48.418+0800	error	hello	zapLogger/logger_test.go:23	this is a test
2021-05-12T15:02:48.418+0800	error	hello	zapLogger/logger_test.go:23	this is a test
2021-05-12T15:02:48.418+0800	error	hello	zapLogger/logger_test.go:23	this is a test
2021-05-12T15:02:48.418+0800	error	hello	zapLogger/logger_test.go:23	this is a test
2021-05-12T15:02:48.418+0800	error	hello	zapLogger/logger_test.go:23	this is a test
2021-05-12T15:02:48.418+0800	error	hello	zapLogger/logger_test.go:23	this is a test
2021-05-12T15:02:48.418+0800	error	hello	zapLogger/logger_test.go:23	this is a test
2021-05-12T15:02:48.418+0800	error	hello	zapLogger/logger_test.go:23	this is a test
2021-05-12T15:02:48.418+0800	error	hello	zapLogger/logger_test.go:23	this is a test
2021-05-12T15:02:48.418+0800	error	hello	zapLogger/logger_test.go:23	this is a test
2021-05-12T15:02:48.418+0800	error	hello	zapLogger/logger_test.go:23	this is a test
2021-05-12T15:02:48.418+0800	error	hello	zapLogger/logger_test.go:23	this is a test
2021-05-12T15:02:48.418+0800	error	hello	zapLogger/logger_test.go:23	this is a test
2021-05-12T15:02:48.418+0800	error	hello	zapLogger/logger_test.go:23	this is a test
2021-05-12T15:02:48.418+0800	error	hello	zapLogger/logger_test.go:23	this is a test
2021-05-12T15:02:48.418+0800	error	hello	zapLogger/logger_test.go:23	this is a test
2021-05-12T15:02:48.418+0800	error	hello	zapLogger/logger_test.go:23	this is a test
2021-05-12T15:02:48.418+0800	error	hello	zapLogger/logger_test.go:23	this is a test
2021-05-12T15:02:48.418+0800	error	hello	zapLogger/logger_test.go:23	this is a test
2021-05-12T15:02:48.418+0800	error	hello	zapLogger/logger_test.go:23	this is a test
2021-05-12T15:02:48.418+0800	error	hello	zapLogger/logger_test.go:23	this is a test
2021-05-12T15:02:48.418+0800	error	hello	zapLogger/logger_test.go:23	this is a test
2021-05-12T15:02:48.418+0800	error	hello	zapLogger/logger_test.go:23	this is a test
2021-05-12T15:02:48.418+0800	error	hello	zapLogger/logger_test.go:23	this is a test
2021-05-12T15:02:48.418+0800	error	hello	zapLogger/logger_test.go:23	this is a test
2021-05-12T15:02:48.418+0800	error	hello	zapLogger/logger_test.go:23	this is a test
2021-05-12T15:02:48.418+0800	error	hello	zapLogger/logger_test.go:23	this is a test
2021-05-12T15:02:48.418+0800	error	hello	zapLogger/logger_test.go:23	this is a test
2021-05-12T15:02:48.417+0800	error	hello	zapLogger/logger_test.go:23	this is a test
2021-05-12T15:02:48.418+0800	error	hello	zapLogger/logger_test.go:23	this is a test
2021-05-12T15:02:48.418+0800	error	hello	zapLogger/logger_test.go:23	this is a test
2021-05-12T15:02:48.418+0800	error	hello	zapLogger/logger_test.go:23	this is a test
2021-05-12T15:02:48.418+0800	error	hello	zapLogger/logger_test.go:23	this is a test
2021-05-12T15:02:48.418+0800	error	hello	zapLogger/logger_test.go:23	this is a test
2021-05-12T15:02:48.418+0800	error	hello	zapLogger/logger_test.go:23	this is a test
2021-05-12T15:02:48.418+0800	error	hello	zapLogger/logger_test.go:23	this is a test
2021-05-12T15:02:48.418+0800	error	hello	zapLogger/logger_test.go:23	this is a test
2021-05-12T15:02:48.418+0800	error	hello	zapLogger/logger_test.go:23	this is a test
2021-05-12T15:02:48.418+0800	error	hello	zapLogger/logger_test.go:23	this is a test
2021-05-12T15:02:48.418+0800	error	hello	zapLogger/logger_test.go:23	this is a test
2021-05-12T15:02:48.418+0800	error	hello	zapLogger/logger_test.go:23	this is a test
2021-05-12T15:02:48.418+0800	error	hello	zapLogger/logger_test.go:23	this is a test
2021-05-12T15:02:48.418+0800	error	hello	zapLogger/logger_test.go:23	this is a test
2021-05-12T15:02:48.418+0800	error	hello	zapLogger/logger_test.go:23	this is a test
2021-05-12T15:02:48.418+0800	error	hello	zapLogger/logger_test.go:23	this is a test
2021-05-12T15:02:48.418+0800	error	hello	zapLogger/logger_test.go:23	this is a test
2021-05-12T15:02:48.418+0800	error	hello	zapLogger/logger_test.go:23	this is a test
2021-05-12T15:02:48.418+0800	error	hello	zapLogger/logger_test.go:23	this is a test
2021-05-12T15:02:48.418+0800	error	hello	zapLogger/logger_test.go:23	this is a test
2021-05-12T15:02:48.418+0800	error	hello	zapLogger/logger_test.go:23	this is a test
2021-05-12T15:02:48.417+0800	error	hello	zapLogger/logger_test.go:23	this is a test
2021-05-12T15:02:48.418+0800	error	hello	zapLogger/logger_test.go:23	this is a test
2021-05-12T15:02:48.418+0800	error	hello	zapLogger/logger_test.go:23	this is a test
2021-05-12T15:02:48.418+0800	error	hello	zapLogger/logger_test.go:23	this is a test
2021-05-12T15:02:48.418+0800	error	hello	zapLogger/logger_test.go:23	this is a test
2021-05-12T15:02:48.418+0800	error	hello	zapLogger/logger_test.go:23	this is a test
2021-05-12T15:02:48.418+0800	error	hello	zapLogger/logger_test.go:23	this is a test
2021-05-12T15:02:48.418+0800	error	hello	zapLogger/logger_test.go:23	this is a test
2021-05-12T15:02:48.418+0800	error	hello	zapLogger/logger_test.go:23	this is a test
2021-05-12T15:02:48.418+0800	error	hello	zapLogger/logger_test.go:23	this is a test
2021-05-12T15:02:48.418+0800	error	hello	zapLogger/logger_test.go:23	this is a test
2021-05-12T15:02:48.418+0800	error	hello	zapLogger/logger_test.go:23	this is a test
2021-05-12T15:02:48.418+0800	error	hello	zapLogger/logger_test.go:23	this is a test
2021-05-12T15:02:48.418+0800	error	hello	zapLogger/logger_test.go:23	this is a test
2021-05-12T15:02:48.418+0800	error	hello	zapLogger/logger_test.go:23	this is a test
2021-05-12T15:02:48.418+0800	error	hello	zapLogger/logger_test.go:23	this is a test
2021-05-12T15:02:48.418+0800	error	hello	zapLogger/logger_test.go:23	this is a test
2021-05-12T15:02:48.418+0800	error	hello	zapLogger/logger_test.go:23	this is a test
2021-05-12T15:02:48.418+0800	error	hello	zapLogger/logger_test.go:23	this is a test
2021-05-12T15:02:48.418+0800	error	hello	zapLogger/logger_test.go:23	this is a test
2021-05-12T15:02:48.418+0800	error	hello	zapLogger/logger_test.go:23	this is a test
2021-05-12T15:02:48.418+0800	error	hello	zapLogger/logger_test.go:23	this is a test
2021-05-12T15:02:48.418+0800	error	hello	zapLogger/logger_test.go:23	this is a test
2021-05-12T15:02:48.418+0800	error	hello	zapLogger/logger_test.go:23	this is a test
2021-05-12T15:02:48.418+0800	error	hello	zapLogger/logger_test.go:23	this is a test
2021-05-12T15:02:48.418+0800	error	hello	zapLogger/logger_test.go:23	this is a test
2021-05-12T15:02:48.417+0800	error	hello	zapLogger/logger_test.go:23	this is a test
2021-05-12T15:02:48.418+0800	error	hello	zapLogger/logger_test.go:23	this is a test
2021-05-12T15:02:48.418+0800	error	hello	zapLogger/logger_test.go:23	this is a test
2021-05-12T15:02:48.418+0800	error	hello	zapLogger/logger_test.go:23	this is a test
2021-05-12T15:02:48.418+0800	error	hello	zapLogger/logger_test.go:23	this is a test
2021-05-12T15:02:48.418+0800	error	hello	zapLogger/logger_test.go:23	this is a test
2021-05-12T15:02:48.418+0800	error	hello	zapLogger/logger_test.go:23	this is a test
2021-05-12T15:02:48.418+0800	error	hello	zapLogger/logger_test.go:23	this is a test
2021-05-12T15:02:48.418+0800	error	hello	zapLogger/logger_test.go:23	this is a test
2021-05-12T15:02:48.418+0800	error	hello	zapLogger/logger_test.go:23	this is a test
2021-05-12T15:02:48.418+0800	error	hello	zapLogger/logger_test.go:23	this is a test
2021-05-12T15:02:48.418+0800	error	hello	zapLogger/logger_test.go:23	this is a test
2021-05-12T15:02:48.418+0800	error	hello	zapLogger/logger_test.go:23	this is a test
2021-05-12T15:02:48.418+0800	error	hello	zapLogger/logger_test.go:23	this is a test
2021-05-12T15:02:48.418+0800	error	hello	zapLogger/logger_test.go:23	this is a test
2021-05-12T15:02:48.418+0800	error	hello	zapLogger/logger_test.go:23	this is a test
2021-05-12T15:02:48.418+0800	error	hello	zapLogger/logger_test.go:23	this is a test
2021-05-12T15:02:48.418+0800	error	hello	zapLogger/logger_test.go:23	this is a test
2021-05-12T15:02:48.418+0800	error	hello	zapLogger/logger_test.go:23	this is a test
2021-05-12T15:02:48.418+0800	error	hello	zapLogger/logger_test.go:23	this is a test
2021-05-12T15:02:48.418+0800	error	hello	zapLogger/logger_test.go:23	this is a test
2021-05-12T15:02:48.418+0800	error	hello	zapLogger/logger_test.go:23	this is a test
2021-05-12T15:02:48.418+0800	error	hello	zapLogger/logger_test.go:23	this is a test
2021-05-12T15:02:48.418+0800	error	hello	zapLogger/logger_test.go:23	this is a test
2021-05-12T15:02:48.418+0800	error	hello	zapLogger/logger_test.go:23	this is a test
2021-05-12T15:02:48.418+0800	error	hello	zapLogger/logger_test.go:23	this is a test
2021-05-12T15:02:48.418+0800	error	hello	zapLogger/logger_test.go:23	this is a test
2021-05-12T15:02:48.418+0800	error	hello	zapLogger/logger_test.go:23	this is a test
2021-05-12T15:02:48.418+0800	error	hello	zapLogger/logger_test.go:23	this is a test
2021-05-12T15:02:48.418+0800	error	hello	zapLogger/logger_test.go:23	this is a test
2021-05-12T15:02:48.418+0800	error	hello	zapLogger/logger_test.go:23	this is a test
2021-05-12T15:02:48.418+0800	error	hello	zapLogger/logger_test.go:23	this is a test
2021-05-12T15:02:48.418+0800	error	hello	zapLogger/logger_test.go:23	this is a test
2021-05-12T15:02:48.418+0800	error	hello	zapLogger/logger_test.go:23	this is a test
2021-05-12T15:02:48.418+0800	error	hello	zapLogger/logger_test.go:23	this is a test
2021-05-12T15:02:48.418+0800	error	hello	zapLogger/logger_test.go:23	this is a test
2021-05-12T15:02:48.418+0800	error	hello	zapLogger/logger_test.go:23	this is a test
2021-05-12T15:02:48.418+0800	error	hello	zapLogger/logger_test.go:23	this is a test
2021-05-12T15:02:48.418+0800	error	hello	zapLogger/logger_test.go:23	this is a test
2021-05-12T15:02:48.418+0800	error	hello	zapLogger/logger_test.go:23	this is a test
2021-05-12T15:02:48.418+0800	error	hello	zapLogger/logger_test.go:23	this is a test
2021-05-12T15:02:48.418+0800	error	hello	zapLogger/logger_test.go:23	this is a test
2021-05-12T15:02:48.418+0800	error	hello	zapLogger/logger_test.go:23	this is a test
2021-05-12T15:02:48.418+0800	error	hello	zapLogger/logger_test.go:23	this is a test
2021-05-12T15:02:48.418+0800	error	hello	zapLogger/logger_test.go:23	this is a test
2021-05-12T15:02:48.418+0800	error	hello	zapLogger/logger_test.go:23	this is a test
2021-05-12T15:02:48.418+0800	error	hello	zapLogger/logger_test.go:23	this is a test
2021-05-12T15:02:48.418+0800	error	hello	zapLogger/logger_test.go:23	this is a test
2021-05-12T15:02:48.418+0800	error	hello	zapLogger/logger_test.go:23	this is a test
2021-05-12T15:02:48.418+0800	error	hello	zapLogger/logger_test.go:23	this is a test
2021-05-12T15:02:48.417+0800	error	hello	zapLogger/logger_test.go:23	this is a test
2021-05-12T15:02:48.418+0800	error	hello	zapLogger/logger_test.go:23	this is a test
2021-05-12T15:02:48.419+0800	error	hello	zapLogger/logger_test.go:23	this is a test
2021-05-12T15:02:48.419+0800	error	hello	zapLogger/logger_test.go:23	this is a test
2021-05-12T15:02:48.419+0800	error	hello	zapLogger/logger_test.go:23	this is a test
2021-05-12T15:02:48.419+0800	error	hello	zapLogger/logger_test.go:23	this is a test
2021-05-12T15:02:48.419+0800	error	hello	zapLogger/logger_test.go:23	this is a test
2021-05-12T15:02:48.419+0800	error	hello	zapLogger/logger_test.go:23	this is a test
2021-05-12T15:02:48.417+0800	error	hello	zapLogger/logger_test.go:23	this is a test
2021-05-12T15:02:48.419+0800	error	hello	zapLogger/logger_test.go:23	this is a test
2021-05-12T15:02:48.419+0800	error	hello	zapLogger/logger_test.go:23	this is a test
2021-05-12T15:02:48.419+0800	error	hello	zapLogger/logger_test.go:23	this is a test
2021-05-12T15:02:48.419+0800	error	hello	zapLogger/logger_test.go:23	this is a test
2021-05-12T15:02:48.419+0800	error	hello	zapLogger/logger_test.go:23	this is a test
2021-05-12T15:02:48.419+0800	error	hello	zapLogger/logger_test.go:23	this is a test
2021-05-12T15:02:48.419+0800	error	hello	zapLogger/logger_test.go:23	this is a test
2021-05-12T15:02:48.419+0800	error	hello	zapLogger/logger_test.go:23	this is a test
2021-05-12T15:02:48.419+0800	error	hello	zapLogger/logger_test.go:23	this is a test
2021-05-12T15:02:48.419+0800	error	hello	zapLogger/logger_test.go:23	this is a test
2021-05-12T15:02:48.419+0800	error	hello	zapLogger/logger_test.go:23	this is a test
2021-05-12T15:02:48.419+0800	error	hello	zapLogger/logger_test.go:23	this is a test
2021-05-12T15:02:48.419+0800	error	hello	zapLogger/logger_test.go:23	this is a test
2021-05-12T15:02:48.419+0800	error	hello	zapLogger/logger_test.go:23	this is a test
2021-05-12T15:02:48.419+0800	error	hello	zapLogger/logger_test.go:23	this is a test
2021-05-12T15:02:48.419+0800	error	hello	zapLogger/logger_test.go:23	this is a test
2021-05-12T15:02:48.419+0800	error	hello	zapLogger/logger_test.go:23	this is a test
2021-05-12T15:02:48.419+0800	error	hello	zapLogger/logger_test.go:23	this is a test
2021-05-12T15:02:48.419+0800	error	hello	zapLogger/logger_test.go:23	this is a test
2021-05-12T15:02:48.419+0800	error	hello	zapLogger/logger_test.go:23	this is a test
2021-05-12T15:02:48.419+0800	error	hello	zapLogger/logger_test.go:23	this is a test
2021-05-12T15:02:48.419+0800	error	hello	zapLogger/logger_test.go:23	this is a test
2021-05-12T15:02:48.419+0800	error	hello	zapLogger/logger_test.go:23	this is a test
2021-05-12T15:02:48.419+0800	error	hello	zapLogger/logger_test.go:23	this is a test
2021-05-12T15:02:48.419+0800	error	hello	zapLogger/logger_test.go:23	this is a test
2021-05-12T15:02:48.419+0800	error	hello	zapLogger/logger_test.go:23	this is a test
2021-05-12T15:02:48.419+0800	error	hello	zapLogger/logger_test.go:23	this is a test
2021-05-12T15:02:48.419+0800	error	hello	zapLogger/logger_test.go:23	this is a test
2021-05-12T15:02:48.419+0800	error	hello	zapLogger/logger_test.go:23	this is a test
2021-05-12T15:02:48.419+0800	error	hello	zapLogger/logger_test.go:23	this is a test
2021-05-12T15:02:48.419+0800	error	hello	zapLogger/logger_test.go:23	this is a test
2021-05-12T15:02:48.419+0800	error	hello	zapLogger/logger_test.go:23	this is a test
2021-05-12T15:02:48.419+0800	error	hello	zapLogger/logger_test.go:23	this is a test
2021-05-12T15:02:48.419+0800	error	hello	zapLogger/logger_test.go:23	this is a test
2021-05-12T15:02:48.419+0800	error	hello	zapLogger/logger_test.go:23	this is a test
2021-05-12T15:02:48.419+0800	error	hello	zapLogger/logger_test.go:23	this is a test
2021-05-12T15:02:48.419+0800	error	hello	zapLogger/logger_test.go:23	this is a test
2021-05-12T15:02:48.419+0800	error	hello	zapLogger/logger_test.go:23	this is a test
2021-05-12T15:02:48.417+0800	error	hello	zapLogger/logger_test.go:23	this is a test
2021-05-12T15:02:48.419+0800	error	hello	zapLogger/logger_test.go:23	this is a test
2021-05-12T15:02:48.419+0800	error	hello	zapLogger/logger_test.go:23	this is a test
2021-05-12T15:02:48.419+0800	error	hello	zapLogger/logger_test.go:23	this is a test
2021-05-12T15:02:48.419+0800	error	hello	zapLogger/logger_test.go:23	this is a test
2021-05-12T15:02:48.419+0800	error	hello	zapLogger/logger_test.go:23	this is a test
2021-05-12T15:02:48.419+0800	error	hello	zapLogger/logger_test.go:23	this is a test
2021-05-12T15:02:48.419+0800	error	hello	zapLogger/logger_test.go:23	this is a test
2021-05-12T15:02:48.419+0800	error	hello	zapLogger/logger_test.go:23	this is a test
2021-05-12T15:02:48.419+0800	error	hello	zapLogger/logger_test.go:23	this is a test
2021-05-12T15:02:48.419+0800	error	hello	zapLogger/logger_test.go:23	this is a test
2021-05-12T15:02:48.419+0800	error	hello	zapLogger/logger_test.go:23	this is a test
2021-05-12T15:02:48.419+0800	error	hello	zapLogger/logger_test.go:23	this is a test
2021-05-12T15:02:48.419+0800	error	hello	zapLogger/logger_test.go:23	this is a test
2021-05-12T15:02:48.419+0800	error	hello	zapLogger/logger_test.go:23	this is a test
2021-05-12T15:02:48.419+0800	error	hello	zapLogger/logger_test.go:23	this is a test
2021-05-12T15:02:48.419+0800	error	hello	zapLogger/logger_test.go:23	this is a test
2021-05-12T15:02:48.419+0800	error	hello	zapLogger/logger_test.go:23	this is a test
2021-05-12T15:02:48.419+0800	error	hello	zapLogger/logger_test.go:23	this is a test
2021-05-12T15:02:48.419+0800	error	hello	zapLogger/logger_test.go:23	this is a test
2021-05-12T15:02:48.419+0800	error	hello	zapLogger/logger_test.go:23	this is a test
2021-05-12T15:02:48.419+0800	error	hello	zapLogger/logger_test.go:23	this is a test
2021-05-12T15:02:48.419+0800	error	hello	zapLogger/logger_test.go:23	this is a test
2021-05-12T15:02:48.418+0800	error	hello	zapLogger/logger_test.go:23	this is a test
2021-05-12T15:02:48.419+0800	error	hello	zapLogger/logger_test.go:23	this is a test
2021-05-12T15:02:48.419+0800	error	hello	zapLogger/logger_test.go:23	this is a test
2021-05-12T15:02:48.419+0800	error	hello	zapLogger/logger_test.go:23	this is a test
2021-05-12T15:02:48.419+0800	error	hello	zapLogger/logger_test.go:23	this is a test
2021-05-12T15:02:48.419+0800	error	hello	zapLogger/logger_test.go:23	this is a test
2021-05-12T15:02:48.419+0800	error	hello	zapLogger/logger_test.go:23	this is a test
2021-05-12T15:02:48.419+0800	error	hello	zapLogger/logger_test.go:23	this is a test
2021-05-12T15:02:48.419+0800	error	hello	zapLogger/logger_test.go:23	this is a test
2021-05-12T15:02:48.419+0800	error	hello	zapLogger/logger_test.go:23	this is a test
2021-05-12T15:02:48.419+0800	error	hello	zapLogger/logger_test.go:23	this is a test
2021-05-12T15:02:48.419+0800	error	hello	zapLogger/logger_test.go:23	this is a test
2021-05-12T15:02:48.419+0800	error	hello	zapLogger/logger_test.go:23	this is a test
2021-05-12T15:02:48.419+0800	error	hello	zapLogger/logger_test.go:23	this is a test
2021-05-12T15:02:48.419+0800	error	hello	zapLogger/logger_test.go:23	this is a test
2021-05-12T15:02:48.419+0800	error	hello	zapLogger/logger_test.go:23	this is a test
2021-05-12T15:02:48.419+0800	error	hello	zapLogger/logger_test.go:23	this is a test
2021-05-12T15:02:48.419+0800	error	hello	zapLogger/logger_test.go:23	this is a test
2021-05-12T15:02:48.419+0800	error	hello	zapLogger/logger_test.go:23	this is a test
2021-05-12T15:02:48.419+0800	error	hello	zapLogger/logger_test.go:23	this is a test
2021-05-12T15:02:48.419+0800	error	hello	zapLogger/logger_test.go:23	this is a test
2021-05-12T15:02:48.419+0800	error	hello	zapLogger/logger_test.go:23	this is a test
2021-05-12T15:02:48.419+0800	error	hello	zapLogger/logger_test.go:23	this is a test
2021-05-12T15:02:48.419+0800	error	hello	zapLogger/logger_test.go:23	this is a test
2021-05-12T15:02:48.419+0800	error	hello	zapLogger/logger_test.go:23	this is a test
2021-05-12T15:02:48.419+0800	error	hello	zapLogger/logger_test.go:23	this is a test
2021-05-12T15:02:48.415+0800	error	hello	zapLogger/logger_test.go:23	this is a test
2021-05-12T15:02:48.419+0800	error	hello	zapLogger/logger_test.go:23	this is a test
2021-05-12T15:02:48.419+0800	error	hello	zapLogger/logger_test.go:23	this is a test
2021-05-12T15:02:48.419+0800	error	hello	zapLogger/logger_test.go:23	this is a test
2021-05-12T15:02:48.419+0800	error	hello	zapLogger/logger_test.go:23	this is a test
2021-05-12T15:02:48.419+0800	error	hello	zapLogger/logger_test.go:23	this is a test
2021-05-12T15:02:48.419+0800	error	hello	zapLogger/logger_test.go:23	this is a test
2021-05-12T15:02:48.419+0800	error	hello	zapLogger/logger_test.go:23	this is a test
2021-05-12T15:02:48.419+0800	error	hello	zapLogger/logger_test.go:23	this is a test
2021-05-12T15:02:48.419+0800	error	hello	zapLogger/logger_test.go:23	this is a test
2021-05-12T15:02:48.419+0800	error	hello	zapLogger/logger_test.go:23	this is a test
2021-05-12T15:02:48.419+0800	error	hello	zapLogger/logger_test.go:23	this is a test
2021-05-12T15:02:48.419+0800	error	hello	zapLogger/logger_test.go:23	this is a test
2021-05-12T15:02:48.419+0800	error	hello	zapLogger/logger_test.go:23	this is a test
2021-05-12T15:02:48.419+0800	error	hello	zapLogger/logger_test.go:23	this is a test
2021-05-12T15:02:48.419+0800	error	hello	zapLogger/logger_test.go:23	this is a test
2021-05-12T15:02:48.419+0800	error	hello	zapLogger/logger_test.go:23	this is a test
2021-05-12T15:02:48.419+0800	error	hello	zapLogger/logger_test.go:23	this is a test
2021-05-12T15:02:48.419+0800	error	hello	zapLogger/logger_test.go:23	this is a test
2021-05-12T15:02:48.419+0800	error	hello	zapLogger/logger_test.go:23	this is a test
2021-05-12T15:02:48.419+0800	error	hello	zapLogger/logger_test.go:23	this is a test
2021-05-12T15:02:48.419+0800	error	hello	zapLogger/logger_test.go:23	this is a test
2021-05-12T15:02:48.419+0800	error	hello	zapLogger/logger_test.go:23	this is a test
2021-05-12T15:02:48.419+0800	error	hello	zapLogger/logger_test.go:23	this is a test
2021-05-12T15:02:48.419+0800	error	hello	zapLogger/logger_test.go:23	this is a test
2021-05-12T15:02:48.419+0800	error	hello	zapLogger/logger_test.go:23	this is a test
2021-05-12T15:02:48.419+0800	error	hello	zapLogger/logger_test.go:23	this is a test
2021-05-12T15:02:48.419+0800	error	hello	zapLogger/logger_test.go:23	this is a test
2021-05-12T15:02:48.419+0800	error	hello	zapLogger/logger_test.go:23	this is a test
2021-05-12T15:02:48.419+0800	error	hello	zapLogger/logger_test.go:23	this is a test
2021-05-12T15:02:48.419+0800	error	hello	zapLogger/logger_test.go:23	this is a test
2021-05-12T15:02:48.419+0800	error	hello	zapLogger/logger_test.go:23	this is a test
2021-05-12T15:02:48.419+0800	error	hello	zapLogger/logger_test.go:23	this is a test
2021-05-12T15:02:48.419+0800	error	hello	zapLogger/logger_test.go:23	this is a test
2021-05-12T15:02:48.419+0800	error	hello	zapLogger/logger_test.go:23	this is a test
2021-05-12T15:02:48.419+0800	error	hello	zapLogger/logger_test.go:23	this is a test
2021-05-12T15:02:48.419+0800	error	hello	zapLogger/logger_test.go:23	this is a test
2021-05-12T15:02:48.419+0800	error	hello	zapLogger/logger_test.go:23	this is a test
2021-05-12T15:02:48.419+0800	error	hello	zapLogger/logger_test.go:23	this is a test
2021-05-12T15:02:48.419+0800	error	hello	zapLogger/logger_test.go:23	this is a test
2021-05-12T15:02:48.419+0800	error	hello	zapLogger/logger_test.go:23	this is a test
2021-05-12T15:02:48.419+0800	error	hello	zapLogger/logger_test.go:23	this is a test
2021-05-12T15:02:48.419+0800	error	hello	zapLogger/logger_test.go:23	this is a test
2021-05-12T15:02:48.419+0800	error	hello	zapLogger/logger_test.go:23	this is a test
2021-05-12T15:02:48.419+0800	error	hello	zapLogger/logger_test.go:23	this is a test
2021-05-12T15:02:48.419+0800	error	hello	zapLogger/logger_test.go:23	this is a test
2021-05-12T15:02:48.419+0800	error	hello	zapLogger/logger_test.go:23	this is a test
2021-05-12T15:02:48.419+0800	error	hello	zapLogger/logger_test.go:23	this is a test
2021-05-12T15:02:48.419+0800	error	hello	zapLogger/logger_test.go:23	this is a test
2021-05-12T15:02:48.419+0800	error	hello	zapLogger/logger_test.go:23	this is a test
2021-05-12T15:02:48.417+0800	error	hello	zapLogger/logger_test.go:23	this is a test
2021-05-12T15:02:48.419+0800	error	hello	zapLogger/logger_test.go:23	this is a test
2021-05-12T15:02:48.419+0800	error	hello	zapLogger/logger_test.go:23	this is a test
2021-05-12T15:02:48.419+0800	error	hello	zapLogger/logger_test.go:23	this is a test
2021-05-12T15:02:48.419+0800	error	hello	zapLogger/logger_test.go:23	this is a test
2021-05-12T15:02:48.419+0800	error	hello	zapLogger/logger_test.go:23	this is a test
2021-05-12T15:02:48.419+0800	error	hello	zapLogger/logger_test.go:23	this is a test
2021-05-12T15:02:48.419+0800	error	hello	zapLogger/logger_test.go:23	this is a test
2021-05-12T15:02:48.419+0800	error	hello	zapLogger/logger_test.go:23	this is a test
2021-05-12T15:02:48.419+0800	error	hello	zapLogger/logger_test.go:23	this is a test
2021-05-12T15:02:48.419+0800	error	hello	zapLogger/logger_test.go:23	this is a test
2021-05-12T15:02:48.419+0800	error	hello	zapLogger/logger_test.go:23	this is a test
2021-05-12T15:02:48.419+0800	error	hello	zapLogger/logger_test.go:23	this is a test
2021-05-12T15:02:48.419+0800	error	hello	zapLogger/logger_test.go:23	this is a test
2021-05-12T15:02:48.419+0800	error	hello	zapLogger/logger_test.go:23	this is a test
2021-05-12T15:02:48.419+0800	error	hello	zapLogger/logger_test.go:23	this is a test
2021-05-12T15:02:48.419+0800	error	hello	zapLogger/logger_test.go:23	this is a test
2021-05-12T15:02:48.419+0800	error	hello	zapLogger/logger_test.go:23	this is a test
2021-05-12T15:02:48.419+0800	error	hello	zapLogger/logger_test.go:23	this is a test
2021-05-12T15:02:48.419+0800	error	hello	zapLogger/logger_test.go:23	this is a test
2021-05-12T15:02:48.419+0800	error	hello	zapLogger/logger_test.go:23	this is a test
2021-05-12T15:02:48.419+0800	error	hello	zapLogger/logger_test.go:23	this is a test
2021-05-12T15:02:48.419+0800	error	hello	zapLogger/logger_test.go:23	this is a test
2021-05-12T15:02:48.419+0800	error	hello	zapLogger/logger_test.go:23	this is a test
2021-05-12T15:02:48.419+0800	error	hello	zapLogger/logger_test.go:23	this is a test
2021-05-12T15:02:48.419+0800	error	hello	zapLogger/logger_test.go:23	this is a test
2021-05-12T15:02:48.419+0800	error	hello	zapLogger/logger_test.go:23	this is a test
2021-05-12T15:02:48.419+0800	error	hello	zapLogger/logger_test.go:23	this is a test
2021-05-12T15:02:48.419+0800	error	hello	zapLogger/logger_test.go:23	this is a test
2021-05-12T15:02:48.419+0800	error	hello	zapLogger/logger_test.go:23	this is a test
2021-05-12T15:02:48.420+0800	error	hello	zapLogger/logger_test.go:23	this is a test
2021-05-12T15:02:48.420+0800	error	hello	zapLogger/logger_test.go:23	this is a test
2021-05-12T15:02:48.420+0800	error	hello	zapLogger/logger_test.go:23	this is a test
2021-05-12T15:02:48.420+0800	error	hello	zapLogger/logger_test.go:23	this is a test
2021-05-12T15:02:48.420+0800	error	hello	zapLogger/logger_test.go:23	this is a test
2021-05-12T15:02:48.420+0800	error	hello	zapLogger/logger_test.go:23	this is a test
2021-05-12T15:02:48.420+0800	error	hello	zapLogger/logger_test.go:23	this is a test
2021-05-12T15:02:48.420+0800	error	hello	zapLogger/logger_test.go:23	this is a test
2021-05-12T15:02:48.420+0800	error	hello	zapLogger/logger_test.go:23	this is a test
2021-05-12T15:02:48.420+0800	error	hello	zapLogger/logger_test.go:23	this is a test
2021-05-12T15:02:48.420+0800	error	hello	zapLogger/logger_test.go:23	this is a test
2021-05-12T15:02:48.420+0800	error	hello	zapLogger/logger_test.go:23	this is a test
2021-05-12T15:02:48.420+0800	error	hello	zapLogger/logger_test.go:23	this is a test
2021-05-12T15:02:48.420+0800	error	hello	zapLogger/logger_test.go:23	this is a test
2021-05-12T15:02:48.420+0800	error	hello	zapLogger/logger_test.go:23	this is a test
2021-05-12T15:02:48.420+0800	error	hello	zapLogger/logger_test.go:23	this is a test
2021-05-12T15:02:48.420+0800	error	hello	zapLogger/logger_test.go:23	this is a test
2021-05-12T15:02:48.420+0800	error	hello	zapLogger/logger_test.go:23	this is a test
2021-05-12T15:02:48.420+0800	error	hello	zapLogger/logger_test.go:23	this is a test
2021-05-12T15:02:48.419+0800	error	hello	zapLogger/logger_test.go:23	this is a test
2021-05-12T15:02:48.420+0800	error	hello	zapLogger/logger_test.go:23	this is a test
2021-05-12T15:02:48.420+0800	error	hello	zapLogger/logger_test.go:23	this is a test
2021-05-12T15:02:48.420+0800	error	hello	zapLogger/logger_test.go:23	this is a test
2021-05-12T15:02:48.420+0800	error	hello	zapLogger/logger_test.go:23	this is a test
2021-05-12T15:02:48.420+0800	error	hello	zapLogger/logger_test.go:23	this is a test
2021-05-12T15:02:48.420+0800	error	hello	zapLogger/logger_test.go:23	this is a test
2021-05-12T15:02:48.420+0800	error	hello	zapLogger/logger_test.go:23	this is a test
2021-05-12T15:02:48.420+0800	error	hello	zapLogger/logger_test.go:23	this is a test
2021-05-12T15:02:48.420+0800	error	hello	zapLogger/logger_test.go:23	this is a test
2021-05-12T15:02:48.420+0800	error	hello	zapLogger/logger_test.go:23	this is a test
2021-05-12T15:02:48.420+0800	error	hello	zapLogger/logger_test.go:23	this is a test
2021-05-12T15:02:48.420+0800	error	hello	zapLogger/logger_test.go:23	this is a test
2021-05-12T15:02:48.420+0800	error	hello	zapLogger/logger_test.go:23	this is a test
2021-05-12T15:02:48.420+0800	error	hello	zapLogger/logger_test.go:23	this is a test
2021-05-12T15:02:48.420+0800	error	hello	zapLogger/logger_test.go:23	this is a test
2021-05-12T15:02:48.420+0800	error	hello	zapLogger/logger_test.go:23	this is a test
2021-05-12T15:02:48.420+0800	error	hello	zapLogger/logger_test.go:23	this is a test
2021-05-12T15:02:48.420+0800	error	hello	zapLogger/logger_test.go:23	this is a test
2021-05-12T15:02:48.420+0800	error	hello	zapLogger/logger_test.go:23	this is a test
2021-05-12T15:02:48.420+0800	error	hello	zapLogger/logger_test.go:23	this is a test
2021-05-12T15:02:48.420+0800	error	hello	zapLogger/logger_test.go:23	this is a test
2021-05-12T15:02:48.420+0800	error	hello	zapLogger/logger_test.go:23	this is a test
2021-05-12T15:02:48.420+0800	error	hello	zapLogger/logger_test.go:23	this is a test
2021-05-12T15:02:48.420+0800	error	hello	zapLogger/logger_test.go:23	this is a test
2021-05-12T15:02:48.420+0800	error	hello	zapLogger/logger_test.go:23	this is a test
2021-05-12T15:02:48.420+0800	error	hello	zapLogger/logger_test.go:23	this is a test
2021-05-12T15:02:48.420+0800	error	hello	zapLogger/logger_test.go:23	this is a test
2021-05-12T15:02:48.420+0800	error	hello	zapLogger/logger_test.go:23	this is a test
2021-05-12T15:02:48.420+0800	error	hello	zapLogger/logger_test.go:23	this is a test
2021-05-12T15:02:48.420+0800	error	hello	zapLogger/logger_test.go:23	this is a test
2021-05-12T15:02:48.420+0800	error	hello	zapLogger/logger_test.go:23	this is a test
2021-05-12T15:02:48.420+0800	error	hello	zapLogger/logger_test.go:23	this is a test
2021-05-12T15:02:48.420+0800	error	hello	zapLogger/logger_test.go:23	this is a test
2021-05-12T15:02:48.420+0800	error	hello	zapLogger/logger_test.go:23	this is a test
2021-05-12T15:02:48.419+0800	error	hello	zapLogger/logger_test.go:23	this is a test
2021-05-12T15:02:48.420+0800	error	hello	zapLogger/logger_test.go:23	this is a test
2021-05-12T15:02:48.420+0800	error	hello	zapLogger/logger_test.go:23	this is a test
2021-05-12T15:02:48.420+0800	error	hello	zapLogger/logger_test.go:23	this is a test
2021-05-12T15:02:48.420+0800	error	hello	zapLogger/logger_test.go:23	this is a test
2021-05-12T15:02:48.420+0800	error	hello	zapLogger/logger_test.go:23	this is a test
2021-05-12T15:02:48.420+0800	error	hello	zapLogger/logger_test.go:23	this is a test
2021-05-12T15:02:48.420+0800	error	hello	zapLogger/logger_test.go:23	this is a test
2021-05-12T15:02:48.420+0800	error	hello	zapLogger/logger_test.go:23	this is a test
2021-05-12T15:02:48.420+0800	error	hello	zapLogger/logger_test.go:23	this is a test
2021-05-12T15:02:48.420+0800	error	hello	zapLogger/logger_test.go:23	this is a test
2021-05-12T15:02:48.420+0800	error	hello	zapLogger/logger_test.go:23	this is a test
2021-05-12T15:02:48.420+0800	error	hello	zapLogger/logger_test.go:23	this is a test
2021-05-12T15:02:48.420+0800	error	hello	zapLogger/logger_test.go:23	this is a test
2021-05-12T15:02:48.418+0800	error	hello	zapLogger/logger_test.go:23	this is a test
2021-05-12T15:02:48.420+0800	error	hello	zapLogger/logger_test.go:23	this is a test
2021-05-12T15:02:48.420+0800	error	hello	zapLogger/logger_test.go:23	this is a test
2021-05-12T15:02:48.420+0800	error	hello	zapLogger/logger_test.go:23	this is a test
2021-05-12T15:02:48.420+0800	error	hello	zapLogger/logger_test.go:23	this is a test
2021-05-12T15:02:48.420+0800	error	hello	zapLogger/logger_test.go:23	this is a test
2021-05-12T15:02:48.420+0800	error	hello	zapLogger/logger_test.go:23	this is a test
2021-05-12T15:02:48.420+0800	error	hello	zapLogger/logger_test.go:23	this is a test
2021-05-12T15:02:48.420+0800	error	hello	zapLogger/logger_test.go:23	this is a test
2021-05-12T15:02:48.420+0800	error	hello	zapLogger/logger_test.go:23	this is a test
2021-05-12T15:02:48.420+0800	error	hello	zapLogger/logger_test.go:23	this is a test
2021-05-12T15:02:48.420+0800	error	hello	zapLogger/logger_test.go:23	this is a test
2021-05-12T15:02:48.420+0800	error	hello	zapLogger/logger_test.go:23	this is a test
2021-05-12T15:02:48.420+0800	error	hello	zapLogger/logger_test.go:23	this is a test
2021-05-12T15:02:48.420+0800	error	hello	zapLogger/logger_test.go:23	this is a test
2021-05-12T15:02:48.420+0800	error	hello	zapLogger/logger_test.go:23	this is a test
2021-05-12T15:02:48.420+0800	error	hello	zapLogger/logger_test.go:23	this is a test
2021-05-12T15:02:48.420+0800	error	hello	zapLogger/logger_test.go:23	this is a test
2021-05-12T15:02:48.420+0800	error	hello	zapLogger/logger_test.go:23	this is a test
2021-05-12T15:02:48.420+0800	error	hello	zapLogger/logger_test.go:23	this is a test
2021-05-12T15:02:48.420+0800	error	hello	zapLogger/logger_test.go:23	this is a test
2021-05-12T15:02:48.420+0800	error	hello	zapLogger/logger_test.go:23	this is a test
2021-05-12T15:02:48.420+0800	error	hello	zapLogger/logger_test.go:23	this is a test
2021-05-12T15:02:48.420+0800	error	hello	zapLogger/logger_test.go:23	this is a test
2021-05-12T15:02:48.420+0800	error	hello	zapLogger/logger_test.go:23	this is a test
2021-05-12T15:02:48.420+0800	error	hello	zapLogger/logger_test.go:23	this is a test
2021-05-12T15:02:48.420+0800	error	hello	zapLogger/logger_test.go:23	this is a test
2021-05-12T15:02:48.420+0800	error	hello	zapLogger/logger_test.go:23	this is a test
2021-05-12T15:02:48.420+0800	error	hello	zapLogger/logger_test.go:23	this is a test
2021-05-12T15:02:48.420+0800	error	hello	zapLogger/logger_test.go:23	this is a test
2021-05-12T15:02:48.420+0800	error	hello	zapLogger/logger_test.go:23	this is a test
2021-05-12T15:02:48.420+0800	error	hello	zapLogger/logger_test.go:23	this is a test
2021-05-12T15:02:48.420+0800	error	hello	zapLogger/logger_test.go:23	this is a test
2021-05-12T15:02:48.419+0800	error	hello	zapLogger/logger_test.go:23	this is a test
2021-05-12T15:02:48.420+0800	error	hello	zapLogger/logger_test.go:23	this is a test
2021-05-12T15:02:48.420+0800	error	hello	zapLogger/logger_test.go:23	this is a test
2021-05-12T15:02:48.420+0800	error	hello	zapLogger/logger_test.go:23	this is a test
2021-05-12T15:02:48.418+0800	error	hello	zapLogger/logger_test.go:23	this is a test
2021-05-12T15:02:48.420+0800	error	hello	zapLogger/logger_test.go:23	this is a test
2021-05-12T15:02:48.420+0800	error	hello	zapLogger/logger_test.go:23	this is a test
2021-05-12T15:02:48.420+0800	error	hello	zapLogger/logger_test.go:23	this is a test
2021-05-12T15:02:48.420+0800	error	hello	zapLogger/logger_test.go:23	this is a test
2021-05-12T15:02:48.420+0800	error	hello	zapLogger/logger_test.go:23	this is a test
2021-05-12T15:02:48.420+0800	error	hello	zapLogger/logger_test.go:23	this is a test
2021-05-12T15:02:48.420+0800	error	hello	zapLogger/logger_test.go:23	this is a test
2021-05-12T15:02:48.420+0800	error	hello	zapLogger/logger_test.go:23	this is a test
2021-05-12T15:02:48.420+0800	error	hello	zapLogger/logger_test.go:23	this is a test
2021-05-12T15:02:48.420+0800	error	hello	zapLogger/logger_test.go:23	this is a test
2021-05-12T15:02:48.420+0800	error	hello	zapLogger/logger_test.go:23	this is a test
2021-05-12T15:02:48.420+0800	error	hello	zapLogger/logger_test.go:23	this is a test
2021-05-12T15:02:48.420+0800	error	hello	zapLogger/logger_test.go:23	this is a test
2021-05-12T15:02:48.420+0800	error	hello	zapLogger/logger_test.go:23	this is a test
2021-05-12T15:02:48.420+0800	error	hello	zapLogger/logger_test.go:23	this is a test
2021-05-12T15:02:48.420+0800	error	hello	zapLogger/logger_test.go:23	this is a test
2021-05-12T15:02:48.420+0800	error	hello	zapLogger/logger_test.go:23	this is a test
2021-05-12T15:02:48.420+0800	error	hello	zapLogger/logger_test.go:23	this is a test
2021-05-12T15:02:48.420+0800	error	hello	zapLogger/logger_test.go:23	this is a test
2021-05-12T15:02:48.420+0800	error	hello	zapLogger/logger_test.go:23	this is a test
2021-05-12T15:02:48.420+0800	error	hello	zapLogger/logger_test.go:23	this is a test
2021-05-12T15:02:48.420+0800	error	hello	zapLogger/logger_test.go:23	this is a test
2021-05-12T15:02:48.420+0800	error	hello	zapLogger/logger_test.go:23	this is a test
2021-05-12T15:02:48.420+0800	error	hello	zapLogger/logger_test.go:23	this is a test
2021-05-12T15:02:48.420+0800	error	hello	zapLogger/logger_test.go:23	this is a test
2021-05-12T15:02:48.420+0800	error	hello	zapLogger/logger_test.go:23	this is a test
2021-05-12T15:02:48.420+0800	error	hello	zapLogger/logger_test.go:23	this is a test
2021-05-12T15:02:48.418+0800	error	hello	zapLogger/logger_test.go:23	this is a test
2021-05-12T15:02:48.420+0800	error	hello	zapLogger/logger_test.go:23	this is a test
2021-05-12T15:02:48.420+0800	error	hello	zapLogger/logger_test.go:23	this is a test
2021-05-12T15:02:48.420+0800	error	hello	zapLogger/logger_test.go:23	this is a test
2021-05-12T15:02:48.420+0800	error	hello	zapLogger/logger_test.go:23	this is a test
2021-05-12T15:02:48.420+0800	error	hello	zapLogger/logger_test.go:23	this is a test
2021-05-12T15:02:48.420+0800	error	hello	zapLogger/logger_test.go:23	this is a test
2021-05-12T15:02:48.420+0800	error	hello	zapLogger/logger_test.go:23	this is a test
2021-05-12T15:02:48.420+0800	error	hello	zapLogger/logger_test.go:23	this is a test
2021-05-12T15:02:48.420+0800	error	hello	zapLogger/logger_test.go:23	this is a test
2021-05-12T15:02:48.420+0800	error	hello	zapLogger/logger_test.go:23	this is a test
2021-05-12T15:02:48.420+0800	error	hello	zapLogger/logger_test.go:23	this is a test
2021-05-12T15:02:48.420+0800	error	hello	zapLogger/logger_test.go:23	this is a test
2021-05-12T15:02:48.420+0800	error	hello	zapLogger/logger_test.go:23	this is a test
2021-05-12T15:02:48.420+0800	error	hello	zapLogger/logger_test.go:23	this is a test
2021-05-12T15:02:48.420+0800	error	hello	zapLogger/logger_test.go:23	this is a test
2021-05-12T15:02:48.420+0800	error	hello	zapLogger/logger_test.go:23	this is a test
2021-05-12T15:02:48.420+0800	error	hello	zapLogger/logger_test.go:23	this is a test
2021-05-12T15:02:48.420+0800	error	hello	zapLogger/logger_test.go:23	this is a test
2021-05-12T15:02:48.420+0800	error	hello	zapLogger/logger_test.go:23	this is a test
2021-05-12T15:02:48.420+0800	error	hello	zapLogger/logger_test.go:23	this is a test
2021-05-12T15:02:48.420+0800	error	hello	zapLogger/logger_test.go:23	this is a test
2021-05-12T15:02:48.420+0800	error	hello	zapLogger/logger_test.go:23	this is a test
2021-05-12T15:02:48.420+0800	error	hello	zapLogger/logger_test.go:23	this is a test
2021-05-12T15:02:48.420+0800	error	hello	zapLogger/logger_test.go:23	this is a test
2021-05-12T15:02:48.420+0800	error	hello	zapLogger/logger_test.go:23	this is a test
2021-05-12T15:02:48.420+0800	error	hello	zapLogger/logger_test.go:23	this is a test
2021-05-12T15:02:48.420+0800	error	hello	zapLogger/logger_test.go:23	this is a test
2021-05-12T15:02:48.420+0800	error	hello	zapLogger/logger_test.go:23	this is a test
2021-05-12T15:02:48.420+0800	error	hello	zapLogger/logger_test.go:23	this is a test
2021-05-12T15:02:48.420+0800	error	hello	zapLogger/logger_test.go:23	this is a test
2021-05-12T15:02:48.420+0800	error	hello	zapLogger/logger_test.go:23	this is a test
2021-05-12T15:02:48.419+0800	error	hello	zapLogger/logger_test.go:23	this is a test
2021-05-12T15:02:48.420+0800	error	hello	zapLogger/logger_test.go:23	this is a test
2021-05-12T15:02:48.420+0800	error	hello	zapLogger/logger_test.go:23	this is a test
2021-05-12T15:02:48.420+0800	error	hello	zapLogger/logger_test.go:23	this is a test
2021-05-12T15:02:48.420+0800	error	hello	zapLogger/logger_test.go:23	this is a test
2021-05-12T15:02:48.420+0800	error	hello	zapLogger/logger_test.go:23	this is a test
2021-05-12T15:02:48.421+0800	error	hello	zapLogger/logger_test.go:23	this is a test
2021-05-12T15:02:48.421+0800	error	hello	zapLogger/logger_test.go:23	this is a test
2021-05-12T15:02:48.420+0800	error	hello	zapLogger/logger_test.go:23	this is a test
2021-05-12T15:02:48.421+0800	error	hello	zapLogger/logger_test.go:23	this is a test
2021-05-12T15:02:48.421+0800	error	hello	zapLogger/logger_test.go:23	this is a test
2021-05-12T15:02:48.421+0800	error	hello	zapLogger/logger_test.go:23	this is a test
2021-05-12T15:02:48.421+0800	error	hello	zapLogger/logger_test.go:23	this is a test
2021-05-12T15:02:48.421+0800	error	hello	zapLogger/logger_test.go:23	this is a test
2021-05-12T15:02:48.421+0800	error	hello	zapLogger/logger_test.go:23	this is a test
2021-05-12T15:02:48.421+0800	error	hello	zapLogger/logger_test.go:23	this is a test
2021-05-12T15:02:48.421+0800	error	hello	zapLogger/logger_test.go:23	this is a test
2021-05-12T15:02:48.421+0800	error	hello	zapLogger/logger_test.go:23	this is a test
2021-05-12T15:02:48.421+0800	error	hello	zapLogger/logger_test.go:23	this is a test
2021-05-12T15:02:48.421+0800	error	hello	zapLogger/logger_test.go:23	this is a test
2021-05-12T15:02:48.421+0800	error	hello	zapLogger/logger_test.go:23	this is a test
2021-05-12T15:02:48.421+0800	error	hello	zapLogger/logger_test.go:23	this is a test
2021-05-12T15:02:48.421+0800	error	hello	zapLogger/logger_test.go:23	this is a test
2021-05-12T15:02:48.421+0800	error	hello	zapLogger/logger_test.go:23	this is a test
2021-05-12T15:02:48.421+0800	error	hello	zapLogger/logger_test.go:23	this is a test
2021-05-12T15:02:48.421+0800	error	hello	zapLogger/logger_test.go:23	this is a test
2021-05-12T15:02:48.421+0800	error	hello	zapLogger/logger_test.go:23	this is a test
2021-05-12T15:02:48.421+0800	error	hello	zapLogger/logger_test.go:23	this is a test
2021-05-12T15:02:48.421+0800	error	hello	zapLogger/logger_test.go:23	this is a test
2021-05-12T15:02:48.421+0800	error	hello	zapLogger/logger_test.go:23	this is a test
2021-05-12T15:02:48.421+0800	error	hello	zapLogger/logger_test.go:23	this is a test
2021-05-12T15:02:48.421+0800	error	hello	zapLogger/logger_test.go:23	this is a test
2021-05-12T15:02:48.421+0800	error	hello	zapLogger/logger_test.go:23	this is a test
2021-05-12T15:02:48.421+0800	error	hello	zapLogger/logger_test.go:23	this is a test
2021-05-12T15:02:48.421+0800	error	hello	zapLogger/logger_test.go:23	this is a test
2021-05-12T15:02:48.421+0800	error	hello	zapLogger/logger_test.go:23	this is a test
2021-05-12T15:02:48.421+0800	error	hello	zapLogger/logger_test.go:23	this is a test
2021-05-12T15:02:48.421+0800	error	hello	zapLogger/logger_test.go:23	this is a test
2021-05-12T15:02:48.421+0800	error	hello	zapLogger/logger_test.go:23	this is a test
2021-05-12T15:02:48.421+0800	error	hello	zapLogger/logger_test.go:23	this is a test
2021-05-12T15:02:48.421+0800	error	hello	zapLogger/logger_test.go:23	this is a test
2021-05-12T15:02:48.421+0800	error	hello	zapLogger/logger_test.go:23	this is a test
2021-05-12T15:02:48.421+0800	error	hello	zapLogger/logger_test.go:23	this is a test
2021-05-12T15:02:48.421+0800	error	hello	zapLogger/logger_test.go:23	this is a test
2021-05-12T15:02:48.419+0800	error	hello	zapLogger/logger_test.go:23	this is a test
2021-05-12T15:02:48.420+0800	error	hello	zapLogger/logger_test.go:23	this is a test
2021-05-12T15:02:48.421+0800	error	hello	zapLogger/logger_test.go:23	this is a test
2021-05-12T15:02:48.421+0800	error	hello	zapLogger/logger_test.go:23	this is a test
2021-05-12T15:02:48.421+0800	error	hello	zapLogger/logger_test.go:23	this is a test
2021-05-12T15:02:48.421+0800	error	hello	zapLogger/logger_test.go:23	this is a test
2021-05-12T15:02:48.421+0800	error	hello	zapLogger/logger_test.go:23	this is a test
2021-05-12T15:02:48.421+0800	error	hello	zapLogger/logger_test.go:23	this is a test
2021-05-12T15:02:48.421+0800	error	hello	zapLogger/logger_test.go:23	this is a test
2021-05-12T15:02:48.421+0800	error	hello	zapLogger/logger_test.go:23	this is a test
2021-05-12T15:02:48.421+0800	error	hello	zapLogger/logger_test.go:23	this is a test
2021-05-12T15:02:48.421+0800	error	hello	zapLogger/logger_test.go:23	this is a test
2021-05-12T15:02:48.421+0800	error	hello	zapLogger/logger_test.go:23	this is a test
2021-05-12T15:02:48.421+0800	error	hello	zapLogger/logger_test.go:23	this is a test
2021-05-12T15:02:48.421+0800	error	hello	zapLogger/logger_test.go:23	this is a test
2021-05-12T15:02:48.421+0800	error	hello	zapLogger/logger_test.go:23	this is a test
2021-05-12T15:02:48.421+0800	error	hello	zapLogger/logger_test.go:23	this is a test
2021-05-12T15:02:48.421+0800	error	hello	zapLogger/logger_test.go:23	this is a test
2021-05-12T15:02:48.421+0800	error	hello	zapLogger/logger_test.go:23	this is a test
2021-05-12T15:02:48.421+0800	error	hello	zapLogger/logger_test.go:23	this is a test
2021-05-12T15:02:48.421+0800	error	hello	zapLogger/logger_test.go:23	this is a test
2021-05-12T15:02:48.421+0800	error	hello	zapLogger/logger_test.go:23	this is a test
2021-05-12T15:02:48.421+0800	error	hello	zapLogger/logger_test.go:23	this is a test
2021-05-12T15:02:48.421+0800	error	hello	zapLogger/logger_test.go:23	this is a test
2021-05-12T15:02:48.421+0800	error	hello	zapLogger/logger_test.go:23	this is a test
2021-05-12T15:02:48.421+0800	error	hello	zapLogger/logger_test.go:23	this is a test
2021-05-12T15:02:48.421+0800	error	hello	zapLogger/logger_test.go:23	this is a test
2021-05-12T15:02:48.421+0800	error	hello	zapLogger/logger_test.go:23	this is a test
2021-05-12T15:02:48.420+0800	error	hello	zapLogger/logger_test.go:23	this is a test
2021-05-12T15:02:48.421+0800	error	hello	zapLogger/logger_test.go:23	this is a test
2021-05-12T15:02:48.421+0800	error	hello	zapLogger/logger_test.go:23	this is a test
2021-05-12T15:02:48.421+0800	error	hello	zapLogger/logger_test.go:23	this is a test
2021-05-12T15:02:48.421+0800	error	hello	zapLogger/logger_test.go:23	this is a test
2021-05-12T15:02:48.421+0800	error	hello	zapLogger/logger_test.go:23	this is a test
2021-05-12T15:02:48.421+0800	error	hello	zapLogger/logger_test.go:23	this is a test
2021-05-12T15:02:48.421+0800	error	hello	zapLogger/logger_test.go:23	this is a test
2021-05-12T15:02:48.421+0800	error	hello	zapLogger/logger_test.go:23	this is a test
2021-05-12T15:02:48.421+0800	error	hello	zapLogger/logger_test.go:23	this is a test
2021-05-12T15:02:48.421+0800	error	hello	zapLogger/logger_test.go:23	this is a test
2021-05-12T15:02:48.421+0800	error	hello	zapLogger/logger_test.go:23	this is a test
2021-05-12T15:02:48.421+0800	error	hello	zapLogger/logger_test.go:23	this is a test
2021-05-12T15:02:48.421+0800	error	hello	zapLogger/logger_test.go:23	this is a test
2021-05-12T15:02:48.421+0800	error	hello	zapLogger/logger_test.go:23	this is a test
2021-05-12T15:02:48.421+0800	error	hello	zapLogger/logger_test.go:23	this is a test
2021-05-12T15:02:48.421+0800	error	hello	zapLogger/logger_test.go:23	this is a test
2021-05-12T15:02:48.421+0800	error	hello	zapLogger/logger_test.go:23	this is a test
2021-05-12T15:02:48.421+0800	error	hello	zapLogger/logger_test.go:23	this is a test
2021-05-12T15:02:48.421+0800	error	hello	zapLogger/logger_test.go:23	this is a test
2021-05-12T15:02:48.421+0800	error	hello	zapLogger/logger_test.go:23	this is a test
2021-05-12T15:02:48.421+0800	error	hello	zapLogger/logger_test.go:23	this is a test
2021-05-12T15:02:48.421+0800	error	hello	zapLogger/logger_test.go:23	this is a test
2021-05-12T15:02:48.421+0800	error	hello	zapLogger/logger_test.go:23	this is a test
2021-05-12T15:02:48.421+0800	error	hello	zapLogger/logger_test.go:23	this is a test
2021-05-12T15:02:48.421+0800	error	hello	zapLogger/logger_test.go:23	this is a test
2021-05-12T15:02:48.420+0800	error	hello	zapLogger/logger_test.go:23	this is a test
2021-05-12T15:02:48.421+0800	error	hello	zapLogger/logger_test.go:23	this is a test
2021-05-12T15:02:48.421+0800	error	hello	zapLogger/logger_test.go:23	this is a test
2021-05-12T15:02:48.421+0800	error	hello	zapLogger/logger_test.go:23	this is a test
2021-05-12T15:02:48.421+0800	error	hello	zapLogger/logger_test.go:23	this is a test
2021-05-12T15:02:48.421+0800	error	hello	zapLogger/logger_test.go:23	this is a test
2021-05-12T15:02:48.421+0800	error	hello	zapLogger/logger_test.go:23	this is a test
2021-05-12T15:02:48.421+0800	error	hello	zapLogger/logger_test.go:23	this is a test
2021-05-12T15:02:48.421+0800	error	hello	zapLogger/logger_test.go:23	this is a test
2021-05-12T15:02:48.421+0800	error	hello	zapLogger/logger_test.go:23	this is a test
2021-05-12T15:02:48.421+0800	error	hello	zapLogger/logger_test.go:23	this is a test
2021-05-12T15:02:48.421+0800	error	hello	zapLogger/logger_test.go:23	this is a test
2021-05-12T15:02:48.421+0800	error	hello	zapLogger/logger_test.go:23	this is a test
2021-05-12T15:02:48.421+0800	error	hello	zapLogger/logger_test.go:23	this is a test
2021-05-12T15:02:48.421+0800	error	hello	zapLogger/logger_test.go:23	this is a test
2021-05-12T15:02:48.421+0800	error	hello	zapLogger/logger_test.go:23	this is a test
2021-05-12T15:02:48.421+0800	error	hello	zapLogger/logger_test.go:23	this is a test
2021-05-12T15:02:48.421+0800	error	hello	zapLogger/logger_test.go:23	this is a test
2021-05-12T15:02:48.421+0800	error	hello	zapLogger/logger_test.go:23	this is a test
2021-05-12T15:02:48.421+0800	error	hello	zapLogger/logger_test.go:23	this is a test
2021-05-12T15:02:48.421+0800	error	hello	zapLogger/logger_test.go:23	this is a test
2021-05-12T15:02:48.421+0800	error	hello	zapLogger/logger_test.go:23	this is a test
2021-05-12T15:02:48.421+0800	error	hello	zapLogger/logger_test.go:23	this is a test
2021-05-12T15:02:48.421+0800	error	hello	zapLogger/logger_test.go:23	this is a test
2021-05-12T15:02:48.421+0800	error	hello	zapLogger/logger_test.go:23	this is a test
2021-05-12T15:02:48.421+0800	error	hello	zapLogger/logger_test.go:23	this is a test
2021-05-12T15:02:48.421+0800	error	hello	zapLogger/logger_test.go:23	this is a test
2021-05-12T15:02:48.421+0800	error	hello	zapLogger/logger_test.go:23	this is a test
2021-05-12T15:02:48.421+0800	error	hello	zapLogger/logger_test.go:23	this is a test
2021-05-12T15:02:48.421+0800	error	hello	zapLogger/logger_test.go:23	this is a test
2021-05-12T15:02:48.421+0800	error	hello	zapLogger/logger_test.go:23	this is a test
2021-05-12T15:02:48.421+0800	error	hello	zapLogger/logger_test.go:23	this is a test
2021-05-12T15:02:48.421+0800	error	hello	zapLogger/logger_test.go:23	this is a test
2021-05-12T15:02:48.421+0800	error	hello	zapLogger/logger_test.go:23	this is a test
2021-05-12T15:02:48.421+0800	error	hello	zapLogger/logger_test.go:23	this is a test
2021-05-12T15:02:48.421+0800	error	hello	zapLogger/logger_test.go:23	this is a test
2021-05-12T15:02:48.421+0800	error	hello	zapLogger/logger_test.go:23	this is a test
2021-05-12T15:02:48.420+0800	error	hello	zapLogger/logger_test.go:23	this is a test
2021-05-12T15:02:48.421+0800	error	hello	zapLogger/logger_test.go:23	this is a test
2021-05-12T15:02:48.421+0800	error	hello	zapLogger/logger_test.go:23	this is a test
2021-05-12T15:02:48.421+0800	error	hello	zapLogger/logger_test.go:23	this is a test
2021-05-12T15:02:48.421+0800	error	hello	zapLogger/logger_test.go:23	this is a test
2021-05-12T15:02:48.421+0800	error	hello	zapLogger/logger_test.go:23	this is a test
2021-05-12T15:02:48.421+0800	error	hello	zapLogger/logger_test.go:23	this is a test
2021-05-12T15:02:48.421+0800	error	hello	zapLogger/logger_test.go:23	this is a test
2021-05-12T15:02:48.421+0800	error	hello	zapLogger/logger_test.go:23	this is a test
2021-05-12T15:02:48.421+0800	error	hello	zapLogger/logger_test.go:23	this is a test
2021-05-12T15:02:48.421+0800	error	hello	zapLogger/logger_test.go:23	this is a test
2021-05-12T15:02:48.421+0800	error	hello	zapLogger/logger_test.go:23	this is a test
2021-05-12T15:02:48.421+0800	error	hello	zapLogger/logger_test.go:23	this is a test
2021-05-12T15:02:48.421+0800	error	hello	zapLogger/logger_test.go:23	this is a test
2021-05-12T15:02:48.421+0800	error	hello	zapLogger/logger_test.go:23	this is a test
2021-05-12T15:02:48.421+0800	error	hello	zapLogger/logger_test.go:23	this is a test
2021-05-12T15:02:48.421+0800	error	hello	zapLogger/logger_test.go:23	this is a test
2021-05-12T15:02:48.421+0800	error	hello	zapLogger/logger_test.go:23	this is a test
2021-05-12T15:02:48.421+0800	error	hello	zapLogger/logger_test.go:23	this is a test
2021-05-12T15:02:48.421+0800	error	hello	zapLogger/logger_test.go:23	this is a test
2021-05-12T15:02:48.421+0800	error	hello	zapLogger/logger_test.go:23	this is a test
2021-05-12T15:02:48.421+0800	error	hello	zapLogger/logger_test.go:23	this is a test
2021-05-12T15:02:48.421+0800	error	hello	zapLogger/logger_test.go:23	this is a test
2021-05-12T15:02:48.421+0800	error	hello	zapLogger/logger_test.go:23	this is a test
2021-05-12T15:02:48.421+0800	error	hello	zapLogger/logger_test.go:23	this is a test
2021-05-12T15:02:48.421+0800	error	hello	zapLogger/logger_test.go:23	this is a test
2021-05-12T15:02:48.421+0800	error	hello	zapLogger/logger_test.go:23	this is a test
2021-05-12T15:02:48.421+0800	error	hello	zapLogger/logger_test.go:23	this is a test
2021-05-12T15:02:48.421+0800	error	hello	zapLogger/logger_test.go:23	this is a test
2021-05-12T15:02:48.421+0800	error	hello	zapLogger/logger_test.go:23	this is a test
2021-05-12T15:02:48.421+0800	error	hello	zapLogger/logger_test.go:23	this is a test
2021-05-12T15:02:48.421+0800	error	hello	zapLogger/logger_test.go:23	this is a test
2021-05-12T15:02:48.421+0800	error	hello	zapLogger/logger_test.go:23	this is a test
2021-05-12T15:02:48.421+0800	error	hello	zapLogger/logger_test.go:23	this is a test
2021-05-12T15:02:48.421+0800	error	hello	zapLogger/logger_test.go:23	this is a test
2021-05-12T15:02:48.421+0800	error	hello	zapLogger/logger_test.go:23	this is a test
2021-05-12T15:02:48.421+0800	error	hello	zapLogger/logger_test.go:23	this is a test
2021-05-12T15:02:48.421+0800	error	hello	zapLogger/logger_test.go:23	this is a test
2021-05-12T15:02:48.421+0800	error	hello	zapLogger/logger_test.go:23	this is a test
2021-05-12T15:02:48.421+0800	error	hello	zapLogger/logger_test.go:23	this is a test
2021-05-12T15:02:48.421+0800	error	hello	zapLogger/logger_test.go:23	this is a test
2021-05-12T15:02:48.421+0800	error	hello	zapLogger/logger_test.go:23	this is a test
2021-05-12T15:02:48.421+0800	error	hello	zapLogger/logger_test.go:23	this is a test
2021-05-12T15:02:48.421+0800	error	hello	zapLogger/logger_test.go:23	this is a test
2021-05-12T15:02:48.421+0800	error	hello	zapLogger/logger_test.go:23	this is a test
2021-05-12T15:02:48.421+0800	error	hello	zapLogger/logger_test.go:23	this is a test
2021-05-12T15:02:48.421+0800	error	hello	zapLogger/logger_test.go:23	this is a test
2021-05-12T15:02:48.421+0800	error	hello	zapLogger/logger_test.go:23	this is a test
2021-05-12T15:02:48.422+0800	error	hello	zapLogger/logger_test.go:23	this is a test
2021-05-12T15:02:48.422+0800	error	hello	zapLogger/logger_test.go:23	this is a test
2021-05-12T15:02:48.422+0800	error	hello	zapLogger/logger_test.go:23	this is a test
2021-05-12T15:02:48.422+0800	error	hello	zapLogger/logger_test.go:23	this is a test
2021-05-12T15:02:48.422+0800	error	hello	zapLogger/logger_test.go:23	this is a test
2021-05-12T15:02:48.422+0800	error	hello	zapLogger/logger_test.go:23	this is a test
2021-05-12T15:02:48.422+0800	error	hello	zapLogger/logger_test.go:23	this is a test
2021-05-12T15:02:48.422+0800	error	hello	zapLogger/logger_test.go:23	this is a test
2021-05-12T15:02:48.422+0800	error	hello	zapLogger/logger_test.go:23	this is a test
2021-05-12T15:02:48.422+0800	error	hello	zapLogger/logger_test.go:23	this is a test
2021-05-12T15:02:48.422+0800	error	hello	zapLogger/logger_test.go:23	this is a test
2021-05-12T15:02:48.422+0800	error	hello	zapLogger/logger_test.go:23	this is a test
2021-05-12T15:02:48.421+0800	error	hello	zapLogger/logger_test.go:23	this is a test
2021-05-12T15:02:48.422+0800	error	hello	zapLogger/logger_test.go:23	this is a test
2021-05-12T15:02:48.422+0800	error	hello	zapLogger/logger_test.go:23	this is a test
2021-05-12T15:02:48.422+0800	error	hello	zapLogger/logger_test.go:23	this is a test
2021-05-12T15:02:48.422+0800	error	hello	zapLogger/logger_test.go:23	this is a test
2021-05-12T15:02:48.422+0800	error	hello	zapLogger/logger_test.go:23	this is a test
2021-05-12T15:02:48.422+0800	error	hello	zapLogger/logger_test.go:23	this is a test
2021-05-12T15:02:48.422+0800	error	hello	zapLogger/logger_test.go:23	this is a test
2021-05-12T15:02:48.422+0800	error	hello	zapLogger/logger_test.go:23	this is a test
2021-05-12T15:02:48.422+0800	error	hello	zapLogger/logger_test.go:23	this is a test
2021-05-12T15:02:48.422+0800	error	hello	zapLogger/logger_test.go:23	this is a test
2021-05-12T15:02:48.422+0800	error	hello	zapLogger/logger_test.go:23	this is a test
2021-05-12T15:02:48.422+0800	error	hello	zapLogger/logger_test.go:23	this is a test
2021-05-12T15:02:48.422+0800	error	hello	zapLogger/logger_test.go:23	this is a test
2021-05-12T15:02:48.422+0800	error	hello	zapLogger/logger_test.go:23	this is a test
2021-05-12T15:02:48.422+0800	error	hello	zapLogger/logger_test.go:23	this is a test
2021-05-12T15:02:48.422+0800	error	hello	zapLogger/logger_test.go:23	this is a test
2021-05-12T15:02:48.422+0800	error	hello	zapLogger/logger_test.go:23	this is a test
2021-05-12T15:02:48.422+0800	error	hello	zapLogger/logger_test.go:23	this is a test
2021-05-12T15:02:48.422+0800	error	hello	zapLogger/logger_test.go:23	this is a test
2021-05-12T15:02:48.422+0800	error	hello	zapLogger/logger_test.go:23	this is a test
2021-05-12T15:02:48.422+0800	error	hello	zapLogger/logger_test.go:23	this is a test
2021-05-12T15:02:48.422+0800	error	hello	zapLogger/logger_test.go:23	this is a test
2021-05-12T15:02:48.422+0800	error	hello	zapLogger/logger_test.go:23	this is a test
2021-05-12T15:02:48.422+0800	error	hello	zapLogger/logger_test.go:23	this is a test
2021-05-12T15:02:48.422+0800	error	hello	zapLogger/logger_test.go:23	this is a test
2021-05-12T15:02:48.422+0800	error	hello	zapLogger/logger_test.go:23	this is a test
2021-05-12T15:02:48.422+0800	error	hello	zapLogger/logger_test.go:23	this is a test
2021-05-12T15:02:48.422+0800	error	hello	zapLogger/logger_test.go:23	this is a test
2021-05-12T15:02:48.422+0800	error	hello	zapLogger/logger_test.go:23	this is a test
2021-05-12T15:02:48.422+0800	error	hello	zapLogger/logger_test.go:23	this is a test
2021-05-12T15:02:48.422+0800	error	hello	zapLogger/logger_test.go:23	this is a test
2021-05-12T15:02:48.422+0800	error	hello	zapLogger/logger_test.go:23	this is a test
2021-05-12T15:02:48.422+0800	error	hello	zapLogger/logger_test.go:23	this is a test
2021-05-12T15:02:48.422+0800	error	hello	zapLogger/logger_test.go:23	this is a test
2021-05-12T15:02:48.422+0800	error	hello	zapLogger/logger_test.go:23	this is a test
2021-05-12T15:02:48.422+0800	error	hello	zapLogger/logger_test.go:23	this is a test
2021-05-12T15:02:48.422+0800	error	hello	zapLogger/logger_test.go:23	this is a test
2021-05-12T15:02:48.422+0800	error	hello	zapLogger/logger_test.go:23	this is a test
2021-05-12T15:02:48.422+0800	error	hello	zapLogger/logger_test.go:23	this is a test
2021-05-12T15:02:48.422+0800	error	hello	zapLogger/logger_test.go:23	this is a test
2021-05-12T15:02:48.422+0800	error	hello	zapLogger/logger_test.go:23	this is a test
2021-05-12T15:02:48.422+0800	error	hello	zapLogger/logger_test.go:23	this is a test
2021-05-12T15:02:48.422+0800	error	hello	zapLogger/logger_test.go:23	this is a test
2021-05-12T15:02:48.422+0800	error	hello	zapLogger/logger_test.go:23	this is a test
2021-05-12T15:02:48.422+0800	error	hello	zapLogger/logger_test.go:23	this is a test
2021-05-12T15:02:48.422+0800	error	hello	zapLogger/logger_test.go:23	this is a test
2021-05-12T15:02:48.422+0800	error	hello	zapLogger/logger_test.go:23	this is a test
2021-05-12T15:02:48.422+0800	error	hello	zapLogger/logger_test.go:23	this is a test
2021-05-12T15:02:48.420+0800	error	hello	zapLogger/logger_test.go:23	this is a test
2021-05-12T15:02:48.422+0800	error	hello	zapLogger/logger_test.go:23	this is a test
2021-05-12T15:02:48.422+0800	error	hello	zapLogger/logger_test.go:23	this is a test
2021-05-12T15:02:48.422+0800	error	hello	zapLogger/logger_test.go:23	this is a test
2021-05-12T15:02:48.422+0800	error	hello	zapLogger/logger_test.go:23	this is a test
2021-05-12T15:02:48.422+0800	error	hello	zapLogger/logger_test.go:23	this is a test
2021-05-12T15:02:48.422+0800	error	hello	zapLogger/logger_test.go:23	this is a test
2021-05-12T15:02:48.422+0800	error	hello	zapLogger/logger_test.go:23	this is a test
2021-05-12T15:02:48.422+0800	error	hello	zapLogger/logger_test.go:23	this is a test
2021-05-12T15:02:48.422+0800	error	hello	zapLogger/logger_test.go:23	this is a test
2021-05-12T15:02:48.422+0800	error	hello	zapLogger/logger_test.go:23	this is a test
2021-05-12T15:02:48.422+0800	error	hello	zapLogger/logger_test.go:23	this is a test
2021-05-12T15:02:48.422+0800	error	hello	zapLogger/logger_test.go:23	this is a test
2021-05-12T15:02:48.422+0800	error	hello	zapLogger/logger_test.go:23	this is a test
2021-05-12T15:02:48.422+0800	error	hello	zapLogger/logger_test.go:23	this is a test
2021-05-12T15:02:48.422+0800	error	hello	zapLogger/logger_test.go:23	this is a test
2021-05-12T15:02:48.422+0800	error	hello	zapLogger/logger_test.go:23	this is a test
2021-05-12T15:02:48.422+0800	error	hello	zapLogger/logger_test.go:23	this is a test
2021-05-12T15:02:48.422+0800	error	hello	zapLogger/logger_test.go:23	this is a test
2021-05-12T15:02:48.422+0800	error	hello	zapLogger/logger_test.go:23	this is a test
2021-05-12T15:02:48.422+0800	error	hello	zapLogger/logger_test.go:23	this is a test
2021-05-12T15:02:48.422+0800	error	hello	zapLogger/logger_test.go:23	this is a test
2021-05-12T15:02:48.422+0800	error	hello	zapLogger/logger_test.go:23	this is a test
2021-05-12T15:02:48.422+0800	error	hello	zapLogger/logger_test.go:23	this is a test
2021-05-12T15:02:48.422+0800	error	hello	zapLogger/logger_test.go:23	this is a test
2021-05-12T15:02:48.422+0800	error	hello	zapLogger/logger_test.go:23	this is a test
2021-05-12T15:02:48.422+0800	error	hello	zapLogger/logger_test.go:23	this is a test
2021-05-12T15:02:48.422+0800	error	hello	zapLogger/logger_test.go:23	this is a test
2021-05-12T15:02:48.422+0800	error	hello	zapLogger/logger_test.go:23	this is a test
2021-05-12T15:02:48.422+0800	error	hello	zapLogger/logger_test.go:23	this is a test
2021-05-12T15:02:48.422+0800	error	hello	zapLogger/logger_test.go:23	this is a test
2021-05-12T15:02:48.422+0800	error	hello	zapLogger/logger_test.go:23	this is a test
2021-05-12T15:02:48.422+0800	error	hello	zapLogger/logger_test.go:23	this is a test
2021-05-12T15:02:48.422+0800	error	hello	zapLogger/logger_test.go:23	this is a test
2021-05-12T15:02:48.422+0800	error	hello	zapLogger/logger_test.go:23	this is a test
2021-05-12T15:02:48.422+0800	error	hello	zapLogger/logger_test.go:23	this is a test
2021-05-12T15:02:48.422+0800	error	hello	zapLogger/logger_test.go:23	this is a test
2021-05-12T15:02:48.422+0800	error	hello	zapLogger/logger_test.go:23	this is a test
2021-05-12T15:02:48.422+0800	error	hello	zapLogger/logger_test.go:23	this is a test
2021-05-12T15:02:48.422+0800	error	hello	zapLogger/logger_test.go:23	this is a test
2021-05-12T15:02:48.422+0800	error	hello	zapLogger/logger_test.go:23	this is a test
2021-05-12T15:02:48.422+0800	error	hello	zapLogger/logger_test.go:23	this is a test
2021-05-12T15:02:48.422+0800	error	hello	zapLogger/logger_test.go:23	this is a test
2021-05-12T15:02:48.422+0800	error	hello	zapLogger/logger_test.go:23	this is a test
2021-05-12T15:02:48.422+0800	error	hello	zapLogger/logger_test.go:23	this is a test
2021-05-12T15:02:48.422+0800	error	hello	zapLogger/logger_test.go:23	this is a test
2021-05-12T15:02:48.422+0800	error	hello	zapLogger/logger_test.go:23	this is a test
2021-05-12T15:02:48.422+0800	error	hello	zapLogger/logger_test.go:23	this is a test
2021-05-12T15:02:48.422+0800	error	hello	zapLogger/logger_test.go:23	this is a test
2021-05-12T15:02:48.421+0800	error	hello	zapLogger/logger_test.go:23	this is a test
2021-05-12T15:02:48.422+0800	error	hello	zapLogger/logger_test.go:23	this is a test
2021-05-12T15:02:48.422+0800	error	hello	zapLogger/logger_test.go:23	this is a test
2021-05-12T15:02:48.422+0800	error	hello	zapLogger/logger_test.go:23	this is a test
2021-05-12T15:02:48.422+0800	error	hello	zapLogger/logger_test.go:23	this is a test
2021-05-12T15:02:48.422+0800	error	hello	zapLogger/logger_test.go:23	this is a test
2021-05-12T15:02:48.422+0800	error	hello	zapLogger/logger_test.go:23	this is a test
2021-05-12T15:02:48.422+0800	error	hello	zapLogger/logger_test.go:23	this is a test
2021-05-12T15:02:48.422+0800	error	hello	zapLogger/logger_test.go:23	this is a test
2021-05-12T15:02:48.422+0800	error	hello	zapLogger/logger_test.go:23	this is a test
2021-05-12T15:02:48.422+0800	error	hello	zapLogger/logger_test.go:23	this is a test
2021-05-12T15:02:48.422+0800	error	hello	zapLogger/logger_test.go:23	this is a test
2021-05-12T15:02:48.422+0800	error	hello	zapLogger/logger_test.go:23	this is a test
2021-05-12T15:02:48.422+0800	error	hello	zapLogger/logger_test.go:23	this is a test
2021-05-12T15:02:48.422+0800	error	hello	zapLogger/logger_test.go:23	this is a test
2021-05-12T15:02:48.422+0800	error	hello	zapLogger/logger_test.go:23	this is a test
2021-05-12T15:02:48.422+0800	error	hello	zapLogger/logger_test.go:23	this is a test
2021-05-12T15:02:48.422+0800	error	hello	zapLogger/logger_test.go:23	this is a test
2021-05-12T15:02:48.422+0800	error	hello	zapLogger/logger_test.go:23	this is a test
2021-05-12T15:02:48.422+0800	error	hello	zapLogger/logger_test.go:23	this is a test
2021-05-12T15:02:48.422+0800	error	hello	zapLogger/logger_test.go:23	this is a test
2021-05-12T15:02:48.422+0800	error	hello	zapLogger/logger_test.go:23	this is a test
2021-05-12T15:02:48.422+0800	error	hello	zapLogger/logger_test.go:23	this is a test
2021-05-12T15:02:48.422+0800	error	hello	zapLogger/logger_test.go:23	this is a test
2021-05-12T15:02:48.422+0800	error	hello	zapLogger/logger_test.go:23	this is a test
2021-05-12T15:02:48.422+0800	error	hello	zapLogger/logger_test.go:23	this is a test
2021-05-12T15:02:48.422+0800	error	hello	zapLogger/logger_test.go:23	this is a test
2021-05-12T15:02:48.422+0800	error	hello	zapLogger/logger_test.go:23	this is a test
2021-05-12T15:02:48.422+0800	error	hello	zapLogger/logger_test.go:23	this is a test
2021-05-12T15:02:48.422+0800	error	hello	zapLogger/logger_test.go:23	this is a test
2021-05-12T15:02:48.422+0800	error	hello	zapLogger/logger_test.go:23	this is a test
2021-05-12T15:02:48.422+0800	error	hello	zapLogger/logger_test.go:23	this is a test
2021-05-12T15:02:48.422+0800	error	hello	zapLogger/logger_test.go:23	this is a test
2021-05-12T15:02:48.422+0800	error	hello	zapLogger/logger_test.go:23	this is a test
2021-05-12T15:02:48.422+0800	error	hello	zapLogger/logger_test.go:23	this is a test
2021-05-12T15:02:48.422+0800	error	hello	zapLogger/logger_test.go:23	this is a test
2021-05-12T15:02:48.422+0800	error	hello	zapLogger/logger_test.go:23	this is a test
2021-05-12T15:02:48.422+0800	error	hello	zapLogger/logger_test.go:23	this is a test
2021-05-12T15:02:48.422+0800	error	hello	zapLogger/logger_test.go:23	this is a test
2021-05-12T15:02:48.422+0800	error	hello	zapLogger/logger_test.go:23	this is a test
2021-05-12T15:02:48.422+0800	error	hello	zapLogger/logger_test.go:23	this is a test
2021-05-12T15:02:48.422+0800	error	hello	zapLogger/logger_test.go:23	this is a test
2021-05-12T15:02:48.422+0800	error	hello	zapLogger/logger_test.go:23	this is a test
2021-05-12T15:02:48.422+0800	error	hello	zapLogger/logger_test.go:23	this is a test
2021-05-12T15:02:48.422+0800	error	hello	zapLogger/logger_test.go:23	this is a test
2021-05-12T15:02:48.422+0800	error	hello	zapLogger/logger_test.go:23	this is a test
2021-05-12T15:02:48.422+0800	error	hello	zapLogger/logger_test.go:23	this is a test
2021-05-12T15:02:48.422+0800	error	hello	zapLogger/logger_test.go:23	this is a test
2021-05-12T15:02:48.420+0800	error	hello	zapLogger/logger_test.go:23	this is a test
2021-05-12T15:02:48.422+0800	error	hello	zapLogger/logger_test.go:23	this is a test
2021-05-12T15:02:48.422+0800	error	hello	zapLogger/logger_test.go:23	this is a test
2021-05-12T15:02:48.422+0800	error	hello	zapLogger/logger_test.go:23	this is a test
2021-05-12T15:02:48.422+0800	error	hello	zapLogger/logger_test.go:23	this is a test
2021-05-12T15:02:48.422+0800	error	hello	zapLogger/logger_test.go:23	this is a test
2021-05-12T15:02:48.422+0800	error	hello	zapLogger/logger_test.go:23	this is a test
2021-05-12T15:02:48.422+0800	error	hello	zapLogger/logger_test.go:23	this is a test
2021-05-12T15:02:48.422+0800	error	hello	zapLogger/logger_test.go:23	this is a test
2021-05-12T15:02:48.422+0800	error	hello	zapLogger/logger_test.go:23	this is a test
2021-05-12T15:02:48.422+0800	error	hello	zapLogger/logger_test.go:23	this is a test
2021-05-12T15:02:48.422+0800	error	hello	zapLogger/logger_test.go:23	this is a test
2021-05-12T15:02:48.422+0800	error	hello	zapLogger/logger_test.go:23	this is a test
2021-05-12T15:02:48.422+0800	error	hello	zapLogger/logger_test.go:23	this is a test
2021-05-12T15:02:48.423+0800	error	hello	zapLogger/logger_test.go:23	this is a test
2021-05-12T15:02:48.423+0800	error	hello	zapLogger/logger_test.go:23	this is a test
2021-05-12T15:02:48.423+0800	error	hello	zapLogger/logger_test.go:23	this is a test
2021-05-12T15:02:48.423+0800	error	hello	zapLogger/logger_test.go:23	this is a test
2021-05-12T15:02:48.423+0800	error	hello	zapLogger/logger_test.go:23	this is a test
2021-05-12T15:02:48.423+0800	error	hello	zapLogger/logger_test.go:23	this is a test
2021-05-12T15:02:48.423+0800	error	hello	zapLogger/logger_test.go:23	this is a test
2021-05-12T15:02:48.423+0800	error	hello	zapLogger/logger_test.go:23	this is a test
2021-05-12T15:02:48.423+0800	error	hello	zapLogger/logger_test.go:23	this is a test
2021-05-12T15:02:48.423+0800	error	hello	zapLogger/logger_test.go:23	this is a test
2021-05-12T15:02:48.423+0800	error	hello	zapLogger/logger_test.go:23	this is a test
2021-05-12T15:02:48.423+0800	error	hello	zapLogger/logger_test.go:23	this is a test
2021-05-12T15:02:48.423+0800	error	hello	zapLogger/logger_test.go:23	this is a test
2021-05-12T15:02:48.423+0800	error	hello	zapLogger/logger_test.go:23	this is a test
2021-05-12T15:02:48.423+0800	error	hello	zapLogger/logger_test.go:23	this is a test
2021-05-12T15:02:48.423+0800	error	hello	zapLogger/logger_test.go:23	this is a test
2021-05-12T15:02:48.423+0800	error	hello	zapLogger/logger_test.go:23	this is a test
2021-05-12T15:02:48.423+0800	error	hello	zapLogger/logger_test.go:23	this is a test
2021-05-12T15:02:48.423+0800	error	hello	zapLogger/logger_test.go:23	this is a test
2021-05-12T15:02:48.423+0800	error	hello	zapLogger/logger_test.go:23	this is a test
2021-05-12T15:02:48.423+0800	error	hello	zapLogger/logger_test.go:23	this is a test
2021-05-12T15:02:48.423+0800	error	hello	zapLogger/logger_test.go:23	this is a test
2021-05-12T15:02:48.423+0800	error	hello	zapLogger/logger_test.go:23	this is a test
2021-05-12T15:02:48.423+0800	error	hello	zapLogger/logger_test.go:23	this is a test
2021-05-12T15:02:48.423+0800	error	hello	zapLogger/logger_test.go:23	this is a test
2021-05-12T15:02:48.423+0800	error	hello	zapLogger/logger_test.go:23	this is a test
2021-05-12T15:02:48.423+0800	error	hello	zapLogger/logger_test.go:23	this is a test
2021-05-12T15:02:48.423+0800	error	hello	zapLogger/logger_test.go:23	this is a test
2021-05-12T15:02:48.423+0800	error	hello	zapLogger/logger_test.go:23	this is a test
2021-05-12T15:02:48.423+0800	error	hello	zapLogger/logger_test.go:23	this is a test
2021-05-12T15:02:48.423+0800	error	hello	zapLogger/logger_test.go:23	this is a test
2021-05-12T15:02:48.423+0800	error	hello	zapLogger/logger_test.go:23	this is a test
2021-05-12T15:02:48.423+0800	error	hello	zapLogger/logger_test.go:23	this is a test
2021-05-12T15:02:48.423+0800	error	hello	zapLogger/logger_test.go:23	this is a test
2021-05-12T15:02:48.423+0800	error	hello	zapLogger/logger_test.go:23	this is a test
2021-05-12T15:02:48.421+0800	error	hello	zapLogger/logger_test.go:23	this is a test
2021-05-12T15:02:48.423+0800	error	hello	zapLogger/logger_test.go:23	this is a test
2021-05-12T15:02:48.423+0800	error	hello	zapLogger/logger_test.go:23	this is a test
2021-05-12T15:02:48.423+0800	error	hello	zapLogger/logger_test.go:23	this is a test
2021-05-12T15:02:48.423+0800	error	hello	zapLogger/logger_test.go:23	this is a test
2021-05-12T15:02:48.423+0800	error	hello	zapLogger/logger_test.go:23	this is a test
2021-05-12T15:02:48.423+0800	error	hello	zapLogger/logger_test.go:23	this is a test
2021-05-12T15:02:48.423+0800	error	hello	zapLogger/logger_test.go:23	this is a test
2021-05-12T15:02:48.423+0800	error	hello	zapLogger/logger_test.go:23	this is a test
2021-05-12T15:02:48.423+0800	error	hello	zapLogger/logger_test.go:23	this is a test
2021-05-12T15:02:48.423+0800	error	hello	zapLogger/logger_test.go:23	this is a test
2021-05-12T15:02:48.423+0800	error	hello	zapLogger/logger_test.go:23	this is a test
2021-05-12T15:02:48.423+0800	error	hello	zapLogger/logger_test.go:23	this is a test
2021-05-12T15:02:48.423+0800	error	hello	zapLogger/logger_test.go:23	this is a test
2021-05-12T15:02:48.423+0800	error	hello	zapLogger/logger_test.go:23	this is a test
2021-05-12T15:02:48.423+0800	error	hello	zapLogger/logger_test.go:23	this is a test
2021-05-12T15:02:48.423+0800	error	hello	zapLogger/logger_test.go:23	this is a test
2021-05-12T15:02:48.423+0800	error	hello	zapLogger/logger_test.go:23	this is a test
2021-05-12T15:02:48.423+0800	error	hello	zapLogger/logger_test.go:23	this is a test
2021-05-12T15:02:48.423+0800	error	hello	zapLogger/logger_test.go:23	this is a test
2021-05-12T15:02:48.423+0800	error	hello	zapLogger/logger_test.go:23	this is a test
2021-05-12T15:02:48.423+0800	error	hello	zapLogger/logger_test.go:23	this is a test
2021-05-12T15:02:48.423+0800	error	hello	zapLogger/logger_test.go:23	this is a test
2021-05-12T15:02:48.423+0800	error	hello	zapLogger/logger_test.go:23	this is a test
2021-05-12T15:02:48.423+0800	error	hello	zapLogger/logger_test.go:23	this is a test
2021-05-12T15:02:48.423+0800	error	hello	zapLogger/logger_test.go:23	this is a test
2021-05-12T15:02:48.423+0800	error	hello	zapLogger/logger_test.go:23	this is a test
2021-05-12T15:02:48.423+0800	error	hello	zapLogger/logger_test.go:23	this is a test
2021-05-12T15:02:48.423+0800	error	hello	zapLogger/logger_test.go:23	this is a test
2021-05-12T15:02:48.423+0800	error	hello	zapLogger/logger_test.go:23	this is a test
2021-05-12T15:02:48.423+0800	error	hello	zapLogger/logger_test.go:23	this is a test
2021-05-12T15:02:48.423+0800	error	hello	zapLogger/logger_test.go:23	this is a test
2021-05-12T15:02:48.423+0800	error	hello	zapLogger/logger_test.go:23	this is a test
2021-05-12T15:02:48.423+0800	error	hello	zapLogger/logger_test.go:23	this is a test
2021-05-12T15:02:48.423+0800	error	hello	zapLogger/logger_test.go:23	this is a test
2021-05-12T15:02:48.423+0800	error	hello	zapLogger/logger_test.go:23	this is a test
2021-05-12T15:02:48.423+0800	error	hello	zapLogger/logger_test.go:23	this is a test
2021-05-12T15:02:48.423+0800	error	hello	zapLogger/logger_test.go:23	this is a test
2021-05-12T15:02:48.423+0800	error	hello	zapLogger/logger_test.go:23	this is a test
2021-05-12T15:02:48.423+0800	error	hello	zapLogger/logger_test.go:23	this is a test
2021-05-12T15:02:48.423+0800	error	hello	zapLogger/logger_test.go:23	this is a test
2021-05-12T15:02:48.423+0800	error	hello	zapLogger/logger_test.go:23	this is a test
2021-05-12T15:02:48.423+0800	error	hello	zapLogger/logger_test.go:23	this is a test
2021-05-12T15:02:48.423+0800	error	hello	zapLogger/logger_test.go:23	this is a test
2021-05-12T15:02:48.423+0800	error	hello	zapLogger/logger_test.go:23	this is a test
2021-05-12T15:02:48.423+0800	error	hello	zapLogger/logger_test.go:23	this is a test
2021-05-12T15:02:48.423+0800	error	hello	zapLogger/logger_test.go:23	this is a test
2021-05-12T15:02:48.423+0800	error	hello	zapLogger/logger_test.go:23	this is a test
2021-05-12T15:02:48.423+0800	error	hello	zapLogger/logger_test.go:23	this is a test
2021-05-12T15:02:48.422+0800	error	hello	zapLogger/logger_test.go:23	this is a test
2021-05-12T15:02:48.423+0800	error	hello	zapLogger/logger_test.go:23	this is a test
2021-05-12T15:02:48.423+0800	error	hello	zapLogger/logger_test.go:23	this is a test
2021-05-12T15:02:48.423+0800	error	hello	zapLogger/logger_test.go:23	this is a test
2021-05-12T15:02:48.423+0800	error	hello	zapLogger/logger_test.go:23	this is a test
2021-05-12T15:02:48.423+0800	error	hello	zapLogger/logger_test.go:23	this is a test
2021-05-12T15:02:48.423+0800	error	hello	zapLogger/logger_test.go:23	this is a test
2021-05-12T15:02:48.423+0800	error	hello	zapLogger/logger_test.go:23	this is a test
2021-05-12T15:02:48.423+0800	error	hello	zapLogger/logger_test.go:23	this is a test
2021-05-12T15:02:48.423+0800	error	hello	zapLogger/logger_test.go:23	this is a test
2021-05-12T15:02:48.423+0800	error	hello	zapLogger/logger_test.go:23	this is a test
2021-05-12T15:02:48.423+0800	error	hello	zapLogger/logger_test.go:23	this is a test
2021-05-12T15:02:48.423+0800	error	hello	zapLogger/logger_test.go:23	this is a test
2021-05-12T15:02:48.423+0800	error	hello	zapLogger/logger_test.go:23	this is a test
2021-05-12T15:02:48.423+0800	error	hello	zapLogger/logger_test.go:23	this is a test
2021-05-12T15:02:48.423+0800	error	hello	zapLogger/logger_test.go:23	this is a test
2021-05-12T15:02:48.423+0800	error	hello	zapLogger/logger_test.go:23	this is a test
2021-05-12T15:02:48.423+0800	error	hello	zapLogger/logger_test.go:23	this is a test
2021-05-12T15:02:48.423+0800	error	hello	zapLogger/logger_test.go:23	this is a test
2021-05-12T15:02:48.423+0800	error	hello	zapLogger/logger_test.go:23	this is a test
2021-05-12T15:02:48.423+0800	error	hello	zapLogger/logger_test.go:23	this is a test
2021-05-12T15:02:48.423+0800	error	hello	zapLogger/logger_test.go:23	this is a test
2021-05-12T15:02:48.423+0800	error	hello	zapLogger/logger_test.go:23	this is a test
2021-05-12T15:02:48.423+0800	error	hello	zapLogger/logger_test.go:23	this is a test
2021-05-12T15:02:48.423+0800	error	hello	zapLogger/logger_test.go:23	this is a test
2021-05-12T15:02:48.423+0800	error	hello	zapLogger/logger_test.go:23	this is a test
2021-05-12T15:02:48.423+0800	error	hello	zapLogger/logger_test.go:23	this is a test
2021-05-12T15:02:48.423+0800	error	hello	zapLogger/logger_test.go:23	this is a test
2021-05-12T15:02:48.423+0800	error	hello	zapLogger/logger_test.go:23	this is a test
2021-05-12T15:02:48.423+0800	error	hello	zapLogger/logger_test.go:23	this is a test
2021-05-12T15:02:48.423+0800	error	hello	zapLogger/logger_test.go:23	this is a test
2021-05-12T15:02:48.423+0800	error	hello	zapLogger/logger_test.go:23	this is a test
2021-05-12T15:02:48.423+0800	error	hello	zapLogger/logger_test.go:23	this is a test
2021-05-12T15:02:48.423+0800	error	hello	zapLogger/logger_test.go:23	this is a test
2021-05-12T15:02:48.423+0800	error	hello	zapLogger/logger_test.go:23	this is a test
2021-05-12T15:02:48.423+0800	error	hello	zapLogger/logger_test.go:23	this is a test
2021-05-12T15:02:48.423+0800	error	hello	zapLogger/logger_test.go:23	this is a test
2021-05-12T15:02:48.423+0800	error	hello	zapLogger/logger_test.go:23	this is a test
2021-05-12T15:02:48.423+0800	error	hello	zapLogger/logger_test.go:23	this is a test
2021-05-12T15:02:48.423+0800	error	hello	zapLogger/logger_test.go:23	this is a test
2021-05-12T15:02:48.423+0800	error	hello	zapLogger/logger_test.go:23	this is a test
2021-05-12T15:02:48.423+0800	error	hello	zapLogger/logger_test.go:23	this is a test
2021-05-12T15:02:48.423+0800	error	hello	zapLogger/logger_test.go:23	this is a test
2021-05-12T15:02:48.423+0800	error	hello	zapLogger/logger_test.go:23	this is a test
2021-05-12T15:02:48.423+0800	error	hello	zapLogger/logger_test.go:23	this is a test
2021-05-12T15:02:48.423+0800	error	hello	zapLogger/logger_test.go:23	this is a test
2021-05-12T15:02:48.423+0800	error	hello	zapLogger/logger_test.go:23	this is a test
2021-05-12T15:02:48.422+0800	error	hello	zapLogger/logger_test.go:23	this is a test
2021-05-12T15:02:48.422+0800	error	hello	zapLogger/logger_test.go:23	this is a test
2021-05-12T15:02:48.423+0800	error	hello	zapLogger/logger_test.go:23	this is a test
2021-05-12T15:02:48.423+0800	error	hello	zapLogger/logger_test.go:23	this is a test
2021-05-12T15:02:48.423+0800	error	hello	zapLogger/logger_test.go:23	this is a test
2021-05-12T15:02:48.423+0800	error	hello	zapLogger/logger_test.go:23	this is a test
2021-05-12T15:02:48.423+0800	error	hello	zapLogger/logger_test.go:23	this is a test
2021-05-12T15:02:48.423+0800	error	hello	zapLogger/logger_test.go:23	this is a test
2021-05-12T15:02:48.423+0800	error	hello	zapLogger/logger_test.go:23	this is a test
2021-05-12T15:02:48.423+0800	error	hello	zapLogger/logger_test.go:23	this is a test
2021-05-12T15:02:48.423+0800	error	hello	zapLogger/logger_test.go:23	this is a test
2021-05-12T15:02:48.423+0800	error	hello	zapLogger/logger_test.go:23	this is a test
2021-05-12T15:02:48.423+0800	error	hello	zapLogger/logger_test.go:23	this is a test
2021-05-12T15:02:48.423+0800	error	hello	zapLogger/logger_test.go:23	this is a test
2021-05-12T15:02:48.423+0800	error	hello	zapLogger/logger_test.go:23	this is a test
2021-05-12T15:02:48.423+0800	error	hello	zapLogger/logger_test.go:23	this is a test
2021-05-12T15:02:48.423+0800	error	hello	zapLogger/logger_test.go:23	this is a test
2021-05-12T15:02:48.423+0800	error	hello	zapLogger/logger_test.go:23	this is a test
2021-05-12T15:02:48.423+0800	error	hello	zapLogger/logger_test.go:23	this is a test
2021-05-12T15:02:48.423+0800	error	hello	zapLogger/logger_test.go:23	this is a test
2021-05-12T15:02:48.423+0800	error	hello	zapLogger/logger_test.go:23	this is a test
2021-05-12T15:02:48.423+0800	error	hello	zapLogger/logger_test.go:23	this is a test
2021-05-12T15:02:48.423+0800	error	hello	zapLogger/logger_test.go:23	this is a test
2021-05-12T15:02:48.423+0800	error	hello	zapLogger/logger_test.go:23	this is a test
2021-05-12T15:02:48.423+0800	error	hello	zapLogger/logger_test.go:23	this is a test
2021-05-12T15:02:48.423+0800	error	hello	zapLogger/logger_test.go:23	this is a test
2021-05-12T15:02:48.423+0800	error	hello	zapLogger/logger_test.go:23	this is a test
2021-05-12T15:02:48.423+0800	error	hello	zapLogger/logger_test.go:23	this is a test
2021-05-12T15:02:48.423+0800	error	hello	zapLogger/logger_test.go:23	this is a test
2021-05-12T15:02:48.423+0800	error	hello	zapLogger/logger_test.go:23	this is a test
2021-05-12T15:02:48.423+0800	error	hello	zapLogger/logger_test.go:23	this is a test
2021-05-12T15:02:48.423+0800	error	hello	zapLogger/logger_test.go:23	this is a test
2021-05-12T15:02:48.423+0800	error	hello	zapLogger/logger_test.go:23	this is a test
2021-05-12T15:02:48.423+0800	error	hello	zapLogger/logger_test.go:23	this is a test
2021-05-12T15:02:48.423+0800	error	hello	zapLogger/logger_test.go:23	this is a test
2021-05-12T15:02:48.423+0800	error	hello	zapLogger/logger_test.go:23	this is a test
2021-05-12T15:02:48.423+0800	error	hello	zapLogger/logger_test.go:23	this is a test
2021-05-12T15:02:48.423+0800	error	hello	zapLogger/logger_test.go:23	this is a test
2021-05-12T15:02:48.423+0800	error	hello	zapLogger/logger_test.go:23	this is a test
2021-05-12T15:02:48.423+0800	error	hello	zapLogger/logger_test.go:23	this is a test
2021-05-12T15:02:48.423+0800	error	hello	zapLogger/logger_test.go:23	this is a test
2021-05-12T15:02:48.423+0800	error	hello	zapLogger/logger_test.go:23	this is a test
2021-05-12T15:02:48.423+0800	error	hello	zapLogger/logger_test.go:23	this is a test
2021-05-12T15:02:48.423+0800	error	hello	zapLogger/logger_test.go:23	this is a test
2021-05-12T15:02:48.424+0800	error	hello	zapLogger/logger_test.go:23	this is a test
2021-05-12T15:02:48.424+0800	error	hello	zapLogger/logger_test.go:23	this is a test
2021-05-12T15:02:48.424+0800	error	hello	zapLogger/logger_test.go:23	this is a test
2021-05-12T15:02:48.424+0800	error	hello	zapLogger/logger_test.go:23	this is a test
2021-05-12T15:02:48.424+0800	error	hello	zapLogger/logger_test.go:23	this is a test
2021-05-12T15:02:48.424+0800	error	hello	zapLogger/logger_test.go:23	this is a test
2021-05-12T15:02:48.423+0800	error	hello	zapLogger/logger_test.go:23	this is a test
2021-05-12T15:02:48.424+0800	error	hello	zapLogger/logger_test.go:23	this is a test
2021-05-12T15:02:48.424+0800	error	hello	zapLogger/logger_test.go:23	this is a test
2021-05-12T15:02:48.424+0800	error	hello	zapLogger/logger_test.go:23	this is a test
2021-05-12T15:02:48.424+0800	error	hello	zapLogger/logger_test.go:23	this is a test
2021-05-12T15:02:48.424+0800	error	hello	zapLogger/logger_test.go:23	this is a test
2021-05-12T15:02:48.424+0800	error	hello	zapLogger/logger_test.go:23	this is a test
2021-05-12T15:02:48.424+0800	error	hello	zapLogger/logger_test.go:23	this is a test
2021-05-12T15:02:48.424+0800	error	hello	zapLogger/logger_test.go:23	this is a test
2021-05-12T15:02:48.424+0800	error	hello	zapLogger/logger_test.go:23	this is a test
2021-05-12T15:02:48.424+0800	error	hello	zapLogger/logger_test.go:23	this is a test
2021-05-12T15:02:48.424+0800	error	hello	zapLogger/logger_test.go:23	this is a test
2021-05-12T15:02:48.424+0800	error	hello	zapLogger/logger_test.go:23	this is a test
2021-05-12T15:02:48.424+0800	error	hello	zapLogger/logger_test.go:23	this is a test
2021-05-12T15:02:48.424+0800	error	hello	zapLogger/logger_test.go:23	this is a test
2021-05-12T15:02:48.424+0800	error	hello	zapLogger/logger_test.go:23	this is a test
2021-05-12T15:02:48.421+0800	error	hello	zapLogger/logger_test.go:23	this is a test
2021-05-12T15:02:48.424+0800	error	hello	zapLogger/logger_test.go:23	this is a test
2021-05-12T15:02:48.424+0800	error	hello	zapLogger/logger_test.go:23	this is a test
2021-05-12T15:02:48.424+0800	error	hello	zapLogger/logger_test.go:23	this is a test
2021-05-12T15:02:48.424+0800	error	hello	zapLogger/logger_test.go:23	this is a test
2021-05-12T15:02:48.424+0800	error	hello	zapLogger/logger_test.go:23	this is a test
2021-05-12T15:02:48.424+0800	error	hello	zapLogger/logger_test.go:23	this is a test
2021-05-12T15:02:48.424+0800	error	hello	zapLogger/logger_test.go:23	this is a test
2021-05-12T15:02:48.424+0800	error	hello	zapLogger/logger_test.go:23	this is a test
2021-05-12T15:02:48.424+0800	error	hello	zapLogger/logger_test.go:23	this is a test
2021-05-12T15:02:48.424+0800	error	hello	zapLogger/logger_test.go:23	this is a test
2021-05-12T15:02:48.424+0800	error	hello	zapLogger/logger_test.go:23	this is a test
2021-05-12T15:02:48.424+0800	error	hello	zapLogger/logger_test.go:23	this is a test
2021-05-12T15:02:48.424+0800	error	hello	zapLogger/logger_test.go:23	this is a test
2021-05-12T15:02:48.424+0800	error	hello	zapLogger/logger_test.go:23	this is a test
2021-05-12T15:02:48.424+0800	error	hello	zapLogger/logger_test.go:23	this is a test
2021-05-12T15:02:48.424+0800	error	hello	zapLogger/logger_test.go:23	this is a test
2021-05-12T15:02:48.424+0800	error	hello	zapLogger/logger_test.go:23	this is a test
2021-05-12T15:02:48.424+0800	error	hello	zapLogger/logger_test.go:23	this is a test
2021-05-12T15:02:48.424+0800	error	hello	zapLogger/logger_test.go:23	this is a test
2021-05-12T15:02:48.424+0800	error	hello	zapLogger/logger_test.go:23	this is a test
2021-05-12T15:02:48.424+0800	error	hello	zapLogger/logger_test.go:23	this is a test
2021-05-12T15:02:48.424+0800	error	hello	zapLogger/logger_test.go:23	this is a test
2021-05-12T15:02:48.424+0800	error	hello	zapLogger/logger_test.go:23	this is a test
2021-05-12T15:02:48.424+0800	error	hello	zapLogger/logger_test.go:23	this is a test
2021-05-12T15:02:48.424+0800	error	hello	zapLogger/logger_test.go:23	this is a test
2021-05-12T15:02:48.424+0800	error	hello	zapLogger/logger_test.go:23	this is a test
2021-05-12T15:02:48.424+0800	error	hello	zapLogger/logger_test.go:23	this is a test
2021-05-12T15:02:48.424+0800	error	hello	zapLogger/logger_test.go:23	this is a test
2021-05-12T15:02:48.424+0800	error	hello	zapLogger/logger_test.go:23	this is a test
2021-05-12T15:02:48.424+0800	error	hello	zapLogger/logger_test.go:23	this is a test
2021-05-12T15:02:48.424+0800	error	hello	zapLogger/logger_test.go:23	this is a test
2021-05-12T15:02:48.424+0800	error	hello	zapLogger/logger_test.go:23	this is a test
2021-05-12T15:02:48.421+0800	error	hello	zapLogger/logger_test.go:23	this is a test
2021-05-12T15:02:48.424+0800	error	hello	zapLogger/logger_test.go:23	this is a test
2021-05-12T15:02:48.424+0800	error	hello	zapLogger/logger_test.go:23	this is a test
2021-05-12T15:02:48.424+0800	error	hello	zapLogger/logger_test.go:23	this is a test
2021-05-12T15:02:48.424+0800	error	hello	zapLogger/logger_test.go:23	this is a test
2021-05-12T15:02:48.424+0800	error	hello	zapLogger/logger_test.go:23	this is a test
2021-05-12T15:02:48.424+0800	error	hello	zapLogger/logger_test.go:23	this is a test
2021-05-12T15:02:48.424+0800	error	hello	zapLogger/logger_test.go:23	this is a test
2021-05-12T15:02:48.424+0800	error	hello	zapLogger/logger_test.go:23	this is a test
2021-05-12T15:02:48.424+0800	error	hello	zapLogger/logger_test.go:23	this is a test
2021-05-12T15:02:48.424+0800	error	hello	zapLogger/logger_test.go:23	this is a test
2021-05-12T15:02:48.424+0800	error	hello	zapLogger/logger_test.go:23	this is a test
2021-05-12T15:02:48.424+0800	error	hello	zapLogger/logger_test.go:23	this is a test
2021-05-12T15:02:48.424+0800	error	hello	zapLogger/logger_test.go:23	this is a test
2021-05-12T15:02:48.424+0800	error	hello	zapLogger/logger_test.go:23	this is a test
2021-05-12T15:02:48.424+0800	error	hello	zapLogger/logger_test.go:23	this is a test
2021-05-12T15:02:48.424+0800	error	hello	zapLogger/logger_test.go:23	this is a test
2021-05-12T15:02:48.424+0800	error	hello	zapLogger/logger_test.go:23	this is a test
2021-05-12T15:02:48.424+0800	error	hello	zapLogger/logger_test.go:23	this is a test
2021-05-12T15:02:48.424+0800	error	hello	zapLogger/logger_test.go:23	this is a test
2021-05-12T15:02:48.424+0800	error	hello	zapLogger/logger_test.go:23	this is a test
2021-05-12T15:02:48.424+0800	error	hello	zapLogger/logger_test.go:23	this is a test
2021-05-12T15:02:48.424+0800	error	hello	zapLogger/logger_test.go:23	this is a test
2021-05-12T15:02:48.422+0800	error	hello	zapLogger/logger_test.go:23	this is a test
2021-05-12T15:02:48.424+0800	error	hello	zapLogger/logger_test.go:23	this is a test
2021-05-12T15:02:48.424+0800	error	hello	zapLogger/logger_test.go:23	this is a test
2021-05-12T15:02:48.424+0800	error	hello	zapLogger/logger_test.go:23	this is a test
2021-05-12T15:02:48.424+0800	error	hello	zapLogger/logger_test.go:23	this is a test
2021-05-12T15:02:48.424+0800	error	hello	zapLogger/logger_test.go:23	this is a test
2021-05-12T15:02:48.424+0800	error	hello	zapLogger/logger_test.go:23	this is a test
2021-05-12T15:02:48.424+0800	error	hello	zapLogger/logger_test.go:23	this is a test
2021-05-12T15:02:48.424+0800	error	hello	zapLogger/logger_test.go:23	this is a test
2021-05-12T15:02:48.424+0800	error	hello	zapLogger/logger_test.go:23	this is a test
2021-05-12T15:02:48.424+0800	error	hello	zapLogger/logger_test.go:23	this is a test
2021-05-12T15:02:48.424+0800	error	hello	zapLogger/logger_test.go:23	this is a test
2021-05-12T15:02:48.424+0800	error	hello	zapLogger/logger_test.go:23	this is a test
2021-05-12T15:02:48.424+0800	error	hello	zapLogger/logger_test.go:23	this is a test
2021-05-12T15:02:48.424+0800	error	hello	zapLogger/logger_test.go:23	this is a test
2021-05-12T15:02:48.424+0800	error	hello	zapLogger/logger_test.go:23	this is a test
2021-05-12T15:02:48.424+0800	error	hello	zapLogger/logger_test.go:23	this is a test
2021-05-12T15:02:48.424+0800	error	hello	zapLogger/logger_test.go:23	this is a test
2021-05-12T15:02:48.424+0800	error	hello	zapLogger/logger_test.go:23	this is a test
2021-05-12T15:02:48.424+0800	error	hello	zapLogger/logger_test.go:23	this is a test
2021-05-12T15:02:48.424+0800	error	hello	zapLogger/logger_test.go:23	this is a test
2021-05-12T15:02:48.424+0800	error	hello	zapLogger/logger_test.go:23	this is a test
2021-05-12T15:02:48.424+0800	error	hello	zapLogger/logger_test.go:23	this is a test
2021-05-12T15:02:48.424+0800	error	hello	zapLogger/logger_test.go:23	this is a test
2021-05-12T15:02:48.424+0800	error	hello	zapLogger/logger_test.go:23	this is a test
2021-05-12T15:02:48.424+0800	error	hello	zapLogger/logger_test.go:23	this is a test
2021-05-12T15:02:48.424+0800	error	hello	zapLogger/logger_test.go:23	this is a test
2021-05-12T15:02:48.424+0800	error	hello	zapLogger/logger_test.go:23	this is a test
2021-05-12T15:02:48.424+0800	error	hello	zapLogger/logger_test.go:23	this is a test
2021-05-12T15:02:48.424+0800	error	hello	zapLogger/logger_test.go:23	this is a test
2021-05-12T15:02:48.424+0800	error	hello	zapLogger/logger_test.go:23	this is a test
2021-05-12T15:02:48.424+0800	error	hello	zapLogger/logger_test.go:23	this is a test
2021-05-12T15:02:48.424+0800	error	hello	zapLogger/logger_test.go:23	this is a test
2021-05-12T15:02:48.424+0800	error	hello	zapLogger/logger_test.go:23	this is a test
2021-05-12T15:02:48.424+0800	error	hello	zapLogger/logger_test.go:23	this is a test
2021-05-12T15:02:48.424+0800	error	hello	zapLogger/logger_test.go:23	this is a test
2021-05-12T15:02:48.424+0800	error	hello	zapLogger/logger_test.go:23	this is a test
2021-05-12T15:02:48.424+0800	error	hello	zapLogger/logger_test.go:23	this is a test
2021-05-12T15:02:48.424+0800	error	hello	zapLogger/logger_test.go:23	this is a test
2021-05-12T15:02:48.424+0800	error	hello	zapLogger/logger_test.go:23	this is a test
2021-05-12T15:02:48.424+0800	error	hello	zapLogger/logger_test.go:23	this is a test
2021-05-12T15:02:48.424+0800	error	hello	zapLogger/logger_test.go:23	this is a test
2021-05-12T15:02:48.424+0800	error	hello	zapLogger/logger_test.go:23	this is a test
2021-05-12T15:02:48.424+0800	error	hello	zapLogger/logger_test.go:23	this is a test
2021-05-12T15:02:48.424+0800	error	hello	zapLogger/logger_test.go:23	this is a test
2021-05-12T15:02:48.424+0800	error	hello	zapLogger/logger_test.go:23	this is a test
2021-05-12T15:02:48.424+0800	error	hello	zapLogger/logger_test.go:23	this is a test
2021-05-12T15:02:48.424+0800	error	hello	zapLogger/logger_test.go:23	this is a test
2021-05-12T15:02:48.424+0800	error	hello	zapLogger/logger_test.go:23	this is a test
2021-05-12T15:02:48.424+0800	error	hello	zapLogger/logger_test.go:23	this is a test
2021-05-12T15:02:48.424+0800	error	hello	zapLogger/logger_test.go:23	this is a test
2021-05-12T15:02:48.424+0800	error	hello	zapLogger/logger_test.go:23	this is a test
2021-05-12T15:02:48.424+0800	error	hello	zapLogger/logger_test.go:23	this is a test
2021-05-12T15:02:48.424+0800	error	hello	zapLogger/logger_test.go:23	this is a test
2021-05-12T15:02:48.424+0800	error	hello	zapLogger/logger_test.go:23	this is a test
2021-05-12T15:02:48.424+0800	error	hello	zapLogger/logger_test.go:23	this is a test
2021-05-12T15:02:48.424+0800	error	hello	zapLogger/logger_test.go:23	this is a test
2021-05-12T15:02:48.424+0800	error	hello	zapLogger/logger_test.go:23	this is a test
2021-05-12T15:02:48.424+0800	error	hello	zapLogger/logger_test.go:23	this is a test
2021-05-12T15:02:48.424+0800	error	hello	zapLogger/logger_test.go:23	this is a test
2021-05-12T15:02:48.424+0800	error	hello	zapLogger/logger_test.go:23	this is a test
2021-05-12T15:02:48.424+0800	error	hello	zapLogger/logger_test.go:23	this is a test
2021-05-12T15:02:48.424+0800	error	hello	zapLogger/logger_test.go:23	this is a test
2021-05-12T15:02:48.424+0800	error	hello	zapLogger/logger_test.go:23	this is a test
2021-05-12T15:02:48.424+0800	error	hello	zapLogger/logger_test.go:23	this is a test
2021-05-12T15:02:48.424+0800	error	hello	zapLogger/logger_test.go:23	this is a test
2021-05-12T15:02:48.424+0800	error	hello	zapLogger/logger_test.go:23	this is a test
2021-05-12T15:02:48.424+0800	error	hello	zapLogger/logger_test.go:23	this is a test
2021-05-12T15:02:48.424+0800	error	hello	zapLogger/logger_test.go:23	this is a test
2021-05-12T15:02:48.424+0800	error	hello	zapLogger/logger_test.go:23	this is a test
2021-05-12T15:02:48.424+0800	error	hello	zapLogger/logger_test.go:23	this is a test
2021-05-12T15:02:48.424+0800	error	hello	zapLogger/logger_test.go:23	this is a test
2021-05-12T15:02:48.424+0800	error	hello	zapLogger/logger_test.go:23	this is a test
2021-05-12T15:02:48.424+0800	error	hello	zapLogger/logger_test.go:23	this is a test
2021-05-12T15:02:48.424+0800	error	hello	zapLogger/logger_test.go:23	this is a test
2021-05-12T15:02:48.424+0800	error	hello	zapLogger/logger_test.go:23	this is a test
2021-05-12T15:02:48.424+0800	error	hello	zapLogger/logger_test.go:23	this is a test
2021-05-12T15:02:48.424+0800	error	hello	zapLogger/logger_test.go:23	this is a test
2021-05-12T15:02:48.423+0800	error	hello	zapLogger/logger_test.go:23	this is a test
2021-05-12T15:02:48.424+0800	error	hello	zapLogger/logger_test.go:23	this is a test
2021-05-12T15:02:48.424+0800	error	hello	zapLogger/logger_test.go:23	this is a test
2021-05-12T15:02:48.424+0800	error	hello	zapLogger/logger_test.go:23	this is a test
2021-05-12T15:02:48.424+0800	error	hello	zapLogger/logger_test.go:23	this is a test
2021-05-12T15:02:48.424+0800	error	hello	zapLogger/logger_test.go:23	this is a test
2021-05-12T15:02:48.424+0800	error	hello	zapLogger/logger_test.go:23	this is a test
2021-05-12T15:02:48.424+0800	error	hello	zapLogger/logger_test.go:23	this is a test
2021-05-12T15:02:48.424+0800	error	hello	zapLogger/logger_test.go:23	this is a test
2021-05-12T15:02:48.424+0800	error	hello	zapLogger/logger_test.go:23	this is a test
2021-05-12T15:02:48.424+0800	error	hello	zapLogger/logger_test.go:23	this is a test
2021-05-12T15:02:48.424+0800	error	hello	zapLogger/logger_test.go:23	this is a test
2021-05-12T15:02:48.424+0800	error	hello	zapLogger/logger_test.go:23	this is a test
2021-05-12T15:02:48.424+0800	error	hello	zapLogger/logger_test.go:23	this is a test
2021-05-12T15:02:48.425+0800	error	hello	zapLogger/logger_test.go:23	this is a test
2021-05-12T15:02:48.425+0800	error	hello	zapLogger/logger_test.go:23	this is a test
2021-05-12T15:02:48.425+0800	error	hello	zapLogger/logger_test.go:23	this is a test
2021-05-12T15:02:48.425+0800	error	hello	zapLogger/logger_test.go:23	this is a test
2021-05-12T15:02:48.425+0800	error	hello	zapLogger/logger_test.go:23	this is a test
2021-05-12T15:02:48.425+0800	error	hello	zapLogger/logger_test.go:23	this is a test
2021-05-12T15:02:48.425+0800	error	hello	zapLogger/logger_test.go:23	this is a test
2021-05-12T15:02:48.425+0800	error	hello	zapLogger/logger_test.go:23	this is a test
2021-05-12T15:02:48.425+0800	error	hello	zapLogger/logger_test.go:23	this is a test
2021-05-12T15:02:48.425+0800	error	hello	zapLogger/logger_test.go:23	this is a test
2021-05-12T15:02:48.425+0800	error	hello	zapLogger/logger_test.go:23	this is a test
2021-05-12T15:02:48.425+0800	error	hello	zapLogger/logger_test.go:23	this is a test
2021-05-12T15:02:48.425+0800	error	hello	zapLogger/logger_test.go:23	this is a test
2021-05-12T15:02:48.425+0800	error	hello	zapLogger/logger_test.go:23	this is a test
2021-05-12T15:02:48.425+0800	error	hello	zapLogger/logger_test.go:23	this is a test
2021-05-12T15:02:48.425+0800	error	hello	zapLogger/logger_test.go:23	this is a test
2021-05-12T15:02:48.425+0800	error	hello	zapLogger/logger_test.go:23	this is a test
2021-05-12T15:02:48.425+0800	error	hello	zapLogger/logger_test.go:23	this is a test
2021-05-12T15:02:48.425+0800	error	hello	zapLogger/logger_test.go:23	this is a test
2021-05-12T15:02:48.425+0800	error	hello	zapLogger/logger_test.go:23	this is a test
2021-05-12T15:02:48.425+0800	error	hello	zapLogger/logger_test.go:23	this is a test
2021-05-12T15:02:48.425+0800	error	hello	zapLogger/logger_test.go:23	this is a test
2021-05-12T15:02:48.425+0800	error	hello	zapLogger/logger_test.go:23	this is a test
2021-05-12T15:02:48.425+0800	error	hello	zapLogger/logger_test.go:23	this is a test
2021-05-12T15:02:48.425+0800	error	hello	zapLogger/logger_test.go:23	this is a test
2021-05-12T15:02:48.423+0800	error	hello	zapLogger/logger_test.go:23	this is a test
2021-05-12T15:02:48.424+0800	error	hello	zapLogger/logger_test.go:23	this is a test
2021-05-12T15:02:48.425+0800	error	hello	zapLogger/logger_test.go:23	this is a test
2021-05-12T15:02:48.425+0800	error	hello	zapLogger/logger_test.go:23	this is a test
2021-05-12T15:02:48.425+0800	error	hello	zapLogger/logger_test.go:23	this is a test
2021-05-12T15:02:48.425+0800	error	hello	zapLogger/logger_test.go:23	this is a test
2021-05-12T15:02:48.420+0800	error	hello	zapLogger/logger_test.go:23	this is a test
2021-05-12T15:02:48.425+0800	error	hello	zapLogger/logger_test.go:23	this is a test
2021-05-12T15:02:48.425+0800	error	hello	zapLogger/logger_test.go:23	this is a test
2021-05-12T15:02:48.425+0800	error	hello	zapLogger/logger_test.go:23	this is a test
2021-05-12T15:02:48.425+0800	error	hello	zapLogger/logger_test.go:23	this is a test
2021-05-12T15:02:48.425+0800	error	hello	zapLogger/logger_test.go:23	this is a test
2021-05-12T15:02:48.425+0800	error	hello	zapLogger/logger_test.go:23	this is a test
2021-05-12T15:02:48.425+0800	error	hello	zapLogger/logger_test.go:23	this is a test
2021-05-12T15:02:48.425+0800	error	hello	zapLogger/logger_test.go:23	this is a test
2021-05-12T15:02:48.425+0800	error	hello	zapLogger/logger_test.go:23	this is a test
2021-05-12T15:02:48.425+0800	error	hello	zapLogger/logger_test.go:23	this is a test
2021-05-12T15:02:48.425+0800	error	hello	zapLogger/logger_test.go:23	this is a test
2021-05-12T15:02:48.425+0800	error	hello	zapLogger/logger_test.go:23	this is a test
2021-05-12T15:02:48.424+0800	error	hello	zapLogger/logger_test.go:23	this is a test
2021-05-12T15:02:48.425+0800	error	hello	zapLogger/logger_test.go:23	this is a test
2021-05-12T15:02:48.424+0800	error	hello	zapLogger/logger_test.go:23	this is a test
2021-05-12T15:02:48.425+0800	error	hello	zapLogger/logger_test.go:23	this is a test
2021-05-12T15:02:48.425+0800	error	hello	zapLogger/logger_test.go:23	this is a test
2021-05-12T15:02:48.425+0800	error	hello	zapLogger/logger_test.go:23	this is a test
2021-05-12T15:02:48.425+0800	error	hello	zapLogger/logger_test.go:23	this is a test
2021-05-12T15:02:48.425+0800	error	hello	zapLogger/logger_test.go:23	this is a test
2021-05-12T15:02:48.425+0800	error	hello	zapLogger/logger_test.go:23	this is a test
2021-05-12T15:02:48.425+0800	error	hello	zapLogger/logger_test.go:23	this is a test
2021-05-12T15:02:48.425+0800	error	hello	zapLogger/logger_test.go:23	this is a test
2021-05-12T15:02:48.425+0800	error	hello	zapLogger/logger_test.go:23	this is a test
2021-05-12T15:02:48.425+0800	error	hello	zapLogger/logger_test.go:23	this is a test
2021-05-12T15:02:48.425+0800	error	hello	zapLogger/logger_test.go:23	this is a test
2021-05-12T15:02:48.425+0800	error	hello	zapLogger/logger_test.go:23	this is a test
2021-05-12T15:02:48.425+0800	error	hello	zapLogger/logger_test.go:23	this is a test
2021-05-12T15:02:48.425+0800	error	hello	zapLogger/logger_test.go:23	this is a test
2021-05-12T15:02:48.425+0800	error	hello	zapLogger/logger_test.go:23	this is a test
2021-05-12T15:02:48.425+0800	error	hello	zapLogger/logger_test.go:23	this is a test
2021-05-12T15:02:48.425+0800	error	hello	zapLogger/logger_test.go:23	this is a test
2021-05-12T15:02:48.425+0800	error	hello	zapLogger/logger_test.go:23	this is a test
2021-05-12T15:02:48.425+0800	error	hello	zapLogger/logger_test.go:23	this is a test
2021-05-12T15:02:48.425+0800	error	hello	zapLogger/logger_test.go:23	this is a test
2021-05-12T15:02:48.425+0800	error	hello	zapLogger/logger_test.go:23	this is a test
2021-05-12T15:02:48.425+0800	error	hello	zapLogger/logger_test.go:23	this is a test
2021-05-12T15:02:48.425+0800	error	hello	zapLogger/logger_test.go:23	this is a test
2021-05-12T15:02:48.425+0800	error	hello	zapLogger/logger_test.go:23	this is a test
2021-05-12T15:02:48.425+0800	error	hello	zapLogger/logger_test.go:23	this is a test
2021-05-12T15:02:48.425+0800	error	hello	zapLogger/logger_test.go:23	this is a test
2021-05-12T15:02:48.425+0800	error	hello	zapLogger/logger_test.go:23	this is a test
2021-05-12T15:02:48.425+0800	error	hello	zapLogger/logger_test.go:23	this is a test
2021-05-12T15:02:48.425+0800	error	hello	zapLogger/logger_test.go:23	this is a test
2021-05-12T15:02:48.425+0800	error	hello	zapLogger/logger_test.go:23	this is a test
2021-05-12T15:02:48.425+0800	error	hello	zapLogger/logger_test.go:23	this is a test
2021-05-12T15:02:48.425+0800	error	hello	zapLogger/logger_test.go:23	this is a test
2021-05-12T15:02:48.425+0800	error	hello	zapLogger/logger_test.go:23	this is a test
2021-05-12T15:02:48.425+0800	error	hello	zapLogger/logger_test.go:23	this is a test
2021-05-12T15:02:48.425+0800	error	hello	zapLogger/logger_test.go:23	this is a test
2021-05-12T15:02:48.425+0800	error	hello	zapLogger/logger_test.go:23	this is a test
2021-05-12T15:02:48.425+0800	error	hello	zapLogger/logger_test.go:23	this is a test
2021-05-12T15:02:48.425+0800	error	hello	zapLogger/logger_test.go:23	this is a test
2021-05-12T15:02:48.425+0800	error	hello	zapLogger/logger_test.go:23	this is a test
2021-05-12T15:02:48.425+0800	error	hello	zapLogger/logger_test.go:23	this is a test
2021-05-12T15:02:48.425+0800	error	hello	zapLogger/logger_test.go:23	this is a test
2021-05-12T15:02:48.425+0800	error	hello	zapLogger/logger_test.go:23	this is a test
2021-05-12T15:02:48.425+0800	error	hello	zapLogger/logger_test.go:23	this is a test
2021-05-12T15:02:48.425+0800	error	hello	zapLogger/logger_test.go:23	this is a test
2021-05-12T15:02:48.425+0800	error	hello	zapLogger/logger_test.go:23	this is a test
2021-05-12T15:02:48.425+0800	error	hello	zapLogger/logger_test.go:23	this is a test
2021-05-12T15:02:48.425+0800	error	hello	zapLogger/logger_test.go:23	this is a test
2021-05-12T15:02:48.425+0800	error	hello	zapLogger/logger_test.go:23	this is a test
2021-05-12T15:02:48.425+0800	error	hello	zapLogger/logger_test.go:23	this is a test
2021-05-12T15:02:48.425+0800	error	hello	zapLogger/logger_test.go:23	this is a test
2021-05-12T15:02:48.425+0800	error	hello	zapLogger/logger_test.go:23	this is a test
2021-05-12T15:02:48.425+0800	error	hello	zapLogger/logger_test.go:23	this is a test
2021-05-12T15:02:48.425+0800	error	hello	zapLogger/logger_test.go:23	this is a test
2021-05-12T15:02:48.425+0800	error	hello	zapLogger/logger_test.go:23	this is a test
2021-05-12T15:02:48.425+0800	error	hello	zapLogger/logger_test.go:23	this is a test
2021-05-12T15:02:48.425+0800	error	hello	zapLogger/logger_test.go:23	this is a test
2021-05-12T15:02:48.425+0800	error	hello	zapLogger/logger_test.go:23	this is a test
2021-05-12T15:02:48.425+0800	error	hello	zapLogger/logger_test.go:23	this is a test
2021-05-12T15:02:48.425+0800	error	hello	zapLogger/logger_test.go:23	this is a test
2021-05-12T15:02:48.425+0800	error	hello	zapLogger/logger_test.go:23	this is a test
2021-05-12T15:02:48.425+0800	error	hello	zapLogger/logger_test.go:23	this is a test
2021-05-12T15:02:48.425+0800	error	hello	zapLogger/logger_test.go:23	this is a test
2021-05-12T15:02:48.425+0800	error	hello	zapLogger/logger_test.go:23	this is a test
2021-05-12T15:02:48.425+0800	error	hello	zapLogger/logger_test.go:23	this is a test
2021-05-12T15:02:48.425+0800	error	hello	zapLogger/logger_test.go:23	this is a test
2021-05-12T15:02:48.425+0800	error	hello	zapLogger/logger_test.go:23	this is a test
2021-05-12T15:02:48.425+0800	error	hello	zapLogger/logger_test.go:23	this is a test
2021-05-12T15:02:48.425+0800	error	hello	zapLogger/logger_test.go:23	this is a test
2021-05-12T15:02:48.425+0800	error	hello	zapLogger/logger_test.go:23	this is a test
2021-05-12T15:02:48.425+0800	error	hello	zapLogger/logger_test.go:23	this is a test
2021-05-12T15:02:48.425+0800	error	hello	zapLogger/logger_test.go:23	this is a test
2021-05-12T15:02:48.425+0800	error	hello	zapLogger/logger_test.go:23	this is a test
2021-05-12T15:02:48.425+0800	error	hello	zapLogger/logger_test.go:23	this is a test
2021-05-12T15:02:48.425+0800	error	hello	zapLogger/logger_test.go:23	this is a test
2021-05-12T15:02:48.425+0800	error	hello	zapLogger/logger_test.go:23	this is a test
2021-05-12T15:02:48.425+0800	error	hello	zapLogger/logger_test.go:23	this is a test
2021-05-12T15:02:48.425+0800	error	hello	zapLogger/logger_test.go:23	this is a test
2021-05-12T15:02:48.425+0800	error	hello	zapLogger/logger_test.go:23	this is a test
2021-05-12T15:02:48.425+0800	error	hello	zapLogger/logger_test.go:23	this is a test
2021-05-12T15:02:48.425+0800	error	hello	zapLogger/logger_test.go:23	this is a test
2021-05-12T15:02:48.425+0800	error	hello	zapLogger/logger_test.go:23	this is a test
2021-05-12T15:02:48.425+0800	error	hello	zapLogger/logger_test.go:23	this is a test
2021-05-12T15:02:48.425+0800	error	hello	zapLogger/logger_test.go:23	this is a test
2021-05-12T15:02:48.425+0800	error	hello	zapLogger/logger_test.go:23	this is a test
2021-05-12T15:02:48.424+0800	error	hello	zapLogger/logger_test.go:23	this is a test
2021-05-12T15:02:48.425+0800	error	hello	zapLogger/logger_test.go:23	this is a test
2021-05-12T15:02:48.425+0800	error	hello	zapLogger/logger_test.go:23	this is a test
2021-05-12T15:02:48.425+0800	error	hello	zapLogger/logger_test.go:23	this is a test
2021-05-12T15:02:48.425+0800	error	hello	zapLogger/logger_test.go:23	this is a test
2021-05-12T15:02:48.425+0800	error	hello	zapLogger/logger_test.go:23	this is a test
2021-05-12T15:02:48.424+0800	error	hello	zapLogger/logger_test.go:23	this is a test
2021-05-12T15:02:48.425+0800	error	hello	zapLogger/logger_test.go:23	this is a test
2021-05-12T15:02:48.425+0800	error	hello	zapLogger/logger_test.go:23	this is a test
2021-05-12T15:02:48.425+0800	error	hello	zapLogger/logger_test.go:23	this is a test
2021-05-12T15:02:48.425+0800	error	hello	zapLogger/logger_test.go:23	this is a test
2021-05-12T15:02:48.425+0800	error	hello	zapLogger/logger_test.go:23	this is a test
2021-05-12T15:02:48.425+0800	error	hello	zapLogger/logger_test.go:23	this is a test
2021-05-12T15:02:48.425+0800	error	hello	zapLogger/logger_test.go:23	this is a test
2021-05-12T15:02:48.425+0800	error	hello	zapLogger/logger_test.go:23	this is a test
2021-05-12T15:02:48.425+0800	error	hello	zapLogger/logger_test.go:23	this is a test
2021-05-12T15:02:48.425+0800	error	hello	zapLogger/logger_test.go:23	this is a test
2021-05-12T15:02:48.425+0800	error	hello	zapLogger/logger_test.go:23	this is a test
2021-05-12T15:02:48.425+0800	error	hello	zapLogger/logger_test.go:23	this is a test
2021-05-12T15:02:48.425+0800	error	hello	zapLogger/logger_test.go:23	this is a test
2021-05-12T15:02:48.425+0800	error	hello	zapLogger/logger_test.go:23	this is a test
2021-05-12T15:02:48.425+0800	error	hello	zapLogger/logger_test.go:23	this is a test
2021-05-12T15:02:48.425+0800	error	hello	zapLogger/logger_test.go:23	this is a test
2021-05-12T15:02:48.425+0800	error	hello	zapLogger/logger_test.go:23	this is a test
2021-05-12T15:02:48.425+0800	error	hello	zapLogger/logger_test.go:23	this is a test
2021-05-12T15:02:48.425+0800	error	hello	zapLogger/logger_test.go:23	this is a test
2021-05-12T15:02:48.425+0800	error	hello	zapLogger/logger_test.go:23	this is a test
2021-05-12T15:02:48.425+0800	error	hello	zapLogger/logger_test.go:23	this is a test
2021-05-12T15:02:48.426+0800	error	hello	zapLogger/logger_test.go:23	this is a test
2021-05-12T15:02:48.426+0800	error	hello	zapLogger/logger_test.go:23	this is a test
2021-05-12T15:02:48.426+0800	error	hello	zapLogger/logger_test.go:23	this is a test
2021-05-12T15:02:48.426+0800	error	hello	zapLogger/logger_test.go:23	this is a test
2021-05-12T15:02:48.426+0800	error	hello	zapLogger/logger_test.go:23	this is a test
2021-05-12T15:02:48.426+0800	error	hello	zapLogger/logger_test.go:23	this is a test
2021-05-12T15:02:48.426+0800	error	hello	zapLogger/logger_test.go:23	this is a test
2021-05-12T15:02:48.426+0800	error	hello	zapLogger/logger_test.go:23	this is a test
2021-05-12T15:02:48.426+0800	error	hello	zapLogger/logger_test.go:23	this is a test
2021-05-12T15:02:48.426+0800	error	hello	zapLogger/logger_test.go:23	this is a test
2021-05-12T15:02:48.426+0800	error	hello	zapLogger/logger_test.go:23	this is a test
2021-05-12T15:02:48.426+0800	error	hello	zapLogger/logger_test.go:23	this is a test
2021-05-12T15:02:48.426+0800	error	hello	zapLogger/logger_test.go:23	this is a test
2021-05-12T15:02:48.426+0800	error	hello	zapLogger/logger_test.go:23	this is a test
2021-05-12T15:02:48.426+0800	error	hello	zapLogger/logger_test.go:23	this is a test
2021-05-12T15:02:48.426+0800	error	hello	zapLogger/logger_test.go:23	this is a test
2021-05-12T15:02:48.426+0800	error	hello	zapLogger/logger_test.go:23	this is a test
2021-05-12T15:02:48.426+0800	error	hello	zapLogger/logger_test.go:23	this is a test
2021-05-12T15:02:48.426+0800	error	hello	zapLogger/logger_test.go:23	this is a test
2021-05-12T15:02:48.425+0800	error	hello	zapLogger/logger_test.go:23	this is a test
2021-05-12T15:02:48.426+0800	error	hello	zapLogger/logger_test.go:23	this is a test
2021-05-12T15:02:48.426+0800	error	hello	zapLogger/logger_test.go:23	this is a test
2021-05-12T15:02:48.426+0800	error	hello	zapLogger/logger_test.go:23	this is a test
2021-05-12T15:02:48.426+0800	error	hello	zapLogger/logger_test.go:23	this is a test
2021-05-12T15:02:48.426+0800	error	hello	zapLogger/logger_test.go:23	this is a test
2021-05-12T15:02:48.426+0800	error	hello	zapLogger/logger_test.go:23	this is a test
2021-05-12T15:02:48.426+0800	error	hello	zapLogger/logger_test.go:23	this is a test
2021-05-12T15:02:48.426+0800	error	hello	zapLogger/logger_test.go:23	this is a test
2021-05-12T15:02:48.426+0800	error	hello	zapLogger/logger_test.go:23	this is a test
2021-05-12T15:02:48.426+0800	error	hello	zapLogger/logger_test.go:23	this is a test
2021-05-12T15:02:48.426+0800	error	hello	zapLogger/logger_test.go:23	this is a test
2021-05-12T15:02:48.426+0800	error	hello	zapLogger/logger_test.go:23	this is a test
2021-05-12T15:02:48.426+0800	error	hello	zapLogger/logger_test.go:23	this is a test
2021-05-12T15:02:48.426+0800	error	hello	zapLogger/logger_test.go:23	this is a test
2021-05-12T15:02:48.426+0800	error	hello	zapLogger/logger_test.go:23	this is a test
2021-05-12T15:02:48.426+0800	error	hello	zapLogger/logger_test.go:23	this is a test
2021-05-12T15:02:48.426+0800	error	hello	zapLogger/logger_test.go:23	this is a test
2021-05-12T15:02:48.426+0800	error	hello	zapLogger/logger_test.go:23	this is a test
2021-05-12T15:02:48.426+0800	error	hello	zapLogger/logger_test.go:23	this is a test
2021-05-12T15:02:48.426+0800	error	hello	zapLogger/logger_test.go:23	this is a test
2021-05-12T15:02:48.426+0800	error	hello	zapLogger/logger_test.go:23	this is a test
2021-05-12T15:02:48.426+0800	error	hello	zapLogger/logger_test.go:23	this is a test
2021-05-12T15:02:48.426+0800	error	hello	zapLogger/logger_test.go:23	this is a test
2021-05-12T15:02:48.426+0800	error	hello	zapLogger/logger_test.go:23	this is a test
2021-05-12T15:02:48.426+0800	error	hello	zapLogger/logger_test.go:23	this is a test
2021-05-12T15:02:48.426+0800	error	hello	zapLogger/logger_test.go:23	this is a test
2021-05-12T15:02:48.426+0800	error	hello	zapLogger/logger_test.go:23	this is a test
2021-05-12T15:02:48.426+0800	error	hello	zapLogger/logger_test.go:23	this is a test
2021-05-12T15:02:48.426+0800	error	hello	zapLogger/logger_test.go:23	this is a test
2021-05-12T15:02:48.426+0800	error	hello	zapLogger/logger_test.go:23	this is a test
2021-05-12T15:02:48.426+0800	error	hello	zapLogger/logger_test.go:23	this is a test
2021-05-12T15:02:48.426+0800	error	hello	zapLogger/logger_test.go:23	this is a test
2021-05-12T15:02:48.426+0800	error	hello	zapLogger/logger_test.go:23	this is a test
2021-05-12T15:02:48.426+0800	error	hello	zapLogger/logger_test.go:23	this is a test
2021-05-12T15:02:48.426+0800	error	hello	zapLogger/logger_test.go:23	this is a test
2021-05-12T15:02:48.426+0800	error	hello	zapLogger/logger_test.go:23	this is a test
2021-05-12T15:02:48.426+0800	error	hello	zapLogger/logger_test.go:23	this is a test
2021-05-12T15:02:48.426+0800	error	hello	zapLogger/logger_test.go:23	this is a test
2021-05-12T15:02:48.426+0800	error	hello	zapLogger/logger_test.go:23	this is a test
2021-05-12T15:02:48.426+0800	error	hello	zapLogger/logger_test.go:23	this is a test
2021-05-12T15:02:48.426+0800	error	hello	zapLogger/logger_test.go:23	this is a test
2021-05-12T15:02:48.426+0800	error	hello	zapLogger/logger_test.go:23	this is a test
2021-05-12T15:02:48.426+0800	error	hello	zapLogger/logger_test.go:23	this is a test
2021-05-12T15:02:48.426+0800	error	hello	zapLogger/logger_test.go:23	this is a test
2021-05-12T15:02:48.426+0800	error	hello	zapLogger/logger_test.go:23	this is a test
2021-05-12T15:02:48.426+0800	error	hello	zapLogger/logger_test.go:23	this is a test
2021-05-12T15:02:48.426+0800	error	hello	zapLogger/logger_test.go:23	this is a test
2021-05-12T15:02:48.426+0800	error	hello	zapLogger/logger_test.go:23	this is a test
2021-05-12T15:02:48.426+0800	error	hello	zapLogger/logger_test.go:23	this is a test
2021-05-12T15:02:48.426+0800	error	hello	zapLogger/logger_test.go:23	this is a test
2021-05-12T15:02:48.426+0800	error	hello	zapLogger/logger_test.go:23	this is a test
2021-05-12T15:02:48.426+0800	error	hello	zapLogger/logger_test.go:23	this is a test
2021-05-12T15:02:48.426+0800	error	hello	zapLogger/logger_test.go:23	this is a test
2021-05-12T15:02:48.426+0800	error	hello	zapLogger/logger_test.go:23	this is a test
2021-05-12T15:02:48.426+0800	error	hello	zapLogger/logger_test.go:23	this is a test
2021-05-12T15:02:48.426+0800	error	hello	zapLogger/logger_test.go:23	this is a test
2021-05-12T15:02:48.426+0800	error	hello	zapLogger/logger_test.go:23	this is a test
2021-05-12T15:02:48.426+0800	error	hello	zapLogger/logger_test.go:23	this is a test
2021-05-12T15:02:48.426+0800	error	hello	zapLogger/logger_test.go:23	this is a test
2021-05-12T15:02:48.426+0800	error	hello	zapLogger/logger_test.go:23	this is a test
2021-05-12T15:02:48.426+0800	error	hello	zapLogger/logger_test.go:23	this is a test
2021-05-12T15:02:48.426+0800	error	hello	zapLogger/logger_test.go:23	this is a test
2021-05-12T15:02:48.426+0800	error	hello	zapLogger/logger_test.go:23	this is a test
2021-05-12T15:02:48.426+0800	error	hello	zapLogger/logger_test.go:23	this is a test
2021-05-12T15:02:48.426+0800	error	hello	zapLogger/logger_test.go:23	this is a test
2021-05-12T15:02:48.426+0800	error	hello	zapLogger/logger_test.go:23	this is a test
2021-05-12T15:02:48.426+0800	error	hello	zapLogger/logger_test.go:23	this is a test
2021-05-12T15:02:48.426+0800	error	hello	zapLogger/logger_test.go:23	this is a test
2021-05-12T15:02:48.426+0800	error	hello	zapLogger/logger_test.go:23	this is a test
2021-05-12T15:02:48.426+0800	error	hello	zapLogger/logger_test.go:23	this is a test
2021-05-12T15:02:48.426+0800	error	hello	zapLogger/logger_test.go:23	this is a test
2021-05-12T15:02:48.426+0800	error	hello	zapLogger/logger_test.go:23	this is a test
2021-05-12T15:02:48.426+0800	error	hello	zapLogger/logger_test.go:23	this is a test
2021-05-12T15:02:48.426+0800	error	hello	zapLogger/logger_test.go:23	this is a test
2021-05-12T15:02:48.426+0800	error	hello	zapLogger/logger_test.go:23	this is a test
2021-05-12T15:02:48.426+0800	error	hello	zapLogger/logger_test.go:23	this is a test
2021-05-12T15:02:48.426+0800	error	hello	zapLogger/logger_test.go:23	this is a test
2021-05-12T15:02:48.426+0800	error	hello	zapLogger/logger_test.go:23	this is a test
2021-05-12T15:02:48.426+0800	error	hello	zapLogger/logger_test.go:23	this is a test
2021-05-12T15:02:48.426+0800	error	hello	zapLogger/logger_test.go:23	this is a test
2021-05-12T15:02:48.426+0800	error	hello	zapLogger/logger_test.go:23	this is a test
2021-05-12T15:02:48.426+0800	error	hello	zapLogger/logger_test.go:23	this is a test
2021-05-12T15:02:48.426+0800	error	hello	zapLogger/logger_test.go:23	this is a test
2021-05-12T15:02:48.426+0800	error	hello	zapLogger/logger_test.go:23	this is a test
2021-05-12T15:02:48.426+0800	error	hello	zapLogger/logger_test.go:23	this is a test
2021-05-12T15:02:48.426+0800	error	hello	zapLogger/logger_test.go:23	this is a test
2021-05-12T15:02:48.426+0800	error	hello	zapLogger/logger_test.go:23	this is a test
2021-05-12T15:02:48.426+0800	error	hello	zapLogger/logger_test.go:23	this is a test
2021-05-12T15:02:48.426+0800	error	hello	zapLogger/logger_test.go:23	this is a test
2021-05-12T15:02:48.426+0800	error	hello	zapLogger/logger_test.go:23	this is a test
2021-05-12T15:02:48.426+0800	error	hello	zapLogger/logger_test.go:23	this is a test
2021-05-12T15:02:48.426+0800	error	hello	zapLogger/logger_test.go:23	this is a test
2021-05-12T15:02:48.426+0800	error	hello	zapLogger/logger_test.go:23	this is a test
2021-05-12T15:02:48.426+0800	error	hello	zapLogger/logger_test.go:23	this is a test
2021-05-12T15:02:48.426+0800	error	hello	zapLogger/logger_test.go:23	this is a test
2021-05-12T15:02:48.426+0800	error	hello	zapLogger/logger_test.go:23	this is a test
2021-05-12T15:02:48.425+0800	error	hello	zapLogger/logger_test.go:23	this is a test
2021-05-12T15:02:48.426+0800	error	hello	zapLogger/logger_test.go:23	this is a test
2021-05-12T15:02:48.426+0800	error	hello	zapLogger/logger_test.go:23	this is a test
2021-05-12T15:02:48.426+0800	error	hello	zapLogger/logger_test.go:23	this is a test
2021-05-12T15:02:48.426+0800	error	hello	zapLogger/logger_test.go:23	this is a test
2021-05-12T15:02:48.426+0800	error	hello	zapLogger/logger_test.go:23	this is a test
2021-05-12T15:02:48.426+0800	error	hello	zapLogger/logger_test.go:23	this is a test
2021-05-12T15:02:48.426+0800	error	hello	zapLogger/logger_test.go:23	this is a test
2021-05-12T15:02:48.426+0800	error	hello	zapLogger/logger_test.go:23	this is a test
2021-05-12T15:02:48.426+0800	error	hello	zapLogger/logger_test.go:23	this is a test
2021-05-12T15:02:48.426+0800	error	hello	zapLogger/logger_test.go:23	this is a test
2021-05-12T15:02:48.426+0800	error	hello	zapLogger/logger_test.go:23	this is a test
2021-05-12T15:02:48.426+0800	error	hello	zapLogger/logger_test.go:23	this is a test
2021-05-12T15:02:48.426+0800	error	hello	zapLogger/logger_test.go:23	this is a test
2021-05-12T15:02:48.426+0800	error	hello	zapLogger/logger_test.go:23	this is a test
2021-05-12T15:02:48.426+0800	error	hello	zapLogger/logger_test.go:23	this is a test
2021-05-12T15:02:48.426+0800	error	hello	zapLogger/logger_test.go:23	this is a test
2021-05-12T15:02:48.426+0800	error	hello	zapLogger/logger_test.go:23	this is a test
2021-05-12T15:02:48.426+0800	error	hello	zapLogger/logger_test.go:23	this is a test
2021-05-12T15:02:48.426+0800	error	hello	zapLogger/logger_test.go:23	this is a test
2021-05-12T15:02:48.426+0800	error	hello	zapLogger/logger_test.go:23	this is a test
2021-05-12T15:02:48.426+0800	error	hello	zapLogger/logger_test.go:23	this is a test
2021-05-12T15:02:48.426+0800	error	hello	zapLogger/logger_test.go:23	this is a test
2021-05-12T15:02:48.423+0800	error	hello	zapLogger/logger_test.go:23	this is a test
2021-05-12T15:02:48.426+0800	error	hello	zapLogger/logger_test.go:23	this is a test
2021-05-12T15:02:48.426+0800	error	hello	zapLogger/logger_test.go:23	this is a test
2021-05-12T15:02:48.426+0800	error	hello	zapLogger/logger_test.go:23	this is a test
2021-05-12T15:02:48.426+0800	error	hello	zapLogger/logger_test.go:23	this is a test
2021-05-12T15:02:48.426+0800	error	hello	zapLogger/logger_test.go:23	this is a test
2021-05-12T15:02:48.426+0800	error	hello	zapLogger/logger_test.go:23	this is a test
2021-05-12T15:02:48.426+0800	error	hello	zapLogger/logger_test.go:23	this is a test
2021-05-12T15:02:48.426+0800	error	hello	zapLogger/logger_test.go:23	this is a test
2021-05-12T15:02:48.426+0800	error	hello	zapLogger/logger_test.go:23	this is a test
2021-05-12T15:02:48.426+0800	error	hello	zapLogger/logger_test.go:23	this is a test
2021-05-12T15:02:48.426+0800	error	hello	zapLogger/logger_test.go:23	this is a test
2021-05-12T15:02:48.426+0800	error	hello	zapLogger/logger_test.go:23	this is a test
2021-05-12T15:02:48.426+0800	error	hello	zapLogger/logger_test.go:23	this is a test
2021-05-12T15:02:48.426+0800	error	hello	zapLogger/logger_test.go:23	this is a test
2021-05-12T15:02:48.426+0800	error	hello	zapLogger/logger_test.go:23	this is a test
2021-05-12T15:02:48.426+0800	error	hello	zapLogger/logger_test.go:23	this is a test
2021-05-12T15:02:48.426+0800	error	hello	zapLogger/logger_test.go:23	this is a test
2021-05-12T15:02:48.426+0800	error	hello	zapLogger/logger_test.go:23	this is a test
2021-05-12T15:02:48.426+0800	error	hello	zapLogger/logger_test.go:23	this is a test
2021-05-12T15:02:48.426+0800	error	hello	zapLogger/logger_test.go:23	this is a test
2021-05-12T15:02:48.426+0800	error	hello	zapLogger/logger_test.go:23	this is a test
2021-05-12T15:02:48.426+0800	error	hello	zapLogger/logger_test.go:23	this is a test
2021-05-12T15:02:48.426+0800	error	hello	zapLogger/logger_test.go:23	this is a test
2021-05-12T15:02:48.426+0800	error	hello	zapLogger/logger_test.go:23	this is a test
2021-05-12T15:02:48.426+0800	error	hello	zapLogger/logger_test.go:23	this is a test
2021-05-12T15:02:48.425+0800	error	hello	zapLogger/logger_test.go:23	this is a test
2021-05-12T15:02:48.426+0800	error	hello	zapLogger/logger_test.go:23	this is a test
2021-05-12T15:02:48.426+0800	error	hello	zapLogger/logger_test.go:23	this is a test
2021-05-12T15:02:48.427+0800	error	hello	zapLogger/logger_test.go:23	this is a test
2021-05-12T15:02:48.427+0800	error	hello	zapLogger/logger_test.go:23	this is a test
2021-05-12T15:02:48.427+0800	error	hello	zapLogger/logger_test.go:23	this is a test
2021-05-12T15:02:48.427+0800	error	hello	zapLogger/logger_test.go:23	this is a test
2021-05-12T15:02:48.427+0800	error	hello	zapLogger/logger_test.go:23	this is a test
2021-05-12T15:02:48.427+0800	error	hello	zapLogger/logger_test.go:23	this is a test
2021-05-12T15:02:48.427+0800	error	hello	zapLogger/logger_test.go:23	this is a test
2021-05-12T15:02:48.427+0800	error	hello	zapLogger/logger_test.go:23	this is a test
2021-05-12T15:02:48.427+0800	error	hello	zapLogger/logger_test.go:23	this is a test
2021-05-12T15:02:48.427+0800	error	hello	zapLogger/logger_test.go:23	this is a test
2021-05-12T15:02:48.427+0800	error	hello	zapLogger/logger_test.go:23	this is a test
2021-05-12T15:02:48.427+0800	error	hello	zapLogger/logger_test.go:23	this is a test
2021-05-12T15:02:48.427+0800	error	hello	zapLogger/logger_test.go:23	this is a test
2021-05-12T15:02:48.427+0800	error	hello	zapLogger/logger_test.go:23	this is a test
2021-05-12T15:02:48.427+0800	error	hello	zapLogger/logger_test.go:23	this is a test
2021-05-12T15:02:48.427+0800	error	hello	zapLogger/logger_test.go:23	this is a test
2021-05-12T15:02:48.427+0800	error	hello	zapLogger/logger_test.go:23	this is a test
2021-05-12T15:02:48.427+0800	error	hello	zapLogger/logger_test.go:23	this is a test
2021-05-12T15:02:48.427+0800	error	hello	zapLogger/logger_test.go:23	this is a test
2021-05-12T15:02:48.427+0800	error	hello	zapLogger/logger_test.go:23	this is a test
2021-05-12T15:02:48.427+0800	error	hello	zapLogger/logger_test.go:23	this is a test
2021-05-12T15:02:48.427+0800	error	hello	zapLogger/logger_test.go:23	this is a test
2021-05-12T15:02:48.427+0800	error	hello	zapLogger/logger_test.go:23	this is a test
2021-05-12T15:02:48.427+0800	error	hello	zapLogger/logger_test.go:23	this is a test
2021-05-12T15:02:48.427+0800	error	hello	zapLogger/logger_test.go:23	this is a test
2021-05-12T15:02:48.427+0800	error	hello	zapLogger/logger_test.go:23	this is a test
2021-05-12T15:02:48.427+0800	error	hello	zapLogger/logger_test.go:23	this is a test
2021-05-12T15:02:48.427+0800	error	hello	zapLogger/logger_test.go:23	this is a test
2021-05-12T15:02:48.427+0800	error	hello	zapLogger/logger_test.go:23	this is a test
2021-05-12T15:02:48.427+0800	error	hello	zapLogger/logger_test.go:23	this is a test
2021-05-12T15:02:48.427+0800	error	hello	zapLogger/logger_test.go:23	this is a test
2021-05-12T15:02:48.427+0800	error	hello	zapLogger/logger_test.go:23	this is a test
2021-05-12T15:02:48.427+0800	error	hello	zapLogger/logger_test.go:23	this is a test
2021-05-12T15:02:48.427+0800	error	hello	zapLogger/logger_test.go:23	this is a test
2021-05-12T15:02:48.427+0800	error	hello	zapLogger/logger_test.go:23	this is a test
2021-05-12T15:02:48.427+0800	error	hello	zapLogger/logger_test.go:23	this is a test
2021-05-12T15:02:48.427+0800	error	hello	zapLogger/logger_test.go:23	this is a test
2021-05-12T15:02:48.427+0800	error	hello	zapLogger/logger_test.go:23	this is a test
2021-05-12T15:02:48.427+0800	error	hello	zapLogger/logger_test.go:23	this is a test
2021-05-12T15:02:48.427+0800	error	hello	zapLogger/logger_test.go:23	this is a test
2021-05-12T15:02:48.427+0800	error	hello	zapLogger/logger_test.go:23	this is a test
2021-05-12T15:02:48.427+0800	error	hello	zapLogger/logger_test.go:23	this is a test
2021-05-12T15:02:48.427+0800	error	hello	zapLogger/logger_test.go:23	this is a test
2021-05-12T15:02:48.427+0800	error	hello	zapLogger/logger_test.go:23	this is a test
2021-05-12T15:02:48.427+0800	error	hello	zapLogger/logger_test.go:23	this is a test
2021-05-12T15:02:48.427+0800	error	hello	zapLogger/logger_test.go:23	this is a test
2021-05-12T15:02:48.425+0800	error	hello	zapLogger/logger_test.go:23	this is a test
2021-05-12T15:02:48.427+0800	error	hello	zapLogger/logger_test.go:23	this is a test
2021-05-12T15:02:48.427+0800	error	hello	zapLogger/logger_test.go:23	this is a test
2021-05-12T15:02:48.427+0800	error	hello	zapLogger/logger_test.go:23	this is a test
2021-05-12T15:02:48.427+0800	error	hello	zapLogger/logger_test.go:23	this is a test
2021-05-12T15:02:48.427+0800	error	hello	zapLogger/logger_test.go:23	this is a test
2021-05-12T15:02:48.427+0800	error	hello	zapLogger/logger_test.go:23	this is a test
2021-05-12T15:02:48.427+0800	error	hello	zapLogger/logger_test.go:23	this is a test
2021-05-12T15:02:48.427+0800	error	hello	zapLogger/logger_test.go:23	this is a test
2021-05-12T15:02:48.427+0800	error	hello	zapLogger/logger_test.go:23	this is a test
2021-05-12T15:02:48.427+0800	error	hello	zapLogger/logger_test.go:23	this is a test
2021-05-12T15:02:48.427+0800	error	hello	zapLogger/logger_test.go:23	this is a test
2021-05-12T15:02:48.427+0800	error	hello	zapLogger/logger_test.go:23	this is a test
2021-05-12T15:02:48.427+0800	error	hello	zapLogger/logger_test.go:23	this is a test
2021-05-12T15:02:48.427+0800	error	hello	zapLogger/logger_test.go:23	this is a test
2021-05-12T15:02:48.427+0800	error	hello	zapLogger/logger_test.go:23	this is a test
2021-05-12T15:02:48.427+0800	error	hello	zapLogger/logger_test.go:23	this is a test
2021-05-12T15:02:48.427+0800	error	hello	zapLogger/logger_test.go:23	this is a test
2021-05-12T15:02:48.427+0800	error	hello	zapLogger/logger_test.go:23	this is a test
2021-05-12T15:02:48.427+0800	error	hello	zapLogger/logger_test.go:23	this is a test
2021-05-12T15:02:48.427+0800	error	hello	zapLogger/logger_test.go:23	this is a test
2021-05-12T15:02:48.427+0800	error	hello	zapLogger/logger_test.go:23	this is a test
2021-05-12T15:02:48.427+0800	error	hello	zapLogger/logger_test.go:23	this is a test
2021-05-12T15:02:48.427+0800	error	hello	zapLogger/logger_test.go:23	this is a test
2021-05-12T15:02:48.427+0800	error	hello	zapLogger/logger_test.go:23	this is a test
2021-05-12T15:02:48.427+0800	error	hello	zapLogger/logger_test.go:23	this is a test
2021-05-12T15:02:48.427+0800	error	hello	zapLogger/logger_test.go:23	this is a test
2021-05-12T15:02:48.427+0800	error	hello	zapLogger/logger_test.go:23	this is a test
2021-05-12T15:02:48.427+0800	error	hello	zapLogger/logger_test.go:23	this is a test
2021-05-12T15:02:48.427+0800	error	hello	zapLogger/logger_test.go:23	this is a test
2021-05-12T15:02:48.427+0800	error	hello	zapLogger/logger_test.go:23	this is a test
2021-05-12T15:02:48.427+0800	error	hello	zapLogger/logger_test.go:23	this is a test
2021-05-12T15:02:48.427+0800	error	hello	zapLogger/logger_test.go:23	this is a test
2021-05-12T15:02:48.427+0800	error	hello	zapLogger/logger_test.go:23	this is a test
2021-05-12T15:02:48.427+0800	error	hello	zapLogger/logger_test.go:23	this is a test
2021-05-12T15:02:48.427+0800	error	hello	zapLogger/logger_test.go:23	this is a test
2021-05-12T15:02:48.427+0800	error	hello	zapLogger/logger_test.go:23	this is a test
2021-05-12T15:02:48.427+0800	error	hello	zapLogger/logger_test.go:23	this is a test
2021-05-12T15:02:48.427+0800	error	hello	zapLogger/logger_test.go:23	this is a test
2021-05-12T15:02:48.427+0800	error	hello	zapLogger/logger_test.go:23	this is a test
2021-05-12T15:02:48.427+0800	error	hello	zapLogger/logger_test.go:23	this is a test
2021-05-12T15:02:48.427+0800	error	hello	zapLogger/logger_test.go:23	this is a test
2021-05-12T15:02:48.427+0800	error	hello	zapLogger/logger_test.go:23	this is a test
2021-05-12T15:02:48.427+0800	error	hello	zapLogger/logger_test.go:23	this is a test
2021-05-12T15:02:48.427+0800	error	hello	zapLogger/logger_test.go:23	this is a test
2021-05-12T15:02:48.427+0800	error	hello	zapLogger/logger_test.go:23	this is a test
2021-05-12T15:02:48.427+0800	error	hello	zapLogger/logger_test.go:23	this is a test
2021-05-12T15:02:48.427+0800	error	hello	zapLogger/logger_test.go:23	this is a test
2021-05-12T15:02:48.427+0800	error	hello	zapLogger/logger_test.go:23	this is a test
2021-05-12T15:02:48.426+0800	error	hello	zapLogger/logger_test.go:23	this is a test
2021-05-12T15:02:48.427+0800	error	hello	zapLogger/logger_test.go:23	this is a test
2021-05-12T15:02:48.427+0800	error	hello	zapLogger/logger_test.go:23	this is a test
2021-05-12T15:02:48.427+0800	error	hello	zapLogger/logger_test.go:23	this is a test
2021-05-12T15:02:48.427+0800	error	hello	zapLogger/logger_test.go:23	this is a test
2021-05-12T15:02:48.427+0800	error	hello	zapLogger/logger_test.go:23	this is a test
2021-05-12T15:02:48.427+0800	error	hello	zapLogger/logger_test.go:23	this is a test
2021-05-12T15:02:48.427+0800	error	hello	zapLogger/logger_test.go:23	this is a test
2021-05-12T15:02:48.425+0800	error	hello	zapLogger/logger_test.go:23	this is a test
2021-05-12T15:02:48.427+0800	error	hello	zapLogger/logger_test.go:23	this is a test
2021-05-12T15:02:48.427+0800	error	hello	zapLogger/logger_test.go:23	this is a test
2021-05-12T15:02:48.427+0800	error	hello	zapLogger/logger_test.go:23	this is a test
2021-05-12T15:02:48.427+0800	error	hello	zapLogger/logger_test.go:23	this is a test
2021-05-12T15:02:48.427+0800	error	hello	zapLogger/logger_test.go:23	this is a test
2021-05-12T15:02:48.427+0800	error	hello	zapLogger/logger_test.go:23	this is a test
2021-05-12T15:02:48.427+0800	error	hello	zapLogger/logger_test.go:23	this is a test
2021-05-12T15:02:48.427+0800	error	hello	zapLogger/logger_test.go:23	this is a test
2021-05-12T15:02:48.427+0800	error	hello	zapLogger/logger_test.go:23	this is a test
2021-05-12T15:02:48.427+0800	error	hello	zapLogger/logger_test.go:23	this is a test
2021-05-12T15:02:48.427+0800	error	hello	zapLogger/logger_test.go:23	this is a test
2021-05-12T15:02:48.427+0800	error	hello	zapLogger/logger_test.go:23	this is a test
2021-05-12T15:02:48.427+0800	error	hello	zapLogger/logger_test.go:23	this is a test
2021-05-12T15:02:48.427+0800	error	hello	zapLogger/logger_test.go:23	this is a test
2021-05-12T15:02:48.427+0800	error	hello	zapLogger/logger_test.go:23	this is a test
2021-05-12T15:02:48.427+0800	error	hello	zapLogger/logger_test.go:23	this is a test
2021-05-12T15:02:48.427+0800	error	hello	zapLogger/logger_test.go:23	this is a test
2021-05-12T15:02:48.427+0800	error	hello	zapLogger/logger_test.go:23	this is a test
2021-05-12T15:02:48.427+0800	error	hello	zapLogger/logger_test.go:23	this is a test
2021-05-12T15:02:48.427+0800	error	hello	zapLogger/logger_test.go:23	this is a test
2021-05-12T15:02:48.427+0800	error	hello	zapLogger/logger_test.go:23	this is a test
2021-05-12T15:02:48.427+0800	error	hello	zapLogger/logger_test.go:23	this is a test
2021-05-12T15:02:48.427+0800	error	hello	zapLogger/logger_test.go:23	this is a test
2021-05-12T15:02:48.427+0800	error	hello	zapLogger/logger_test.go:23	this is a test
2021-05-12T15:02:48.427+0800	error	hello	zapLogger/logger_test.go:23	this is a test
2021-05-12T15:02:48.427+0800	error	hello	zapLogger/logger_test.go:23	this is a test
2021-05-12T15:02:48.427+0800	error	hello	zapLogger/logger_test.go:23	this is a test
2021-05-12T15:02:48.427+0800	error	hello	zapLogger/logger_test.go:23	this is a test
2021-05-12T15:02:48.427+0800	error	hello	zapLogger/logger_test.go:23	this is a test
2021-05-12T15:02:48.427+0800	error	hello	zapLogger/logger_test.go:23	this is a test
2021-05-12T15:02:48.427+0800	error	hello	zapLogger/logger_test.go:23	this is a test
2021-05-12T15:02:48.427+0800	error	hello	zapLogger/logger_test.go:23	this is a test
2021-05-12T15:02:48.427+0800	error	hello	zapLogger/logger_test.go:23	this is a test
2021-05-12T15:02:48.427+0800	error	hello	zapLogger/logger_test.go:23	this is a test
2021-05-12T15:02:48.427+0800	error	hello	zapLogger/logger_test.go:23	this is a test
2021-05-12T15:02:48.427+0800	error	hello	zapLogger/logger_test.go:23	this is a test
2021-05-12T15:02:48.427+0800	error	hello	zapLogger/logger_test.go:23	this is a test
2021-05-12T15:02:48.427+0800	error	hello	zapLogger/logger_test.go:23	this is a test
2021-05-12T15:02:48.427+0800	error	hello	zapLogger/logger_test.go:23	this is a test
2021-05-12T15:02:48.427+0800	error	hello	zapLogger/logger_test.go:23	this is a test
2021-05-12T15:02:48.427+0800	error	hello	zapLogger/logger_test.go:23	this is a test
2021-05-12T15:02:48.427+0800	error	hello	zapLogger/logger_test.go:23	this is a test
2021-05-12T15:02:48.427+0800	error	hello	zapLogger/logger_test.go:23	this is a test
2021-05-12T15:02:48.427+0800	error	hello	zapLogger/logger_test.go:23	this is a test
2021-05-12T15:02:48.427+0800	error	hello	zapLogger/logger_test.go:23	this is a test
2021-05-12T15:02:48.427+0800	error	hello	zapLogger/logger_test.go:23	this is a test
2021-05-12T15:02:48.427+0800	error	hello	zapLogger/logger_test.go:23	this is a test
2021-05-12T15:02:48.427+0800	error	hello	zapLogger/logger_test.go:23	this is a test
2021-05-12T15:02:48.427+0800	error	hello	zapLogger/logger_test.go:23	this is a test
2021-05-12T15:02:48.427+0800	error	hello	zapLogger/logger_test.go:23	this is a test
2021-05-12T15:02:48.427+0800	error	hello	zapLogger/logger_test.go:23	this is a test
2021-05-12T15:02:48.427+0800	error	hello	zapLogger/logger_test.go:23	this is a test
2021-05-12T15:02:48.427+0800	error	hello	zapLogger/logger_test.go:23	this is a test
2021-05-12T15:02:48.427+0800	error	hello	zapLogger/logger_test.go:23	this is a test
2021-05-12T15:02:48.427+0800	error	hello	zapLogger/logger_test.go:23	this is a test
2021-05-12T15:02:48.427+0800	error	hello	zapLogger/logger_test.go:23	this is a test
2021-05-12T15:02:48.427+0800	error	hello	zapLogger/logger_test.go:23	this is a test
2021-05-12T15:02:48.427+0800	error	hello	zapLogger/logger_test.go:23	this is a test
2021-05-12T15:02:48.427+0800	error	hello	zapLogger/logger_test.go:23	this is a test
2021-05-12T15:02:48.427+0800	error	hello	zapLogger/logger_test.go:23	this is a test
2021-05-12T15:02:48.427+0800	error	hello	zapLogger/logger_test.go:23	this is a test
2021-05-12T15:02:48.425+0800	error	hello	zapLogger/logger_test.go:23	this is a test
2021-05-12T15:02:48.427+0800	error	hello	zapLogger/logger_test.go:23	this is a test
2021-05-12T15:02:48.427+0800	error	hello	zapLogger/logger_test.go:23	this is a test
2021-05-12T15:02:48.427+0800	error	hello	zapLogger/logger_test.go:23	this is a test
2021-05-12T15:02:48.427+0800	error	hello	zapLogger/logger_test.go:23	this is a test
2021-05-12T15:02:48.427+0800	error	hello	zapLogger/logger_test.go:23	this is a test
2021-05-12T15:02:48.427+0800	error	hello	zapLogger/logger_test.go:23	this is a test
2021-05-12T15:02:48.427+0800	error	hello	zapLogger/logger_test.go:23	this is a test
2021-05-12T15:02:48.427+0800	error	hello	zapLogger/logger_test.go:23	this is a test
2021-05-12T15:02:48.427+0800	error	hello	zapLogger/logger_test.go:23	this is a test
2021-05-12T15:02:48.427+0800	error	hello	zapLogger/logger_test.go:23	this is a test
2021-05-12T15:02:48.427+0800	error	hello	zapLogger/logger_test.go:23	this is a test
2021-05-12T15:02:48.427+0800	error	hello	zapLogger/logger_test.go:23	this is a test
2021-05-12T15:02:48.427+0800	error	hello	zapLogger/logger_test.go:23	this is a test
2021-05-12T15:02:48.427+0800	error	hello	zapLogger/logger_test.go:23	this is a test
2021-05-12T15:02:48.427+0800	error	hello	zapLogger/logger_test.go:23	this is a test
2021-05-12T15:02:48.428+0800	error	hello	zapLogger/logger_test.go:23	this is a test
2021-05-12T15:02:48.428+0800	error	hello	zapLogger/logger_test.go:23	this is a test
2021-05-12T15:02:48.428+0800	error	hello	zapLogger/logger_test.go:23	this is a test
2021-05-12T15:02:48.428+0800	error	hello	zapLogger/logger_test.go:23	this is a test
2021-05-12T15:02:48.428+0800	error	hello	zapLogger/logger_test.go:23	this is a test
2021-05-12T15:02:48.428+0800	error	hello	zapLogger/logger_test.go:23	this is a test
2021-05-12T15:02:48.428+0800	error	hello	zapLogger/logger_test.go:23	this is a test
2021-05-12T15:02:48.428+0800	error	hello	zapLogger/logger_test.go:23	this is a test
2021-05-12T15:02:48.428+0800	error	hello	zapLogger/logger_test.go:23	this is a test
2021-05-12T15:02:48.428+0800	error	hello	zapLogger/logger_test.go:23	this is a test
2021-05-12T15:02:48.428+0800	error	hello	zapLogger/logger_test.go:23	this is a test
2021-05-12T15:02:48.425+0800	error	hello	zapLogger/logger_test.go:23	this is a test
2021-05-12T15:02:48.428+0800	error	hello	zapLogger/logger_test.go:23	this is a test
2021-05-12T15:02:48.428+0800	error	hello	zapLogger/logger_test.go:23	this is a test
2021-05-12T15:02:48.428+0800	error	hello	zapLogger/logger_test.go:23	this is a test
2021-05-12T15:02:48.428+0800	error	hello	zapLogger/logger_test.go:23	this is a test
2021-05-12T15:02:48.428+0800	error	hello	zapLogger/logger_test.go:23	this is a test
2021-05-12T15:02:48.428+0800	error	hello	zapLogger/logger_test.go:23	this is a test
2021-05-12T15:02:48.428+0800	error	hello	zapLogger/logger_test.go:23	this is a test
2021-05-12T15:02:48.428+0800	error	hello	zapLogger/logger_test.go:23	this is a test
2021-05-12T15:02:48.428+0800	error	hello	zapLogger/logger_test.go:23	this is a test
2021-05-12T15:02:48.428+0800	error	hello	zapLogger/logger_test.go:23	this is a test
2021-05-12T15:02:48.428+0800	error	hello	zapLogger/logger_test.go:23	this is a test
2021-05-12T15:02:48.428+0800	error	hello	zapLogger/logger_test.go:23	this is a test
2021-05-12T15:02:48.428+0800	error	hello	zapLogger/logger_test.go:23	this is a test
2021-05-12T15:02:48.428+0800	error	hello	zapLogger/logger_test.go:23	this is a test
2021-05-12T15:02:48.428+0800	error	hello	zapLogger/logger_test.go:23	this is a test
2021-05-12T15:02:48.428+0800	error	hello	zapLogger/logger_test.go:23	this is a test
2021-05-12T15:02:48.428+0800	error	hello	zapLogger/logger_test.go:23	this is a test
2021-05-12T15:02:48.428+0800	error	hello	zapLogger/logger_test.go:23	this is a test
2021-05-12T15:02:48.428+0800	error	hello	zapLogger/logger_test.go:23	this is a test
2021-05-12T15:02:48.426+0800	error	hello	zapLogger/logger_test.go:23	this is a test
2021-05-12T15:02:48.428+0800	error	hello	zapLogger/logger_test.go:23	this is a test
2021-05-12T15:02:48.428+0800	error	hello	zapLogger/logger_test.go:23	this is a test
2021-05-12T15:02:48.428+0800	error	hello	zapLogger/logger_test.go:23	this is a test
2021-05-12T15:02:48.428+0800	error	hello	zapLogger/logger_test.go:23	this is a test
2021-05-12T15:02:48.428+0800	error	hello	zapLogger/logger_test.go:23	this is a test
2021-05-12T15:02:48.428+0800	error	hello	zapLogger/logger_test.go:23	this is a test
2021-05-12T15:02:48.428+0800	error	hello	zapLogger/logger_test.go:23	this is a test
2021-05-12T15:02:48.428+0800	error	hello	zapLogger/logger_test.go:23	this is a test
2021-05-12T15:02:48.428+0800	error	hello	zapLogger/logger_test.go:23	this is a test
2021-05-12T15:02:48.428+0800	error	hello	zapLogger/logger_test.go:23	this is a test
2021-05-12T15:02:48.428+0800	error	hello	zapLogger/logger_test.go:23	this is a test
2021-05-12T15:02:48.428+0800	error	hello	zapLogger/logger_test.go:23	this is a test
2021-05-12T15:02:48.428+0800	error	hello	zapLogger/logger_test.go:23	this is a test
2021-05-12T15:02:48.428+0800	error	hello	zapLogger/logger_test.go:23	this is a test
2021-05-12T15:02:48.428+0800	error	hello	zapLogger/logger_test.go:23	this is a test
2021-05-12T15:02:48.428+0800	error	hello	zapLogger/logger_test.go:23	this is a test
2021-05-12T15:02:48.428+0800	error	hello	zapLogger/logger_test.go:23	this is a test
2021-05-12T15:02:48.428+0800	error	hello	zapLogger/logger_test.go:23	this is a test
2021-05-12T15:02:48.428+0800	error	hello	zapLogger/logger_test.go:23	this is a test
2021-05-12T15:02:48.428+0800	error	hello	zapLogger/logger_test.go:23	this is a test
2021-05-12T15:02:48.428+0800	error	hello	zapLogger/logger_test.go:23	this is a test
2021-05-12T15:02:48.428+0800	error	hello	zapLogger/logger_test.go:23	this is a test
2021-05-12T15:02:48.428+0800	error	hello	zapLogger/logger_test.go:23	this is a test
2021-05-12T15:02:48.428+0800	error	hello	zapLogger/logger_test.go:23	this is a test
2021-05-12T15:02:48.428+0800	error	hello	zapLogger/logger_test.go:23	this is a test
2021-05-12T15:02:48.428+0800	error	hello	zapLogger/logger_test.go:23	this is a test
2021-05-12T15:02:48.428+0800	error	hello	zapLogger/logger_test.go:23	this is a test
2021-05-12T15:02:48.428+0800	error	hello	zapLogger/logger_test.go:23	this is a test
2021-05-12T15:02:48.426+0800	error	hello	zapLogger/logger_test.go:23	this is a test
2021-05-12T15:02:48.428+0800	error	hello	zapLogger/logger_test.go:23	this is a test
2021-05-12T15:02:48.428+0800	error	hello	zapLogger/logger_test.go:23	this is a test
2021-05-12T15:02:48.428+0800	error	hello	zapLogger/logger_test.go:23	this is a test
2021-05-12T15:02:48.428+0800	error	hello	zapLogger/logger_test.go:23	this is a test
2021-05-12T15:02:48.428+0800	error	hello	zapLogger/logger_test.go:23	this is a test
2021-05-12T15:02:48.428+0800	error	hello	zapLogger/logger_test.go:23	this is a test
2021-05-12T15:02:48.428+0800	error	hello	zapLogger/logger_test.go:23	this is a test
2021-05-12T15:02:48.428+0800	error	hello	zapLogger/logger_test.go:23	this is a test
2021-05-12T15:02:48.428+0800	error	hello	zapLogger/logger_test.go:23	this is a test
2021-05-12T15:02:48.428+0800	error	hello	zapLogger/logger_test.go:23	this is a test
2021-05-12T15:02:48.428+0800	error	hello	zapLogger/logger_test.go:23	this is a test
2021-05-12T15:02:48.428+0800	error	hello	zapLogger/logger_test.go:23	this is a test
2021-05-12T15:02:48.428+0800	error	hello	zapLogger/logger_test.go:23	this is a test
2021-05-12T15:02:48.428+0800	error	hello	zapLogger/logger_test.go:23	this is a test
2021-05-12T15:02:48.428+0800	error	hello	zapLogger/logger_test.go:23	this is a test
2021-05-12T15:02:48.428+0800	error	hello	zapLogger/logger_test.go:23	this is a test
2021-05-12T15:02:48.428+0800	error	hello	zapLogger/logger_test.go:23	this is a test
2021-05-12T15:02:48.428+0800	error	hello	zapLogger/logger_test.go:23	this is a test
2021-05-12T15:02:48.428+0800	error	hello	zapLogger/logger_test.go:23	this is a test
2021-05-12T15:02:48.428+0800	error	hello	zapLogger/logger_test.go:23	this is a test
2021-05-12T15:02:48.428+0800	error	hello	zapLogger/logger_test.go:23	this is a test
2021-05-12T15:02:48.428+0800	error	hello	zapLogger/logger_test.go:23	this is a test
2021-05-12T15:02:48.428+0800	error	hello	zapLogger/logger_test.go:23	this is a test
2021-05-12T15:02:48.428+0800	error	hello	zapLogger/logger_test.go:23	this is a test
2021-05-12T15:02:48.428+0800	error	hello	zapLogger/logger_test.go:23	this is a test
2021-05-12T15:02:48.428+0800	error	hello	zapLogger/logger_test.go:23	this is a test
2021-05-12T15:02:48.428+0800	error	hello	zapLogger/logger_test.go:23	this is a test
2021-05-12T15:02:48.428+0800	error	hello	zapLogger/logger_test.go:23	this is a test
2021-05-12T15:02:48.428+0800	error	hello	zapLogger/logger_test.go:23	this is a test
2021-05-12T15:02:48.428+0800	error	hello	zapLogger/logger_test.go:23	this is a test
2021-05-12T15:02:48.428+0800	error	hello	zapLogger/logger_test.go:23	this is a test
2021-05-12T15:02:48.428+0800	error	hello	zapLogger/logger_test.go:23	this is a test
2021-05-12T15:02:48.428+0800	error	hello	zapLogger/logger_test.go:23	this is a test
2021-05-12T15:02:48.428+0800	error	hello	zapLogger/logger_test.go:23	this is a test
2021-05-12T15:02:48.428+0800	error	hello	zapLogger/logger_test.go:23	this is a test
2021-05-12T15:02:48.428+0800	error	hello	zapLogger/logger_test.go:23	this is a test
2021-05-12T15:02:48.428+0800	error	hello	zapLogger/logger_test.go:23	this is a test
2021-05-12T15:02:48.428+0800	error	hello	zapLogger/logger_test.go:23	this is a test
2021-05-12T15:02:48.428+0800	error	hello	zapLogger/logger_test.go:23	this is a test
2021-05-12T15:02:48.428+0800	error	hello	zapLogger/logger_test.go:23	this is a test
2021-05-12T15:02:48.428+0800	error	hello	zapLogger/logger_test.go:23	this is a test
2021-05-12T15:02:48.428+0800	error	hello	zapLogger/logger_test.go:23	this is a test
2021-05-12T15:02:48.428+0800	error	hello	zapLogger/logger_test.go:23	this is a test
2021-05-12T15:02:48.428+0800	error	hello	zapLogger/logger_test.go:23	this is a test
2021-05-12T15:02:48.428+0800	error	hello	zapLogger/logger_test.go:23	this is a test
2021-05-12T15:02:48.428+0800	error	hello	zapLogger/logger_test.go:23	this is a test
2021-05-12T15:02:48.428+0800	error	hello	zapLogger/logger_test.go:23	this is a test
2021-05-12T15:02:48.428+0800	error	hello	zapLogger/logger_test.go:23	this is a test
2021-05-12T15:02:48.427+0800	error	hello	zapLogger/logger_test.go:23	this is a test
2021-05-12T15:02:48.428+0800	error	hello	zapLogger/logger_test.go:23	this is a test
2021-05-12T15:02:48.428+0800	error	hello	zapLogger/logger_test.go:23	this is a test
2021-05-12T15:02:48.428+0800	error	hello	zapLogger/logger_test.go:23	this is a test
2021-05-12T15:02:48.428+0800	error	hello	zapLogger/logger_test.go:23	this is a test
2021-05-12T15:02:48.428+0800	error	hello	zapLogger/logger_test.go:23	this is a test
2021-05-12T15:02:48.428+0800	error	hello	zapLogger/logger_test.go:23	this is a test
2021-05-12T15:02:48.428+0800	error	hello	zapLogger/logger_test.go:23	this is a test
2021-05-12T15:02:48.428+0800	error	hello	zapLogger/logger_test.go:23	this is a test
2021-05-12T15:02:48.428+0800	error	hello	zapLogger/logger_test.go:23	this is a test
2021-05-12T15:02:48.428+0800	error	hello	zapLogger/logger_test.go:23	this is a test
2021-05-12T15:02:48.428+0800	error	hello	zapLogger/logger_test.go:23	this is a test
2021-05-12T15:02:48.428+0800	error	hello	zapLogger/logger_test.go:23	this is a test
2021-05-12T15:02:48.428+0800	error	hello	zapLogger/logger_test.go:23	this is a test
2021-05-12T15:02:48.428+0800	error	hello	zapLogger/logger_test.go:23	this is a test
2021-05-12T15:02:48.428+0800	error	hello	zapLogger/logger_test.go:23	this is a test
2021-05-12T15:02:48.428+0800	error	hello	zapLogger/logger_test.go:23	this is a test
2021-05-12T15:02:48.428+0800	error	hello	zapLogger/logger_test.go:23	this is a test
2021-05-12T15:02:48.428+0800	error	hello	zapLogger/logger_test.go:23	this is a test
2021-05-12T15:02:48.428+0800	error	hello	zapLogger/logger_test.go:23	this is a test
2021-05-12T15:02:48.428+0800	error	hello	zapLogger/logger_test.go:23	this is a test
2021-05-12T15:02:48.428+0800	error	hello	zapLogger/logger_test.go:23	this is a test
2021-05-12T15:02:48.428+0800	error	hello	zapLogger/logger_test.go:23	this is a test
2021-05-12T15:02:48.428+0800	error	hello	zapLogger/logger_test.go:23	this is a test
2021-05-12T15:02:48.428+0800	error	hello	zapLogger/logger_test.go:23	this is a test
2021-05-12T15:02:48.428+0800	error	hello	zapLogger/logger_test.go:23	this is a test
2021-05-12T15:02:48.428+0800	error	hello	zapLogger/logger_test.go:23	this is a test
2021-05-12T15:02:48.428+0800	error	hello	zapLogger/logger_test.go:23	this is a test
2021-05-12T15:02:48.428+0800	error	hello	zapLogger/logger_test.go:23	this is a test
2021-05-12T15:02:48.428+0800	error	hello	zapLogger/logger_test.go:23	this is a test
2021-05-12T15:02:48.428+0800	error	hello	zapLogger/logger_test.go:23	this is a test
2021-05-12T15:02:48.428+0800	error	hello	zapLogger/logger_test.go:23	this is a test
2021-05-12T15:02:48.428+0800	error	hello	zapLogger/logger_test.go:23	this is a test
2021-05-12T15:02:48.428+0800	error	hello	zapLogger/logger_test.go:23	this is a test
2021-05-12T15:02:48.428+0800	error	hello	zapLogger/logger_test.go:23	this is a test
2021-05-12T15:02:48.428+0800	error	hello	zapLogger/logger_test.go:23	this is a test
2021-05-12T15:02:48.428+0800	error	hello	zapLogger/logger_test.go:23	this is a test
2021-05-12T15:02:48.428+0800	error	hello	zapLogger/logger_test.go:23	this is a test
2021-05-12T15:02:48.428+0800	error	hello	zapLogger/logger_test.go:23	this is a test
2021-05-12T15:02:48.428+0800	error	hello	zapLogger/logger_test.go:23	this is a test
2021-05-12T15:02:48.428+0800	error	hello	zapLogger/logger_test.go:23	this is a test
2021-05-12T15:02:48.428+0800	error	hello	zapLogger/logger_test.go:23	this is a test
2021-05-12T15:02:48.428+0800	error	hello	zapLogger/logger_test.go:23	this is a test
2021-05-12T15:02:48.428+0800	error	hello	zapLogger/logger_test.go:23	this is a test
2021-05-12T15:02:48.428+0800	error	hello	zapLogger/logger_test.go:23	this is a test
2021-05-12T15:02:48.428+0800	error	hello	zapLogger/logger_test.go:23	this is a test
2021-05-12T15:02:48.428+0800	error	hello	zapLogger/logger_test.go:23	this is a test
2021-05-12T15:02:48.428+0800	error	hello	zapLogger/logger_test.go:23	this is a test
2021-05-12T15:02:48.428+0800	error	hello	zapLogger/logger_test.go:23	this is a test
2021-05-12T15:02:48.428+0800	error	hello	zapLogger/logger_test.go:23	this is a test
2021-05-12T15:02:48.428+0800	error	hello	zapLogger/logger_test.go:23	this is a test
2021-05-12T15:02:48.428+0800	error	hello	zapLogger/logger_test.go:23	this is a test
2021-05-12T15:02:48.428+0800	error	hello	zapLogger/logger_test.go:23	this is a test
2021-05-12T15:02:48.428+0800	error	hello	zapLogger/logger_test.go:23	this is a test
2021-05-12T15:02:48.428+0800	error	hello	zapLogger/logger_test.go:23	this is a test
2021-05-12T15:02:48.428+0800	error	hello	zapLogger/logger_test.go:23	this is a test
2021-05-12T15:02:48.428+0800	error	hello	zapLogger/logger_test.go:23	this is a test
2021-05-12T15:02:48.428+0800	error	hello	zapLogger/logger_test.go:23	this is a test
2021-05-12T15:02:48.428+0800	error	hello	zapLogger/logger_test.go:23	this is a test
2021-05-12T15:02:48.428+0800	error	hello	zapLogger/logger_test.go:23	this is a test
2021-05-12T15:02:48.428+0800	error	hello	zapLogger/logger_test.go:23	this is a test
2021-05-12T15:02:48.428+0800	error	hello	zapLogger/logger_test.go:23	this is a test
2021-05-12T15:02:48.428+0800	error	hello	zapLogger/logger_test.go:23	this is a test
2021-05-12T15:02:48.428+0800	error	hello	zapLogger/logger_test.go:23	this is a test
2021-05-12T15:02:48.428+0800	error	hello	zapLogger/logger_test.go:23	this is a test
2021-05-12T15:02:48.428+0800	error	hello	zapLogger/logger_test.go:23	this is a test
2021-05-12T15:02:48.428+0800	error	hello	zapLogger/logger_test.go:23	this is a test
2021-05-12T15:02:48.428+0800	error	hello	zapLogger/logger_test.go:23	this is a test
2021-05-12T15:02:48.428+0800	error	hello	zapLogger/logger_test.go:23	this is a test
2021-05-12T15:02:48.428+0800	error	hello	zapLogger/logger_test.go:23	this is a test
2021-05-12T15:02:48.428+0800	error	hello	zapLogger/logger_test.go:23	this is a test
2021-05-12T15:02:48.428+0800	error	hello	zapLogger/logger_test.go:23	this is a test
2021-05-12T15:02:48.428+0800	error	hello	zapLogger/logger_test.go:23	this is a test
2021-05-12T15:02:48.428+0800	error	hello	zapLogger/logger_test.go:23	this is a test
2021-05-12T15:02:48.428+0800	error	hello	zapLogger/logger_test.go:23	this is a test
2021-05-12T15:02:48.428+0800	error	hello	zapLogger/logger_test.go:23	this is a test
2021-05-12T15:02:48.428+0800	error	hello	zapLogger/logger_test.go:23	this is a test
2021-05-12T15:02:48.428+0800	error	hello	zapLogger/logger_test.go:23	this is a test
2021-05-12T15:02:48.428+0800	error	hello	zapLogger/logger_test.go:23	this is a test
2021-05-12T15:02:48.428+0800	error	hello	zapLogger/logger_test.go:23	this is a test
2021-05-12T15:02:48.429+0800	error	hello	zapLogger/logger_test.go:23	this is a test
2021-05-12T15:02:48.429+0800	error	hello	zapLogger/logger_test.go:23	this is a test
2021-05-12T15:02:48.429+0800	error	hello	zapLogger/logger_test.go:23	this is a test
2021-05-12T15:02:48.429+0800	error	hello	zapLogger/logger_test.go:23	this is a test
2021-05-12T15:02:48.429+0800	error	hello	zapLogger/logger_test.go:23	this is a test
2021-05-12T15:02:48.429+0800	error	hello	zapLogger/logger_test.go:23	this is a test
2021-05-12T15:02:48.429+0800	error	hello	zapLogger/logger_test.go:23	this is a test
2021-05-12T15:02:48.429+0800	error	hello	zapLogger/logger_test.go:23	this is a test
2021-05-12T15:02:48.429+0800	error	hello	zapLogger/logger_test.go:23	this is a test
2021-05-12T15:02:48.429+0800	error	hello	zapLogger/logger_test.go:23	this is a test
2021-05-12T15:02:48.429+0800	error	hello	zapLogger/logger_test.go:23	this is a test
2021-05-12T15:02:48.429+0800	error	hello	zapLogger/logger_test.go:23	this is a test
2021-05-12T15:02:48.429+0800	error	hello	zapLogger/logger_test.go:23	this is a test
2021-05-12T15:02:48.429+0800	error	hello	zapLogger/logger_test.go:23	this is a test
2021-05-12T15:02:48.429+0800	error	hello	zapLogger/logger_test.go:23	this is a test
2021-05-12T15:02:48.429+0800	error	hello	zapLogger/logger_test.go:23	this is a test
2021-05-12T15:02:48.429+0800	error	hello	zapLogger/logger_test.go:23	this is a test
2021-05-12T15:02:48.428+0800	error	hello	zapLogger/logger_test.go:23	this is a test
2021-05-12T15:02:48.429+0800	error	hello	zapLogger/logger_test.go:23	this is a test
2021-05-12T15:02:48.429+0800	error	hello	zapLogger/logger_test.go:23	this is a test
2021-05-12T15:02:48.429+0800	error	hello	zapLogger/logger_test.go:23	this is a test
2021-05-12T15:02:48.429+0800	error	hello	zapLogger/logger_test.go:23	this is a test
2021-05-12T15:02:48.429+0800	error	hello	zapLogger/logger_test.go:23	this is a test
2021-05-12T15:02:48.429+0800	error	hello	zapLogger/logger_test.go:23	this is a test
2021-05-12T15:02:48.429+0800	error	hello	zapLogger/logger_test.go:23	this is a test
2021-05-12T15:02:48.429+0800	error	hello	zapLogger/logger_test.go:23	this is a test
2021-05-12T15:02:48.429+0800	error	hello	zapLogger/logger_test.go:23	this is a test
2021-05-12T15:02:48.429+0800	error	hello	zapLogger/logger_test.go:23	this is a test
2021-05-12T15:02:48.429+0800	error	hello	zapLogger/logger_test.go:23	this is a test
2021-05-12T15:02:48.429+0800	error	hello	zapLogger/logger_test.go:23	this is a test
2021-05-12T15:02:48.429+0800	error	hello	zapLogger/logger_test.go:23	this is a test
2021-05-12T15:02:48.429+0800	error	hello	zapLogger/logger_test.go:23	this is a test
2021-05-12T15:02:48.429+0800	error	hello	zapLogger/logger_test.go:23	this is a test
2021-05-12T15:02:48.429+0800	error	hello	zapLogger/logger_test.go:23	this is a test
2021-05-12T15:02:48.429+0800	error	hello	zapLogger/logger_test.go:23	this is a test
2021-05-12T15:02:48.429+0800	error	hello	zapLogger/logger_test.go:23	this is a test
2021-05-12T15:02:48.429+0800	error	hello	zapLogger/logger_test.go:23	this is a test
2021-05-12T15:02:48.429+0800	error	hello	zapLogger/logger_test.go:23	this is a test
2021-05-12T15:02:48.429+0800	error	hello	zapLogger/logger_test.go:23	this is a test
2021-05-12T15:02:48.429+0800	error	hello	zapLogger/logger_test.go:23	this is a test
2021-05-12T15:02:48.429+0800	error	hello	zapLogger/logger_test.go:23	this is a test
2021-05-12T15:02:48.429+0800	error	hello	zapLogger/logger_test.go:23	this is a test
2021-05-12T15:02:48.429+0800	error	hello	zapLogger/logger_test.go:23	this is a test
2021-05-12T15:02:48.429+0800	error	hello	zapLogger/logger_test.go:23	this is a test
2021-05-12T15:02:48.429+0800	error	hello	zapLogger/logger_test.go:23	this is a test
2021-05-12T15:02:48.429+0800	error	hello	zapLogger/logger_test.go:23	this is a test
2021-05-12T15:02:48.429+0800	error	hello	zapLogger/logger_test.go:23	this is a test
2021-05-12T15:02:48.429+0800	error	hello	zapLogger/logger_test.go:23	this is a test
2021-05-12T15:02:48.429+0800	error	hello	zapLogger/logger_test.go:23	this is a test
2021-05-12T15:02:48.429+0800	error	hello	zapLogger/logger_test.go:23	this is a test
2021-05-12T15:02:48.429+0800	error	hello	zapLogger/logger_test.go:23	this is a test
2021-05-12T15:02:48.429+0800	error	hello	zapLogger/logger_test.go:23	this is a test
2021-05-12T15:02:48.429+0800	error	hello	zapLogger/logger_test.go:23	this is a test
2021-05-12T15:02:48.429+0800	error	hello	zapLogger/logger_test.go:23	this is a test
2021-05-12T15:02:48.429+0800	error	hello	zapLogger/logger_test.go:23	this is a test
2021-05-12T15:02:48.429+0800	error	hello	zapLogger/logger_test.go:23	this is a test
2021-05-12T15:02:48.429+0800	error	hello	zapLogger/logger_test.go:23	this is a test
2021-05-12T15:02:48.429+0800	error	hello	zapLogger/logger_test.go:23	this is a test
2021-05-12T15:02:48.429+0800	error	hello	zapLogger/logger_test.go:23	this is a test
2021-05-12T15:02:48.429+0800	error	hello	zapLogger/logger_test.go:23	this is a test
2021-05-12T15:02:48.429+0800	error	hello	zapLogger/logger_test.go:23	this is a test
2021-05-12T15:02:48.429+0800	error	hello	zapLogger/logger_test.go:23	this is a test
2021-05-12T15:02:48.429+0800	error	hello	zapLogger/logger_test.go:23	this is a test
2021-05-12T15:02:48.429+0800	error	hello	zapLogger/logger_test.go:23	this is a test
2021-05-12T15:02:48.429+0800	error	hello	zapLogger/logger_test.go:23	this is a test
2021-05-12T15:02:48.429+0800	error	hello	zapLogger/logger_test.go:23	this is a test
2021-05-12T15:02:48.427+0800	error	hello	zapLogger/logger_test.go:23	this is a test
2021-05-12T15:02:48.429+0800	error	hello	zapLogger/logger_test.go:23	this is a test
2021-05-12T15:02:48.429+0800	error	hello	zapLogger/logger_test.go:23	this is a test
2021-05-12T15:02:48.429+0800	error	hello	zapLogger/logger_test.go:23	this is a test
2021-05-12T15:02:48.429+0800	error	hello	zapLogger/logger_test.go:23	this is a test
2021-05-12T15:02:48.429+0800	error	hello	zapLogger/logger_test.go:23	this is a test
2021-05-12T15:02:48.429+0800	error	hello	zapLogger/logger_test.go:23	this is a test
2021-05-12T15:02:48.429+0800	error	hello	zapLogger/logger_test.go:23	this is a test
2021-05-12T15:02:48.429+0800	error	hello	zapLogger/logger_test.go:23	this is a test
2021-05-12T15:02:48.429+0800	error	hello	zapLogger/logger_test.go:23	this is a test
2021-05-12T15:02:48.429+0800	error	hello	zapLogger/logger_test.go:23	this is a test
2021-05-12T15:02:48.429+0800	error	hello	zapLogger/logger_test.go:23	this is a test
2021-05-12T15:02:48.429+0800	error	hello	zapLogger/logger_test.go:23	this is a test
2021-05-12T15:02:48.429+0800	error	hello	zapLogger/logger_test.go:23	this is a test
2021-05-12T15:02:48.429+0800	error	hello	zapLogger/logger_test.go:23	this is a test
2021-05-12T15:02:48.429+0800	error	hello	zapLogger/logger_test.go:23	this is a test
2021-05-12T15:02:48.429+0800	error	hello	zapLogger/logger_test.go:23	this is a test
2021-05-12T15:02:48.429+0800	error	hello	zapLogger/logger_test.go:23	this is a test
2021-05-12T15:02:48.429+0800	error	hello	zapLogger/logger_test.go:23	this is a test
2021-05-12T15:02:48.429+0800	error	hello	zapLogger/logger_test.go:23	this is a test
2021-05-12T15:02:48.429+0800	error	hello	zapLogger/logger_test.go:23	this is a test
2021-05-12T15:02:48.429+0800	error	hello	zapLogger/logger_test.go:23	this is a test
2021-05-12T15:02:48.429+0800	error	hello	zapLogger/logger_test.go:23	this is a test
2021-05-12T15:02:48.429+0800	error	hello	zapLogger/logger_test.go:23	this is a test
2021-05-12T15:02:48.429+0800	error	hello	zapLogger/logger_test.go:23	this is a test
2021-05-12T15:02:48.429+0800	error	hello	zapLogger/logger_test.go:23	this is a test
2021-05-12T15:02:48.429+0800	error	hello	zapLogger/logger_test.go:23	this is a test
2021-05-12T15:02:48.427+0800	error	hello	zapLogger/logger_test.go:23	this is a test
2021-05-12T15:02:48.427+0800	error	hello	zapLogger/logger_test.go:23	this is a test
2021-05-12T15:02:48.428+0800	error	hello	zapLogger/logger_test.go:23	this is a test
2021-05-12T15:02:48.429+0800	error	hello	zapLogger/logger_test.go:23	this is a test
2021-05-12T15:02:48.429+0800	error	hello	zapLogger/logger_test.go:23	this is a test
2021-05-12T15:02:48.429+0800	error	hello	zapLogger/logger_test.go:23	this is a test
2021-05-12T15:02:48.429+0800	error	hello	zapLogger/logger_test.go:23	this is a test
2021-05-12T15:02:48.429+0800	error	hello	zapLogger/logger_test.go:23	this is a test
2021-05-12T15:02:48.429+0800	error	hello	zapLogger/logger_test.go:23	this is a test
2021-05-12T15:02:48.429+0800	error	hello	zapLogger/logger_test.go:23	this is a test
2021-05-12T15:02:48.429+0800	error	hello	zapLogger/logger_test.go:23	this is a test
2021-05-12T15:02:48.429+0800	error	hello	zapLogger/logger_test.go:23	this is a test
2021-05-12T15:02:48.429+0800	error	hello	zapLogger/logger_test.go:23	this is a test
2021-05-12T15:02:48.429+0800	error	hello	zapLogger/logger_test.go:23	this is a test
2021-05-12T15:02:48.429+0800	error	hello	zapLogger/logger_test.go:23	this is a test
2021-05-12T15:02:48.429+0800	error	hello	zapLogger/logger_test.go:23	this is a test
2021-05-12T15:02:48.429+0800	error	hello	zapLogger/logger_test.go:23	this is a test
2021-05-12T15:02:48.429+0800	error	hello	zapLogger/logger_test.go:23	this is a test
2021-05-12T15:02:48.429+0800	error	hello	zapLogger/logger_test.go:23	this is a test
2021-05-12T15:02:48.429+0800	error	hello	zapLogger/logger_test.go:23	this is a test
2021-05-12T15:02:48.429+0800	error	hello	zapLogger/logger_test.go:23	this is a test
2021-05-12T15:02:48.429+0800	error	hello	zapLogger/logger_test.go:23	this is a test
2021-05-12T15:02:48.426+0800	error	hello	zapLogger/logger_test.go:23	this is a test
2021-05-12T15:02:48.429+0800	error	hello	zapLogger/logger_test.go:23	this is a test
2021-05-12T15:02:48.429+0800	error	hello	zapLogger/logger_test.go:23	this is a test
2021-05-12T15:02:48.429+0800	error	hello	zapLogger/logger_test.go:23	this is a test
2021-05-12T15:02:48.429+0800	error	hello	zapLogger/logger_test.go:23	this is a test
2021-05-12T15:02:48.429+0800	error	hello	zapLogger/logger_test.go:23	this is a test
2021-05-12T15:02:48.429+0800	error	hello	zapLogger/logger_test.go:23	this is a test
2021-05-12T15:02:48.429+0800	error	hello	zapLogger/logger_test.go:23	this is a test
2021-05-12T15:02:48.429+0800	error	hello	zapLogger/logger_test.go:23	this is a test
2021-05-12T15:02:48.429+0800	error	hello	zapLogger/logger_test.go:23	this is a test
2021-05-12T15:02:48.429+0800	error	hello	zapLogger/logger_test.go:23	this is a test
2021-05-12T15:02:48.429+0800	error	hello	zapLogger/logger_test.go:23	this is a test
2021-05-12T15:02:48.429+0800	error	hello	zapLogger/logger_test.go:23	this is a test
2021-05-12T15:02:48.429+0800	error	hello	zapLogger/logger_test.go:23	this is a test
2021-05-12T15:02:48.429+0800	error	hello	zapLogger/logger_test.go:23	this is a test
2021-05-12T15:02:48.429+0800	error	hello	zapLogger/logger_test.go:23	this is a test
2021-05-12T15:02:48.429+0800	error	hello	zapLogger/logger_test.go:23	this is a test
2021-05-12T15:02:48.429+0800	error	hello	zapLogger/logger_test.go:23	this is a test
2021-05-12T15:02:48.429+0800	error	hello	zapLogger/logger_test.go:23	this is a test
2021-05-12T15:02:48.429+0800	error	hello	zapLogger/logger_test.go:23	this is a test
2021-05-12T15:02:48.429+0800	error	hello	zapLogger/logger_test.go:23	this is a test
2021-05-12T15:02:48.429+0800	error	hello	zapLogger/logger_test.go:23	this is a test
2021-05-12T15:02:48.429+0800	error	hello	zapLogger/logger_test.go:23	this is a test
2021-05-12T15:02:48.429+0800	error	hello	zapLogger/logger_test.go:23	this is a test
2021-05-12T15:02:48.429+0800	error	hello	zapLogger/logger_test.go:23	this is a test
2021-05-12T15:02:48.429+0800	error	hello	zapLogger/logger_test.go:23	this is a test
2021-05-12T15:02:48.429+0800	error	hello	zapLogger/logger_test.go:23	this is a test
2021-05-12T15:02:48.429+0800	error	hello	zapLogger/logger_test.go:23	this is a test
2021-05-12T15:02:48.429+0800	error	hello	zapLogger/logger_test.go:23	this is a test
2021-05-12T15:02:48.429+0800	error	hello	zapLogger/logger_test.go:23	this is a test
2021-05-12T15:02:48.429+0800	error	hello	zapLogger/logger_test.go:23	this is a test
2021-05-12T15:02:48.429+0800	error	hello	zapLogger/logger_test.go:23	this is a test
2021-05-12T15:02:48.429+0800	error	hello	zapLogger/logger_test.go:23	this is a test
2021-05-12T15:02:48.429+0800	error	hello	zapLogger/logger_test.go:23	this is a test
2021-05-12T15:02:48.429+0800	error	hello	zapLogger/logger_test.go:23	this is a test
2021-05-12T15:02:48.429+0800	error	hello	zapLogger/logger_test.go:23	this is a test
2021-05-12T15:02:48.429+0800	error	hello	zapLogger/logger_test.go:23	this is a test
2021-05-12T15:02:48.429+0800	error	hello	zapLogger/logger_test.go:23	this is a test
2021-05-12T15:02:48.429+0800	error	hello	zapLogger/logger_test.go:23	this is a test
2021-05-12T15:02:48.429+0800	error	hello	zapLogger/logger_test.go:23	this is a test
2021-05-12T15:02:48.429+0800	error	hello	zapLogger/logger_test.go:23	this is a test
2021-05-12T15:02:48.429+0800	error	hello	zapLogger/logger_test.go:23	this is a test
2021-05-12T15:02:48.429+0800	error	hello	zapLogger/logger_test.go:23	this is a test
2021-05-12T15:02:48.429+0800	error	hello	zapLogger/logger_test.go:23	this is a test
2021-05-12T15:02:48.429+0800	error	hello	zapLogger/logger_test.go:23	this is a test
2021-05-12T15:02:48.429+0800	error	hello	zapLogger/logger_test.go:23	this is a test
2021-05-12T15:02:48.429+0800	error	hello	zapLogger/logger_test.go:23	this is a test
2021-05-12T15:02:48.429+0800	error	hello	zapLogger/logger_test.go:23	this is a test
2021-05-12T15:02:48.429+0800	error	hello	zapLogger/logger_test.go:23	this is a test
2021-05-12T15:02:48.429+0800	error	hello	zapLogger/logger_test.go:23	this is a test
2021-05-12T15:02:48.429+0800	error	hello	zapLogger/logger_test.go:23	this is a test
2021-05-12T15:02:48.429+0800	error	hello	zapLogger/logger_test.go:23	this is a test
2021-05-12T15:02:48.429+0800	error	hello	zapLogger/logger_test.go:23	this is a test
2021-05-12T15:02:48.429+0800	error	hello	zapLogger/logger_test.go:23	this is a test
2021-05-12T15:02:48.429+0800	error	hello	zapLogger/logger_test.go:23	this is a test
2021-05-12T15:02:48.429+0800	error	hello	zapLogger/logger_test.go:23	this is a test
2021-05-12T15:02:48.429+0800	error	hello	zapLogger/logger_test.go:23	this is a test
2021-05-12T15:02:48.429+0800	error	hello	zapLogger/logger_test.go:23	this is a test
2021-05-12T15:02:48.429+0800	error	hello	zapLogger/logger_test.go:23	this is a test
2021-05-12T15:02:48.429+0800	error	hello	zapLogger/logger_test.go:23	this is a test
2021-05-12T15:02:48.429+0800	error	hello	zapLogger/logger_test.go:23	this is a test
2021-05-12T15:02:48.429+0800	error	hello	zapLogger/logger_test.go:23	this is a test
2021-05-12T15:02:48.429+0800	error	hello	zapLogger/logger_test.go:23	this is a test
2021-05-12T15:02:48.429+0800	error	hello	zapLogger/logger_test.go:23	this is a test
2021-05-12T15:02:48.429+0800	error	hello	zapLogger/logger_test.go:23	this is a test
2021-05-12T15:02:48.429+0800	error	hello	zapLogger/logger_test.go:23	this is a test
2021-05-12T15:02:48.429+0800	error	hello	zapLogger/logger_test.go:23	this is a test
2021-05-12T15:02:48.429+0800	error	hello	zapLogger/logger_test.go:23	this is a test
2021-05-12T15:02:48.429+0800	error	hello	zapLogger/logger_test.go:23	this is a test
2021-05-12T15:02:48.429+0800	error	hello	zapLogger/logger_test.go:23	this is a test
2021-05-12T15:02:48.430+0800	error	hello	zapLogger/logger_test.go:23	this is a test
2021-05-12T15:02:48.430+0800	error	hello	zapLogger/logger_test.go:23	this is a test
2021-05-12T15:02:48.430+0800	error	hello	zapLogger/logger_test.go:23	this is a test
2021-05-12T15:02:48.430+0800	error	hello	zapLogger/logger_test.go:23	this is a test
2021-05-12T15:02:48.430+0800	error	hello	zapLogger/logger_test.go:23	this is a test
2021-05-12T15:02:48.430+0800	error	hello	zapLogger/logger_test.go:23	this is a test
2021-05-12T15:02:48.430+0800	error	hello	zapLogger/logger_test.go:23	this is a test
2021-05-12T15:02:48.430+0800	error	hello	zapLogger/logger_test.go:23	this is a test
2021-05-12T15:02:48.430+0800	error	hello	zapLogger/logger_test.go:23	this is a test
2021-05-12T15:02:48.430+0800	error	hello	zapLogger/logger_test.go:23	this is a test
2021-05-12T15:02:48.430+0800	error	hello	zapLogger/logger_test.go:23	this is a test
2021-05-12T15:02:48.430+0800	error	hello	zapLogger/logger_test.go:23	this is a test
2021-05-12T15:02:48.430+0800	error	hello	zapLogger/logger_test.go:23	this is a test
2021-05-12T15:02:48.430+0800	error	hello	zapLogger/logger_test.go:23	this is a test
2021-05-12T15:02:48.430+0800	error	hello	zapLogger/logger_test.go:23	this is a test
2021-05-12T15:02:48.430+0800	error	hello	zapLogger/logger_test.go:23	this is a test
2021-05-12T15:02:48.430+0800	error	hello	zapLogger/logger_test.go:23	this is a test
2021-05-12T15:02:48.430+0800	error	hello	zapLogger/logger_test.go:23	this is a test
2021-05-12T15:02:48.430+0800	error	hello	zapLogger/logger_test.go:23	this is a test
2021-05-12T15:02:48.430+0800	error	hello	zapLogger/logger_test.go:23	this is a test
2021-05-12T15:02:48.430+0800	error	hello	zapLogger/logger_test.go:23	this is a test
2021-05-12T15:02:48.430+0800	error	hello	zapLogger/logger_test.go:23	this is a test
2021-05-12T15:02:48.430+0800	error	hello	zapLogger/logger_test.go:23	this is a test
2021-05-12T15:02:48.430+0800	error	hello	zapLogger/logger_test.go:23	this is a test
2021-05-12T15:02:48.430+0800	error	hello	zapLogger/logger_test.go:23	this is a test
2021-05-12T15:02:48.430+0800	error	hello	zapLogger/logger_test.go:23	this is a test
2021-05-12T15:02:48.430+0800	error	hello	zapLogger/logger_test.go:23	this is a test
2021-05-12T15:02:48.429+0800	error	hello	zapLogger/logger_test.go:23	this is a test
2021-05-12T15:02:48.430+0800	error	hello	zapLogger/logger_test.go:23	this is a test
2021-05-12T15:02:48.430+0800	error	hello	zapLogger/logger_test.go:23	this is a test
2021-05-12T15:02:48.430+0800	error	hello	zapLogger/logger_test.go:23	this is a test
2021-05-12T15:02:48.430+0800	error	hello	zapLogger/logger_test.go:23	this is a test
2021-05-12T15:02:48.430+0800	error	hello	zapLogger/logger_test.go:23	this is a test
2021-05-12T15:02:48.430+0800	error	hello	zapLogger/logger_test.go:23	this is a test
2021-05-12T15:02:48.430+0800	error	hello	zapLogger/logger_test.go:23	this is a test
2021-05-12T15:02:48.430+0800	error	hello	zapLogger/logger_test.go:23	this is a test
2021-05-12T15:02:48.430+0800	error	hello	zapLogger/logger_test.go:23	this is a test
2021-05-12T15:02:48.430+0800	error	hello	zapLogger/logger_test.go:23	this is a test
2021-05-12T15:02:48.430+0800	error	hello	zapLogger/logger_test.go:23	this is a test
2021-05-12T15:02:48.430+0800	error	hello	zapLogger/logger_test.go:23	this is a test
2021-05-12T15:02:48.430+0800	error	hello	zapLogger/logger_test.go:23	this is a test
2021-05-12T15:02:48.430+0800	error	hello	zapLogger/logger_test.go:23	this is a test
2021-05-12T15:02:48.430+0800	error	hello	zapLogger/logger_test.go:23	this is a test
2021-05-12T15:02:48.430+0800	error	hello	zapLogger/logger_test.go:23	this is a test
2021-05-12T15:02:48.430+0800	error	hello	zapLogger/logger_test.go:23	this is a test
2021-05-12T15:02:48.430+0800	error	hello	zapLogger/logger_test.go:23	this is a test
2021-05-12T15:02:48.430+0800	error	hello	zapLogger/logger_test.go:23	this is a test
2021-05-12T15:02:48.430+0800	error	hello	zapLogger/logger_test.go:23	this is a test
2021-05-12T15:02:48.430+0800	error	hello	zapLogger/logger_test.go:23	this is a test
2021-05-12T15:02:48.430+0800	error	hello	zapLogger/logger_test.go:23	this is a test
2021-05-12T15:02:48.430+0800	error	hello	zapLogger/logger_test.go:23	this is a test
2021-05-12T15:02:48.430+0800	error	hello	zapLogger/logger_test.go:23	this is a test
2021-05-12T15:02:48.430+0800	error	hello	zapLogger/logger_test.go:23	this is a test
2021-05-12T15:02:48.430+0800	error	hello	zapLogger/logger_test.go:23	this is a test
2021-05-12T15:02:48.430+0800	error	hello	zapLogger/logger_test.go:23	this is a test
2021-05-12T15:02:48.430+0800	error	hello	zapLogger/logger_test.go:23	this is a test
2021-05-12T15:02:48.430+0800	error	hello	zapLogger/logger_test.go:23	this is a test
2021-05-12T15:02:48.430+0800	error	hello	zapLogger/logger_test.go:23	this is a test
2021-05-12T15:02:48.430+0800	error	hello	zapLogger/logger_test.go:23	this is a test
2021-05-12T15:02:48.430+0800	error	hello	zapLogger/logger_test.go:23	this is a test
2021-05-12T15:02:48.430+0800	error	hello	zapLogger/logger_test.go:23	this is a test
2021-05-12T15:02:48.430+0800	error	hello	zapLogger/logger_test.go:23	this is a test
2021-05-12T15:02:48.430+0800	error	hello	zapLogger/logger_test.go:23	this is a test
2021-05-12T15:02:48.430+0800	error	hello	zapLogger/logger_test.go:23	this is a test
2021-05-12T15:02:48.430+0800	error	hello	zapLogger/logger_test.go:23	this is a test
2021-05-12T15:02:48.430+0800	error	hello	zapLogger/logger_test.go:23	this is a test
2021-05-12T15:02:48.430+0800	error	hello	zapLogger/logger_test.go:23	this is a test
2021-05-12T15:02:48.430+0800	error	hello	zapLogger/logger_test.go:23	this is a test
2021-05-12T15:02:48.430+0800	error	hello	zapLogger/logger_test.go:23	this is a test
2021-05-12T15:02:48.430+0800	error	hello	zapLogger/logger_test.go:23	this is a test
2021-05-12T15:02:48.430+0800	error	hello	zapLogger/logger_test.go:23	this is a test
2021-05-12T15:02:48.430+0800	error	hello	zapLogger/logger_test.go:23	this is a test
2021-05-12T15:02:48.430+0800	error	hello	zapLogger/logger_test.go:23	this is a test
2021-05-12T15:02:48.430+0800	error	hello	zapLogger/logger_test.go:23	this is a test
2021-05-12T15:02:48.430+0800	error	hello	zapLogger/logger_test.go:23	this is a test
2021-05-12T15:02:48.428+0800	error	hello	zapLogger/logger_test.go:23	this is a test
2021-05-12T15:02:48.430+0800	error	hello	zapLogger/logger_test.go:23	this is a test
2021-05-12T15:02:48.430+0800	error	hello	zapLogger/logger_test.go:23	this is a test
2021-05-12T15:02:48.430+0800	error	hello	zapLogger/logger_test.go:23	this is a test
2021-05-12T15:02:48.430+0800	error	hello	zapLogger/logger_test.go:23	this is a test
2021-05-12T15:02:48.430+0800	error	hello	zapLogger/logger_test.go:23	this is a test
2021-05-12T15:02:48.430+0800	error	hello	zapLogger/logger_test.go:23	this is a test
2021-05-12T15:02:48.430+0800	error	hello	zapLogger/logger_test.go:23	this is a test
2021-05-12T15:02:48.430+0800	error	hello	zapLogger/logger_test.go:23	this is a test
2021-05-12T15:02:48.430+0800	error	hello	zapLogger/logger_test.go:23	this is a test
2021-05-12T15:02:48.430+0800	error	hello	zapLogger/logger_test.go:23	this is a test
2021-05-12T15:02:48.430+0800	error	hello	zapLogger/logger_test.go:23	this is a test
2021-05-12T15:02:48.430+0800	error	hello	zapLogger/logger_test.go:23	this is a test
2021-05-12T15:02:48.430+0800	error	hello	zapLogger/logger_test.go:23	this is a test
2021-05-12T15:02:48.430+0800	error	hello	zapLogger/logger_test.go:23	this is a test
2021-05-12T15:02:48.430+0800	error	hello	zapLogger/logger_test.go:23	this is a test
2021-05-12T15:02:48.430+0800	error	hello	zapLogger/logger_test.go:23	this is a test
2021-05-12T15:02:48.430+0800	error	hello	zapLogger/logger_test.go:23	this is a test
2021-05-12T15:02:48.430+0800	error	hello	zapLogger/logger_test.go:23	this is a test
2021-05-12T15:02:48.430+0800	error	hello	zapLogger/logger_test.go:23	this is a test
2021-05-12T15:02:48.430+0800	error	hello	zapLogger/logger_test.go:23	this is a test
2021-05-12T15:02:48.430+0800	error	hello	zapLogger/logger_test.go:23	this is a test
2021-05-12T15:02:48.430+0800	error	hello	zapLogger/logger_test.go:23	this is a test
2021-05-12T15:02:48.430+0800	error	hello	zapLogger/logger_test.go:23	this is a test
2021-05-12T15:02:48.430+0800	error	hello	zapLogger/logger_test.go:23	this is a test
2021-05-12T15:02:48.430+0800	error	hello	zapLogger/logger_test.go:23	this is a test
2021-05-12T15:02:48.430+0800	error	hello	zapLogger/logger_test.go:23	this is a test
2021-05-12T15:02:48.429+0800	error	hello	zapLogger/logger_test.go:23	this is a test
2021-05-12T15:02:48.430+0800	error	hello	zapLogger/logger_test.go:23	this is a test
2021-05-12T15:02:48.430+0800	error	hello	zapLogger/logger_test.go:23	this is a test
2021-05-12T15:02:48.430+0800	error	hello	zapLogger/logger_test.go:23	this is a test
2021-05-12T15:02:48.430+0800	error	hello	zapLogger/logger_test.go:23	this is a test
2021-05-12T15:02:48.430+0800	error	hello	zapLogger/logger_test.go:23	this is a test
2021-05-12T15:02:48.430+0800	error	hello	zapLogger/logger_test.go:23	this is a test
2021-05-12T15:02:48.430+0800	error	hello	zapLogger/logger_test.go:23	this is a test
2021-05-12T15:02:48.430+0800	error	hello	zapLogger/logger_test.go:23	this is a test
2021-05-12T15:02:48.430+0800	error	hello	zapLogger/logger_test.go:23	this is a test
2021-05-12T15:02:48.430+0800	error	hello	zapLogger/logger_test.go:23	this is a test
2021-05-12T15:02:48.430+0800	error	hello	zapLogger/logger_test.go:23	this is a test
2021-05-12T15:02:48.430+0800	error	hello	zapLogger/logger_test.go:23	this is a test
2021-05-12T15:02:48.430+0800	error	hello	zapLogger/logger_test.go:23	this is a test
2021-05-12T15:02:48.430+0800	error	hello	zapLogger/logger_test.go:23	this is a test
2021-05-12T15:02:48.430+0800	error	hello	zapLogger/logger_test.go:23	this is a test
2021-05-12T15:02:48.430+0800	error	hello	zapLogger/logger_test.go:23	this is a test
2021-05-12T15:02:48.430+0800	error	hello	zapLogger/logger_test.go:23	this is a test
2021-05-12T15:02:48.430+0800	error	hello	zapLogger/logger_test.go:23	this is a test
2021-05-12T15:02:48.430+0800	error	hello	zapLogger/logger_test.go:23	this is a test
2021-05-12T15:02:48.430+0800	error	hello	zapLogger/logger_test.go:23	this is a test
2021-05-12T15:02:48.430+0800	error	hello	zapLogger/logger_test.go:23	this is a test
2021-05-12T15:02:48.430+0800	error	hello	zapLogger/logger_test.go:23	this is a test
2021-05-12T15:02:48.429+0800	error	hello	zapLogger/logger_test.go:23	this is a test
2021-05-12T15:02:48.430+0800	error	hello	zapLogger/logger_test.go:23	this is a test
2021-05-12T15:02:48.430+0800	error	hello	zapLogger/logger_test.go:23	this is a test
2021-05-12T15:02:48.430+0800	error	hello	zapLogger/logger_test.go:23	this is a test
2021-05-12T15:02:48.430+0800	error	hello	zapLogger/logger_test.go:23	this is a test
2021-05-12T15:02:48.430+0800	error	hello	zapLogger/logger_test.go:23	this is a test
2021-05-12T15:02:48.430+0800	error	hello	zapLogger/logger_test.go:23	this is a test
2021-05-12T15:02:48.430+0800	error	hello	zapLogger/logger_test.go:23	this is a test
2021-05-12T15:02:48.430+0800	error	hello	zapLogger/logger_test.go:23	this is a test
2021-05-12T15:02:48.430+0800	error	hello	zapLogger/logger_test.go:23	this is a test
2021-05-12T15:02:48.430+0800	error	hello	zapLogger/logger_test.go:23	this is a test
2021-05-12T15:02:48.430+0800	error	hello	zapLogger/logger_test.go:23	this is a test
2021-05-12T15:02:48.430+0800	error	hello	zapLogger/logger_test.go:23	this is a test
2021-05-12T15:02:48.430+0800	error	hello	zapLogger/logger_test.go:23	this is a test
2021-05-12T15:02:48.430+0800	error	hello	zapLogger/logger_test.go:23	this is a test
2021-05-12T15:02:48.430+0800	error	hello	zapLogger/logger_test.go:23	this is a test
2021-05-12T15:02:48.430+0800	error	hello	zapLogger/logger_test.go:23	this is a test
2021-05-12T15:02:48.430+0800	error	hello	zapLogger/logger_test.go:23	this is a test
2021-05-12T15:02:48.430+0800	error	hello	zapLogger/logger_test.go:23	this is a test
2021-05-12T15:02:48.430+0800	error	hello	zapLogger/logger_test.go:23	this is a test
2021-05-12T15:02:48.430+0800	error	hello	zapLogger/logger_test.go:23	this is a test
2021-05-12T15:02:48.430+0800	error	hello	zapLogger/logger_test.go:23	this is a test
2021-05-12T15:02:48.430+0800	error	hello	zapLogger/logger_test.go:23	this is a test
2021-05-12T15:02:48.430+0800	error	hello	zapLogger/logger_test.go:23	this is a test
2021-05-12T15:02:48.430+0800	error	hello	zapLogger/logger_test.go:23	this is a test
2021-05-12T15:02:48.430+0800	error	hello	zapLogger/logger_test.go:23	this is a test
2021-05-12T15:02:48.430+0800	error	hello	zapLogger/logger_test.go:23	this is a test
2021-05-12T15:02:48.430+0800	error	hello	zapLogger/logger_test.go:23	this is a test
2021-05-12T15:02:48.430+0800	error	hello	zapLogger/logger_test.go:23	this is a test
2021-05-12T15:02:48.430+0800	error	hello	zapLogger/logger_test.go:23	this is a test
2021-05-12T15:02:48.430+0800	error	hello	zapLogger/logger_test.go:23	this is a test
2021-05-12T15:02:48.430+0800	error	hello	zapLogger/logger_test.go:23	this is a test
2021-05-12T15:02:48.430+0800	error	hello	zapLogger/logger_test.go:23	this is a test
2021-05-12T15:02:48.430+0800	error	hello	zapLogger/logger_test.go:23	this is a test
2021-05-12T15:02:48.430+0800	error	hello	zapLogger/logger_test.go:23	this is a test
2021-05-12T15:02:48.430+0800	error	hello	zapLogger/logger_test.go:23	this is a test
2021-05-12T15:02:48.430+0800	error	hello	zapLogger/logger_test.go:23	this is a test
2021-05-12T15:02:48.430+0800	error	hello	zapLogger/logger_test.go:23	this is a test
2021-05-12T15:02:48.430+0800	error	hello	zapLogger/logger_test.go:23	this is a test
2021-05-12T15:02:48.430+0800	error	hello	zapLogger/logger_test.go:23	this is a test
2021-05-12T15:02:48.430+0800	error	hello	zapLogger/logger_test.go:23	this is a test
2021-05-12T15:02:48.430+0800	error	hello	zapLogger/logger_test.go:23	this is a test
2021-05-12T15:02:48.430+0800	error	hello	zapLogger/logger_test.go:23	this is a test
2021-05-12T15:02:48.430+0800	error	hello	zapLogger/logger_test.go:23	this is a test
2021-05-12T15:02:48.430+0800	error	hello	zapLogger/logger_test.go:23	this is a test
2021-05-12T15:02:48.430+0800	error	hello	zapLogger/logger_test.go:23	this is a test
2021-05-12T15:02:48.430+0800	error	hello	zapLogger/logger_test.go:23	this is a test
2021-05-12T15:02:48.430+0800	error	hello	zapLogger/logger_test.go:23	this is a test
2021-05-12T15:02:48.430+0800	error	hello	zapLogger/logger_test.go:23	this is a test
2021-05-12T15:02:48.430+0800	error	hello	zapLogger/logger_test.go:23	this is a test
2021-05-12T15:02:48.430+0800	error	hello	zapLogger/logger_test.go:23	this is a test
2021-05-12T15:02:48.430+0800	error	hello	zapLogger/logger_test.go:23	this is a test
2021-05-12T15:02:48.430+0800	error	hello	zapLogger/logger_test.go:23	this is a test
2021-05-12T15:02:48.430+0800	error	hello	zapLogger/logger_test.go:23	this is a test
2021-05-12T15:02:48.430+0800	error	hello	zapLogger/logger_test.go:23	this is a test
2021-05-12T15:02:48.430+0800	error	hello	zapLogger/logger_test.go:23	this is a test
2021-05-12T15:02:48.430+0800	error	hello	zapLogger/logger_test.go:23	this is a test
2021-05-12T15:02:48.430+0800	error	hello	zapLogger/logger_test.go:23	this is a test
2021-05-12T15:02:48.430+0800	error	hello	zapLogger/logger_test.go:23	this is a test
2021-05-12T15:02:48.431+0800	error	hello	zapLogger/logger_test.go:23	this is a test
2021-05-12T15:02:48.430+0800	error	hello	zapLogger/logger_test.go:23	this is a test
2021-05-12T15:02:48.431+0800	error	hello	zapLogger/logger_test.go:23	this is a test
2021-05-12T15:02:48.431+0800	error	hello	zapLogger/logger_test.go:23	this is a test
2021-05-12T15:02:48.431+0800	error	hello	zapLogger/logger_test.go:23	this is a test
2021-05-12T15:02:48.431+0800	error	hello	zapLogger/logger_test.go:23	this is a test
2021-05-12T15:02:48.430+0800	error	hello	zapLogger/logger_test.go:23	this is a test
2021-05-12T15:02:48.431+0800	error	hello	zapLogger/logger_test.go:23	this is a test
2021-05-12T15:02:48.431+0800	error	hello	zapLogger/logger_test.go:23	this is a test
2021-05-12T15:02:48.431+0800	error	hello	zapLogger/logger_test.go:23	this is a test
2021-05-12T15:02:48.431+0800	error	hello	zapLogger/logger_test.go:23	this is a test
2021-05-12T15:02:48.431+0800	error	hello	zapLogger/logger_test.go:23	this is a test
2021-05-12T15:02:48.431+0800	error	hello	zapLogger/logger_test.go:23	this is a test
2021-05-12T15:02:48.431+0800	error	hello	zapLogger/logger_test.go:23	this is a test
2021-05-12T15:02:48.431+0800	error	hello	zapLogger/logger_test.go:23	this is a test
2021-05-12T15:02:48.431+0800	error	hello	zapLogger/logger_test.go:23	this is a test
2021-05-12T15:02:48.431+0800	error	hello	zapLogger/logger_test.go:23	this is a test
2021-05-12T15:02:48.431+0800	error	hello	zapLogger/logger_test.go:23	this is a test
2021-05-12T15:02:48.431+0800	error	hello	zapLogger/logger_test.go:23	this is a test
2021-05-12T15:02:48.431+0800	error	hello	zapLogger/logger_test.go:23	this is a test
2021-05-12T15:02:48.431+0800	error	hello	zapLogger/logger_test.go:23	this is a test
2021-05-12T15:02:48.431+0800	error	hello	zapLogger/logger_test.go:23	this is a test
2021-05-12T15:02:48.431+0800	error	hello	zapLogger/logger_test.go:23	this is a test
2021-05-12T15:02:48.431+0800	error	hello	zapLogger/logger_test.go:23	this is a test
2021-05-12T15:02:48.431+0800	error	hello	zapLogger/logger_test.go:23	this is a test
2021-05-12T15:02:48.431+0800	error	hello	zapLogger/logger_test.go:23	this is a test
2021-05-12T15:02:48.431+0800	error	hello	zapLogger/logger_test.go:23	this is a test
2021-05-12T15:02:48.431+0800	error	hello	zapLogger/logger_test.go:23	this is a test
2021-05-12T15:02:48.431+0800	error	hello	zapLogger/logger_test.go:23	this is a test
2021-05-12T15:02:48.431+0800	error	hello	zapLogger/logger_test.go:23	this is a test
2021-05-12T15:02:48.431+0800	error	hello	zapLogger/logger_test.go:23	this is a test
2021-05-12T15:02:48.431+0800	error	hello	zapLogger/logger_test.go:23	this is a test
2021-05-12T15:02:48.431+0800	error	hello	zapLogger/logger_test.go:23	this is a test
2021-05-12T15:02:48.431+0800	error	hello	zapLogger/logger_test.go:23	this is a test
2021-05-12T15:02:48.431+0800	error	hello	zapLogger/logger_test.go:23	this is a test
2021-05-12T15:02:48.431+0800	error	hello	zapLogger/logger_test.go:23	this is a test
2021-05-12T15:02:48.431+0800	error	hello	zapLogger/logger_test.go:23	this is a test
2021-05-12T15:02:48.431+0800	error	hello	zapLogger/logger_test.go:23	this is a test
2021-05-12T15:02:48.429+0800	error	hello	zapLogger/logger_test.go:23	this is a test
2021-05-12T15:02:48.431+0800	error	hello	zapLogger/logger_test.go:23	this is a test
2021-05-12T15:02:48.431+0800	error	hello	zapLogger/logger_test.go:23	this is a test
2021-05-12T15:02:48.431+0800	error	hello	zapLogger/logger_test.go:23	this is a test
2021-05-12T15:02:48.431+0800	error	hello	zapLogger/logger_test.go:23	this is a test
2021-05-12T15:02:48.431+0800	error	hello	zapLogger/logger_test.go:23	this is a test
2021-05-12T15:02:48.431+0800	error	hello	zapLogger/logger_test.go:23	this is a test
2021-05-12T15:02:48.431+0800	error	hello	zapLogger/logger_test.go:23	this is a test
2021-05-12T15:02:48.431+0800	error	hello	zapLogger/logger_test.go:23	this is a test
2021-05-12T15:02:48.431+0800	error	hello	zapLogger/logger_test.go:23	this is a test
2021-05-12T15:02:48.431+0800	error	hello	zapLogger/logger_test.go:23	this is a test
2021-05-12T15:02:48.431+0800	error	hello	zapLogger/logger_test.go:23	this is a test
2021-05-12T15:02:48.431+0800	error	hello	zapLogger/logger_test.go:23	this is a test
2021-05-12T15:02:48.431+0800	error	hello	zapLogger/logger_test.go:23	this is a test
2021-05-12T15:02:48.431+0800	error	hello	zapLogger/logger_test.go:23	this is a test
2021-05-12T15:02:48.431+0800	error	hello	zapLogger/logger_test.go:23	this is a test
2021-05-12T15:02:48.431+0800	error	hello	zapLogger/logger_test.go:23	this is a test
2021-05-12T15:02:48.431+0800	error	hello	zapLogger/logger_test.go:23	this is a test
2021-05-12T15:02:48.431+0800	error	hello	zapLogger/logger_test.go:23	this is a test
2021-05-12T15:02:48.431+0800	error	hello	zapLogger/logger_test.go:23	this is a test
2021-05-12T15:02:48.431+0800	error	hello	zapLogger/logger_test.go:23	this is a test
2021-05-12T15:02:48.431+0800	error	hello	zapLogger/logger_test.go:23	this is a test
2021-05-12T15:02:48.431+0800	error	hello	zapLogger/logger_test.go:23	this is a test
2021-05-12T15:02:48.431+0800	error	hello	zapLogger/logger_test.go:23	this is a test
2021-05-12T15:02:48.431+0800	error	hello	zapLogger/logger_test.go:23	this is a test
2021-05-12T15:02:48.431+0800	error	hello	zapLogger/logger_test.go:23	this is a test
2021-05-12T15:02:48.431+0800	error	hello	zapLogger/logger_test.go:23	this is a test
2021-05-12T15:02:48.431+0800	error	hello	zapLogger/logger_test.go:23	this is a test
2021-05-12T15:02:48.431+0800	error	hello	zapLogger/logger_test.go:23	this is a test
2021-05-12T15:02:48.431+0800	error	hello	zapLogger/logger_test.go:23	this is a test
2021-05-12T15:02:48.431+0800	error	hello	zapLogger/logger_test.go:23	this is a test
2021-05-12T15:02:48.431+0800	error	hello	zapLogger/logger_test.go:23	this is a test
2021-05-12T15:02:48.431+0800	error	hello	zapLogger/logger_test.go:23	this is a test
2021-05-12T15:02:48.431+0800	error	hello	zapLogger/logger_test.go:23	this is a test
2021-05-12T15:02:48.431+0800	error	hello	zapLogger/logger_test.go:23	this is a test
2021-05-12T15:02:48.428+0800	error	hello	zapLogger/logger_test.go:23	this is a test
2021-05-12T15:02:48.430+0800	error	hello	zapLogger/logger_test.go:23	this is a test
2021-05-12T15:02:48.431+0800	error	hello	zapLogger/logger_test.go:23	this is a test
2021-05-12T15:02:48.431+0800	error	hello	zapLogger/logger_test.go:23	this is a test
2021-05-12T15:02:48.431+0800	error	hello	zapLogger/logger_test.go:23	this is a test
2021-05-12T15:02:48.431+0800	error	hello	zapLogger/logger_test.go:23	this is a test
2021-05-12T15:02:48.431+0800	error	hello	zapLogger/logger_test.go:23	this is a test
2021-05-12T15:02:48.431+0800	error	hello	zapLogger/logger_test.go:23	this is a test
2021-05-12T15:02:48.431+0800	error	hello	zapLogger/logger_test.go:23	this is a test
2021-05-12T15:02:48.431+0800	error	hello	zapLogger/logger_test.go:23	this is a test
2021-05-12T15:02:48.431+0800	error	hello	zapLogger/logger_test.go:23	this is a test
2021-05-12T15:02:48.431+0800	error	hello	zapLogger/logger_test.go:23	this is a test
2021-05-12T15:02:48.431+0800	error	hello	zapLogger/logger_test.go:23	this is a test
2021-05-12T15:02:48.431+0800	error	hello	zapLogger/logger_test.go:23	this is a test
2021-05-12T15:02:48.431+0800	error	hello	zapLogger/logger_test.go:23	this is a test
2021-05-12T15:02:48.431+0800	error	hello	zapLogger/logger_test.go:23	this is a test
2021-05-12T15:02:48.431+0800	error	hello	zapLogger/logger_test.go:23	this is a test
2021-05-12T15:02:48.431+0800	error	hello	zapLogger/logger_test.go:23	this is a test
2021-05-12T15:02:48.431+0800	error	hello	zapLogger/logger_test.go:23	this is a test
2021-05-12T15:02:48.431+0800	error	hello	zapLogger/logger_test.go:23	this is a test
2021-05-12T15:02:48.431+0800	error	hello	zapLogger/logger_test.go:23	this is a test
2021-05-12T15:02:48.431+0800	error	hello	zapLogger/logger_test.go:23	this is a test
2021-05-12T15:02:48.431+0800	error	hello	zapLogger/logger_test.go:23	this is a test
2021-05-12T15:02:48.431+0800	error	hello	zapLogger/logger_test.go:23	this is a test
2021-05-12T15:02:48.431+0800	error	hello	zapLogger/logger_test.go:23	this is a test
2021-05-12T15:02:48.431+0800	error	hello	zapLogger/logger_test.go:23	this is a test
2021-05-12T15:02:48.431+0800	error	hello	zapLogger/logger_test.go:23	this is a test
2021-05-12T15:02:48.431+0800	error	hello	zapLogger/logger_test.go:23	this is a test
2021-05-12T15:02:48.431+0800	error	hello	zapLogger/logger_test.go:23	this is a test
2021-05-12T15:02:48.431+0800	error	hello	zapLogger/logger_test.go:23	this is a test
2021-05-12T15:02:48.431+0800	error	hello	zapLogger/logger_test.go:23	this is a test
2021-05-12T15:02:48.431+0800	error	hello	zapLogger/logger_test.go:23	this is a test
2021-05-12T15:02:48.431+0800	error	hello	zapLogger/logger_test.go:23	this is a test
2021-05-12T15:02:48.431+0800	error	hello	zapLogger/logger_test.go:23	this is a test
2021-05-12T15:02:48.431+0800	error	hello	zapLogger/logger_test.go:23	this is a test
2021-05-12T15:02:48.431+0800	error	hello	zapLogger/logger_test.go:23	this is a test
2021-05-12T15:02:48.431+0800	error	hello	zapLogger/logger_test.go:23	this is a test
2021-05-12T15:02:48.431+0800	error	hello	zapLogger/logger_test.go:23	this is a test
2021-05-12T15:02:48.431+0800	error	hello	zapLogger/logger_test.go:23	this is a test
2021-05-12T15:02:48.431+0800	error	hello	zapLogger/logger_test.go:23	this is a test
2021-05-12T15:02:48.431+0800	error	hello	zapLogger/logger_test.go:23	this is a test
2021-05-12T15:02:48.431+0800	error	hello	zapLogger/logger_test.go:23	this is a test
2021-05-12T15:02:48.431+0800	error	hello	zapLogger/logger_test.go:23	this is a test
2021-05-12T15:02:48.431+0800	error	hello	zapLogger/logger_test.go:23	this is a test
2021-05-12T15:02:48.431+0800	error	hello	zapLogger/logger_test.go:23	this is a test
2021-05-12T15:02:48.431+0800	error	hello	zapLogger/logger_test.go:23	this is a test
2021-05-12T15:02:48.431+0800	error	hello	zapLogger/logger_test.go:23	this is a test
2021-05-12T15:02:48.431+0800	error	hello	zapLogger/logger_test.go:23	this is a test
2021-05-12T15:02:48.431+0800	error	hello	zapLogger/logger_test.go:23	this is a test
2021-05-12T15:02:48.431+0800	error	hello	zapLogger/logger_test.go:23	this is a test
2021-05-12T15:02:48.431+0800	error	hello	zapLogger/logger_test.go:23	this is a test
2021-05-12T15:02:48.431+0800	error	hello	zapLogger/logger_test.go:23	this is a test
2021-05-12T15:02:48.431+0800	error	hello	zapLogger/logger_test.go:23	this is a test
2021-05-12T15:02:48.431+0800	error	hello	zapLogger/logger_test.go:23	this is a test
2021-05-12T15:02:48.431+0800	error	hello	zapLogger/logger_test.go:23	this is a test
2021-05-12T15:02:48.431+0800	error	hello	zapLogger/logger_test.go:23	this is a test
2021-05-12T15:02:48.431+0800	error	hello	zapLogger/logger_test.go:23	this is a test
2021-05-12T15:02:48.431+0800	error	hello	zapLogger/logger_test.go:23	this is a test
2021-05-12T15:02:48.431+0800	error	hello	zapLogger/logger_test.go:23	this is a test
2021-05-12T15:02:48.431+0800	error	hello	zapLogger/logger_test.go:23	this is a test
2021-05-12T15:02:48.431+0800	error	hello	zapLogger/logger_test.go:23	this is a test
2021-05-12T15:02:48.431+0800	error	hello	zapLogger/logger_test.go:23	this is a test
2021-05-12T15:02:48.431+0800	error	hello	zapLogger/logger_test.go:23	this is a test
2021-05-12T15:02:48.431+0800	error	hello	zapLogger/logger_test.go:23	this is a test
2021-05-12T15:02:48.431+0800	error	hello	zapLogger/logger_test.go:23	this is a test
2021-05-12T15:02:48.431+0800	error	hello	zapLogger/logger_test.go:23	this is a test
2021-05-12T15:02:48.431+0800	error	hello	zapLogger/logger_test.go:23	this is a test
2021-05-12T15:02:48.431+0800	error	hello	zapLogger/logger_test.go:23	this is a test
2021-05-12T15:02:48.431+0800	error	hello	zapLogger/logger_test.go:23	this is a test
2021-05-12T15:02:48.431+0800	error	hello	zapLogger/logger_test.go:23	this is a test
2021-05-12T15:02:48.431+0800	error	hello	zapLogger/logger_test.go:23	this is a test
2021-05-12T15:02:48.431+0800	error	hello	zapLogger/logger_test.go:23	this is a test
2021-05-12T15:02:48.431+0800	error	hello	zapLogger/logger_test.go:23	this is a test
2021-05-12T15:02:48.431+0800	error	hello	zapLogger/logger_test.go:23	this is a test
2021-05-12T15:02:48.431+0800	error	hello	zapLogger/logger_test.go:23	this is a test
2021-05-12T15:02:48.431+0800	error	hello	zapLogger/logger_test.go:23	this is a test
2021-05-12T15:02:48.431+0800	error	hello	zapLogger/logger_test.go:23	this is a test
2021-05-12T15:02:48.431+0800	error	hello	zapLogger/logger_test.go:23	this is a test
2021-05-12T15:02:48.431+0800	error	hello	zapLogger/logger_test.go:23	this is a test
2021-05-12T15:02:48.431+0800	error	hello	zapLogger/logger_test.go:23	this is a test
2021-05-12T15:02:48.431+0800	error	hello	zapLogger/logger_test.go:23	this is a test
2021-05-12T15:02:48.431+0800	error	hello	zapLogger/logger_test.go:23	this is a test
2021-05-12T15:02:48.431+0800	error	hello	zapLogger/logger_test.go:23	this is a test
2021-05-12T15:02:48.431+0800	error	hello	zapLogger/logger_test.go:23	this is a test
2021-05-12T15:02:48.431+0800	error	hello	zapLogger/logger_test.go:23	this is a test
2021-05-12T15:02:48.431+0800	error	hello	zapLogger/logger_test.go:23	this is a test
2021-05-12T15:02:48.431+0800	error	hello	zapLogger/logger_test.go:23	this is a test
2021-05-12T15:02:48.431+0800	error	hello	zapLogger/logger_test.go:23	this is a test
2021-05-12T15:02:48.431+0800	error	hello	zapLogger/logger_test.go:23	this is a test
2021-05-12T15:02:48.431+0800	error	hello	zapLogger/logger_test.go:23	this is a test
2021-05-12T15:02:48.431+0800	error	hello	zapLogger/logger_test.go:23	this is a test
2021-05-12T15:02:48.431+0800	error	hello	zapLogger/logger_test.go:23	this is a test
2021-05-12T15:02:48.431+0800	error	hello	zapLogger/logger_test.go:23	this is a test
2021-05-12T15:02:48.431+0800	error	hello	zapLogger/logger_test.go:23	this is a test
2021-05-12T15:02:48.431+0800	error	hello	zapLogger/logger_test.go:23	this is a test
2021-05-12T15:02:48.431+0800	error	hello	zapLogger/logger_test.go:23	this is a test
2021-05-12T15:02:48.431+0800	error	hello	zapLogger/logger_test.go:23	this is a test
2021-05-12T15:02:48.431+0800	error	hello	zapLogger/logger_test.go:23	this is a test
2021-05-12T15:02:48.431+0800	error	hello	zapLogger/logger_test.go:23	this is a test
2021-05-12T15:02:48.431+0800	error	hello	zapLogger/logger_test.go:23	this is a test
2021-05-12T15:02:48.431+0800	error	hello	zapLogger/logger_test.go:23	this is a test
2021-05-12T15:02:48.431+0800	error	hello	zapLogger/logger_test.go:23	this is a test
2021-05-12T15:02:48.431+0800	error	hello	zapLogger/logger_test.go:23	this is a test
2021-05-12T15:02:48.431+0800	error	hello	zapLogger/logger_test.go:23	this is a test
2021-05-12T15:02:48.431+0800	error	hello	zapLogger/logger_test.go:23	this is a test
2021-05-12T15:02:48.431+0800	error	hello	zapLogger/logger_test.go:23	this is a test
2021-05-12T15:02:48.432+0800	error	hello	zapLogger/logger_test.go:23	this is a test
2021-05-12T15:02:48.432+0800	error	hello	zapLogger/logger_test.go:23	this is a test
2021-05-12T15:02:48.432+0800	error	hello	zapLogger/logger_test.go:23	this is a test
2021-05-12T15:02:48.432+0800	error	hello	zapLogger/logger_test.go:23	this is a test
2021-05-12T15:02:48.432+0800	error	hello	zapLogger/logger_test.go:23	this is a test
2021-05-12T15:02:48.430+0800	error	hello	zapLogger/logger_test.go:23	this is a test
2021-05-12T15:02:48.432+0800	error	hello	zapLogger/logger_test.go:23	this is a test
2021-05-12T15:02:48.432+0800	error	hello	zapLogger/logger_test.go:23	this is a test
2021-05-12T15:02:48.432+0800	error	hello	zapLogger/logger_test.go:23	this is a test
2021-05-12T15:02:48.432+0800	error	hello	zapLogger/logger_test.go:23	this is a test
2021-05-12T15:02:48.432+0800	error	hello	zapLogger/logger_test.go:23	this is a test
2021-05-12T15:02:48.432+0800	error	hello	zapLogger/logger_test.go:23	this is a test
2021-05-12T15:02:48.432+0800	error	hello	zapLogger/logger_test.go:23	this is a test
2021-05-12T15:02:48.432+0800	error	hello	zapLogger/logger_test.go:23	this is a test
2021-05-12T15:02:48.432+0800	error	hello	zapLogger/logger_test.go:23	this is a test
2021-05-12T15:02:48.432+0800	error	hello	zapLogger/logger_test.go:23	this is a test
2021-05-12T15:02:48.432+0800	error	hello	zapLogger/logger_test.go:23	this is a test
2021-05-12T15:02:48.432+0800	error	hello	zapLogger/logger_test.go:23	this is a test
2021-05-12T15:02:48.432+0800	error	hello	zapLogger/logger_test.go:23	this is a test
2021-05-12T15:02:48.432+0800	error	hello	zapLogger/logger_test.go:23	this is a test
2021-05-12T15:02:48.432+0800	error	hello	zapLogger/logger_test.go:23	this is a test
2021-05-12T15:02:48.432+0800	error	hello	zapLogger/logger_test.go:23	this is a test
2021-05-12T15:02:48.432+0800	error	hello	zapLogger/logger_test.go:23	this is a test
2021-05-12T15:02:48.432+0800	error	hello	zapLogger/logger_test.go:23	this is a test
2021-05-12T15:02:48.432+0800	error	hello	zapLogger/logger_test.go:23	this is a test
2021-05-12T15:02:48.432+0800	error	hello	zapLogger/logger_test.go:23	this is a test
2021-05-12T15:02:48.432+0800	error	hello	zapLogger/logger_test.go:23	this is a test
2021-05-12T15:02:48.432+0800	error	hello	zapLogger/logger_test.go:23	this is a test
2021-05-12T15:02:48.432+0800	error	hello	zapLogger/logger_test.go:23	this is a test
2021-05-12T15:02:48.432+0800	error	hello	zapLogger/logger_test.go:23	this is a test
2021-05-12T15:02:48.432+0800	error	hello	zapLogger/logger_test.go:23	this is a test
2021-05-12T15:02:48.432+0800	error	hello	zapLogger/logger_test.go:23	this is a test
2021-05-12T15:02:48.432+0800	error	hello	zapLogger/logger_test.go:23	this is a test
2021-05-12T15:02:48.432+0800	error	hello	zapLogger/logger_test.go:23	this is a test
2021-05-12T15:02:48.432+0800	error	hello	zapLogger/logger_test.go:23	this is a test
2021-05-12T15:02:48.432+0800	error	hello	zapLogger/logger_test.go:23	this is a test
2021-05-12T15:02:48.432+0800	error	hello	zapLogger/logger_test.go:23	this is a test
2021-05-12T15:02:48.432+0800	error	hello	zapLogger/logger_test.go:23	this is a test
2021-05-12T15:02:48.432+0800	error	hello	zapLogger/logger_test.go:23	this is a test
2021-05-12T15:02:48.432+0800	error	hello	zapLogger/logger_test.go:23	this is a test
2021-05-12T15:02:48.432+0800	error	hello	zapLogger/logger_test.go:23	this is a test
2021-05-12T15:02:48.432+0800	error	hello	zapLogger/logger_test.go:23	this is a test
2021-05-12T15:02:48.432+0800	error	hello	zapLogger/logger_test.go:23	this is a test
2021-05-12T15:02:48.432+0800	error	hello	zapLogger/logger_test.go:23	this is a test
2021-05-12T15:02:48.432+0800	error	hello	zapLogger/logger_test.go:23	this is a test
2021-05-12T15:02:48.432+0800	error	hello	zapLogger/logger_test.go:23	this is a test
2021-05-12T15:02:48.432+0800	error	hello	zapLogger/logger_test.go:23	this is a test
2021-05-12T15:02:48.432+0800	error	hello	zapLogger/logger_test.go:23	this is a test
2021-05-12T15:02:48.432+0800	error	hello	zapLogger/logger_test.go:23	this is a test
2021-05-12T15:02:48.432+0800	error	hello	zapLogger/logger_test.go:23	this is a test
2021-05-12T15:02:48.432+0800	error	hello	zapLogger/logger_test.go:23	this is a test
2021-05-12T15:02:48.432+0800	error	hello	zapLogger/logger_test.go:23	this is a test
2021-05-12T15:02:48.432+0800	error	hello	zapLogger/logger_test.go:23	this is a test
2021-05-12T15:02:48.432+0800	error	hello	zapLogger/logger_test.go:23	this is a test
2021-05-12T15:02:48.429+0800	error	hello	zapLogger/logger_test.go:23	this is a test
2021-05-12T15:02:48.432+0800	error	hello	zapLogger/logger_test.go:23	this is a test
2021-05-12T15:02:48.432+0800	error	hello	zapLogger/logger_test.go:23	this is a test
2021-05-12T15:02:48.432+0800	error	hello	zapLogger/logger_test.go:23	this is a test
2021-05-12T15:02:48.432+0800	error	hello	zapLogger/logger_test.go:23	this is a test
2021-05-12T15:02:48.432+0800	error	hello	zapLogger/logger_test.go:23	this is a test
2021-05-12T15:02:48.432+0800	error	hello	zapLogger/logger_test.go:23	this is a test
2021-05-12T15:02:48.432+0800	error	hello	zapLogger/logger_test.go:23	this is a test
2021-05-12T15:02:48.432+0800	error	hello	zapLogger/logger_test.go:23	this is a test
2021-05-12T15:02:48.432+0800	error	hello	zapLogger/logger_test.go:23	this is a test
2021-05-12T15:02:48.432+0800	error	hello	zapLogger/logger_test.go:23	this is a test
2021-05-12T15:02:48.432+0800	error	hello	zapLogger/logger_test.go:23	this is a test
2021-05-12T15:02:48.432+0800	error	hello	zapLogger/logger_test.go:23	this is a test
2021-05-12T15:02:48.432+0800	error	hello	zapLogger/logger_test.go:23	this is a test
2021-05-12T15:02:48.432+0800	error	hello	zapLogger/logger_test.go:23	this is a test
2021-05-12T15:02:48.432+0800	error	hello	zapLogger/logger_test.go:23	this is a test
2021-05-12T15:02:48.432+0800	error	hello	zapLogger/logger_test.go:23	this is a test
2021-05-12T15:02:48.432+0800	error	hello	zapLogger/logger_test.go:23	this is a test
2021-05-12T15:02:48.432+0800	error	hello	zapLogger/logger_test.go:23	this is a test
2021-05-12T15:02:48.432+0800	error	hello	zapLogger/logger_test.go:23	this is a test
2021-05-12T15:02:48.432+0800	error	hello	zapLogger/logger_test.go:23	this is a test
2021-05-12T15:02:48.432+0800	error	hello	zapLogger/logger_test.go:23	this is a test
2021-05-12T15:02:48.432+0800	error	hello	zapLogger/logger_test.go:23	this is a test
2021-05-12T15:02:48.432+0800	error	hello	zapLogger/logger_test.go:23	this is a test
2021-05-12T15:02:48.432+0800	error	hello	zapLogger/logger_test.go:23	this is a test
2021-05-12T15:02:48.432+0800	error	hello	zapLogger/logger_test.go:23	this is a test
2021-05-12T15:02:48.432+0800	error	hello	zapLogger/logger_test.go:23	this is a test
2021-05-12T15:02:48.432+0800	error	hello	zapLogger/logger_test.go:23	this is a test
2021-05-12T15:02:48.432+0800	error	hello	zapLogger/logger_test.go:23	this is a test
2021-05-12T15:02:48.432+0800	error	hello	zapLogger/logger_test.go:23	this is a test
2021-05-12T15:02:48.432+0800	error	hello	zapLogger/logger_test.go:23	this is a test
2021-05-12T15:02:48.432+0800	error	hello	zapLogger/logger_test.go:23	this is a test
2021-05-12T15:02:48.432+0800	error	hello	zapLogger/logger_test.go:23	this is a test
2021-05-12T15:02:48.432+0800	error	hello	zapLogger/logger_test.go:23	this is a test
2021-05-12T15:02:48.432+0800	error	hello	zapLogger/logger_test.go:23	this is a test
2021-05-12T15:02:48.432+0800	error	hello	zapLogger/logger_test.go:23	this is a test
2021-05-12T15:02:48.432+0800	error	hello	zapLogger/logger_test.go:23	this is a test
2021-05-12T15:02:48.432+0800	error	hello	zapLogger/logger_test.go:23	this is a test
2021-05-12T15:02:48.432+0800	error	hello	zapLogger/logger_test.go:23	this is a test
2021-05-12T15:02:48.432+0800	error	hello	zapLogger/logger_test.go:23	this is a test
2021-05-12T15:02:48.432+0800	error	hello	zapLogger/logger_test.go:23	this is a test
2021-05-12T15:02:48.432+0800	error	hello	zapLogger/logger_test.go:23	this is a test
2021-05-12T15:02:48.432+0800	error	hello	zapLogger/logger_test.go:23	this is a test
2021-05-12T15:02:48.432+0800	error	hello	zapLogger/logger_test.go:23	this is a test
2021-05-12T15:02:48.432+0800	error	hello	zapLogger/logger_test.go:23	this is a test
2021-05-12T15:02:48.432+0800	error	hello	zapLogger/logger_test.go:23	this is a test
2021-05-12T15:02:48.432+0800	error	hello	zapLogger/logger_test.go:23	this is a test
2021-05-12T15:02:48.432+0800	error	hello	zapLogger/logger_test.go:23	this is a test
2021-05-12T15:02:48.432+0800	error	hello	zapLogger/logger_test.go:23	this is a test
2021-05-12T15:02:48.431+0800	error	hello	zapLogger/logger_test.go:23	this is a test
2021-05-12T15:02:48.432+0800	error	hello	zapLogger/logger_test.go:23	this is a test
2021-05-12T15:02:48.432+0800	error	hello	zapLogger/logger_test.go:23	this is a test
2021-05-12T15:02:48.432+0800	error	hello	zapLogger/logger_test.go:23	this is a test
2021-05-12T15:02:48.432+0800	error	hello	zapLogger/logger_test.go:23	this is a test
2021-05-12T15:02:48.432+0800	error	hello	zapLogger/logger_test.go:23	this is a test
2021-05-12T15:02:48.432+0800	error	hello	zapLogger/logger_test.go:23	this is a test
2021-05-12T15:02:48.432+0800	error	hello	zapLogger/logger_test.go:23	this is a test
2021-05-12T15:02:48.432+0800	error	hello	zapLogger/logger_test.go:23	this is a test
2021-05-12T15:02:48.432+0800	error	hello	zapLogger/logger_test.go:23	this is a test
2021-05-12T15:02:48.432+0800	error	hello	zapLogger/logger_test.go:23	this is a test
2021-05-12T15:02:48.432+0800	error	hello	zapLogger/logger_test.go:23	this is a test
2021-05-12T15:02:48.432+0800	error	hello	zapLogger/logger_test.go:23	this is a test
2021-05-12T15:02:48.432+0800	error	hello	zapLogger/logger_test.go:23	this is a test
2021-05-12T15:02:48.432+0800	error	hello	zapLogger/logger_test.go:23	this is a test
2021-05-12T15:02:48.432+0800	error	hello	zapLogger/logger_test.go:23	this is a test
2021-05-12T15:02:48.432+0800	error	hello	zapLogger/logger_test.go:23	this is a test
2021-05-12T15:02:48.432+0800	error	hello	zapLogger/logger_test.go:23	this is a test
2021-05-12T15:02:48.432+0800	error	hello	zapLogger/logger_test.go:23	this is a test
2021-05-12T15:02:48.432+0800	error	hello	zapLogger/logger_test.go:23	this is a test
2021-05-12T15:02:48.432+0800	error	hello	zapLogger/logger_test.go:23	this is a test
2021-05-12T15:02:48.432+0800	error	hello	zapLogger/logger_test.go:23	this is a test
2021-05-12T15:02:48.432+0800	error	hello	zapLogger/logger_test.go:23	this is a test
2021-05-12T15:02:48.432+0800	error	hello	zapLogger/logger_test.go:23	this is a test
2021-05-12T15:02:48.432+0800	error	hello	zapLogger/logger_test.go:23	this is a test
2021-05-12T15:02:48.432+0800	error	hello	zapLogger/logger_test.go:23	this is a test
2021-05-12T15:02:48.432+0800	error	hello	zapLogger/logger_test.go:23	this is a test
2021-05-12T15:02:48.432+0800	error	hello	zapLogger/logger_test.go:23	this is a test
2021-05-12T15:02:48.432+0800	error	hello	zapLogger/logger_test.go:23	this is a test
2021-05-12T15:02:48.432+0800	error	hello	zapLogger/logger_test.go:23	this is a test
2021-05-12T15:02:48.432+0800	error	hello	zapLogger/logger_test.go:23	this is a test
2021-05-12T15:02:48.432+0800	error	hello	zapLogger/logger_test.go:23	this is a test
2021-05-12T15:02:48.432+0800	error	hello	zapLogger/logger_test.go:23	this is a test
2021-05-12T15:02:48.432+0800	error	hello	zapLogger/logger_test.go:23	this is a test
2021-05-12T15:02:48.432+0800	error	hello	zapLogger/logger_test.go:23	this is a test
2021-05-12T15:02:48.432+0800	error	hello	zapLogger/logger_test.go:23	this is a test
2021-05-12T15:02:48.432+0800	error	hello	zapLogger/logger_test.go:23	this is a test
2021-05-12T15:02:48.432+0800	error	hello	zapLogger/logger_test.go:23	this is a test
2021-05-12T15:02:48.432+0800	error	hello	zapLogger/logger_test.go:23	this is a test
2021-05-12T15:02:48.432+0800	error	hello	zapLogger/logger_test.go:23	this is a test
2021-05-12T15:02:48.432+0800	error	hello	zapLogger/logger_test.go:23	this is a test
2021-05-12T15:02:48.432+0800	error	hello	zapLogger/logger_test.go:23	this is a test
2021-05-12T15:02:48.432+0800	error	hello	zapLogger/logger_test.go:23	this is a test
2021-05-12T15:02:48.432+0800	error	hello	zapLogger/logger_test.go:23	this is a test
2021-05-12T15:02:48.432+0800	error	hello	zapLogger/logger_test.go:23	this is a test
2021-05-12T15:02:48.432+0800	error	hello	zapLogger/logger_test.go:23	this is a test
2021-05-12T15:02:48.432+0800	error	hello	zapLogger/logger_test.go:23	this is a test
2021-05-12T15:02:48.432+0800	error	hello	zapLogger/logger_test.go:23	this is a test
2021-05-12T15:02:48.432+0800	error	hello	zapLogger/logger_test.go:23	this is a test
2021-05-12T15:02:48.432+0800	error	hello	zapLogger/logger_test.go:23	this is a test
2021-05-12T15:02:48.432+0800	error	hello	zapLogger/logger_test.go:23	this is a test
2021-05-12T15:02:48.432+0800	error	hello	zapLogger/logger_test.go:23	this is a test
2021-05-12T15:02:48.432+0800	error	hello	zapLogger/logger_test.go:23	this is a test
2021-05-12T15:02:48.432+0800	error	hello	zapLogger/logger_test.go:23	this is a test
2021-05-12T15:02:48.432+0800	error	hello	zapLogger/logger_test.go:23	this is a test
2021-05-12T15:02:48.432+0800	error	hello	zapLogger/logger_test.go:23	this is a test
2021-05-12T15:02:48.432+0800	error	hello	zapLogger/logger_test.go:23	this is a test
2021-05-12T15:02:48.432+0800	error	hello	zapLogger/logger_test.go:23	this is a test
2021-05-12T15:02:48.432+0800	error	hello	zapLogger/logger_test.go:23	this is a test
2021-05-12T15:02:48.432+0800	error	hello	zapLogger/logger_test.go:23	this is a test
2021-05-12T15:02:48.432+0800	error	hello	zapLogger/logger_test.go:23	this is a test
2021-05-12T15:02:48.432+0800	error	hello	zapLogger/logger_test.go:23	this is a test
2021-05-12T15:02:48.432+0800	error	hello	zapLogger/logger_test.go:23	this is a test
2021-05-12T15:02:48.432+0800	error	hello	zapLogger/logger_test.go:23	this is a test
2021-05-12T15:02:48.432+0800	error	hello	zapLogger/logger_test.go:23	this is a test
2021-05-12T15:02:48.432+0800	error	hello	zapLogger/logger_test.go:23	this is a test
2021-05-12T15:02:48.432+0800	error	hello	zapLogger/logger_test.go:23	this is a test
2021-05-12T15:02:48.432+0800	error	hello	zapLogger/logger_test.go:23	this is a test
2021-05-12T15:02:48.432+0800	error	hello	zapLogger/logger_test.go:23	this is a test
2021-05-12T15:02:48.432+0800	error	hello	zapLogger/logger_test.go:23	this is a test
2021-05-12T15:02:48.432+0800	error	hello	zapLogger/logger_test.go:23	this is a test
2021-05-12T15:02:48.432+0800	error	hello	zapLogger/logger_test.go:23	this is a test
2021-05-12T15:02:48.432+0800	error	hello	zapLogger/logger_test.go:23	this is a test
2021-05-12T15:02:48.432+0800	error	hello	zapLogger/logger_test.go:23	this is a test
2021-05-12T15:02:48.432+0800	error	hello	zapLogger/logger_test.go:23	this is a test
2021-05-12T15:02:48.432+0800	error	hello	zapLogger/logger_test.go:23	this is a test
2021-05-12T15:02:48.432+0800	error	hello	zapLogger/logger_test.go:23	this is a test
2021-05-12T15:02:48.432+0800	error	hello	zapLogger/logger_test.go:23	this is a test
2021-05-12T15:02:48.433+0800	error	hello	zapLogger/logger_test.go:23	this is a test
2021-05-12T15:02:48.433+0800	error	hello	zapLogger/logger_test.go:23	this is a test
2021-05-12T15:02:48.433+0800	error	hello	zapLogger/logger_test.go:23	this is a test
2021-05-12T15:02:48.433+0800	error	hello	zapLogger/logger_test.go:23	this is a test
2021-05-12T15:02:48.433+0800	error	hello	zapLogger/logger_test.go:23	this is a test
2021-05-12T15:02:48.433+0800	error	hello	zapLogger/logger_test.go:23	this is a test
2021-05-12T15:02:48.433+0800	error	hello	zapLogger/logger_test.go:23	this is a test
2021-05-12T15:02:48.433+0800	error	hello	zapLogger/logger_test.go:23	this is a test
2021-05-12T15:02:48.433+0800	error	hello	zapLogger/logger_test.go:23	this is a test
2021-05-12T15:02:48.433+0800	error	hello	zapLogger/logger_test.go:23	this is a test
2021-05-12T15:02:48.433+0800	error	hello	zapLogger/logger_test.go:23	this is a test
2021-05-12T15:02:48.433+0800	error	hello	zapLogger/logger_test.go:23	this is a test
2021-05-12T15:02:48.433+0800	error	hello	zapLogger/logger_test.go:23	this is a test
2021-05-12T15:02:48.433+0800	error	hello	zapLogger/logger_test.go:23	this is a test
2021-05-12T15:02:48.433+0800	error	hello	zapLogger/logger_test.go:23	this is a test
2021-05-12T15:02:48.433+0800	error	hello	zapLogger/logger_test.go:23	this is a test
2021-05-12T15:02:48.433+0800	error	hello	zapLogger/logger_test.go:23	this is a test
2021-05-12T15:02:48.433+0800	error	hello	zapLogger/logger_test.go:23	this is a test
2021-05-12T15:02:48.433+0800	error	hello	zapLogger/logger_test.go:23	this is a test
2021-05-12T15:02:48.433+0800	error	hello	zapLogger/logger_test.go:23	this is a test
2021-05-12T15:02:48.431+0800	error	hello	zapLogger/logger_test.go:23	this is a test
2021-05-12T15:02:48.433+0800	error	hello	zapLogger/logger_test.go:23	this is a test
2021-05-12T15:02:48.433+0800	error	hello	zapLogger/logger_test.go:23	this is a test
2021-05-12T15:02:48.433+0800	error	hello	zapLogger/logger_test.go:23	this is a test
2021-05-12T15:02:48.433+0800	error	hello	zapLogger/logger_test.go:23	this is a test
2021-05-12T15:02:48.433+0800	error	hello	zapLogger/logger_test.go:23	this is a test
2021-05-12T15:02:48.433+0800	error	hello	zapLogger/logger_test.go:23	this is a test
2021-05-12T15:02:48.433+0800	error	hello	zapLogger/logger_test.go:23	this is a test
2021-05-12T15:02:48.433+0800	error	hello	zapLogger/logger_test.go:23	this is a test
2021-05-12T15:02:48.433+0800	error	hello	zapLogger/logger_test.go:23	this is a test
2021-05-12T15:02:48.433+0800	error	hello	zapLogger/logger_test.go:23	this is a test
2021-05-12T15:02:48.431+0800	error	hello	zapLogger/logger_test.go:23	this is a test
2021-05-12T15:02:48.433+0800	error	hello	zapLogger/logger_test.go:23	this is a test
2021-05-12T15:02:48.433+0800	error	hello	zapLogger/logger_test.go:23	this is a test
2021-05-12T15:02:48.433+0800	error	hello	zapLogger/logger_test.go:23	this is a test
2021-05-12T15:02:48.433+0800	error	hello	zapLogger/logger_test.go:23	this is a test
2021-05-12T15:02:48.433+0800	error	hello	zapLogger/logger_test.go:23	this is a test
2021-05-12T15:02:48.433+0800	error	hello	zapLogger/logger_test.go:23	this is a test
2021-05-12T15:02:48.433+0800	error	hello	zapLogger/logger_test.go:23	this is a test
2021-05-12T15:02:48.433+0800	error	hello	zapLogger/logger_test.go:23	this is a test
2021-05-12T15:02:48.433+0800	error	hello	zapLogger/logger_test.go:23	this is a test
2021-05-12T15:02:48.433+0800	error	hello	zapLogger/logger_test.go:23	this is a test
2021-05-12T15:02:48.433+0800	error	hello	zapLogger/logger_test.go:23	this is a test
2021-05-12T15:02:48.433+0800	error	hello	zapLogger/logger_test.go:23	this is a test
2021-05-12T15:02:48.433+0800	error	hello	zapLogger/logger_test.go:23	this is a test
2021-05-12T15:02:48.433+0800	error	hello	zapLogger/logger_test.go:23	this is a test
2021-05-12T15:02:48.433+0800	error	hello	zapLogger/logger_test.go:23	this is a test
2021-05-12T15:02:48.433+0800	error	hello	zapLogger/logger_test.go:23	this is a test
2021-05-12T15:02:48.433+0800	error	hello	zapLogger/logger_test.go:23	this is a test
2021-05-12T15:02:48.433+0800	error	hello	zapLogger/logger_test.go:23	this is a test
2021-05-12T15:02:48.433+0800	error	hello	zapLogger/logger_test.go:23	this is a test
2021-05-12T15:02:48.433+0800	error	hello	zapLogger/logger_test.go:23	this is a test
2021-05-12T15:02:48.433+0800	error	hello	zapLogger/logger_test.go:23	this is a test
2021-05-12T15:02:48.433+0800	error	hello	zapLogger/logger_test.go:23	this is a test
2021-05-12T15:02:48.433+0800	error	hello	zapLogger/logger_test.go:23	this is a test
2021-05-12T15:02:48.433+0800	error	hello	zapLogger/logger_test.go:23	this is a test
2021-05-12T15:02:48.433+0800	error	hello	zapLogger/logger_test.go:23	this is a test
2021-05-12T15:02:48.433+0800	error	hello	zapLogger/logger_test.go:23	this is a test
2021-05-12T15:02:48.433+0800	error	hello	zapLogger/logger_test.go:23	this is a test
2021-05-12T15:02:48.433+0800	error	hello	zapLogger/logger_test.go:23	this is a test
2021-05-12T15:02:48.433+0800	error	hello	zapLogger/logger_test.go:23	this is a test
2021-05-12T15:02:48.433+0800	error	hello	zapLogger/logger_test.go:23	this is a test
2021-05-12T15:02:48.433+0800	error	hello	zapLogger/logger_test.go:23	this is a test
2021-05-12T15:02:48.433+0800	error	hello	zapLogger/logger_test.go:23	this is a test
2021-05-12T15:02:48.433+0800	error	hello	zapLogger/logger_test.go:23	this is a test
2021-05-12T15:02:48.433+0800	error	hello	zapLogger/logger_test.go:23	this is a test
2021-05-12T15:02:48.433+0800	error	hello	zapLogger/logger_test.go:23	this is a test
2021-05-12T15:02:48.433+0800	error	hello	zapLogger/logger_test.go:23	this is a test
2021-05-12T15:02:48.433+0800	error	hello	zapLogger/logger_test.go:23	this is a test
2021-05-12T15:02:48.433+0800	error	hello	zapLogger/logger_test.go:23	this is a test
2021-05-12T15:02:48.433+0800	error	hello	zapLogger/logger_test.go:23	this is a test
2021-05-12T15:02:48.433+0800	error	hello	zapLogger/logger_test.go:23	this is a test
2021-05-12T15:02:48.433+0800	error	hello	zapLogger/logger_test.go:23	this is a test
2021-05-12T15:02:48.433+0800	error	hello	zapLogger/logger_test.go:23	this is a test
2021-05-12T15:02:48.433+0800	error	hello	zapLogger/logger_test.go:23	this is a test
2021-05-12T15:02:48.433+0800	error	hello	zapLogger/logger_test.go:23	this is a test
2021-05-12T15:02:48.433+0800	error	hello	zapLogger/logger_test.go:23	this is a test
2021-05-12T15:02:48.433+0800	error	hello	zapLogger/logger_test.go:23	this is a test
2021-05-12T15:02:48.433+0800	error	hello	zapLogger/logger_test.go:23	this is a test
2021-05-12T15:02:48.433+0800	error	hello	zapLogger/logger_test.go:23	this is a test
2021-05-12T15:02:48.433+0800	error	hello	zapLogger/logger_test.go:23	this is a test
2021-05-12T15:02:48.433+0800	error	hello	zapLogger/logger_test.go:23	this is a test
2021-05-12T15:02:48.433+0800	error	hello	zapLogger/logger_test.go:23	this is a test
2021-05-12T15:02:48.433+0800	error	hello	zapLogger/logger_test.go:23	this is a test
2021-05-12T15:02:48.433+0800	error	hello	zapLogger/logger_test.go:23	this is a test
2021-05-12T15:02:48.433+0800	error	hello	zapLogger/logger_test.go:23	this is a test
2021-05-12T15:02:48.433+0800	error	hello	zapLogger/logger_test.go:23	this is a test
2021-05-12T15:02:48.433+0800	error	hello	zapLogger/logger_test.go:23	this is a test
2021-05-12T15:02:48.433+0800	error	hello	zapLogger/logger_test.go:23	this is a test
2021-05-12T15:02:48.433+0800	error	hello	zapLogger/logger_test.go:23	this is a test
2021-05-12T15:02:48.433+0800	error	hello	zapLogger/logger_test.go:23	this is a test
2021-05-12T15:02:48.433+0800	error	hello	zapLogger/logger_test.go:23	this is a test
2021-05-12T15:02:48.433+0800	error	hello	zapLogger/logger_test.go:23	this is a test
2021-05-12T15:02:48.433+0800	error	hello	zapLogger/logger_test.go:23	this is a test
2021-05-12T15:02:48.433+0800	error	hello	zapLogger/logger_test.go:23	this is a test
2021-05-12T15:02:48.433+0800	error	hello	zapLogger/logger_test.go:23	this is a test
2021-05-12T15:02:48.433+0800	error	hello	zapLogger/logger_test.go:23	this is a test
2021-05-12T15:02:48.433+0800	error	hello	zapLogger/logger_test.go:23	this is a test
2021-05-12T15:02:48.433+0800	error	hello	zapLogger/logger_test.go:23	this is a test
2021-05-12T15:02:48.432+0800	error	hello	zapLogger/logger_test.go:23	this is a test
2021-05-12T15:02:48.433+0800	error	hello	zapLogger/logger_test.go:23	this is a test
2021-05-12T15:02:48.433+0800	error	hello	zapLogger/logger_test.go:23	this is a test
2021-05-12T15:02:48.433+0800	error	hello	zapLogger/logger_test.go:23	this is a test
2021-05-12T15:02:48.433+0800	error	hello	zapLogger/logger_test.go:23	this is a test
2021-05-12T15:02:48.433+0800	error	hello	zapLogger/logger_test.go:23	this is a test
2021-05-12T15:02:48.433+0800	error	hello	zapLogger/logger_test.go:23	this is a test
2021-05-12T15:02:48.433+0800	error	hello	zapLogger/logger_test.go:23	this is a test
2021-05-12T15:02:48.433+0800	error	hello	zapLogger/logger_test.go:23	this is a test
2021-05-12T15:02:48.433+0800	error	hello	zapLogger/logger_test.go:23	this is a test
2021-05-12T15:02:48.433+0800	error	hello	zapLogger/logger_test.go:23	this is a test
2021-05-12T15:02:48.433+0800	error	hello	zapLogger/logger_test.go:23	this is a test
2021-05-12T15:02:48.433+0800	error	hello	zapLogger/logger_test.go:23	this is a test
2021-05-12T15:02:48.433+0800	error	hello	zapLogger/logger_test.go:23	this is a test
2021-05-12T15:02:48.433+0800	error	hello	zapLogger/logger_test.go:23	this is a test
2021-05-12T15:02:48.433+0800	error	hello	zapLogger/logger_test.go:23	this is a test
2021-05-12T15:02:48.433+0800	error	hello	zapLogger/logger_test.go:23	this is a test
2021-05-12T15:02:48.433+0800	error	hello	zapLogger/logger_test.go:23	this is a test
2021-05-12T15:02:48.432+0800	error	hello	zapLogger/logger_test.go:23	this is a test
2021-05-12T15:02:48.433+0800	error	hello	zapLogger/logger_test.go:23	this is a test
2021-05-12T15:02:48.433+0800	error	hello	zapLogger/logger_test.go:23	this is a test
2021-05-12T15:02:48.433+0800	error	hello	zapLogger/logger_test.go:23	this is a test
2021-05-12T15:02:48.433+0800	error	hello	zapLogger/logger_test.go:23	this is a test
2021-05-12T15:02:48.433+0800	error	hello	zapLogger/logger_test.go:23	this is a test
2021-05-12T15:02:48.433+0800	error	hello	zapLogger/logger_test.go:23	this is a test
2021-05-12T15:02:48.433+0800	error	hello	zapLogger/logger_test.go:23	this is a test
2021-05-12T15:02:48.433+0800	error	hello	zapLogger/logger_test.go:23	this is a test
2021-05-12T15:02:48.433+0800	error	hello	zapLogger/logger_test.go:23	this is a test
2021-05-12T15:02:48.433+0800	error	hello	zapLogger/logger_test.go:23	this is a test
2021-05-12T15:02:48.433+0800	error	hello	zapLogger/logger_test.go:23	this is a test
2021-05-12T15:02:48.433+0800	error	hello	zapLogger/logger_test.go:23	this is a test
2021-05-12T15:02:48.433+0800	error	hello	zapLogger/logger_test.go:23	this is a test
2021-05-12T15:02:48.433+0800	error	hello	zapLogger/logger_test.go:23	this is a test
2021-05-12T15:02:48.433+0800	error	hello	zapLogger/logger_test.go:23	this is a test
2021-05-12T15:02:48.433+0800	error	hello	zapLogger/logger_test.go:23	this is a test
2021-05-12T15:02:48.433+0800	error	hello	zapLogger/logger_test.go:23	this is a test
2021-05-12T15:02:48.433+0800	error	hello	zapLogger/logger_test.go:23	this is a test
2021-05-12T15:02:48.433+0800	error	hello	zapLogger/logger_test.go:23	this is a test
2021-05-12T15:02:48.433+0800	error	hello	zapLogger/logger_test.go:23	this is a test
2021-05-12T15:02:48.433+0800	error	hello	zapLogger/logger_test.go:23	this is a test
2021-05-12T15:02:48.433+0800	error	hello	zapLogger/logger_test.go:23	this is a test
2021-05-12T15:02:48.433+0800	error	hello	zapLogger/logger_test.go:23	this is a test
2021-05-12T15:02:48.433+0800	error	hello	zapLogger/logger_test.go:23	this is a test
2021-05-12T15:02:48.433+0800	error	hello	zapLogger/logger_test.go:23	this is a test
2021-05-12T15:02:48.433+0800	error	hello	zapLogger/logger_test.go:23	this is a test
2021-05-12T15:02:48.433+0800	error	hello	zapLogger/logger_test.go:23	this is a test
2021-05-12T15:02:48.433+0800	error	hello	zapLogger/logger_test.go:23	this is a test
2021-05-12T15:02:48.433+0800	error	hello	zapLogger/logger_test.go:23	this is a test
2021-05-12T15:02:48.433+0800	error	hello	zapLogger/logger_test.go:23	this is a test
2021-05-12T15:02:48.433+0800	error	hello	zapLogger/logger_test.go:23	this is a test
2021-05-12T15:02:48.433+0800	error	hello	zapLogger/logger_test.go:23	this is a test
2021-05-12T15:02:48.433+0800	error	hello	zapLogger/logger_test.go:23	this is a test
2021-05-12T15:02:48.433+0800	error	hello	zapLogger/logger_test.go:23	this is a test
2021-05-12T15:02:48.433+0800	error	hello	zapLogger/logger_test.go:23	this is a test
2021-05-12T15:02:48.433+0800	error	hello	zapLogger/logger_test.go:23	this is a test
2021-05-12T15:02:48.433+0800	error	hello	zapLogger/logger_test.go:23	this is a test
2021-05-12T15:02:48.433+0800	error	hello	zapLogger/logger_test.go:23	this is a test
2021-05-12T15:02:48.433+0800	error	hello	zapLogger/logger_test.go:23	this is a test
2021-05-12T15:02:48.433+0800	error	hello	zapLogger/logger_test.go:23	this is a test
2021-05-12T15:02:48.433+0800	error	hello	zapLogger/logger_test.go:23	this is a test
2021-05-12T15:02:48.433+0800	error	hello	zapLogger/logger_test.go:23	this is a test
2021-05-12T15:02:48.433+0800	error	hello	zapLogger/logger_test.go:23	this is a test
2021-05-12T15:02:48.433+0800	error	hello	zapLogger/logger_test.go:23	this is a test
2021-05-12T15:02:48.433+0800	error	hello	zapLogger/logger_test.go:23	this is a test
2021-05-12T15:02:48.433+0800	error	hello	zapLogger/logger_test.go:23	this is a test
2021-05-12T15:02:48.433+0800	error	hello	zapLogger/logger_test.go:23	this is a test
2021-05-12T15:02:48.433+0800	error	hello	zapLogger/logger_test.go:23	this is a test
2021-05-12T15:02:48.429+0800	error	hello	zapLogger/logger_test.go:23	this is a test
2021-05-12T15:02:48.433+0800	error	hello	zapLogger/logger_test.go:23	this is a test
2021-05-12T15:02:48.433+0800	error	hello	zapLogger/logger_test.go:23	this is a test
2021-05-12T15:02:48.433+0800	error	hello	zapLogger/logger_test.go:23	this is a test
2021-05-12T15:02:48.433+0800	error	hello	zapLogger/logger_test.go:23	this is a test
2021-05-12T15:02:48.433+0800	error	hello	zapLogger/logger_test.go:23	this is a test
2021-05-12T15:02:48.433+0800	error	hello	zapLogger/logger_test.go:23	this is a test
2021-05-12T15:02:48.433+0800	error	hello	zapLogger/logger_test.go:23	this is a test
2021-05-12T15:02:48.433+0800	error	hello	zapLogger/logger_test.go:23	this is a test
2021-05-12T15:02:48.433+0800	error	hello	zapLogger/logger_test.go:23	this is a test
2021-05-12T15:02:48.433+0800	error	hello	zapLogger/logger_test.go:23	this is a test
2021-05-12T15:02:48.433+0800	error	hello	zapLogger/logger_test.go:23	this is a test
2021-05-12T15:02:48.433+0800	error	hello	zapLogger/logger_test.go:23	this is a test
2021-05-12T15:02:48.433+0800	error	hello	zapLogger/logger_test.go:23	this is a test
2021-05-12T15:02:48.433+0800	error	hello	zapLogger/logger_test.go:23	this is a test
2021-05-12T15:02:48.434+0800	error	hello	zapLogger/logger_test.go:23	this is a test
2021-05-12T15:02:48.433+0800	error	hello	zapLogger/logger_test.go:23	this is a test
2021-05-12T15:02:48.434+0800	error	hello	zapLogger/logger_test.go:23	this is a test
2021-05-12T15:02:48.434+0800	error	hello	zapLogger/logger_test.go:23	this is a test
2021-05-12T15:02:48.434+0800	error	hello	zapLogger/logger_test.go:23	this is a test
2021-05-12T15:02:48.434+0800	error	hello	zapLogger/logger_test.go:23	this is a test
2021-05-12T15:02:48.434+0800	error	hello	zapLogger/logger_test.go:23	this is a test
2021-05-12T15:02:48.434+0800	error	hello	zapLogger/logger_test.go:23	this is a test
2021-05-12T15:02:48.434+0800	error	hello	zapLogger/logger_test.go:23	this is a test
2021-05-12T15:02:48.434+0800	error	hello	zapLogger/logger_test.go:23	this is a test
2021-05-12T15:02:48.434+0800	error	hello	zapLogger/logger_test.go:23	this is a test
2021-05-12T15:02:48.434+0800	error	hello	zapLogger/logger_test.go:23	this is a test
2021-05-12T15:02:48.434+0800	error	hello	zapLogger/logger_test.go:23	this is a test
2021-05-12T15:02:48.434+0800	error	hello	zapLogger/logger_test.go:23	this is a test
2021-05-12T15:02:48.434+0800	error	hello	zapLogger/logger_test.go:23	this is a test
2021-05-12T15:02:48.434+0800	error	hello	zapLogger/logger_test.go:23	this is a test
2021-05-12T15:02:48.434+0800	error	hello	zapLogger/logger_test.go:23	this is a test
2021-05-12T15:02:48.434+0800	error	hello	zapLogger/logger_test.go:23	this is a test
2021-05-12T15:02:48.434+0800	error	hello	zapLogger/logger_test.go:23	this is a test
2021-05-12T15:02:48.434+0800	error	hello	zapLogger/logger_test.go:23	this is a test
2021-05-12T15:02:48.434+0800	error	hello	zapLogger/logger_test.go:23	this is a test
2021-05-12T15:02:48.434+0800	error	hello	zapLogger/logger_test.go:23	this is a test
2021-05-12T15:02:48.434+0800	error	hello	zapLogger/logger_test.go:23	this is a test
2021-05-12T15:02:48.434+0800	error	hello	zapLogger/logger_test.go:23	this is a test
2021-05-12T15:02:48.434+0800	error	hello	zapLogger/logger_test.go:23	this is a test
2021-05-12T15:02:48.434+0800	error	hello	zapLogger/logger_test.go:23	this is a test
2021-05-12T15:02:48.434+0800	error	hello	zapLogger/logger_test.go:23	this is a test
2021-05-12T15:02:48.434+0800	error	hello	zapLogger/logger_test.go:23	this is a test
2021-05-12T15:02:48.434+0800	error	hello	zapLogger/logger_test.go:23	this is a test
2021-05-12T15:02:48.434+0800	error	hello	zapLogger/logger_test.go:23	this is a test
2021-05-12T15:02:48.434+0800	error	hello	zapLogger/logger_test.go:23	this is a test
2021-05-12T15:02:48.434+0800	error	hello	zapLogger/logger_test.go:23	this is a test
2021-05-12T15:02:48.434+0800	error	hello	zapLogger/logger_test.go:23	this is a test
2021-05-12T15:02:48.434+0800	error	hello	zapLogger/logger_test.go:23	this is a test
2021-05-12T15:02:48.433+0800	error	hello	zapLogger/logger_test.go:23	this is a test
2021-05-12T15:02:48.434+0800	error	hello	zapLogger/logger_test.go:23	this is a test
2021-05-12T15:02:48.434+0800	error	hello	zapLogger/logger_test.go:23	this is a test
2021-05-12T15:02:48.434+0800	error	hello	zapLogger/logger_test.go:23	this is a test
2021-05-12T15:02:48.434+0800	error	hello	zapLogger/logger_test.go:23	this is a test
2021-05-12T15:02:48.434+0800	error	hello	zapLogger/logger_test.go:23	this is a test
2021-05-12T15:02:48.434+0800	error	hello	zapLogger/logger_test.go:23	this is a test
2021-05-12T15:02:48.434+0800	error	hello	zapLogger/logger_test.go:23	this is a test
2021-05-12T15:02:48.434+0800	error	hello	zapLogger/logger_test.go:23	this is a test
2021-05-12T15:02:48.434+0800	error	hello	zapLogger/logger_test.go:23	this is a test
2021-05-12T15:02:48.434+0800	error	hello	zapLogger/logger_test.go:23	this is a test
2021-05-12T15:02:48.434+0800	error	hello	zapLogger/logger_test.go:23	this is a test
2021-05-12T15:02:48.434+0800	error	hello	zapLogger/logger_test.go:23	this is a test
2021-05-12T15:02:48.434+0800	error	hello	zapLogger/logger_test.go:23	this is a test
2021-05-12T15:02:48.434+0800	error	hello	zapLogger/logger_test.go:23	this is a test
2021-05-12T15:02:48.434+0800	error	hello	zapLogger/logger_test.go:23	this is a test
2021-05-12T15:02:48.434+0800	error	hello	zapLogger/logger_test.go:23	this is a test
2021-05-12T15:02:48.434+0800	error	hello	zapLogger/logger_test.go:23	this is a test
2021-05-12T15:02:48.434+0800	error	hello	zapLogger/logger_test.go:23	this is a test
2021-05-12T15:02:48.434+0800	error	hello	zapLogger/logger_test.go:23	this is a test
2021-05-12T15:02:48.434+0800	error	hello	zapLogger/logger_test.go:23	this is a test
2021-05-12T15:02:48.434+0800	error	hello	zapLogger/logger_test.go:23	this is a test
2021-05-12T15:02:48.434+0800	error	hello	zapLogger/logger_test.go:23	this is a test
2021-05-12T15:02:48.434+0800	error	hello	zapLogger/logger_test.go:23	this is a test
2021-05-12T15:02:48.434+0800	error	hello	zapLogger/logger_test.go:23	this is a test
2021-05-12T15:02:48.434+0800	error	hello	zapLogger/logger_test.go:23	this is a test
2021-05-12T15:02:48.434+0800	error	hello	zapLogger/logger_test.go:23	this is a test
2021-05-12T15:02:48.434+0800	error	hello	zapLogger/logger_test.go:23	this is a test
2021-05-12T15:02:48.434+0800	error	hello	zapLogger/logger_test.go:23	this is a test
2021-05-12T15:02:48.434+0800	error	hello	zapLogger/logger_test.go:23	this is a test
2021-05-12T15:02:48.434+0800	error	hello	zapLogger/logger_test.go:23	this is a test
2021-05-12T15:02:48.434+0800	error	hello	zapLogger/logger_test.go:23	this is a test
2021-05-12T15:02:48.434+0800	error	hello	zapLogger/logger_test.go:23	this is a test
2021-05-12T15:02:48.431+0800	error	hello	zapLogger/logger_test.go:23	this is a test
2021-05-12T15:02:48.434+0800	error	hello	zapLogger/logger_test.go:23	this is a test
2021-05-12T15:02:48.434+0800	error	hello	zapLogger/logger_test.go:23	this is a test
2021-05-12T15:02:48.434+0800	error	hello	zapLogger/logger_test.go:23	this is a test
2021-05-12T15:02:48.434+0800	error	hello	zapLogger/logger_test.go:23	this is a test
2021-05-12T15:02:48.434+0800	error	hello	zapLogger/logger_test.go:23	this is a test
2021-05-12T15:02:48.434+0800	error	hello	zapLogger/logger_test.go:23	this is a test
2021-05-12T15:02:48.434+0800	error	hello	zapLogger/logger_test.go:23	this is a test
2021-05-12T15:02:48.434+0800	error	hello	zapLogger/logger_test.go:23	this is a test
2021-05-12T15:02:48.434+0800	error	hello	zapLogger/logger_test.go:23	this is a test
2021-05-12T15:02:48.434+0800	error	hello	zapLogger/logger_test.go:23	this is a test
2021-05-12T15:02:48.434+0800	error	hello	zapLogger/logger_test.go:23	this is a test
2021-05-12T15:02:48.434+0800	error	hello	zapLogger/logger_test.go:23	this is a test
2021-05-12T15:02:48.434+0800	error	hello	zapLogger/logger_test.go:23	this is a test
2021-05-12T15:02:48.434+0800	error	hello	zapLogger/logger_test.go:23	this is a test
2021-05-12T15:02:48.433+0800	error	hello	zapLogger/logger_test.go:23	this is a test
2021-05-12T15:02:48.434+0800	error	hello	zapLogger/logger_test.go:23	this is a test
2021-05-12T15:02:48.434+0800	error	hello	zapLogger/logger_test.go:23	this is a test
2021-05-12T15:02:48.434+0800	error	hello	zapLogger/logger_test.go:23	this is a test
2021-05-12T15:02:48.434+0800	error	hello	zapLogger/logger_test.go:23	this is a test
2021-05-12T15:02:48.434+0800	error	hello	zapLogger/logger_test.go:23	this is a test
2021-05-12T15:02:48.434+0800	error	hello	zapLogger/logger_test.go:23	this is a test
2021-05-12T15:02:48.434+0800	error	hello	zapLogger/logger_test.go:23	this is a test
2021-05-12T15:02:48.434+0800	error	hello	zapLogger/logger_test.go:23	this is a test
2021-05-12T15:02:48.434+0800	error	hello	zapLogger/logger_test.go:23	this is a test
2021-05-12T15:02:48.434+0800	error	hello	zapLogger/logger_test.go:23	this is a test
2021-05-12T15:02:48.434+0800	error	hello	zapLogger/logger_test.go:23	this is a test
2021-05-12T15:02:48.434+0800	error	hello	zapLogger/logger_test.go:23	this is a test
2021-05-12T15:02:48.434+0800	error	hello	zapLogger/logger_test.go:23	this is a test
2021-05-12T15:02:48.434+0800	error	hello	zapLogger/logger_test.go:23	this is a test
2021-05-12T15:02:48.434+0800	error	hello	zapLogger/logger_test.go:23	this is a test
2021-05-12T15:02:48.434+0800	error	hello	zapLogger/logger_test.go:23	this is a test
2021-05-12T15:02:48.434+0800	error	hello	zapLogger/logger_test.go:23	this is a test
2021-05-12T15:02:48.434+0800	error	hello	zapLogger/logger_test.go:23	this is a test
2021-05-12T15:02:48.434+0800	error	hello	zapLogger/logger_test.go:23	this is a test
2021-05-12T15:02:48.434+0800	error	hello	zapLogger/logger_test.go:23	this is a test
2021-05-12T15:02:48.434+0800	error	hello	zapLogger/logger_test.go:23	this is a test
2021-05-12T15:02:48.434+0800	error	hello	zapLogger/logger_test.go:23	this is a test
2021-05-12T15:02:48.434+0800	error	hello	zapLogger/logger_test.go:23	this is a test
2021-05-12T15:02:48.434+0800	error	hello	zapLogger/logger_test.go:23	this is a test
2021-05-12T15:02:48.434+0800	error	hello	zapLogger/logger_test.go:23	this is a test
2021-05-12T15:02:48.434+0800	error	hello	zapLogger/logger_test.go:23	this is a test
2021-05-12T15:02:48.434+0800	error	hello	zapLogger/logger_test.go:23	this is a test
2021-05-12T15:02:48.434+0800	error	hello	zapLogger/logger_test.go:23	this is a test
2021-05-12T15:02:48.434+0800	error	hello	zapLogger/logger_test.go:23	this is a test
2021-05-12T15:02:48.434+0800	error	hello	zapLogger/logger_test.go:23	this is a test
2021-05-12T15:02:48.434+0800	error	hello	zapLogger/logger_test.go:23	this is a test
2021-05-12T15:02:48.434+0800	error	hello	zapLogger/logger_test.go:23	this is a test
2021-05-12T15:02:48.434+0800	error	hello	zapLogger/logger_test.go:23	this is a test
2021-05-12T15:02:48.434+0800	error	hello	zapLogger/logger_test.go:23	this is a test
2021-05-12T15:02:48.434+0800	error	hello	zapLogger/logger_test.go:23	this is a test
2021-05-12T15:02:48.434+0800	error	hello	zapLogger/logger_test.go:23	this is a test
2021-05-12T15:02:48.434+0800	error	hello	zapLogger/logger_test.go:23	this is a test
2021-05-12T15:02:48.434+0800	error	hello	zapLogger/logger_test.go:23	this is a test
2021-05-12T15:02:48.434+0800	error	hello	zapLogger/logger_test.go:23	this is a test
2021-05-12T15:02:48.434+0800	error	hello	zapLogger/logger_test.go:23	this is a test
2021-05-12T15:02:48.434+0800	error	hello	zapLogger/logger_test.go:23	this is a test
2021-05-12T15:02:48.434+0800	error	hello	zapLogger/logger_test.go:23	this is a test
2021-05-12T15:02:48.434+0800	error	hello	zapLogger/logger_test.go:23	this is a test
2021-05-12T15:02:48.434+0800	error	hello	zapLogger/logger_test.go:23	this is a test
2021-05-12T15:02:48.434+0800	error	hello	zapLogger/logger_test.go:23	this is a test
2021-05-12T15:02:48.434+0800	error	hello	zapLogger/logger_test.go:23	this is a test
2021-05-12T15:02:48.432+0800	error	hello	zapLogger/logger_test.go:23	this is a test
2021-05-12T15:02:48.433+0800	error	hello	zapLogger/logger_test.go:23	this is a test
2021-05-12T15:02:48.431+0800	error	hello	zapLogger/logger_test.go:23	this is a test
2021-05-12T15:02:48.434+0800	error	hello	zapLogger/logger_test.go:23	this is a test
2021-05-12T15:02:48.434+0800	error	hello	zapLogger/logger_test.go:23	this is a test
2021-05-12T15:02:48.434+0800	error	hello	zapLogger/logger_test.go:23	this is a test
2021-05-12T15:02:48.434+0800	error	hello	zapLogger/logger_test.go:23	this is a test
2021-05-12T15:02:48.434+0800	error	hello	zapLogger/logger_test.go:23	this is a test
2021-05-12T15:02:48.434+0800	error	hello	zapLogger/logger_test.go:23	this is a test
2021-05-12T15:02:48.434+0800	error	hello	zapLogger/logger_test.go:23	this is a test
2021-05-12T15:02:48.434+0800	error	hello	zapLogger/logger_test.go:23	this is a test
2021-05-12T15:02:48.434+0800	error	hello	zapLogger/logger_test.go:23	this is a test
2021-05-12T15:02:48.434+0800	error	hello	zapLogger/logger_test.go:23	this is a test
2021-05-12T15:02:48.434+0800	error	hello	zapLogger/logger_test.go:23	this is a test
2021-05-12T15:02:48.434+0800	error	hello	zapLogger/logger_test.go:23	this is a test
2021-05-12T15:02:48.434+0800	error	hello	zapLogger/logger_test.go:23	this is a test
2021-05-12T15:02:48.434+0800	error	hello	zapLogger/logger_test.go:23	this is a test
2021-05-12T15:02:48.434+0800	error	hello	zapLogger/logger_test.go:23	this is a test
2021-05-12T15:02:48.434+0800	error	hello	zapLogger/logger_test.go:23	this is a test
2021-05-12T15:02:48.434+0800	error	hello	zapLogger/logger_test.go:23	this is a test
2021-05-12T15:02:48.434+0800	error	hello	zapLogger/logger_test.go:23	this is a test
2021-05-12T15:02:48.434+0800	error	hello	zapLogger/logger_test.go:23	this is a test
2021-05-12T15:02:48.434+0800	error	hello	zapLogger/logger_test.go:23	this is a test
2021-05-12T15:02:48.434+0800	error	hello	zapLogger/logger_test.go:23	this is a test
2021-05-12T15:02:48.434+0800	error	hello	zapLogger/logger_test.go:23	this is a test
2021-05-12T15:02:48.434+0800	error	hello	zapLogger/logger_test.go:23	this is a test
2021-05-12T15:02:48.434+0800	error	hello	zapLogger/logger_test.go:23	this is a test
2021-05-12T15:02:48.434+0800	error	hello	zapLogger/logger_test.go:23	this is a test
2021-05-12T15:02:48.434+0800	error	hello	zapLogger/logger_test.go:23	this is a test
2021-05-12T15:02:48.434+0800	error	hello	zapLogger/logger_test.go:23	this is a test
2021-05-12T15:02:48.434+0800	error	hello	zapLogger/logger_test.go:23	this is a test
2021-05-12T15:02:48.434+0800	error	hello	zapLogger/logger_test.go:23	this is a test
2021-05-12T15:02:48.434+0800	error	hello	zapLogger/logger_test.go:23	this is a test
2021-05-12T15:02:48.434+0800	error	hello	zapLogger/logger_test.go:23	this is a test
2021-05-12T15:02:48.434+0800	error	hello	zapLogger/logger_test.go:23	this is a test
2021-05-12T15:02:48.434+0800	error	hello	zapLogger/logger_test.go:23	this is a test
2021-05-12T15:02:48.434+0800	error	hello	zapLogger/logger_test.go:23	this is a test
2021-05-12T15:02:48.434+0800	error	hello	zapLogger/logger_test.go:23	this is a test
2021-05-12T15:02:48.434+0800	error	hello	zapLogger/logger_test.go:23	this is a test
2021-05-12T15:02:48.434+0800	error	hello	zapLogger/logger_test.go:23	this is a test
2021-05-12T15:02:48.434+0800	error	hello	zapLogger/logger_test.go:23	this is a test
2021-05-12T15:02:48.434+0800	error	hello	zapLogger/logger_test.go:23	this is a test
2021-05-12T15:02:48.434+0800	error	hello	zapLogger/logger_test.go:23	this is a test
2021-05-12T15:02:48.434+0800	error	hello	zapLogger/logger_test.go:23	this is a test
2021-05-12T15:02:48.434+0800	error	hello	zapLogger/logger_test.go:23	this is a test
2021-05-12T15:02:48.434+0800	error	hello	zapLogger/logger_test.go:23	this is a test
2021-05-12T15:02:48.434+0800	error	hello	zapLogger/logger_test.go:23	this is a test
2021-05-12T15:02:48.434+0800	error	hello	zapLogger/logger_test.go:23	this is a test
2021-05-12T15:02:48.434+0800	error	hello	zapLogger/logger_test.go:23	this is a test
2021-05-12T15:02:48.434+0800	error	hello	zapLogger/logger_test.go:23	this is a test
2021-05-12T15:02:48.434+0800	error	hello	zapLogger/logger_test.go:23	this is a test
2021-05-12T15:02:48.434+0800	error	hello	zapLogger/logger_test.go:23	this is a test
2021-05-12T15:02:48.434+0800	error	hello	zapLogger/logger_test.go:23	this is a test
2021-05-12T15:02:48.435+0800	error	hello	zapLogger/logger_test.go:23	this is a test
2021-05-12T15:02:48.435+0800	error	hello	zapLogger/logger_test.go:23	this is a test
2021-05-12T15:02:48.433+0800	error	hello	zapLogger/logger_test.go:23	this is a test
2021-05-12T15:02:48.435+0800	error	hello	zapLogger/logger_test.go:23	this is a test
2021-05-12T15:02:48.435+0800	error	hello	zapLogger/logger_test.go:23	this is a test
2021-05-12T15:02:48.435+0800	error	hello	zapLogger/logger_test.go:23	this is a test
2021-05-12T15:02:48.435+0800	error	hello	zapLogger/logger_test.go:23	this is a test
2021-05-12T15:02:48.435+0800	error	hello	zapLogger/logger_test.go:23	this is a test
2021-05-12T15:02:48.435+0800	error	hello	zapLogger/logger_test.go:23	this is a test
2021-05-12T15:02:48.435+0800	error	hello	zapLogger/logger_test.go:23	this is a test
2021-05-12T15:02:48.435+0800	error	hello	zapLogger/logger_test.go:23	this is a test
2021-05-12T15:02:48.435+0800	error	hello	zapLogger/logger_test.go:23	this is a test
2021-05-12T15:02:48.435+0800	error	hello	zapLogger/logger_test.go:23	this is a test
2021-05-12T15:02:48.435+0800	error	hello	zapLogger/logger_test.go:23	this is a test
2021-05-12T15:02:48.435+0800	error	hello	zapLogger/logger_test.go:23	this is a test
2021-05-12T15:02:48.435+0800	error	hello	zapLogger/logger_test.go:23	this is a test
2021-05-12T15:02:48.435+0800	error	hello	zapLogger/logger_test.go:23	this is a test
2021-05-12T15:02:48.435+0800	error	hello	zapLogger/logger_test.go:23	this is a test
2021-05-12T15:02:48.435+0800	error	hello	zapLogger/logger_test.go:23	this is a test
2021-05-12T15:02:48.435+0800	error	hello	zapLogger/logger_test.go:23	this is a test
2021-05-12T15:02:48.435+0800	error	hello	zapLogger/logger_test.go:23	this is a test
2021-05-12T15:02:48.435+0800	error	hello	zapLogger/logger_test.go:23	this is a test
2021-05-12T15:02:48.435+0800	error	hello	zapLogger/logger_test.go:23	this is a test
2021-05-12T15:02:48.435+0800	error	hello	zapLogger/logger_test.go:23	this is a test
2021-05-12T15:02:48.435+0800	error	hello	zapLogger/logger_test.go:23	this is a test
2021-05-12T15:02:48.435+0800	error	hello	zapLogger/logger_test.go:23	this is a test
2021-05-12T15:02:48.435+0800	error	hello	zapLogger/logger_test.go:23	this is a test
2021-05-12T15:02:48.435+0800	error	hello	zapLogger/logger_test.go:23	this is a test
2021-05-12T15:02:48.435+0800	error	hello	zapLogger/logger_test.go:23	this is a test
2021-05-12T15:02:48.435+0800	error	hello	zapLogger/logger_test.go:23	this is a test
2021-05-12T15:02:48.435+0800	error	hello	zapLogger/logger_test.go:23	this is a test
2021-05-12T15:02:48.435+0800	error	hello	zapLogger/logger_test.go:23	this is a test
2021-05-12T15:02:48.435+0800	error	hello	zapLogger/logger_test.go:23	this is a test
2021-05-12T15:02:48.435+0800	error	hello	zapLogger/logger_test.go:23	this is a test
2021-05-12T15:02:48.435+0800	error	hello	zapLogger/logger_test.go:23	this is a test
2021-05-12T15:02:48.435+0800	error	hello	zapLogger/logger_test.go:23	this is a test
2021-05-12T15:02:48.435+0800	error	hello	zapLogger/logger_test.go:23	this is a test
2021-05-12T15:02:48.435+0800	error	hello	zapLogger/logger_test.go:23	this is a test
2021-05-12T15:02:48.435+0800	error	hello	zapLogger/logger_test.go:23	this is a test
2021-05-12T15:02:48.435+0800	error	hello	zapLogger/logger_test.go:23	this is a test
2021-05-12T15:02:48.435+0800	error	hello	zapLogger/logger_test.go:23	this is a test
2021-05-12T15:02:48.435+0800	error	hello	zapLogger/logger_test.go:23	this is a test
2021-05-12T15:02:48.435+0800	error	hello	zapLogger/logger_test.go:23	this is a test
2021-05-12T15:02:48.435+0800	error	hello	zapLogger/logger_test.go:23	this is a test
2021-05-12T15:02:48.435+0800	error	hello	zapLogger/logger_test.go:23	this is a test
2021-05-12T15:02:48.435+0800	error	hello	zapLogger/logger_test.go:23	this is a test
2021-05-12T15:02:48.435+0800	error	hello	zapLogger/logger_test.go:23	this is a test
2021-05-12T15:02:48.434+0800	error	hello	zapLogger/logger_test.go:23	this is a test
2021-05-12T15:02:48.435+0800	error	hello	zapLogger/logger_test.go:23	this is a test
2021-05-12T15:02:48.435+0800	error	hello	zapLogger/logger_test.go:23	this is a test
2021-05-12T15:02:48.435+0800	error	hello	zapLogger/logger_test.go:23	this is a test
2021-05-12T15:02:48.435+0800	error	hello	zapLogger/logger_test.go:23	this is a test
2021-05-12T15:02:48.435+0800	error	hello	zapLogger/logger_test.go:23	this is a test
2021-05-12T15:02:48.435+0800	error	hello	zapLogger/logger_test.go:23	this is a test
2021-05-12T15:02:48.435+0800	error	hello	zapLogger/logger_test.go:23	this is a test
2021-05-12T15:02:48.435+0800	error	hello	zapLogger/logger_test.go:23	this is a test
2021-05-12T15:02:48.435+0800	error	hello	zapLogger/logger_test.go:23	this is a test
2021-05-12T15:02:48.435+0800	error	hello	zapLogger/logger_test.go:23	this is a test
2021-05-12T15:02:48.435+0800	error	hello	zapLogger/logger_test.go:23	this is a test
2021-05-12T15:02:48.435+0800	error	hello	zapLogger/logger_test.go:23	this is a test
2021-05-12T15:02:48.435+0800	error	hello	zapLogger/logger_test.go:23	this is a test
2021-05-12T15:02:48.435+0800	error	hello	zapLogger/logger_test.go:23	this is a test
2021-05-12T15:02:48.435+0800	error	hello	zapLogger/logger_test.go:23	this is a test
2021-05-12T15:02:48.435+0800	error	hello	zapLogger/logger_test.go:23	this is a test
2021-05-12T15:02:48.435+0800	error	hello	zapLogger/logger_test.go:23	this is a test
2021-05-12T15:02:48.435+0800	error	hello	zapLogger/logger_test.go:23	this is a test
2021-05-12T15:02:48.435+0800	error	hello	zapLogger/logger_test.go:23	this is a test
2021-05-12T15:02:48.434+0800	error	hello	zapLogger/logger_test.go:23	this is a test
2021-05-12T15:02:48.435+0800	error	hello	zapLogger/logger_test.go:23	this is a test
2021-05-12T15:02:48.435+0800	error	hello	zapLogger/logger_test.go:23	this is a test
2021-05-12T15:02:48.435+0800	error	hello	zapLogger/logger_test.go:23	this is a test
2021-05-12T15:02:48.435+0800	error	hello	zapLogger/logger_test.go:23	this is a test
2021-05-12T15:02:48.435+0800	error	hello	zapLogger/logger_test.go:23	this is a test
2021-05-12T15:02:48.435+0800	error	hello	zapLogger/logger_test.go:23	this is a test
2021-05-12T15:02:48.435+0800	error	hello	zapLogger/logger_test.go:23	this is a test
2021-05-12T15:02:48.435+0800	error	hello	zapLogger/logger_test.go:23	this is a test
2021-05-12T15:02:48.435+0800	error	hello	zapLogger/logger_test.go:23	this is a test
2021-05-12T15:02:48.435+0800	error	hello	zapLogger/logger_test.go:23	this is a test
2021-05-12T15:02:48.435+0800	error	hello	zapLogger/logger_test.go:23	this is a test
2021-05-12T15:02:48.435+0800	error	hello	zapLogger/logger_test.go:23	this is a test
2021-05-12T15:02:48.435+0800	error	hello	zapLogger/logger_test.go:23	this is a test
2021-05-12T15:02:48.435+0800	error	hello	zapLogger/logger_test.go:23	this is a test
2021-05-12T15:02:48.435+0800	error	hello	zapLogger/logger_test.go:23	this is a test
2021-05-12T15:02:48.435+0800	error	hello	zapLogger/logger_test.go:23	this is a test
2021-05-12T15:02:48.435+0800	error	hello	zapLogger/logger_test.go:23	this is a test
2021-05-12T15:02:48.435+0800	error	hello	zapLogger/logger_test.go:23	this is a test
2021-05-12T15:02:48.435+0800	error	hello	zapLogger/logger_test.go:23	this is a test
2021-05-12T15:02:48.435+0800	error	hello	zapLogger/logger_test.go:23	this is a test
2021-05-12T15:02:48.435+0800	error	hello	zapLogger/logger_test.go:23	this is a test
2021-05-12T15:02:48.435+0800	error	hello	zapLogger/logger_test.go:23	this is a test
2021-05-12T15:02:48.435+0800	error	hello	zapLogger/logger_test.go:23	this is a test
2021-05-12T15:02:48.435+0800	error	hello	zapLogger/logger_test.go:23	this is a test
2021-05-12T15:02:48.435+0800	error	hello	zapLogger/logger_test.go:23	this is a test
2021-05-12T15:02:48.435+0800	error	hello	zapLogger/logger_test.go:23	this is a test
2021-05-12T15:02:48.435+0800	error	hello	zapLogger/logger_test.go:23	this is a test
2021-05-12T15:02:48.434+0800	error	hello	zapLogger/logger_test.go:23	this is a test
2021-05-12T15:02:48.435+0800	error	hello	zapLogger/logger_test.go:23	this is a test
2021-05-12T15:02:48.435+0800	error	hello	zapLogger/logger_test.go:23	this is a test
2021-05-12T15:02:48.435+0800	error	hello	zapLogger/logger_test.go:23	this is a test
2021-05-12T15:02:48.435+0800	error	hello	zapLogger/logger_test.go:23	this is a test
2021-05-12T15:02:48.435+0800	error	hello	zapLogger/logger_test.go:23	this is a test
2021-05-12T15:02:48.435+0800	error	hello	zapLogger/logger_test.go:23	this is a test
2021-05-12T15:02:48.435+0800	error	hello	zapLogger/logger_test.go:23	this is a test
2021-05-12T15:02:48.435+0800	error	hello	zapLogger/logger_test.go:23	this is a test
2021-05-12T15:02:48.435+0800	error	hello	zapLogger/logger_test.go:23	this is a test
2021-05-12T15:02:48.435+0800	error	hello	zapLogger/logger_test.go:23	this is a test
2021-05-12T15:02:48.435+0800	error	hello	zapLogger/logger_test.go:23	this is a test
2021-05-12T15:02:48.435+0800	error	hello	zapLogger/logger_test.go:23	this is a test
2021-05-12T15:02:48.435+0800	error	hello	zapLogger/logger_test.go:23	this is a test
2021-05-12T15:02:48.435+0800	error	hello	zapLogger/logger_test.go:23	this is a test
2021-05-12T15:02:48.435+0800	error	hello	zapLogger/logger_test.go:23	this is a test
2021-05-12T15:02:48.435+0800	error	hello	zapLogger/logger_test.go:23	this is a test
2021-05-12T15:02:48.433+0800	error	hello	zapLogger/logger_test.go:23	this is a test
2021-05-12T15:02:48.435+0800	error	hello	zapLogger/logger_test.go:23	this is a test
2021-05-12T15:02:48.435+0800	error	hello	zapLogger/logger_test.go:23	this is a test
2021-05-12T15:02:48.435+0800	error	hello	zapLogger/logger_test.go:23	this is a test
2021-05-12T15:02:48.434+0800	error	hello	zapLogger/logger_test.go:23	this is a test
2021-05-12T15:02:48.435+0800	error	hello	zapLogger/logger_test.go:23	this is a test
2021-05-12T15:02:48.435+0800	error	hello	zapLogger/logger_test.go:23	this is a test
2021-05-12T15:02:48.435+0800	error	hello	zapLogger/logger_test.go:23	this is a test
2021-05-12T15:02:48.435+0800	error	hello	zapLogger/logger_test.go:23	this is a test
2021-05-12T15:02:48.435+0800	error	hello	zapLogger/logger_test.go:23	this is a test
2021-05-12T15:02:48.435+0800	error	hello	zapLogger/logger_test.go:23	this is a test
2021-05-12T15:02:48.435+0800	error	hello	zapLogger/logger_test.go:23	this is a test
2021-05-12T15:02:48.435+0800	error	hello	zapLogger/logger_test.go:23	this is a test
2021-05-12T15:02:48.435+0800	error	hello	zapLogger/logger_test.go:23	this is a test
2021-05-12T15:02:48.435+0800	error	hello	zapLogger/logger_test.go:23	this is a test
2021-05-12T15:02:48.435+0800	error	hello	zapLogger/logger_test.go:23	this is a test
2021-05-12T15:02:48.435+0800	error	hello	zapLogger/logger_test.go:23	this is a test
2021-05-12T15:02:48.436+0800	error	hello	zapLogger/logger_test.go:23	this is a test
2021-05-12T15:02:48.436+0800	error	hello	zapLogger/logger_test.go:23	this is a test
2021-05-12T15:02:48.436+0800	error	hello	zapLogger/logger_test.go:23	this is a test
2021-05-12T15:02:48.436+0800	error	hello	zapLogger/logger_test.go:23	this is a test
2021-05-12T15:02:48.436+0800	error	hello	zapLogger/logger_test.go:23	this is a test
2021-05-12T15:02:48.436+0800	error	hello	zapLogger/logger_test.go:23	this is a test
2021-05-12T15:02:48.436+0800	error	hello	zapLogger/logger_test.go:23	this is a test
2021-05-12T15:02:48.436+0800	error	hello	zapLogger/logger_test.go:23	this is a test
2021-05-12T15:02:48.436+0800	error	hello	zapLogger/logger_test.go:23	this is a test
2021-05-12T15:02:48.436+0800	error	hello	zapLogger/logger_test.go:23	this is a test
2021-05-12T15:02:48.436+0800	error	hello	zapLogger/logger_test.go:23	this is a test
2021-05-12T15:02:48.436+0800	error	hello	zapLogger/logger_test.go:23	this is a test
2021-05-12T15:02:48.436+0800	error	hello	zapLogger/logger_test.go:23	this is a test
2021-05-12T15:02:48.437+0800	error	hello	zapLogger/logger_test.go:23	this is a test
2021-05-12T15:02:48.435+0800	error	hello	zapLogger/logger_test.go:23	this is a test
2021-05-12T15:02:48.435+0800	error	hello	zapLogger/logger_test.go:23	this is a test
2021-05-12T15:02:48.435+0800	error	hello	zapLogger/logger_test.go:23	this is a test
2021-05-12T15:02:48.434+0800	error	hello	zapLogger/logger_test.go:23	this is a test
2021-05-12T15:02:48.437+0800	error	hello	zapLogger/logger_test.go:23	this is a test
2021-05-12T15:02:48.437+0800	error	hello	zapLogger/logger_test.go:23	this is a test
2021-05-12T15:02:48.437+0800	error	hello	zapLogger/logger_test.go:23	this is a test
2021-05-12T15:02:48.435+0800	error	hello	zapLogger/logger_test.go:23	this is a test
2021-05-12T15:02:48.437+0800	error	hello	zapLogger/logger_test.go:23	this is a test
2021-05-12T15:02:48.435+0800	error	hello	zapLogger/logger_test.go:23	this is a test
2021-05-12T15:02:48.434+0800	error	hello	zapLogger/logger_test.go:23	this is a test
2021-05-12T15:02:48.435+0800	error	hello	zapLogger/logger_test.go:23	this is a test
2021-05-12T15:02:48.437+0800	error	hello	zapLogger/logger_test.go:23	this is a test
2021-05-12T15:02:48.437+0800	error	hello	zapLogger/logger_test.go:23	this is a test
2021-05-12T15:02:48.437+0800	error	hello	zapLogger/logger_test.go:23	this is a test
2021-05-12T15:02:48.437+0800	error	hello	zapLogger/logger_test.go:23	this is a test
2021-05-12T15:02:48.437+0800	error	hello	zapLogger/logger_test.go:23	this is a test
2021-05-12T15:02:48.437+0800	error	hello	zapLogger/logger_test.go:23	this is a test
2021-05-12T15:02:48.437+0800	error	hello	zapLogger/logger_test.go:23	this is a test
2021-05-12T15:02:48.437+0800	error	hello	zapLogger/logger_test.go:23	this is a test
2021-05-12T15:02:48.437+0800	error	hello	zapLogger/logger_test.go:23	this is a test
2021-05-12T15:02:48.437+0800	error	hello	zapLogger/logger_test.go:23	this is a test
2021-05-12T15:02:48.437+0800	error	hello	zapLogger/logger_test.go:23	this is a test
2021-05-12T15:02:48.437+0800	error	hello	zapLogger/logger_test.go:23	this is a test
2021-05-12T15:02:48.437+0800	error	hello	zapLogger/logger_test.go:23	this is a test
2021-05-12T15:02:48.435+0800	error	hello	zapLogger/logger_test.go:23	this is a test
2021-05-12T15:02:48.437+0800	error	hello	zapLogger/logger_test.go:23	this is a test
2021-05-12T15:02:48.437+0800	error	hello	zapLogger/logger_test.go:23	this is a test
2021-05-12T15:02:48.437+0800	error	hello	zapLogger/logger_test.go:23	this is a test
2021-05-12T15:02:48.437+0800	error	hello	zapLogger/logger_test.go:23	this is a test
2021-05-12T15:02:48.438+0800	error	hello	zapLogger/logger_test.go:23	this is a test
2021-05-12T15:02:48.437+0800	error	hello	zapLogger/logger_test.go:23	this is a test
2021-05-12T15:02:48.438+0800	error	hello	zapLogger/logger_test.go:23	this is a test
2021-05-12T15:02:48.437+0800	error	hello	zapLogger/logger_test.go:23	this is a test
2021-05-12T15:02:48.438+0800	error	hello	zapLogger/logger_test.go:23	this is a test
2021-05-12T15:02:48.437+0800	error	hello	zapLogger/logger_test.go:23	this is a test
2021-05-12T15:02:48.438+0800	error	hello	zapLogger/logger_test.go:23	this is a test
2021-05-12T15:02:48.437+0800	error	hello	zapLogger/logger_test.go:23	this is a test
2021-05-12T15:02:48.438+0800	error	hello	zapLogger/logger_test.go:23	this is a test
2021-05-12T15:02:48.437+0800	error	hello	zapLogger/logger_test.go:23	this is a test
2021-05-12T15:02:48.438+0800	error	hello	zapLogger/logger_test.go:23	this is a test
2021-05-12T15:02:48.437+0800	error	hello	zapLogger/logger_test.go:23	this is a test
2021-05-12T15:02:48.437+0800	error	hello	zapLogger/logger_test.go:23	this is a test
2021-05-12T15:02:48.438+0800	error	hello	zapLogger/logger_test.go:23	this is a test
2021-05-12T15:02:48.438+0800	error	hello	zapLogger/logger_test.go:23	this is a test
2021-05-12T15:02:48.438+0800	error	hello	zapLogger/logger_test.go:23	this is a test
2021-05-12T15:02:48.438+0800	error	hello	zapLogger/logger_test.go:23	this is a test
2021-05-12T15:02:48.437+0800	error	hello	zapLogger/logger_test.go:23	this is a test
2021-05-12T15:02:48.437+0800	error	hello	zapLogger/logger_test.go:23	this is a test
2021-05-12T15:02:48.438+0800	error	hello	zapLogger/logger_test.go:23	this is a test
2021-05-12T15:02:48.438+0800	error	hello	zapLogger/logger_test.go:23	this is a test
2021-05-12T15:02:48.438+0800	error	hello	zapLogger/logger_test.go:23	this is a test
2021-05-12T15:02:48.438+0800	error	hello	zapLogger/logger_test.go:23	this is a test
2021-05-12T15:02:48.438+0800	error	hello	zapLogger/logger_test.go:23	this is a test
2021-05-12T15:02:48.438+0800	error	hello	zapLogger/logger_test.go:23	this is a test
2021-05-12T15:02:48.438+0800	error	hello	zapLogger/logger_test.go:23	this is a test
2021-05-12T15:02:48.438+0800	error	hello	zapLogger/logger_test.go:23	this is a test
2021-05-12T15:02:48.438+0800	error	hello	zapLogger/logger_test.go:23	this is a test
2021-05-12T15:02:48.438+0800	error	hello	zapLogger/logger_test.go:23	this is a test
2021-05-12T15:02:48.438+0800	error	hello	zapLogger/logger_test.go:23	this is a test
2021-05-12T15:02:48.438+0800	error	hello	zapLogger/logger_test.go:23	this is a test
2021-05-12T15:02:48.438+0800	error	hello	zapLogger/logger_test.go:23	this is a test
2021-05-12T15:02:48.438+0800	error	hello	zapLogger/logger_test.go:23	this is a test
2021-05-12T15:02:48.439+0800	error	hello	zapLogger/logger_test.go:23	this is a test
2021-05-12T15:02:48.438+0800	error	hello	zapLogger/logger_test.go:23	this is a test
2021-05-12T15:02:48.439+0800	error	hello	zapLogger/logger_test.go:23	this is a test
2021-05-12T15:02:48.438+0800	error	hello	zapLogger/logger_test.go:23	this is a test
2021-05-12T15:02:48.439+0800	error	hello	zapLogger/logger_test.go:23	this is a test
2021-05-12T15:02:48.438+0800	error	hello	zapLogger/logger_test.go:23	this is a test
2021-05-12T15:02:48.439+0800	error	hello	zapLogger/logger_test.go:23	this is a test
2021-05-12T15:02:48.438+0800	error	hello	zapLogger/logger_test.go:23	this is a test
2021-05-12T15:02:48.438+0800	error	hello	zapLogger/logger_test.go:23	this is a test
2021-05-12T15:02:48.439+0800	error	hello	zapLogger/logger_test.go:23	this is a test
2021-05-12T15:02:48.439+0800	error	hello	zapLogger/logger_test.go:23	this is a test
2021-05-12T15:02:48.439+0800	error	hello	zapLogger/logger_test.go:23	this is a test
2021-05-12T15:02:48.439+0800	error	hello	zapLogger/logger_test.go:23	this is a test
2021-05-12T15:02:48.439+0800	error	hello	zapLogger/logger_test.go:23	this is a test
2021-05-12T15:02:48.439+0800	error	hello	zapLogger/logger_test.go:23	this is a test
2021-05-12T15:02:48.439+0800	error	hello	zapLogger/logger_test.go:23	this is a test
2021-05-12T15:02:48.439+0800	error	hello	zapLogger/logger_test.go:23	this is a test
2021-05-12T15:02:48.439+0800	error	hello	zapLogger/logger_test.go:23	this is a test
2021-05-12T15:02:48.439+0800	error	hello	zapLogger/logger_test.go:23	this is a test
2021-05-12T15:02:48.439+0800	error	hello	zapLogger/logger_test.go:23	this is a test
2021-05-12T15:02:48.438+0800	error	hello	zapLogger/logger_test.go:23	this is a test
2021-05-12T15:02:48.439+0800	error	hello	zapLogger/logger_test.go:23	this is a test
2021-05-12T15:02:48.439+0800	error	hello	zapLogger/logger_test.go:23	this is a test
2021-05-12T15:02:48.439+0800	error	hello	zapLogger/logger_test.go:23	this is a test
2021-05-12T15:02:48.439+0800	error	hello	zapLogger/logger_test.go:23	this is a test
2021-05-12T15:02:48.439+0800	error	hello	zapLogger/logger_test.go:23	this is a test
2021-05-12T15:02:48.439+0800	error	hello	zapLogger/logger_test.go:23	this is a test
2021-05-12T15:02:48.438+0800	error	hello	zapLogger/logger_test.go:23	this is a test
2021-05-12T15:02:48.439+0800	error	hello	zapLogger/logger_test.go:23	this is a test
2021-05-12T15:02:48.438+0800	error	hello	zapLogger/logger_test.go:23	this is a test
2021-05-12T15:02:48.439+0800	error	hello	zapLogger/logger_test.go:23	this is a test
2021-05-12T15:02:48.439+0800	error	hello	zapLogger/logger_test.go:23	this is a test
2021-05-12T15:02:48.439+0800	error	hello	zapLogger/logger_test.go:23	this is a test
2021-05-12T15:02:48.439+0800	error	hello	zapLogger/logger_test.go:23	this is a test
2021-05-12T15:02:48.439+0800	error	hello	zapLogger/logger_test.go:23	this is a test
2021-05-12T15:02:48.439+0800	error	hello	zapLogger/logger_test.go:23	this is a test
2021-05-12T15:02:48.439+0800	error	hello	zapLogger/logger_test.go:23	this is a test
2021-05-12T15:02:48.439+0800	error	hello	zapLogger/logger_test.go:23	this is a test
2021-05-12T15:02:48.440+0800	error	hello	zapLogger/logger_test.go:23	this is a test
2021-05-12T15:02:48.439+0800	error	hello	zapLogger/logger_test.go:23	this is a test
2021-05-12T15:02:48.440+0800	error	hello	zapLogger/logger_test.go:23	this is a test
2021-05-12T15:02:48.440+0800	error	hello	zapLogger/logger_test.go:23	this is a test
2021-05-12T15:02:48.439+0800	error	hello	zapLogger/logger_test.go:23	this is a test
2021-05-12T15:02:48.440+0800	error	hello	zapLogger/logger_test.go:23	this is a test
2021-05-12T15:02:48.439+0800	error	hello	zapLogger/logger_test.go:23	this is a test
2021-05-12T15:02:48.440+0800	error	hello	zapLogger/logger_test.go:23	this is a test
2021-05-12T15:02:48.440+0800	error	hello	zapLogger/logger_test.go:23	this is a test
2021-05-12T15:02:48.440+0800	error	hello	zapLogger/logger_test.go:23	this is a test
2021-05-12T15:02:48.440+0800	error	hello	zapLogger/logger_test.go:23	this is a test
2021-05-12T15:02:48.440+0800	error	hello	zapLogger/logger_test.go:23	this is a test
2021-05-12T15:02:48.439+0800	error	hello	zapLogger/logger_test.go:23	this is a test
2021-05-12T15:02:48.440+0800	error	hello	zapLogger/logger_test.go:23	this is a test
2021-05-12T15:02:48.439+0800	error	hello	zapLogger/logger_test.go:23	this is a test
2021-05-12T15:02:48.440+0800	error	hello	zapLogger/logger_test.go:23	this is a test
2021-05-12T15:02:48.439+0800	error	hello	zapLogger/logger_test.go:23	this is a test
2021-05-12T15:02:48.440+0800	error	hello	zapLogger/logger_test.go:23	this is a test
2021-05-12T15:02:48.439+0800	error	hello	zapLogger/logger_test.go:23	this is a test
2021-05-12T15:02:48.440+0800	error	hello	zapLogger/logger_test.go:23	this is a test
2021-05-12T15:02:48.439+0800	error	hello	zapLogger/logger_test.go:23	this is a test
2021-05-12T15:02:48.440+0800	error	hello	zapLogger/logger_test.go:23	this is a test
2021-05-12T15:02:48.440+0800	error	hello	zapLogger/logger_test.go:23	this is a test
2021-05-12T15:02:48.440+0800	error	hello	zapLogger/logger_test.go:23	this is a test
2021-05-12T15:02:48.440+0800	error	hello	zapLogger/logger_test.go:23	this is a test
2021-05-12T15:02:48.440+0800	error	hello	zapLogger/logger_test.go:23	this is a test
2021-05-12T15:02:48.440+0800	error	hello	zapLogger/logger_test.go:23	this is a test
2021-05-12T15:02:48.440+0800	error	hello	zapLogger/logger_test.go:23	this is a test
2021-05-12T15:02:48.440+0800	error	hello	zapLogger/logger_test.go:23	this is a test
2021-05-12T15:02:48.440+0800	error	hello	zapLogger/logger_test.go:23	this is a test
2021-05-12T15:02:48.440+0800	error	hello	zapLogger/logger_test.go:23	this is a test
2021-05-12T15:02:48.440+0800	error	hello	zapLogger/logger_test.go:23	this is a test
2021-05-12T15:02:48.440+0800	error	hello	zapLogger/logger_test.go:23	this is a test
2021-05-12T15:02:48.440+0800	error	hello	zapLogger/logger_test.go:23	this is a test
2021-05-12T15:02:48.440+0800	error	hello	zapLogger/logger_test.go:23	this is a test
2021-05-12T15:02:48.440+0800	error	hello	zapLogger/logger_test.go:23	this is a test
2021-05-12T15:02:48.440+0800	error	hello	zapLogger/logger_test.go:23	this is a test
2021-05-12T15:02:48.440+0800	error	hello	zapLogger/logger_test.go:23	this is a test
2021-05-12T15:02:48.440+0800	error	hello	zapLogger/logger_test.go:23	this is a test
2021-05-12T15:02:48.440+0800	error	hello	zapLogger/logger_test.go:23	this is a test
2021-05-12T15:02:48.440+0800	error	hello	zapLogger/logger_test.go:23	this is a test
2021-05-12T15:02:48.440+0800	error	hello	zapLogger/logger_test.go:23	this is a test
2021-05-12T15:02:48.440+0800	error	hello	zapLogger/logger_test.go:23	this is a test
2021-05-12T15:02:48.440+0800	error	hello	zapLogger/logger_test.go:23	this is a test
2021-05-12T15:02:48.440+0800	error	hello	zapLogger/logger_test.go:23	this is a test
2021-05-12T15:02:48.440+0800	error	hello	zapLogger/logger_test.go:23	this is a test
2021-05-12T15:02:48.440+0800	error	hello	zapLogger/logger_test.go:23	this is a test
2021-05-12T15:02:48.440+0800	error	hello	zapLogger/logger_test.go:23	this is a test
2021-05-12T15:02:48.440+0800	error	hello	zapLogger/logger_test.go:23	this is a test
2021-05-12T15:02:48.440+0800	error	hello	zapLogger/logger_test.go:23	this is a test
2021-05-12T15:02:48.440+0800	error	hello	zapLogger/logger_test.go:23	this is a test
2021-05-12T15:02:48.440+0800	error	hello	zapLogger/logger_test.go:23	this is a test
2021-05-12T15:02:48.440+0800	error	hello	zapLogger/logger_test.go:23	this is a test
2021-05-12T15:02:48.440+0800	error	hello	zapLogger/logger_test.go:23	this is a test
2021-05-12T15:02:48.440+0800	error	hello	zapLogger/logger_test.go:23	this is a test
2021-05-12T15:02:48.440+0800	error	hello	zapLogger/logger_test.go:23	this is a test
2021-05-12T15:02:48.440+0800	error	hello	zapLogger/logger_test.go:23	this is a test
2021-05-12T15:02:48.440+0800	error	hello	zapLogger/logger_test.go:23	this is a test
2021-05-12T15:02:48.440+0800	error	hello	zapLogger/logger_test.go:23	this is a test
2021-05-12T15:02:48.440+0800	error	hello	zapLogger/logger_test.go:23	this is a test
2021-05-12T15:02:48.440+0800	error	hello	zapLogger/logger_test.go:23	this is a test
2021-05-12T15:02:48.440+0800	error	hello	zapLogger/logger_test.go:23	this is a test
2021-05-12T15:02:48.440+0800	error	hello	zapLogger/logger_test.go:23	this is a test
2021-05-12T15:02:48.440+0800	error	hello	zapLogger/logger_test.go:23	this is a test
2021-05-12T15:02:48.440+0800	error	hello	zapLogger/logger_test.go:23	this is a test
2021-05-12T15:02:48.440+0800	error	hello	zapLogger/logger_test.go:23	this is a test
2021-05-12T15:02:48.440+0800	error	hello	zapLogger/logger_test.go:23	this is a test
2021-05-12T15:02:48.440+0800	error	hello	zapLogger/logger_test.go:23	this is a test
2021-05-12T15:02:48.440+0800	error	hello	zapLogger/logger_test.go:23	this is a test
2021-05-12T15:02:48.440+0800	error	hello	zapLogger/logger_test.go:23	this is a test
2021-05-12T15:02:48.440+0800	error	hello	zapLogger/logger_test.go:23	this is a test
2021-05-12T15:02:48.440+0800	error	hello	zapLogger/logger_test.go:23	this is a test
2021-05-12T15:02:48.440+0800	error	hello	zapLogger/logger_test.go:23	this is a test
2021-05-12T15:02:48.440+0800	error	hello	zapLogger/logger_test.go:23	this is a test
2021-05-12T15:02:48.440+0800	error	hello	zapLogger/logger_test.go:23	this is a test
2021-05-12T15:02:48.440+0800	error	hello	zapLogger/logger_test.go:23	this is a test
2021-05-12T15:02:48.440+0800	error	hello	zapLogger/logger_test.go:23	this is a test
2021-05-12T15:02:48.440+0800	error	hello	zapLogger/logger_test.go:23	this is a test
2021-05-12T15:02:48.440+0800	error	hello	zapLogger/logger_test.go:23	this is a test
2021-05-12T15:02:48.440+0800	error	hello	zapLogger/logger_test.go:23	this is a test
2021-05-12T15:02:48.440+0800	error	hello	zapLogger/logger_test.go:23	this is a test
2021-05-12T15:02:48.440+0800	error	hello	zapLogger/logger_test.go:23	this is a test
2021-05-12T15:02:48.440+0800	error	hello	zapLogger/logger_test.go:23	this is a test
2021-05-12T15:02:48.440+0800	error	hello	zapLogger/logger_test.go:23	this is a test
2021-05-12T15:02:48.440+0800	error	hello	zapLogger/logger_test.go:23	this is a test
2021-05-12T15:02:48.440+0800	error	hello	zapLogger/logger_test.go:23	this is a test
2021-05-12T15:02:48.440+0800	error	hello	zapLogger/logger_test.go:23	this is a test
2021-05-12T15:02:48.440+0800	error	hello	zapLogger/logger_test.go:23	this is a test
2021-05-12T15:02:48.440+0800	error	hello	zapLogger/logger_test.go:23	this is a test
2021-05-12T15:02:48.440+0800	error	hello	zapLogger/logger_test.go:23	this is a test
2021-05-12T15:02:48.440+0800	error	hello	zapLogger/logger_test.go:23	this is a test
2021-05-12T15:02:48.440+0800	error	hello	zapLogger/logger_test.go:23	this is a test
2021-05-12T15:02:48.440+0800	error	hello	zapLogger/logger_test.go:23	this is a test
2021-05-12T15:02:48.440+0800	error	hello	zapLogger/logger_test.go:23	this is a test
2021-05-12T15:02:48.440+0800	error	hello	zapLogger/logger_test.go:23	this is a test
2021-05-12T15:02:48.440+0800	error	hello	zapLogger/logger_test.go:23	this is a test
2021-05-12T15:02:48.440+0800	error	hello	zapLogger/logger_test.go:23	this is a test
2021-05-12T15:02:48.440+0800	error	hello	zapLogger/logger_test.go:23	this is a test
2021-05-12T15:02:48.440+0800	error	hello	zapLogger/logger_test.go:23	this is a test
2021-05-12T15:02:48.440+0800	error	hello	zapLogger/logger_test.go:23	this is a test
2021-05-12T15:02:48.440+0800	error	hello	zapLogger/logger_test.go:23	this is a test
2021-05-12T15:02:48.440+0800	error	hello	zapLogger/logger_test.go:23	this is a test
2021-05-12T15:02:48.440+0800	error	hello	zapLogger/logger_test.go:23	this is a test
2021-05-12T15:02:48.440+0800	error	hello	zapLogger/logger_test.go:23	this is a test
2021-05-12T15:02:48.440+0800	error	hello	zapLogger/logger_test.go:23	this is a test
2021-05-12T15:02:48.440+0800	error	hello	zapLogger/logger_test.go:23	this is a test
2021-05-12T15:02:48.440+0800	error	hello	zapLogger/logger_test.go:23	this is a test
2021-05-12T15:02:48.440+0800	error	hello	zapLogger/logger_test.go:23	this is a test
2021-05-12T15:02:48.440+0800	error	hello	zapLogger/logger_test.go:23	this is a test
2021-05-12T15:02:48.440+0800	error	hello	zapLogger/logger_test.go:23	this is a test
2021-05-12T15:02:48.440+0800	error	hello	zapLogger/logger_test.go:23	this is a test
2021-05-12T15:02:48.440+0800	error	hello	zapLogger/logger_test.go:23	this is a test
2021-05-12T15:02:48.440+0800	error	hello	zapLogger/logger_test.go:23	this is a test
2021-05-12T15:02:48.440+0800	error	hello	zapLogger/logger_test.go:23	this is a test
2021-05-12T15:02:48.440+0800	error	hello	zapLogger/logger_test.go:23	this is a test
2021-05-12T15:02:48.440+0800	error	hello	zapLogger/logger_test.go:23	this is a test
2021-05-12T15:02:48.441+0800	error	hello	zapLogger/logger_test.go:23	this is a test
2021-05-12T15:02:48.441+0800	error	hello	zapLogger/logger_test.go:23	this is a test
2021-05-12T15:02:48.441+0800	error	hello	zapLogger/logger_test.go:23	this is a test
2021-05-12T15:02:48.441+0800	error	hello	zapLogger/logger_test.go:23	this is a test
2021-05-12T15:02:48.441+0800	error	hello	zapLogger/logger_test.go:23	this is a test
2021-05-12T15:02:48.441+0800	error	hello	zapLogger/logger_test.go:23	this is a test
2021-05-12T15:02:48.441+0800	error	hello	zapLogger/logger_test.go:23	this is a test
2021-05-12T15:02:48.441+0800	error	hello	zapLogger/logger_test.go:23	this is a test
2021-05-12T15:02:48.441+0800	error	hello	zapLogger/logger_test.go:23	this is a test
2021-05-12T15:02:48.441+0800	error	hello	zapLogger/logger_test.go:23	this is a test
2021-05-12T15:02:48.441+0800	error	hello	zapLogger/logger_test.go:23	this is a test
2021-05-12T15:02:48.441+0800	error	hello	zapLogger/logger_test.go:23	this is a test
2021-05-12T15:02:48.441+0800	error	hello	zapLogger/logger_test.go:23	this is a test
2021-05-12T15:02:48.441+0800	error	hello	zapLogger/logger_test.go:23	this is a test
2021-05-12T15:02:48.441+0800	error	hello	zapLogger/logger_test.go:23	this is a test
2021-05-12T15:02:48.441+0800	error	hello	zapLogger/logger_test.go:23	this is a test
2021-05-12T15:02:48.441+0800	error	hello	zapLogger/logger_test.go:23	this is a test
2021-05-12T15:02:48.441+0800	error	hello	zapLogger/logger_test.go:23	this is a test
2021-05-12T15:02:48.441+0800	error	hello	zapLogger/logger_test.go:23	this is a test
2021-05-12T15:02:48.441+0800	error	hello	zapLogger/logger_test.go:23	this is a test
2021-05-12T15:02:48.441+0800	error	hello	zapLogger/logger_test.go:23	this is a test
2021-05-12T15:02:48.441+0800	error	hello	zapLogger/logger_test.go:23	this is a test
2021-05-12T15:02:48.441+0800	error	hello	zapLogger/logger_test.go:23	this is a test
2021-05-12T15:02:48.441+0800	error	hello	zapLogger/logger_test.go:23	this is a test
2021-05-12T15:02:48.441+0800	error	hello	zapLogger/logger_test.go:23	this is a test
2021-05-12T15:02:48.441+0800	error	hello	zapLogger/logger_test.go:23	this is a test
2021-05-12T15:02:48.441+0800	error	hello	zapLogger/logger_test.go:23	this is a test
2021-05-12T15:02:48.441+0800	error	hello	zapLogger/logger_test.go:23	this is a test
2021-05-12T15:02:48.440+0800	error	hello	zapLogger/logger_test.go:23	this is a test
2021-05-12T15:02:48.441+0800	error	hello	zapLogger/logger_test.go:23	this is a test
2021-05-12T15:02:48.441+0800	error	hello	zapLogger/logger_test.go:23	this is a test
2021-05-12T15:02:48.441+0800	error	hello	zapLogger/logger_test.go:23	this is a test
2021-05-12T15:02:48.441+0800	error	hello	zapLogger/logger_test.go:23	this is a test
2021-05-12T15:02:48.441+0800	error	hello	zapLogger/logger_test.go:23	this is a test
2021-05-12T15:02:48.441+0800	error	hello	zapLogger/logger_test.go:23	this is a test
2021-05-12T15:02:48.441+0800	error	hello	zapLogger/logger_test.go:23	this is a test
2021-05-12T15:02:48.441+0800	error	hello	zapLogger/logger_test.go:23	this is a test
2021-05-12T15:02:48.441+0800	error	hello	zapLogger/logger_test.go:23	this is a test
2021-05-12T15:02:48.441+0800	error	hello	zapLogger/logger_test.go:23	this is a test
2021-05-12T15:02:48.441+0800	error	hello	zapLogger/logger_test.go:23	this is a test
2021-05-12T15:02:48.441+0800	error	hello	zapLogger/logger_test.go:23	this is a test
2021-05-12T15:02:48.441+0800	error	hello	zapLogger/logger_test.go:23	this is a test
2021-05-12T15:02:48.441+0800	error	hello	zapLogger/logger_test.go:23	this is a test
2021-05-12T15:02:48.441+0800	error	hello	zapLogger/logger_test.go:23	this is a test
2021-05-12T15:02:48.441+0800	error	hello	zapLogger/logger_test.go:23	this is a test
2021-05-12T15:02:48.441+0800	error	hello	zapLogger/logger_test.go:23	this is a test
2021-05-12T15:02:48.441+0800	error	hello	zapLogger/logger_test.go:23	this is a test
2021-05-12T15:02:48.441+0800	error	hello	zapLogger/logger_test.go:23	this is a test
2021-05-12T15:02:48.441+0800	error	hello	zapLogger/logger_test.go:23	this is a test
2021-05-12T15:02:48.441+0800	error	hello	zapLogger/logger_test.go:23	this is a test
2021-05-12T15:02:48.441+0800	error	hello	zapLogger/logger_test.go:23	this is a test
2021-05-12T15:02:48.441+0800	error	hello	zapLogger/logger_test.go:23	this is a test
2021-05-12T15:02:48.441+0800	error	hello	zapLogger/logger_test.go:23	this is a test
2021-05-12T15:02:48.441+0800	error	hello	zapLogger/logger_test.go:23	this is a test
2021-05-12T15:02:48.441+0800	error	hello	zapLogger/logger_test.go:23	this is a test
2021-05-12T15:02:48.441+0800	error	hello	zapLogger/logger_test.go:23	this is a test
2021-05-12T15:02:48.441+0800	error	hello	zapLogger/logger_test.go:23	this is a test
2021-05-12T15:02:48.441+0800	error	hello	zapLogger/logger_test.go:23	this is a test
2021-05-12T15:02:48.441+0800	error	hello	zapLogger/logger_test.go:23	this is a test
2021-05-12T15:02:48.441+0800	error	hello	zapLogger/logger_test.go:23	this is a test
2021-05-12T15:02:48.440+0800	error	hello	zapLogger/logger_test.go:23	this is a test
2021-05-12T15:02:48.441+0800	error	hello	zapLogger/logger_test.go:23	this is a test
2021-05-12T15:02:48.441+0800	error	hello	zapLogger/logger_test.go:23	this is a test
2021-05-12T15:02:48.441+0800	error	hello	zapLogger/logger_test.go:23	this is a test
2021-05-12T15:02:48.441+0800	error	hello	zapLogger/logger_test.go:23	this is a test
2021-05-12T15:02:48.441+0800	error	hello	zapLogger/logger_test.go:23	this is a test
2021-05-12T15:02:48.441+0800	error	hello	zapLogger/logger_test.go:23	this is a test
2021-05-12T15:02:48.441+0800	error	hello	zapLogger/logger_test.go:23	this is a test
2021-05-12T15:02:48.441+0800	error	hello	zapLogger/logger_test.go:23	this is a test
2021-05-12T15:02:48.441+0800	error	hello	zapLogger/logger_test.go:23	this is a test
2021-05-12T15:02:48.441+0800	error	hello	zapLogger/logger_test.go:23	this is a test
2021-05-12T15:02:48.441+0800	error	hello	zapLogger/logger_test.go:23	this is a test
2021-05-12T15:02:48.441+0800	error	hello	zapLogger/logger_test.go:23	this is a test
2021-05-12T15:02:48.441+0800	error	hello	zapLogger/logger_test.go:23	this is a test
2021-05-12T15:02:48.441+0800	error	hello	zapLogger/logger_test.go:23	this is a test
2021-05-12T15:02:48.441+0800	error	hello	zapLogger/logger_test.go:23	this is a test
2021-05-12T15:02:48.441+0800	error	hello	zapLogger/logger_test.go:23	this is a test
2021-05-12T15:02:48.440+0800	error	hello	zapLogger/logger_test.go:23	this is a test
2021-05-12T15:02:48.441+0800	error	hello	zapLogger/logger_test.go:23	this is a test
2021-05-12T15:02:48.441+0800	error	hello	zapLogger/logger_test.go:23	this is a test
2021-05-12T15:02:48.441+0800	error	hello	zapLogger/logger_test.go:23	this is a test
2021-05-12T15:02:48.441+0800	error	hello	zapLogger/logger_test.go:23	this is a test
2021-05-12T15:02:48.441+0800	error	hello	zapLogger/logger_test.go:23	this is a test
2021-05-12T15:02:48.441+0800	error	hello	zapLogger/logger_test.go:23	this is a test
2021-05-12T15:02:48.441+0800	error	hello	zapLogger/logger_test.go:23	this is a test
2021-05-12T15:02:48.441+0800	error	hello	zapLogger/logger_test.go:23	this is a test
2021-05-12T15:02:48.441+0800	error	hello	zapLogger/logger_test.go:23	this is a test
2021-05-12T15:02:48.441+0800	error	hello	zapLogger/logger_test.go:23	this is a test
2021-05-12T15:02:48.441+0800	error	hello	zapLogger/logger_test.go:23	this is a test
2021-05-12T15:02:48.441+0800	error	hello	zapLogger/logger_test.go:23	this is a test
2021-05-12T15:02:48.441+0800	error	hello	zapLogger/logger_test.go:23	this is a test
2021-05-12T15:02:48.441+0800	error	hello	zapLogger/logger_test.go:23	this is a test
2021-05-12T15:02:48.441+0800	error	hello	zapLogger/logger_test.go:23	this is a test
2021-05-12T15:02:48.441+0800	error	hello	zapLogger/logger_test.go:23	this is a test
2021-05-12T15:02:48.441+0800	error	hello	zapLogger/logger_test.go:23	this is a test
2021-05-12T15:02:48.441+0800	error	hello	zapLogger/logger_test.go:23	this is a test
2021-05-12T15:02:48.441+0800	error	hello	zapLogger/logger_test.go:23	this is a test
2021-05-12T15:02:48.441+0800	error	hello	zapLogger/logger_test.go:23	this is a test
2021-05-12T15:02:48.441+0800	error	hello	zapLogger/logger_test.go:23	this is a test
2021-05-12T15:02:48.441+0800	error	hello	zapLogger/logger_test.go:23	this is a test
2021-05-12T15:02:48.441+0800	error	hello	zapLogger/logger_test.go:23	this is a test
2021-05-12T15:02:48.441+0800	error	hello	zapLogger/logger_test.go:23	this is a test
2021-05-12T15:02:48.441+0800	error	hello	zapLogger/logger_test.go:23	this is a test
2021-05-12T15:02:48.441+0800	error	hello	zapLogger/logger_test.go:23	this is a test
2021-05-12T15:02:48.441+0800	error	hello	zapLogger/logger_test.go:23	this is a test
2021-05-12T15:02:48.441+0800	error	hello	zapLogger/logger_test.go:23	this is a test
2021-05-12T15:02:48.441+0800	error	hello	zapLogger/logger_test.go:23	this is a test
2021-05-12T15:02:48.441+0800	error	hello	zapLogger/logger_test.go:23	this is a test
2021-05-12T15:02:48.441+0800	error	hello	zapLogger/logger_test.go:23	this is a test
2021-05-12T15:02:48.441+0800	error	hello	zapLogger/logger_test.go:23	this is a test
2021-05-12T15:02:48.441+0800	error	hello	zapLogger/logger_test.go:23	this is a test
2021-05-12T15:02:48.441+0800	error	hello	zapLogger/logger_test.go:23	this is a test
2021-05-12T15:02:48.441+0800	error	hello	zapLogger/logger_test.go:23	this is a test
2021-05-12T15:02:48.441+0800	error	hello	zapLogger/logger_test.go:23	this is a test
2021-05-12T15:02:48.441+0800	error	hello	zapLogger/logger_test.go:23	this is a test
2021-05-12T15:02:48.441+0800	error	hello	zapLogger/logger_test.go:23	this is a test
2021-05-12T15:02:48.441+0800	error	hello	zapLogger/logger_test.go:23	this is a test
2021-05-12T15:02:48.441+0800	error	hello	zapLogger/logger_test.go:23	this is a test
2021-05-12T15:02:48.441+0800	error	hello	zapLogger/logger_test.go:23	this is a test
2021-05-12T15:02:48.441+0800	error	hello	zapLogger/logger_test.go:23	this is a test
2021-05-12T15:02:48.441+0800	error	hello	zapLogger/logger_test.go:23	this is a test
2021-05-12T15:02:48.441+0800	error	hello	zapLogger/logger_test.go:23	this is a test
2021-05-12T15:02:48.441+0800	error	hello	zapLogger/logger_test.go:23	this is a test
2021-05-12T15:02:48.441+0800	error	hello	zapLogger/logger_test.go:23	this is a test
2021-05-12T15:02:48.441+0800	error	hello	zapLogger/logger_test.go:23	this is a test
2021-05-12T15:02:48.441+0800	error	hello	zapLogger/logger_test.go:23	this is a test
2021-05-12T15:02:48.440+0800	error	hello	zapLogger/logger_test.go:23	this is a test
2021-05-12T15:02:48.441+0800	error	hello	zapLogger/logger_test.go:23	this is a test
2021-05-12T15:02:48.441+0800	error	hello	zapLogger/logger_test.go:23	this is a test
2021-05-12T15:02:48.441+0800	error	hello	zapLogger/logger_test.go:23	this is a test
2021-05-12T15:02:48.441+0800	error	hello	zapLogger/logger_test.go:23	this is a test
2021-05-12T15:02:48.441+0800	error	hello	zapLogger/logger_test.go:23	this is a test
2021-05-12T15:02:48.441+0800	error	hello	zapLogger/logger_test.go:23	this is a test
2021-05-12T15:02:48.441+0800	error	hello	zapLogger/logger_test.go:23	this is a test
2021-05-12T15:02:48.441+0800	error	hello	zapLogger/logger_test.go:23	this is a test
2021-05-12T15:02:48.441+0800	error	hello	zapLogger/logger_test.go:23	this is a test
2021-05-12T15:02:48.441+0800	error	hello	zapLogger/logger_test.go:23	this is a test
2021-05-12T15:02:48.441+0800	error	hello	zapLogger/logger_test.go:23	this is a test
2021-05-12T15:02:48.441+0800	error	hello	zapLogger/logger_test.go:23	this is a test
2021-05-12T15:02:48.441+0800	error	hello	zapLogger/logger_test.go:23	this is a test
2021-05-12T15:02:48.441+0800	error	hello	zapLogger/logger_test.go:23	this is a test
2021-05-12T15:02:48.441+0800	error	hello	zapLogger/logger_test.go:23	this is a test
2021-05-12T15:02:48.441+0800	error	hello	zapLogger/logger_test.go:23	this is a test
2021-05-12T15:02:48.441+0800	error	hello	zapLogger/logger_test.go:23	this is a test
2021-05-12T15:02:48.441+0800	error	hello	zapLogger/logger_test.go:23	this is a test
2021-05-12T15:02:48.441+0800	error	hello	zapLogger/logger_test.go:23	this is a test
2021-05-12T15:02:48.441+0800	error	hello	zapLogger/logger_test.go:23	this is a test
2021-05-12T15:02:48.441+0800	error	hello	zapLogger/logger_test.go:23	this is a test
2021-05-12T15:02:48.441+0800	error	hello	zapLogger/logger_test.go:23	this is a test
2021-05-12T15:02:48.441+0800	error	hello	zapLogger/logger_test.go:23	this is a test
2021-05-12T15:02:48.441+0800	error	hello	zapLogger/logger_test.go:23	this is a test
2021-05-12T15:02:48.441+0800	error	hello	zapLogger/logger_test.go:23	this is a test
2021-05-12T15:02:48.441+0800	error	hello	zapLogger/logger_test.go:23	this is a test
2021-05-12T15:02:48.441+0800	error	hello	zapLogger/logger_test.go:23	this is a test
2021-05-12T15:02:48.441+0800	error	hello	zapLogger/logger_test.go:23	this is a test
2021-05-12T15:02:48.441+0800	error	hello	zapLogger/logger_test.go:23	this is a test
2021-05-12T15:02:48.441+0800	error	hello	zapLogger/logger_test.go:23	this is a test
2021-05-12T15:02:48.441+0800	error	hello	zapLogger/logger_test.go:23	this is a test
2021-05-12T15:02:48.441+0800	error	hello	zapLogger/logger_test.go:23	this is a test
2021-05-12T15:02:48.441+0800	error	hello	zapLogger/logger_test.go:23	this is a test
2021-05-12T15:02:48.441+0800	error	hello	zapLogger/logger_test.go:23	this is a test
2021-05-12T15:02:48.441+0800	error	hello	zapLogger/logger_test.go:23	this is a test
2021-05-12T15:02:48.441+0800	error	hello	zapLogger/logger_test.go:23	this is a test
2021-05-12T15:02:48.441+0800	error	hello	zapLogger/logger_test.go:23	this is a test
2021-05-12T15:02:48.441+0800	error	hello	zapLogger/logger_test.go:23	this is a test
2021-05-12T15:02:48.441+0800	error	hello	zapLogger/logger_test.go:23	this is a test
2021-05-12T15:02:48.441+0800	error	hello	zapLogger/logger_test.go:23	this is a test
2021-05-12T15:02:48.441+0800	error	hello	zapLogger/logger_test.go:23	this is a test
2021-05-12T15:02:48.441+0800	error	hello	zapLogger/logger_test.go:23	this is a test
2021-05-12T15:02:48.441+0800	error	hello	zapLogger/logger_test.go:23	this is a test
2021-05-12T15:02:48.441+0800	error	hello	zapLogger/logger_test.go:23	this is a test
2021-05-12T15:02:48.441+0800	error	hello	zapLogger/logger_test.go:23	this is a test
2021-05-12T15:02:48.441+0800	error	hello	zapLogger/logger_test.go:23	this is a test
2021-05-12T15:02:48.441+0800	error	hello	zapLogger/logger_test.go:23	this is a test
2021-05-12T15:02:48.441+0800	error	hello	zapLogger/logger_test.go:23	this is a test
2021-05-12T15:02:48.441+0800	error	hello	zapLogger/logger_test.go:23	this is a test
2021-05-12T15:02:48.441+0800	error	hello	zapLogger/logger_test.go:23	this is a test
2021-05-12T15:02:48.441+0800	error	hello	zapLogger/logger_test.go:23	this is a test
2021-05-12T15:02:48.441+0800	error	hello	zapLogger/logger_test.go:23	this is a test
2021-05-12T15:02:48.442+0800	error	hello	zapLogger/logger_test.go:23	this is a test
2021-05-12T15:02:48.442+0800	error	hello	zapLogger/logger_test.go:23	this is a test
2021-05-12T15:02:48.441+0800	error	hello	zapLogger/logger_test.go:23	this is a test
2021-05-12T15:02:48.442+0800	error	hello	zapLogger/logger_test.go:23	this is a test
2021-05-12T15:02:48.442+0800	error	hello	zapLogger/logger_test.go:23	this is a test
2021-05-12T15:02:48.442+0800	error	hello	zapLogger/logger_test.go:23	this is a test
2021-05-12T15:02:48.442+0800	error	hello	zapLogger/logger_test.go:23	this is a test
2021-05-12T15:02:48.442+0800	error	hello	zapLogger/logger_test.go:23	this is a test
2021-05-12T15:02:48.442+0800	error	hello	zapLogger/logger_test.go:23	this is a test
2021-05-12T15:02:48.442+0800	error	hello	zapLogger/logger_test.go:23	this is a test
2021-05-12T15:02:48.442+0800	error	hello	zapLogger/logger_test.go:23	this is a test
2021-05-12T15:02:48.442+0800	error	hello	zapLogger/logger_test.go:23	this is a test
2021-05-12T15:02:48.442+0800	error	hello	zapLogger/logger_test.go:23	this is a test
2021-05-12T15:02:48.442+0800	error	hello	zapLogger/logger_test.go:23	this is a test
2021-05-12T15:02:48.442+0800	error	hello	zapLogger/logger_test.go:23	this is a test
2021-05-12T15:02:48.442+0800	error	hello	zapLogger/logger_test.go:23	this is a test
2021-05-12T15:02:48.442+0800	error	hello	zapLogger/logger_test.go:23	this is a test
2021-05-12T15:02:48.442+0800	error	hello	zapLogger/logger_test.go:23	this is a test
2021-05-12T15:02:48.442+0800	error	hello	zapLogger/logger_test.go:23	this is a test
2021-05-12T15:02:48.440+0800	error	hello	zapLogger/logger_test.go:23	this is a test
2021-05-12T15:02:48.441+0800	error	hello	zapLogger/logger_test.go:23	this is a test
2021-05-12T15:02:48.442+0800	error	hello	zapLogger/logger_test.go:23	this is a test
2021-05-12T15:02:48.442+0800	error	hello	zapLogger/logger_test.go:23	this is a test
2021-05-12T15:02:48.442+0800	error	hello	zapLogger/logger_test.go:23	this is a test
2021-05-12T15:02:48.442+0800	error	hello	zapLogger/logger_test.go:23	this is a test
2021-05-12T15:02:48.442+0800	error	hello	zapLogger/logger_test.go:23	this is a test
2021-05-12T15:02:48.442+0800	error	hello	zapLogger/logger_test.go:23	this is a test
2021-05-12T15:02:48.442+0800	error	hello	zapLogger/logger_test.go:23	this is a test
2021-05-12T15:02:48.442+0800	error	hello	zapLogger/logger_test.go:23	this is a test
2021-05-12T15:02:48.442+0800	error	hello	zapLogger/logger_test.go:23	this is a test
2021-05-12T15:02:48.442+0800	error	hello	zapLogger/logger_test.go:23	this is a test
2021-05-12T15:02:48.442+0800	error	hello	zapLogger/logger_test.go:23	this is a test
2021-05-12T15:02:48.442+0800	error	hello	zapLogger/logger_test.go:23	this is a test
2021-05-12T15:02:48.442+0800	error	hello	zapLogger/logger_test.go:23	this is a test
2021-05-12T15:02:48.442+0800	error	hello	zapLogger/logger_test.go:23	this is a test
2021-05-12T15:02:48.442+0800	error	hello	zapLogger/logger_test.go:23	this is a test
2021-05-12T15:02:48.442+0800	error	hello	zapLogger/logger_test.go:23	this is a test
2021-05-12T15:02:48.442+0800	error	hello	zapLogger/logger_test.go:23	this is a test
2021-05-12T15:02:48.442+0800	error	hello	zapLogger/logger_test.go:23	this is a test
2021-05-12T15:02:48.442+0800	error	hello	zapLogger/logger_test.go:23	this is a test
2021-05-12T15:02:48.442+0800	error	hello	zapLogger/logger_test.go:23	this is a test
2021-05-12T15:02:48.442+0800	error	hello	zapLogger/logger_test.go:23	this is a test
2021-05-12T15:02:48.442+0800	error	hello	zapLogger/logger_test.go:23	this is a test
2021-05-12T15:02:48.442+0800	error	hello	zapLogger/logger_test.go:23	this is a test
2021-05-12T15:02:48.439+0800	error	hello	zapLogger/logger_test.go:23	this is a test
2021-05-12T15:02:48.442+0800	error	hello	zapLogger/logger_test.go:23	this is a test
2021-05-12T15:02:48.442+0800	error	hello	zapLogger/logger_test.go:23	this is a test
2021-05-12T15:02:48.442+0800	error	hello	zapLogger/logger_test.go:23	this is a test
2021-05-12T15:02:48.442+0800	error	hello	zapLogger/logger_test.go:23	this is a test
2021-05-12T15:02:48.442+0800	error	hello	zapLogger/logger_test.go:23	this is a test
2021-05-12T15:02:48.442+0800	error	hello	zapLogger/logger_test.go:23	this is a test
2021-05-12T15:02:48.442+0800	error	hello	zapLogger/logger_test.go:23	this is a test
2021-05-12T15:02:48.442+0800	error	hello	zapLogger/logger_test.go:23	this is a test
2021-05-12T15:02:48.442+0800	error	hello	zapLogger/logger_test.go:23	this is a test
2021-05-12T15:02:48.442+0800	error	hello	zapLogger/logger_test.go:23	this is a test
2021-05-12T15:02:48.442+0800	error	hello	zapLogger/logger_test.go:23	this is a test
2021-05-12T15:02:48.442+0800	error	hello	zapLogger/logger_test.go:23	this is a test
2021-05-12T15:02:48.442+0800	error	hello	zapLogger/logger_test.go:23	this is a test
2021-05-12T15:02:48.442+0800	error	hello	zapLogger/logger_test.go:23	this is a test
2021-05-12T15:02:48.442+0800	error	hello	zapLogger/logger_test.go:23	this is a test
2021-05-12T15:02:48.442+0800	error	hello	zapLogger/logger_test.go:23	this is a test
2021-05-12T15:02:48.442+0800	error	hello	zapLogger/logger_test.go:23	this is a test
2021-05-12T15:02:48.442+0800	error	hello	zapLogger/logger_test.go:23	this is a test
2021-05-12T15:02:48.442+0800	error	hello	zapLogger/logger_test.go:23	this is a test
2021-05-12T15:02:48.442+0800	error	hello	zapLogger/logger_test.go:23	this is a test
2021-05-12T15:02:48.442+0800	error	hello	zapLogger/logger_test.go:23	this is a test
2021-05-12T15:02:48.442+0800	error	hello	zapLogger/logger_test.go:23	this is a test
2021-05-12T15:02:48.442+0800	error	hello	zapLogger/logger_test.go:23	this is a test
2021-05-12T15:02:48.442+0800	error	hello	zapLogger/logger_test.go:23	this is a test
2021-05-12T15:02:48.442+0800	error	hello	zapLogger/logger_test.go:23	this is a test
2021-05-12T15:02:48.442+0800	error	hello	zapLogger/logger_test.go:23	this is a test
2021-05-12T15:02:48.442+0800	error	hello	zapLogger/logger_test.go:23	this is a test
2021-05-12T15:02:48.442+0800	error	hello	zapLogger/logger_test.go:23	this is a test
2021-05-12T15:02:48.442+0800	error	hello	zapLogger/logger_test.go:23	this is a test
2021-05-12T15:02:48.442+0800	error	hello	zapLogger/logger_test.go:23	this is a test
2021-05-12T15:02:48.442+0800	error	hello	zapLogger/logger_test.go:23	this is a test
2021-05-12T15:02:48.442+0800	error	hello	zapLogger/logger_test.go:23	this is a test
2021-05-12T15:02:48.442+0800	error	hello	zapLogger/logger_test.go:23	this is a test
2021-05-12T15:02:48.442+0800	error	hello	zapLogger/logger_test.go:23	this is a test
2021-05-12T15:02:48.440+0800	error	hello	zapLogger/logger_test.go:23	this is a test
2021-05-12T15:02:48.441+0800	error	hello	zapLogger/logger_test.go:23	this is a test
2021-05-12T15:02:48.442+0800	error	hello	zapLogger/logger_test.go:23	this is a test
2021-05-12T15:02:48.442+0800	error	hello	zapLogger/logger_test.go:23	this is a test
2021-05-12T15:02:48.442+0800	error	hello	zapLogger/logger_test.go:23	this is a test
2021-05-12T15:02:48.442+0800	error	hello	zapLogger/logger_test.go:23	this is a test
2021-05-12T15:02:48.442+0800	error	hello	zapLogger/logger_test.go:23	this is a test
2021-05-12T15:02:48.442+0800	error	hello	zapLogger/logger_test.go:23	this is a test
2021-05-12T15:02:48.442+0800	error	hello	zapLogger/logger_test.go:23	this is a test
2021-05-12T15:02:48.442+0800	error	hello	zapLogger/logger_test.go:23	this is a test
2021-05-12T15:02:48.442+0800	error	hello	zapLogger/logger_test.go:23	this is a test
2021-05-12T15:02:48.442+0800	error	hello	zapLogger/logger_test.go:23	this is a test
2021-05-12T15:02:48.442+0800	error	hello	zapLogger/logger_test.go:23	this is a test
2021-05-12T15:02:48.442+0800	error	hello	zapLogger/logger_test.go:23	this is a test
2021-05-12T15:02:48.442+0800	error	hello	zapLogger/logger_test.go:23	this is a test
2021-05-12T15:02:48.442+0800	error	hello	zapLogger/logger_test.go:23	this is a test
2021-05-12T15:02:48.442+0800	error	hello	zapLogger/logger_test.go:23	this is a test
2021-05-12T15:02:48.442+0800	error	hello	zapLogger/logger_test.go:23	this is a test
2021-05-12T15:02:48.440+0800	error	hello	zapLogger/logger_test.go:23	this is a test
2021-05-12T15:02:48.442+0800	error	hello	zapLogger/logger_test.go:23	this is a test
2021-05-12T15:02:48.442+0800	error	hello	zapLogger/logger_test.go:23	this is a test
2021-05-12T15:02:48.442+0800	error	hello	zapLogger/logger_test.go:23	this is a test
2021-05-12T15:02:48.442+0800	error	hello	zapLogger/logger_test.go:23	this is a test
2021-05-12T15:02:48.442+0800	error	hello	zapLogger/logger_test.go:23	this is a test
2021-05-12T15:02:48.442+0800	error	hello	zapLogger/logger_test.go:23	this is a test
2021-05-12T15:02:48.442+0800	error	hello	zapLogger/logger_test.go:23	this is a test
2021-05-12T15:02:48.442+0800	error	hello	zapLogger/logger_test.go:23	this is a test
2021-05-12T15:02:48.442+0800	error	hello	zapLogger/logger_test.go:23	this is a test
2021-05-12T15:02:48.442+0800	error	hello	zapLogger/logger_test.go:23	this is a test
2021-05-12T15:02:48.442+0800	error	hello	zapLogger/logger_test.go:23	this is a test
2021-05-12T15:02:48.442+0800	error	hello	zapLogger/logger_test.go:23	this is a test
2021-05-12T15:02:48.442+0800	error	hello	zapLogger/logger_test.go:23	this is a test
2021-05-12T15:02:48.442+0800	error	hello	zapLogger/logger_test.go:23	this is a test
2021-05-12T15:02:48.442+0800	error	hello	zapLogger/logger_test.go:23	this is a test
2021-05-12T15:02:48.442+0800	error	hello	zapLogger/logger_test.go:23	this is a test
2021-05-12T15:02:48.442+0800	error	hello	zapLogger/logger_test.go:23	this is a test
2021-05-12T15:02:48.442+0800	error	hello	zapLogger/logger_test.go:23	this is a test
2021-05-12T15:02:48.442+0800	error	hello	zapLogger/logger_test.go:23	this is a test
2021-05-12T15:02:48.442+0800	error	hello	zapLogger/logger_test.go:23	this is a test
2021-05-12T15:02:48.442+0800	error	hello	zapLogger/logger_test.go:23	this is a test
2021-05-12T15:02:48.442+0800	error	hello	zapLogger/logger_test.go:23	this is a test
2021-05-12T15:02:48.442+0800	error	hello	zapLogger/logger_test.go:23	this is a test
2021-05-12T15:02:48.442+0800	error	hello	zapLogger/logger_test.go:23	this is a test
2021-05-12T15:02:48.442+0800	error	hello	zapLogger/logger_test.go:23	this is a test
2021-05-12T15:02:48.442+0800	error	hello	zapLogger/logger_test.go:23	this is a test
2021-05-12T15:02:48.442+0800	error	hello	zapLogger/logger_test.go:23	this is a test
2021-05-12T15:02:48.442+0800	error	hello	zapLogger/logger_test.go:23	this is a test
2021-05-12T15:02:48.442+0800	error	hello	zapLogger/logger_test.go:23	this is a test
2021-05-12T15:02:48.442+0800	error	hello	zapLogger/logger_test.go:23	this is a test
2021-05-12T15:02:48.442+0800	error	hello	zapLogger/logger_test.go:23	this is a test
2021-05-12T15:02:48.442+0800	error	hello	zapLogger/logger_test.go:23	this is a test
2021-05-12T15:02:48.442+0800	error	hello	zapLogger/logger_test.go:23	this is a test
2021-05-12T15:02:48.442+0800	error	hello	zapLogger/logger_test.go:23	this is a test
2021-05-12T15:02:48.442+0800	error	hello	zapLogger/logger_test.go:23	this is a test
2021-05-12T15:02:48.442+0800	error	hello	zapLogger/logger_test.go:23	this is a test
2021-05-12T15:02:48.442+0800	error	hello	zapLogger/logger_test.go:23	this is a test
2021-05-12T15:02:48.442+0800	error	hello	zapLogger/logger_test.go:23	this is a test
2021-05-12T15:02:48.442+0800	error	hello	zapLogger/logger_test.go:23	this is a test
2021-05-12T15:02:48.442+0800	error	hello	zapLogger/logger_test.go:23	this is a test
2021-05-12T15:02:48.442+0800	error	hello	zapLogger/logger_test.go:23	this is a test
2021-05-12T15:02:48.442+0800	error	hello	zapLogger/logger_test.go:23	this is a test
2021-05-12T15:02:48.442+0800	error	hello	zapLogger/logger_test.go:23	this is a test
2021-05-12T15:02:48.442+0800	error	hello	zapLogger/logger_test.go:23	this is a test
2021-05-12T15:02:48.442+0800	error	hello	zapLogger/logger_test.go:23	this is a test
2021-05-12T15:02:48.442+0800	error	hello	zapLogger/logger_test.go:23	this is a test
2021-05-12T15:02:48.442+0800	error	hello	zapLogger/logger_test.go:23	this is a test
2021-05-12T15:02:48.442+0800	error	hello	zapLogger/logger_test.go:23	this is a test
2021-05-12T15:02:48.442+0800	error	hello	zapLogger/logger_test.go:23	this is a test
2021-05-12T15:02:48.442+0800	error	hello	zapLogger/logger_test.go:23	this is a test
2021-05-12T15:02:48.442+0800	error	hello	zapLogger/logger_test.go:23	this is a test
2021-05-12T15:02:48.442+0800	error	hello	zapLogger/logger_test.go:23	this is a test
2021-05-12T15:02:48.442+0800	error	hello	zapLogger/logger_test.go:23	this is a test
2021-05-12T15:02:48.442+0800	error	hello	zapLogger/logger_test.go:23	this is a test
2021-05-12T15:02:48.442+0800	error	hello	zapLogger/logger_test.go:23	this is a test
2021-05-12T15:02:48.442+0800	error	hello	zapLogger/logger_test.go:23	this is a test
2021-05-12T15:02:48.442+0800	error	hello	zapLogger/logger_test.go:23	this is a test
2021-05-12T15:02:48.442+0800	error	hello	zapLogger/logger_test.go:23	this is a test
2021-05-12T15:02:48.442+0800	error	hello	zapLogger/logger_test.go:23	this is a test
2021-05-12T15:02:48.442+0800	error	hello	zapLogger/logger_test.go:23	this is a test
2021-05-12T15:02:48.442+0800	error	hello	zapLogger/logger_test.go:23	this is a test
2021-05-12T15:02:48.442+0800	error	hello	zapLogger/logger_test.go:23	this is a test
2021-05-12T15:02:48.442+0800	error	hello	zapLogger/logger_test.go:23	this is a test
2021-05-12T15:02:48.442+0800	error	hello	zapLogger/logger_test.go:23	this is a test
2021-05-12T15:02:48.442+0800	error	hello	zapLogger/logger_test.go:23	this is a test
2021-05-12T15:02:48.442+0800	error	hello	zapLogger/logger_test.go:23	this is a test
2021-05-12T15:02:48.442+0800	error	hello	zapLogger/logger_test.go:23	this is a test
2021-05-12T15:02:48.442+0800	error	hello	zapLogger/logger_test.go:23	this is a test
2021-05-12T15:02:48.442+0800	error	hello	zapLogger/logger_test.go:23	this is a test
2021-05-12T15:02:48.442+0800	error	hello	zapLogger/logger_test.go:23	this is a test
2021-05-12T15:02:48.442+0800	error	hello	zapLogger/logger_test.go:23	this is a test
2021-05-12T15:02:48.442+0800	error	hello	zapLogger/logger_test.go:23	this is a test
2021-05-12T15:02:48.442+0800	error	hello	zapLogger/logger_test.go:23	this is a test
2021-05-12T15:02:48.442+0800	error	hello	zapLogger/logger_test.go:23	this is a test
2021-05-12T15:02:48.442+0800	error	hello	zapLogger/logger_test.go:23	this is a test
2021-05-12T15:02:48.442+0800	error	hello	zapLogger/logger_test.go:23	this is a test
2021-05-12T15:02:48.442+0800	error	hello	zapLogger/logger_test.go:23	this is a test
2021-05-12T15:02:48.442+0800	error	hello	zapLogger/logger_test.go:23	this is a test
2021-05-12T15:02:48.442+0800	error	hello	zapLogger/logger_test.go:23	this is a test
2021-05-12T15:02:48.442+0800	error	hello	zapLogger/logger_test.go:23	this is a test
2021-05-12T15:02:48.442+0800	error	hello	zapLogger/logger_test.go:23	this is a test
2021-05-12T15:02:48.442+0800	error	hello	zapLogger/logger_test.go:23	this is a test
2021-05-12T15:02:48.442+0800	error	hello	zapLogger/logger_test.go:23	this is a test
2021-05-12T15:02:48.442+0800	error	hello	zapLogger/logger_test.go:23	this is a test
2021-05-12T15:02:48.442+0800	error	hello	zapLogger/logger_test.go:23	this is a test
2021-05-12T15:02:48.442+0800	error	hello	zapLogger/logger_test.go:23	this is a test
2021-05-12T15:02:48.443+0800	error	hello	zapLogger/logger_test.go:23	this is a test
2021-05-12T15:02:48.443+0800	error	hello	zapLogger/logger_test.go:23	this is a test
2021-05-12T15:02:48.443+0800	error	hello	zapLogger/logger_test.go:23	this is a test
2021-05-12T15:02:48.443+0800	error	hello	zapLogger/logger_test.go:23	this is a test
2021-05-12T15:02:48.443+0800	error	hello	zapLogger/logger_test.go:23	this is a test
2021-05-12T15:02:48.443+0800	error	hello	zapLogger/logger_test.go:23	this is a test
2021-05-12T15:02:48.442+0800	error	hello	zapLogger/logger_test.go:23	this is a test
2021-05-12T15:02:48.443+0800	error	hello	zapLogger/logger_test.go:23	this is a test
2021-05-12T15:02:48.443+0800	error	hello	zapLogger/logger_test.go:23	this is a test
2021-05-12T15:02:48.443+0800	error	hello	zapLogger/logger_test.go:23	this is a test
2021-05-12T15:02:48.443+0800	error	hello	zapLogger/logger_test.go:23	this is a test
2021-05-12T15:02:48.443+0800	error	hello	zapLogger/logger_test.go:23	this is a test
2021-05-12T15:02:48.443+0800	error	hello	zapLogger/logger_test.go:23	this is a test
2021-05-12T15:02:48.443+0800	error	hello	zapLogger/logger_test.go:23	this is a test
2021-05-12T15:02:48.443+0800	error	hello	zapLogger/logger_test.go:23	this is a test
2021-05-12T15:02:48.443+0800	error	hello	zapLogger/logger_test.go:23	this is a test
2021-05-12T15:02:48.443+0800	error	hello	zapLogger/logger_test.go:23	this is a test
2021-05-12T15:02:48.443+0800	error	hello	zapLogger/logger_test.go:23	this is a test
2021-05-12T15:02:48.443+0800	error	hello	zapLogger/logger_test.go:23	this is a test
2021-05-12T15:02:48.443+0800	error	hello	zapLogger/logger_test.go:23	this is a test
2021-05-12T15:02:48.443+0800	error	hello	zapLogger/logger_test.go:23	this is a test
2021-05-12T15:02:48.443+0800	error	hello	zapLogger/logger_test.go:23	this is a test
2021-05-12T15:02:48.443+0800	error	hello	zapLogger/logger_test.go:23	this is a test
2021-05-12T15:02:48.443+0800	error	hello	zapLogger/logger_test.go:23	this is a test
2021-05-12T15:02:48.443+0800	error	hello	zapLogger/logger_test.go:23	this is a test
2021-05-12T15:02:48.443+0800	error	hello	zapLogger/logger_test.go:23	this is a test
2021-05-12T15:02:48.443+0800	error	hello	zapLogger/logger_test.go:23	this is a test
2021-05-12T15:02:48.443+0800	error	hello	zapLogger/logger_test.go:23	this is a test
2021-05-12T15:02:48.443+0800	error	hello	zapLogger/logger_test.go:23	this is a test
2021-05-12T15:02:48.443+0800	error	hello	zapLogger/logger_test.go:23	this is a test
2021-05-12T15:02:48.443+0800	error	hello	zapLogger/logger_test.go:23	this is a test
2021-05-12T15:02:48.443+0800	error	hello	zapLogger/logger_test.go:23	this is a test
2021-05-12T15:02:48.443+0800	error	hello	zapLogger/logger_test.go:23	this is a test
2021-05-12T15:02:48.443+0800	error	hello	zapLogger/logger_test.go:23	this is a test
2021-05-12T15:02:48.442+0800	error	hello	zapLogger/logger_test.go:23	this is a test
2021-05-12T15:02:48.443+0800	error	hello	zapLogger/logger_test.go:23	this is a test
2021-05-12T15:02:48.443+0800	error	hello	zapLogger/logger_test.go:23	this is a test
2021-05-12T15:02:48.443+0800	error	hello	zapLogger/logger_test.go:23	this is a test
2021-05-12T15:02:48.443+0800	error	hello	zapLogger/logger_test.go:23	this is a test
2021-05-12T15:02:48.443+0800	error	hello	zapLogger/logger_test.go:23	this is a test
2021-05-12T15:02:48.443+0800	error	hello	zapLogger/logger_test.go:23	this is a test
2021-05-12T15:02:48.443+0800	error	hello	zapLogger/logger_test.go:23	this is a test
2021-05-12T15:02:48.443+0800	error	hello	zapLogger/logger_test.go:23	this is a test
2021-05-12T15:02:48.443+0800	error	hello	zapLogger/logger_test.go:23	this is a test
2021-05-12T15:02:48.443+0800	error	hello	zapLogger/logger_test.go:23	this is a test
2021-05-12T15:02:48.443+0800	error	hello	zapLogger/logger_test.go:23	this is a test
2021-05-12T15:02:48.443+0800	error	hello	zapLogger/logger_test.go:23	this is a test
2021-05-12T15:02:48.443+0800	error	hello	zapLogger/logger_test.go:23	this is a test
2021-05-12T15:02:48.443+0800	error	hello	zapLogger/logger_test.go:23	this is a test
2021-05-12T15:02:48.443+0800	error	hello	zapLogger/logger_test.go:23	this is a test
2021-05-12T15:02:48.443+0800	error	hello	zapLogger/logger_test.go:23	this is a test
2021-05-12T15:02:48.443+0800	error	hello	zapLogger/logger_test.go:23	this is a test
2021-05-12T15:02:48.443+0800	error	hello	zapLogger/logger_test.go:23	this is a test
2021-05-12T15:02:48.443+0800	error	hello	zapLogger/logger_test.go:23	this is a test
2021-05-12T15:02:48.443+0800	error	hello	zapLogger/logger_test.go:23	this is a test
2021-05-12T15:02:48.443+0800	error	hello	zapLogger/logger_test.go:23	this is a test
2021-05-12T15:02:48.443+0800	error	hello	zapLogger/logger_test.go:23	this is a test
2021-05-12T15:02:48.443+0800	error	hello	zapLogger/logger_test.go:23	this is a test
2021-05-12T15:02:48.443+0800	error	hello	zapLogger/logger_test.go:23	this is a test
2021-05-12T15:02:48.443+0800	error	hello	zapLogger/logger_test.go:23	this is a test
2021-05-12T15:02:48.443+0800	error	hello	zapLogger/logger_test.go:23	this is a test
2021-05-12T15:02:48.443+0800	error	hello	zapLogger/logger_test.go:23	this is a test
2021-05-12T15:02:48.443+0800	error	hello	zapLogger/logger_test.go:23	this is a test
2021-05-12T15:02:48.443+0800	error	hello	zapLogger/logger_test.go:23	this is a test
2021-05-12T15:02:48.443+0800	error	hello	zapLogger/logger_test.go:23	this is a test
2021-05-12T15:02:48.443+0800	error	hello	zapLogger/logger_test.go:23	this is a test
2021-05-12T15:02:48.443+0800	error	hello	zapLogger/logger_test.go:23	this is a test
2021-05-12T15:02:48.443+0800	error	hello	zapLogger/logger_test.go:23	this is a test
2021-05-12T15:02:48.443+0800	error	hello	zapLogger/logger_test.go:23	this is a test
2021-05-12T15:02:48.443+0800	error	hello	zapLogger/logger_test.go:23	this is a test
2021-05-12T15:02:48.443+0800	error	hello	zapLogger/logger_test.go:23	this is a test
2021-05-12T15:02:48.443+0800	error	hello	zapLogger/logger_test.go:23	this is a test
2021-05-12T15:02:48.443+0800	error	hello	zapLogger/logger_test.go:23	this is a test
2021-05-12T15:02:48.442+0800	error	hello	zapLogger/logger_test.go:23	this is a test
2021-05-12T15:02:48.443+0800	error	hello	zapLogger/logger_test.go:23	this is a test
2021-05-12T15:02:48.441+0800	error	hello	zapLogger/logger_test.go:23	this is a test
2021-05-12T15:02:48.443+0800	error	hello	zapLogger/logger_test.go:23	this is a test
2021-05-12T15:02:48.443+0800	error	hello	zapLogger/logger_test.go:23	this is a test
2021-05-12T15:02:48.443+0800	error	hello	zapLogger/logger_test.go:23	this is a test
2021-05-12T15:02:48.443+0800	error	hello	zapLogger/logger_test.go:23	this is a test
2021-05-12T15:02:48.443+0800	error	hello	zapLogger/logger_test.go:23	this is a test
2021-05-12T15:02:48.443+0800	error	hello	zapLogger/logger_test.go:23	this is a test
2021-05-12T15:02:48.443+0800	error	hello	zapLogger/logger_test.go:23	this is a test
2021-05-12T15:02:48.443+0800	error	hello	zapLogger/logger_test.go:23	this is a test
2021-05-12T15:02:48.443+0800	error	hello	zapLogger/logger_test.go:23	this is a test
2021-05-12T15:02:48.443+0800	error	hello	zapLogger/logger_test.go:23	this is a test
2021-05-12T15:02:48.443+0800	error	hello	zapLogger/logger_test.go:23	this is a test
2021-05-12T15:02:48.442+0800	error	hello	zapLogger/logger_test.go:23	this is a test
2021-05-12T15:02:48.443+0800	error	hello	zapLogger/logger_test.go:23	this is a test
2021-05-12T15:02:48.443+0800	error	hello	zapLogger/logger_test.go:23	this is a test
2021-05-12T15:02:48.442+0800	error	hello	zapLogger/logger_test.go:23	this is a test
2021-05-12T15:02:48.443+0800	error	hello	zapLogger/logger_test.go:23	this is a test
2021-05-12T15:02:48.443+0800	error	hello	zapLogger/logger_test.go:23	this is a test
2021-05-12T15:02:48.443+0800	error	hello	zapLogger/logger_test.go:23	this is a test
2021-05-12T15:02:48.443+0800	error	hello	zapLogger/logger_test.go:23	this is a test
2021-05-12T15:02:48.443+0800	error	hello	zapLogger/logger_test.go:23	this is a test
2021-05-12T15:02:48.443+0800	error	hello	zapLogger/logger_test.go:23	this is a test
2021-05-12T15:02:48.443+0800	error	hello	zapLogger/logger_test.go:23	this is a test
2021-05-12T15:02:48.443+0800	error	hello	zapLogger/logger_test.go:23	this is a test
2021-05-12T15:02:48.443+0800	error	hello	zapLogger/logger_test.go:23	this is a test
2021-05-12T15:02:48.443+0800	error	hello	zapLogger/logger_test.go:23	this is a test
2021-05-12T15:02:48.443+0800	error	hello	zapLogger/logger_test.go:23	this is a test
2021-05-12T15:02:48.443+0800	error	hello	zapLogger/logger_test.go:23	this is a test
2021-05-12T15:02:48.443+0800	error	hello	zapLogger/logger_test.go:23	this is a test
2021-05-12T15:02:48.443+0800	error	hello	zapLogger/logger_test.go:23	this is a test
2021-05-12T15:02:48.443+0800	error	hello	zapLogger/logger_test.go:23	this is a test
2021-05-12T15:02:48.443+0800	error	hello	zapLogger/logger_test.go:23	this is a test
2021-05-12T15:02:48.443+0800	error	hello	zapLogger/logger_test.go:23	this is a test
2021-05-12T15:02:48.443+0800	error	hello	zapLogger/logger_test.go:23	this is a test
2021-05-12T15:02:48.443+0800	error	hello	zapLogger/logger_test.go:23	this is a test
2021-05-12T15:02:48.443+0800	error	hello	zapLogger/logger_test.go:23	this is a test
2021-05-12T15:02:48.443+0800	error	hello	zapLogger/logger_test.go:23	this is a test
2021-05-12T15:02:48.443+0800	error	hello	zapLogger/logger_test.go:23	this is a test
2021-05-12T15:02:48.443+0800	error	hello	zapLogger/logger_test.go:23	this is a test
2021-05-12T15:02:48.443+0800	error	hello	zapLogger/logger_test.go:23	this is a test
2021-05-12T15:02:48.443+0800	error	hello	zapLogger/logger_test.go:23	this is a test
2021-05-12T15:02:48.443+0800	error	hello	zapLogger/logger_test.go:23	this is a test
2021-05-12T15:02:48.443+0800	error	hello	zapLogger/logger_test.go:23	this is a test
2021-05-12T15:02:48.443+0800	error	hello	zapLogger/logger_test.go:23	this is a test
2021-05-12T15:02:48.443+0800	error	hello	zapLogger/logger_test.go:23	this is a test
2021-05-12T15:02:48.443+0800	error	hello	zapLogger/logger_test.go:23	this is a test
2021-05-12T15:02:48.443+0800	error	hello	zapLogger/logger_test.go:23	this is a test
2021-05-12T15:02:48.443+0800	error	hello	zapLogger/logger_test.go:23	this is a test
2021-05-12T15:02:48.443+0800	error	hello	zapLogger/logger_test.go:23	this is a test
2021-05-12T15:02:48.443+0800	error	hello	zapLogger/logger_test.go:23	this is a test
2021-05-12T15:02:48.443+0800	error	hello	zapLogger/logger_test.go:23	this is a test
2021-05-12T15:02:48.443+0800	error	hello	zapLogger/logger_test.go:23	this is a test
2021-05-12T15:02:48.443+0800	error	hello	zapLogger/logger_test.go:23	this is a test
2021-05-12T15:02:48.443+0800	error	hello	zapLogger/logger_test.go:23	this is a test
2021-05-12T15:02:48.443+0800	error	hello	zapLogger/logger_test.go:23	this is a test
2021-05-12T15:02:48.443+0800	error	hello	zapLogger/logger_test.go:23	this is a test
2021-05-12T15:02:48.443+0800	error	hello	zapLogger/logger_test.go:23	this is a test
2021-05-12T15:02:48.443+0800	error	hello	zapLogger/logger_test.go:23	this is a test
2021-05-12T15:02:48.443+0800	error	hello	zapLogger/logger_test.go:23	this is a test
2021-05-12T15:02:48.443+0800	error	hello	zapLogger/logger_test.go:23	this is a test
2021-05-12T15:02:48.443+0800	error	hello	zapLogger/logger_test.go:23	this is a test
2021-05-12T15:02:48.443+0800	error	hello	zapLogger/logger_test.go:23	this is a test
2021-05-12T15:02:48.443+0800	error	hello	zapLogger/logger_test.go:23	this is a test
2021-05-12T15:02:48.443+0800	error	hello	zapLogger/logger_test.go:23	this is a test
2021-05-12T15:02:48.443+0800	error	hello	zapLogger/logger_test.go:23	this is a test
2021-05-12T15:02:48.443+0800	error	hello	zapLogger/logger_test.go:23	this is a test
2021-05-12T15:02:48.443+0800	error	hello	zapLogger/logger_test.go:23	this is a test
2021-05-12T15:02:48.443+0800	error	hello	zapLogger/logger_test.go:23	this is a test
2021-05-12T15:02:48.443+0800	error	hello	zapLogger/logger_test.go:23	this is a test
2021-05-12T15:02:48.443+0800	error	hello	zapLogger/logger_test.go:23	this is a test
2021-05-12T15:02:48.443+0800	error	hello	zapLogger/logger_test.go:23	this is a test
2021-05-12T15:02:48.443+0800	error	hello	zapLogger/logger_test.go:23	this is a test
2021-05-12T15:02:48.443+0800	error	hello	zapLogger/logger_test.go:23	this is a test
2021-05-12T15:02:48.443+0800	error	hello	zapLogger/logger_test.go:23	this is a test
2021-05-12T15:02:48.443+0800	error	hello	zapLogger/logger_test.go:23	this is a test
2021-05-12T15:02:48.443+0800	error	hello	zapLogger/logger_test.go:23	this is a test
2021-05-12T15:02:48.444+0800	error	hello	zapLogger/logger_test.go:23	this is a test
2021-05-12T15:02:48.443+0800	error	hello	zapLogger/logger_test.go:23	this is a test
2021-05-12T15:02:48.444+0800	error	hello	zapLogger/logger_test.go:23	this is a test
2021-05-12T15:02:48.443+0800	error	hello	zapLogger/logger_test.go:23	this is a test
2021-05-12T15:02:48.444+0800	error	hello	zapLogger/logger_test.go:23	this is a test
2021-05-12T15:02:48.444+0800	error	hello	zapLogger/logger_test.go:23	this is a test
2021-05-12T15:02:48.444+0800	error	hello	zapLogger/logger_test.go:23	this is a test
2021-05-12T15:02:48.444+0800	error	hello	zapLogger/logger_test.go:23	this is a test
2021-05-12T15:02:48.444+0800	error	hello	zapLogger/logger_test.go:23	this is a test
2021-05-12T15:02:48.443+0800	error	hello	zapLogger/logger_test.go:23	this is a test
2021-05-12T15:02:48.444+0800	error	hello	zapLogger/logger_test.go:23	this is a test
2021-05-12T15:02:48.444+0800	error	hello	zapLogger/logger_test.go:23	this is a test
2021-05-12T15:02:48.442+0800	error	hello	zapLogger/logger_test.go:23	this is a test
2021-05-12T15:02:48.443+0800	error	hello	zapLogger/logger_test.go:23	this is a test
2021-05-12T15:02:48.444+0800	error	hello	zapLogger/logger_test.go:23	this is a test
2021-05-12T15:02:48.444+0800	error	hello	zapLogger/logger_test.go:23	this is a test
2021-05-12T15:02:48.444+0800	error	hello	zapLogger/logger_test.go:23	this is a test
2021-05-12T15:02:48.443+0800	error	hello	zapLogger/logger_test.go:23	this is a test
2021-05-12T15:02:48.444+0800	error	hello	zapLogger/logger_test.go:23	this is a test
2021-05-12T15:02:48.443+0800	error	hello	zapLogger/logger_test.go:23	this is a test
2021-05-12T15:02:48.444+0800	error	hello	zapLogger/logger_test.go:23	this is a test
2021-05-12T15:02:48.442+0800	error	hello	zapLogger/logger_test.go:23	this is a test
2021-05-12T15:02:48.444+0800	error	hello	zapLogger/logger_test.go:23	this is a test
2021-05-12T15:02:48.443+0800	error	hello	zapLogger/logger_test.go:23	this is a test
2021-05-12T15:02:48.444+0800	error	hello	zapLogger/logger_test.go:23	this is a test
2021-05-12T15:02:48.444+0800	error	hello	zapLogger/logger_test.go:23	this is a test
2021-05-12T15:02:48.444+0800	error	hello	zapLogger/logger_test.go:23	this is a test
2021-05-12T15:02:48.444+0800	error	hello	zapLogger/logger_test.go:23	this is a test
2021-05-12T15:02:48.444+0800	error	hello	zapLogger/logger_test.go:23	this is a test
2021-05-12T15:02:48.444+0800	error	hello	zapLogger/logger_test.go:23	this is a test
2021-05-12T15:02:48.444+0800	error	hello	zapLogger/logger_test.go:23	this is a test
2021-05-12T15:02:48.444+0800	error	hello	zapLogger/logger_test.go:23	this is a test
2021-05-12T15:02:48.444+0800	error	hello	zapLogger/logger_test.go:23	this is a test
2021-05-12T15:02:48.444+0800	error	hello	zapLogger/logger_test.go:23	this is a test
2021-05-12T15:02:48.444+0800	error	hello	zapLogger/logger_test.go:23	this is a test
2021-05-12T15:02:48.444+0800	error	hello	zapLogger/logger_test.go:23	this is a test
2021-05-12T15:02:48.444+0800	error	hello	zapLogger/logger_test.go:23	this is a test
2021-05-12T15:02:48.444+0800	error	hello	zapLogger/logger_test.go:23	this is a test
2021-05-12T15:02:48.444+0800	error	hello	zapLogger/logger_test.go:23	this is a test
2021-05-12T15:02:48.444+0800	error	hello	zapLogger/logger_test.go:23	this is a test
2021-05-12T15:02:48.444+0800	error	hello	zapLogger/logger_test.go:23	this is a test
2021-05-12T15:02:48.444+0800	error	hello	zapLogger/logger_test.go:23	this is a test
2021-05-12T15:02:48.444+0800	error	hello	zapLogger/logger_test.go:23	this is a test
2021-05-12T15:02:48.444+0800	error	hello	zapLogger/logger_test.go:23	this is a test
2021-05-12T15:02:48.444+0800	error	hello	zapLogger/logger_test.go:23	this is a test
2021-05-12T15:02:48.444+0800	error	hello	zapLogger/logger_test.go:23	this is a test
2021-05-12T15:02:48.444+0800	error	hello	zapLogger/logger_test.go:23	this is a test
2021-05-12T15:02:48.444+0800	error	hello	zapLogger/logger_test.go:23	this is a test
2021-05-12T15:02:48.444+0800	error	hello	zapLogger/logger_test.go:23	this is a test
2021-05-12T15:02:48.444+0800	error	hello	zapLogger/logger_test.go:23	this is a test
2021-05-12T15:02:48.444+0800	error	hello	zapLogger/logger_test.go:23	this is a test
2021-05-12T15:02:48.444+0800	error	hello	zapLogger/logger_test.go:23	this is a test
2021-05-12T15:02:48.444+0800	error	hello	zapLogger/logger_test.go:23	this is a test
2021-05-12T15:02:48.444+0800	error	hello	zapLogger/logger_test.go:23	this is a test
2021-05-12T15:02:48.444+0800	error	hello	zapLogger/logger_test.go:23	this is a test
2021-05-12T15:02:48.444+0800	error	hello	zapLogger/logger_test.go:23	this is a test
2021-05-12T15:02:48.444+0800	error	hello	zapLogger/logger_test.go:23	this is a test
2021-05-12T15:02:48.444+0800	error	hello	zapLogger/logger_test.go:23	this is a test
2021-05-12T15:02:48.444+0800	error	hello	zapLogger/logger_test.go:23	this is a test
2021-05-12T15:02:48.444+0800	error	hello	zapLogger/logger_test.go:23	this is a test
2021-05-12T15:02:48.444+0800	error	hello	zapLogger/logger_test.go:23	this is a test
2021-05-12T15:02:48.444+0800	error	hello	zapLogger/logger_test.go:23	this is a test
2021-05-12T15:02:48.444+0800	error	hello	zapLogger/logger_test.go:23	this is a test
2021-05-12T15:02:48.444+0800	error	hello	zapLogger/logger_test.go:23	this is a test
2021-05-12T15:02:48.444+0800	error	hello	zapLogger/logger_test.go:23	this is a test
2021-05-12T15:02:48.445+0800	error	hello	zapLogger/logger_test.go:23	this is a test
2021-05-12T15:02:48.444+0800	error	hello	zapLogger/logger_test.go:23	this is a test
2021-05-12T15:02:48.445+0800	error	hello	zapLogger/logger_test.go:23	this is a test
2021-05-12T15:02:48.444+0800	error	hello	zapLogger/logger_test.go:23	this is a test
2021-05-12T15:02:48.445+0800	error	hello	zapLogger/logger_test.go:23	this is a test
2021-05-12T15:02:48.444+0800	error	hello	zapLogger/logger_test.go:23	this is a test
2021-05-12T15:02:48.445+0800	error	hello	zapLogger/logger_test.go:23	this is a test
2021-05-12T15:02:48.445+0800	error	hello	zapLogger/logger_test.go:23	this is a test
2021-05-12T15:02:48.445+0800	error	hello	zapLogger/logger_test.go:23	this is a test
2021-05-12T15:02:48.445+0800	error	hello	zapLogger/logger_test.go:23	this is a test
2021-05-12T15:02:48.444+0800	error	hello	zapLogger/logger_test.go:23	this is a test
2021-05-12T15:02:48.445+0800	error	hello	zapLogger/logger_test.go:23	this is a test
2021-05-12T15:02:48.444+0800	error	hello	zapLogger/logger_test.go:23	this is a test
2021-05-12T15:02:48.445+0800	error	hello	zapLogger/logger_test.go:23	this is a test
2021-05-12T15:02:48.444+0800	error	hello	zapLogger/logger_test.go:23	this is a test
2021-05-12T15:02:48.445+0800	error	hello	zapLogger/logger_test.go:23	this is a test
2021-05-12T15:02:48.444+0800	error	hello	zapLogger/logger_test.go:23	this is a test
2021-05-12T15:02:48.445+0800	error	hello	zapLogger/logger_test.go:23	this is a test
2021-05-12T15:02:48.444+0800	error	hello	zapLogger/logger_test.go:23	this is a test
2021-05-12T15:02:48.445+0800	error	hello	zapLogger/logger_test.go:23	this is a test
2021-05-12T15:02:48.445+0800	error	hello	zapLogger/logger_test.go:23	this is a test
2021-05-12T15:02:48.445+0800	error	hello	zapLogger/logger_test.go:23	this is a test
2021-05-12T15:02:48.445+0800	error	hello	zapLogger/logger_test.go:23	this is a test
2021-05-12T15:02:48.445+0800	error	hello	zapLogger/logger_test.go:23	this is a test
2021-05-12T15:02:48.445+0800	error	hello	zapLogger/logger_test.go:23	this is a test
2021-05-12T15:02:48.445+0800	error	hello	zapLogger/logger_test.go:23	this is a test
2021-05-12T15:02:48.445+0800	error	hello	zapLogger/logger_test.go:23	this is a test
2021-05-12T15:02:48.445+0800	error	hello	zapLogger/logger_test.go:23	this is a test
2021-05-12T15:02:48.445+0800	error	hello	zapLogger/logger_test.go:23	this is a test
2021-05-12T15:02:48.445+0800	error	hello	zapLogger/logger_test.go:23	this is a test
2021-05-12T15:02:48.445+0800	error	hello	zapLogger/logger_test.go:23	this is a test
2021-05-12T15:02:48.445+0800	error	hello	zapLogger/logger_test.go:23	this is a test
2021-05-12T15:02:48.445+0800	error	hello	zapLogger/logger_test.go:23	this is a test
2021-05-12T15:02:48.445+0800	error	hello	zapLogger/logger_test.go:23	this is a test
2021-05-12T15:02:48.445+0800	error	hello	zapLogger/logger_test.go:23	this is a test
2021-05-12T15:02:48.445+0800	error	hello	zapLogger/logger_test.go:23	this is a test
2021-05-12T15:02:48.445+0800	error	hello	zapLogger/logger_test.go:23	this is a test
2021-05-12T15:02:48.445+0800	error	hello	zapLogger/logger_test.go:23	this is a test
2021-05-12T15:02:48.445+0800	error	hello	zapLogger/logger_test.go:23	this is a test
2021-05-12T15:02:48.445+0800	error	hello	zapLogger/logger_test.go:23	this is a test
2021-05-12T15:02:48.445+0800	error	hello	zapLogger/logger_test.go:23	this is a test
2021-05-12T15:02:48.445+0800	error	hello	zapLogger/logger_test.go:23	this is a test
2021-05-12T15:02:48.445+0800	error	hello	zapLogger/logger_test.go:23	this is a test
2021-05-12T15:02:48.445+0800	error	hello	zapLogger/logger_test.go:23	this is a test
2021-05-12T15:02:48.445+0800	error	hello	zapLogger/logger_test.go:23	this is a test
2021-05-12T15:02:48.445+0800	error	hello	zapLogger/logger_test.go:23	this is a test
2021-05-12T15:02:48.445+0800	error	hello	zapLogger/logger_test.go:23	this is a test
2021-05-12T15:02:48.445+0800	error	hello	zapLogger/logger_test.go:23	this is a test
2021-05-12T15:02:48.445+0800	error	hello	zapLogger/logger_test.go:23	this is a test
2021-05-12T15:02:48.445+0800	error	hello	zapLogger/logger_test.go:23	this is a test
2021-05-12T15:02:48.445+0800	error	hello	zapLogger/logger_test.go:23	this is a test
2021-05-12T15:02:48.445+0800	error	hello	zapLogger/logger_test.go:23	this is a test
2021-05-12T15:02:48.445+0800	error	hello	zapLogger/logger_test.go:23	this is a test
2021-05-12T15:02:48.445+0800	error	hello	zapLogger/logger_test.go:23	this is a test
2021-05-12T15:02:48.445+0800	error	hello	zapLogger/logger_test.go:23	this is a test
2021-05-12T15:02:48.445+0800	error	hello	zapLogger/logger_test.go:23	this is a test
2021-05-12T15:02:48.445+0800	error	hello	zapLogger/logger_test.go:23	this is a test
2021-05-12T15:02:48.445+0800	error	hello	zapLogger/logger_test.go:23	this is a test
2021-05-12T15:02:48.445+0800	error	hello	zapLogger/logger_test.go:23	this is a test
2021-05-12T15:02:48.445+0800	error	hello	zapLogger/logger_test.go:23	this is a test
2021-05-12T15:02:48.445+0800	error	hello	zapLogger/logger_test.go:23	this is a test
2021-05-12T15:02:48.445+0800	error	hello	zapLogger/logger_test.go:23	this is a test
2021-05-12T15:02:48.445+0800	error	hello	zapLogger/logger_test.go:23	this is a test
2021-05-12T15:02:48.445+0800	error	hello	zapLogger/logger_test.go:23	this is a test
2021-05-12T15:02:48.445+0800	error	hello	zapLogger/logger_test.go:23	this is a test
2021-05-12T15:02:48.445+0800	error	hello	zapLogger/logger_test.go:23	this is a test
2021-05-12T15:02:48.445+0800	error	hello	zapLogger/logger_test.go:23	this is a test
2021-05-12T15:02:48.445+0800	error	hello	zapLogger/logger_test.go:23	this is a test
2021-05-12T15:02:48.445+0800	error	hello	zapLogger/logger_test.go:23	this is a test
2021-05-12T15:02:48.445+0800	error	hello	zapLogger/logger_test.go:23	this is a test
2021-05-12T15:02:48.445+0800	error	hello	zapLogger/logger_test.go:23	this is a test
2021-05-12T15:02:48.445+0800	error	hello	zapLogger/logger_test.go:23	this is a test
2021-05-12T15:02:48.445+0800	error	hello	zapLogger/logger_test.go:23	this is a test
2021-05-12T15:02:48.445+0800	error	hello	zapLogger/logger_test.go:23	this is a test
2021-05-12T15:02:48.445+0800	error	hello	zapLogger/logger_test.go:23	this is a test
2021-05-12T15:02:48.445+0800	error	hello	zapLogger/logger_test.go:23	this is a test
2021-05-12T15:02:48.445+0800	error	hello	zapLogger/logger_test.go:23	this is a test
2021-05-12T15:02:48.445+0800	error	hello	zapLogger/logger_test.go:23	this is a test
2021-05-12T15:02:48.445+0800	error	hello	zapLogger/logger_test.go:23	this is a test
2021-05-12T15:02:48.445+0800	error	hello	zapLogger/logger_test.go:23	this is a test
2021-05-12T15:02:48.445+0800	error	hello	zapLogger/logger_test.go:23	this is a test
2021-05-12T15:02:48.446+0800	error	hello	zapLogger/logger_test.go:23	this is a test
2021-05-12T15:02:48.445+0800	error	hello	zapLogger/logger_test.go:23	this is a test
2021-05-12T15:02:48.446+0800	error	hello	zapLogger/logger_test.go:23	this is a test
2021-05-12T15:02:48.445+0800	error	hello	zapLogger/logger_test.go:23	this is a test
2021-05-12T15:02:48.446+0800	error	hello	zapLogger/logger_test.go:23	this is a test
2021-05-12T15:02:48.445+0800	error	hello	zapLogger/logger_test.go:23	this is a test
2021-05-12T15:02:48.446+0800	error	hello	zapLogger/logger_test.go:23	this is a test
2021-05-12T15:02:48.445+0800	error	hello	zapLogger/logger_test.go:23	this is a test
2021-05-12T15:02:48.446+0800	error	hello	zapLogger/logger_test.go:23	this is a test
2021-05-12T15:02:48.445+0800	error	hello	zapLogger/logger_test.go:23	this is a test
2021-05-12T15:02:48.446+0800	error	hello	zapLogger/logger_test.go:23	this is a test
2021-05-12T15:02:48.445+0800	error	hello	zapLogger/logger_test.go:23	this is a test
2021-05-12T15:02:48.446+0800	error	hello	zapLogger/logger_test.go:23	this is a test
2021-05-12T15:02:48.446+0800	error	hello	zapLogger/logger_test.go:23	this is a test
2021-05-12T15:02:48.446+0800	error	hello	zapLogger/logger_test.go:23	this is a test
2021-05-12T15:02:48.446+0800	error	hello	zapLogger/logger_test.go:23	this is a test
2021-05-12T15:02:48.446+0800	error	hello	zapLogger/logger_test.go:23	this is a test
2021-05-12T15:02:48.446+0800	error	hello	zapLogger/logger_test.go:23	this is a test
2021-05-12T15:02:48.446+0800	error	hello	zapLogger/logger_test.go:23	this is a test
2021-05-12T15:02:48.446+0800	error	hello	zapLogger/logger_test.go:23	this is a test
2021-05-12T15:02:48.446+0800	error	hello	zapLogger/logger_test.go:23	this is a test
2021-05-12T15:02:48.446+0800	error	hello	zapLogger/logger_test.go:23	this is a test
2021-05-12T15:02:48.446+0800	error	hello	zapLogger/logger_test.go:23	this is a test
2021-05-12T15:02:48.446+0800	error	hello	zapLogger/logger_test.go:23	this is a test
2021-05-12T15:02:48.446+0800	error	hello	zapLogger/logger_test.go:23	this is a test
2021-05-12T15:02:48.446+0800	error	hello	zapLogger/logger_test.go:23	this is a test
2021-05-12T15:02:48.446+0800	error	hello	zapLogger/logger_test.go:23	this is a test
2021-05-12T15:02:48.446+0800	error	hello	zapLogger/logger_test.go:23	this is a test
2021-05-12T15:02:48.446+0800	error	hello	zapLogger/logger_test.go:23	this is a test
2021-05-12T15:02:48.446+0800	error	hello	zapLogger/logger_test.go:23	this is a test
2021-05-12T15:02:48.446+0800	error	hello	zapLogger/logger_test.go:23	this is a test
2021-05-12T15:02:48.446+0800	error	hello	zapLogger/logger_test.go:23	this is a test
2021-05-12T15:02:48.445+0800	error	hello	zapLogger/logger_test.go:23	this is a test
2021-05-12T15:02:48.446+0800	error	hello	zapLogger/logger_test.go:23	this is a test
2021-05-12T15:02:48.445+0800	error	hello	zapLogger/logger_test.go:23	this is a test
2021-05-12T15:02:48.446+0800	error	hello	zapLogger/logger_test.go:23	this is a test
2021-05-12T15:02:48.446+0800	error	hello	zapLogger/logger_test.go:23	this is a test
2021-05-12T15:02:48.446+0800	error	hello	zapLogger/logger_test.go:23	this is a test
2021-05-12T15:02:48.446+0800	error	hello	zapLogger/logger_test.go:23	this is a test
2021-05-12T15:02:48.446+0800	error	hello	zapLogger/logger_test.go:23	this is a test
2021-05-12T15:02:48.446+0800	error	hello	zapLogger/logger_test.go:23	this is a test
2021-05-12T15:02:48.446+0800	error	hello	zapLogger/logger_test.go:23	this is a test
2021-05-12T15:02:48.446+0800	error	hello	zapLogger/logger_test.go:23	this is a test
2021-05-12T15:02:48.446+0800	error	hello	zapLogger/logger_test.go:23	this is a test
2021-05-12T15:02:48.446+0800	error	hello	zapLogger/logger_test.go:23	this is a test
2021-05-12T15:02:48.446+0800	error	hello	zapLogger/logger_test.go:23	this is a test
2021-05-12T15:02:48.446+0800	error	hello	zapLogger/logger_test.go:23	this is a test
2021-05-12T15:02:48.446+0800	error	hello	zapLogger/logger_test.go:23	this is a test
2021-05-12T15:02:48.446+0800	error	hello	zapLogger/logger_test.go:23	this is a test
2021-05-12T15:02:48.446+0800	error	hello	zapLogger/logger_test.go:23	this is a test
2021-05-12T15:02:48.446+0800	error	hello	zapLogger/logger_test.go:23	this is a test
2021-05-12T15:02:48.446+0800	error	hello	zapLogger/logger_test.go:23	this is a test
2021-05-12T15:02:48.446+0800	error	hello	zapLogger/logger_test.go:23	this is a test
2021-05-12T15:02:48.446+0800	error	hello	zapLogger/logger_test.go:23	this is a test
2021-05-12T15:02:48.446+0800	error	hello	zapLogger/logger_test.go:23	this is a test
2021-05-12T15:02:48.446+0800	error	hello	zapLogger/logger_test.go:23	this is a test
2021-05-12T15:02:48.447+0800	error	hello	zapLogger/logger_test.go:23	this is a test
2021-05-12T15:02:48.447+0800	error	hello	zapLogger/logger_test.go:23	this is a test
2021-05-12T15:02:48.447+0800	error	hello	zapLogger/logger_test.go:23	this is a test
2021-05-12T15:02:48.446+0800	error	hello	zapLogger/logger_test.go:23	this is a test
2021-05-12T15:02:48.447+0800	error	hello	zapLogger/logger_test.go:23	this is a test
2021-05-12T15:02:48.447+0800	error	hello	zapLogger/logger_test.go:23	this is a test
2021-05-12T15:02:48.446+0800	error	hello	zapLogger/logger_test.go:23	this is a test
2021-05-12T15:02:48.447+0800	error	hello	zapLogger/logger_test.go:23	this is a test
2021-05-12T15:02:48.446+0800	error	hello	zapLogger/logger_test.go:23	this is a test
2021-05-12T15:02:48.447+0800	error	hello	zapLogger/logger_test.go:23	this is a test
2021-05-12T15:02:48.446+0800	error	hello	zapLogger/logger_test.go:23	this is a test
2021-05-12T15:02:48.447+0800	error	hello	zapLogger/logger_test.go:23	this is a test
2021-05-12T15:02:48.447+0800	error	hello	zapLogger/logger_test.go:23	this is a test
2021-05-12T15:02:48.447+0800	error	hello	zapLogger/logger_test.go:23	this is a test
2021-05-12T15:02:48.447+0800	error	hello	zapLogger/logger_test.go:23	this is a test
2021-05-12T15:02:48.447+0800	error	hello	zapLogger/logger_test.go:23	this is a test
2021-05-12T15:02:48.447+0800	error	hello	zapLogger/logger_test.go:23	this is a test
2021-05-12T15:02:48.447+0800	error	hello	zapLogger/logger_test.go:23	this is a test
2021-05-12T15:02:48.446+0800	error	hello	zapLogger/logger_test.go:23	this is a test
2021-05-12T15:02:48.447+0800	error	hello	zapLogger/logger_test.go:23	this is a test
2021-05-12T15:02:48.446+0800	error	hello	zapLogger/logger_test.go:23	this is a test
2021-05-12T15:02:48.447+0800	error	hello	zapLogger/logger_test.go:23	this is a test
2021-05-12T15:02:48.447+0800	error	hello	zapLogger/logger_test.go:23	this is a test
2021-05-12T15:02:48.447+0800	error	hello	zapLogger/logger_test.go:23	this is a test
2021-05-12T15:02:48.446+0800	error	hello	zapLogger/logger_test.go:23	this is a test
2021-05-12T15:02:48.447+0800	error	hello	zapLogger/logger_test.go:23	this is a test
2021-05-12T15:02:48.447+0800	error	hello	zapLogger/logger_test.go:23	this is a test
2021-05-12T15:02:48.447+0800	error	hello	zapLogger/logger_test.go:23	this is a test
2021-05-12T15:02:48.447+0800	error	hello	zapLogger/logger_test.go:23	this is a test
2021-05-12T15:02:48.447+0800	error	hello	zapLogger/logger_test.go:23	this is a test
2021-05-12T15:02:48.447+0800	error	hello	zapLogger/logger_test.go:23	this is a test
2021-05-12T15:02:48.447+0800	error	hello	zapLogger/logger_test.go:23	this is a test
2021-05-12T15:02:48.447+0800	error	hello	zapLogger/logger_test.go:23	this is a test
2021-05-12T15:02:48.447+0800	error	hello	zapLogger/logger_test.go:23	this is a test
2021-05-12T15:02:48.447+0800	error	hello	zapLogger/logger_test.go:23	this is a test
2021-05-12T15:02:48.447+0800	error	hello	zapLogger/logger_test.go:23	this is a test
2021-05-12T15:02:48.447+0800	error	hello	zapLogger/logger_test.go:23	this is a test
2021-05-12T15:02:48.447+0800	error	hello	zapLogger/logger_test.go:23	this is a test
2021-05-12T15:02:48.447+0800	error	hello	zapLogger/logger_test.go:23	this is a test
2021-05-12T15:02:48.447+0800	error	hello	zapLogger/logger_test.go:23	this is a test
2021-05-12T15:02:48.447+0800	error	hello	zapLogger/logger_test.go:23	this is a test
2021-05-12T15:02:48.447+0800	error	hello	zapLogger/logger_test.go:23	this is a test
2021-05-12T15:02:48.447+0800	error	hello	zapLogger/logger_test.go:23	this is a test
2021-05-12T15:02:48.447+0800	error	hello	zapLogger/logger_test.go:23	this is a test
2021-05-12T15:02:48.447+0800	error	hello	zapLogger/logger_test.go:23	this is a test
2021-05-12T15:02:48.447+0800	error	hello	zapLogger/logger_test.go:23	this is a test
2021-05-12T15:02:48.447+0800	error	hello	zapLogger/logger_test.go:23	this is a test
2021-05-12T15:02:48.447+0800	error	hello	zapLogger/logger_test.go:23	this is a test
2021-05-12T15:02:48.447+0800	error	hello	zapLogger/logger_test.go:23	this is a test
2021-05-12T15:02:48.447+0800	error	hello	zapLogger/logger_test.go:23	this is a test
2021-05-12T15:02:48.447+0800	error	hello	zapLogger/logger_test.go:23	this is a test
2021-05-12T15:02:48.447+0800	error	hello	zapLogger/logger_test.go:23	this is a test
2021-05-12T15:02:48.447+0800	error	hello	zapLogger/logger_test.go:23	this is a test
2021-05-12T15:02:48.447+0800	error	hello	zapLogger/logger_test.go:23	this is a test
2021-05-12T15:02:48.447+0800	error	hello	zapLogger/logger_test.go:23	this is a test
2021-05-12T15:02:48.447+0800	error	hello	zapLogger/logger_test.go:23	this is a test
2021-05-12T15:02:48.447+0800	error	hello	zapLogger/logger_test.go:23	this is a test
2021-05-12T15:02:48.447+0800	error	hello	zapLogger/logger_test.go:23	this is a test
2021-05-12T15:02:48.447+0800	error	hello	zapLogger/logger_test.go:23	this is a test
2021-05-12T15:02:48.447+0800	error	hello	zapLogger/logger_test.go:23	this is a test
2021-05-12T15:02:48.447+0800	error	hello	zapLogger/logger_test.go:23	this is a test
2021-05-12T15:02:48.447+0800	error	hello	zapLogger/logger_test.go:23	this is a test
2021-05-12T15:02:48.447+0800	error	hello	zapLogger/logger_test.go:23	this is a test
2021-05-12T15:02:48.447+0800	error	hello	zapLogger/logger_test.go:23	this is a test
2021-05-12T15:02:48.447+0800	error	hello	zapLogger/logger_test.go:23	this is a test
2021-05-12T15:02:48.447+0800	error	hello	zapLogger/logger_test.go:23	this is a test
2021-05-12T15:02:48.447+0800	error	hello	zapLogger/logger_test.go:23	this is a test
2021-05-12T15:02:48.447+0800	error	hello	zapLogger/logger_test.go:23	this is a test
2021-05-12T15:02:48.447+0800	error	hello	zapLogger/logger_test.go:23	this is a test
2021-05-12T15:02:48.447+0800	error	hello	zapLogger/logger_test.go:23	this is a test
2021-05-12T15:02:48.447+0800	error	hello	zapLogger/logger_test.go:23	this is a test
2021-05-12T15:02:48.447+0800	error	hello	zapLogger/logger_test.go:23	this is a test
2021-05-12T15:02:48.447+0800	error	hello	zapLogger/logger_test.go:23	this is a test
2021-05-12T15:02:48.448+0800	error	hello	zapLogger/logger_test.go:23	this is a test
2021-05-12T15:02:48.447+0800	error	hello	zapLogger/logger_test.go:23	this is a test
2021-05-12T15:02:48.448+0800	error	hello	zapLogger/logger_test.go:23	this is a test
2021-05-12T15:02:48.447+0800	error	hello	zapLogger/logger_test.go:23	this is a test
2021-05-12T15:02:48.448+0800	error	hello	zapLogger/logger_test.go:23	this is a test
2021-05-12T15:02:48.447+0800	error	hello	zapLogger/logger_test.go:23	this is a test
2021-05-12T15:02:48.448+0800	error	hello	zapLogger/logger_test.go:23	this is a test
2021-05-12T15:02:48.448+0800	error	hello	zapLogger/logger_test.go:23	this is a test
2021-05-12T15:02:48.448+0800	error	hello	zapLogger/logger_test.go:23	this is a test
2021-05-12T15:02:48.448+0800	error	hello	zapLogger/logger_test.go:23	this is a test
2021-05-12T15:02:48.448+0800	error	hello	zapLogger/logger_test.go:23	this is a test
2021-05-12T15:02:48.448+0800	error	hello	zapLogger/logger_test.go:23	this is a test
2021-05-12T15:02:48.448+0800	error	hello	zapLogger/logger_test.go:23	this is a test
2021-05-12T15:02:48.447+0800	error	hello	zapLogger/logger_test.go:23	this is a test
2021-05-12T15:02:48.448+0800	error	hello	zapLogger/logger_test.go:23	this is a test
2021-05-12T15:02:48.447+0800	error	hello	zapLogger/logger_test.go:23	this is a test
2021-05-12T15:02:48.448+0800	error	hello	zapLogger/logger_test.go:23	this is a test
2021-05-12T15:02:48.448+0800	error	hello	zapLogger/logger_test.go:23	this is a test
2021-05-12T15:02:48.448+0800	error	hello	zapLogger/logger_test.go:23	this is a test
2021-05-12T15:02:48.448+0800	error	hello	zapLogger/logger_test.go:23	this is a test
2021-05-12T15:02:48.448+0800	error	hello	zapLogger/logger_test.go:23	this is a test
2021-05-12T15:02:48.447+0800	error	hello	zapLogger/logger_test.go:23	this is a test
2021-05-12T15:02:48.448+0800	error	hello	zapLogger/logger_test.go:23	this is a test
2021-05-12T15:02:48.447+0800	error	hello	zapLogger/logger_test.go:23	this is a test
2021-05-12T15:02:48.448+0800	error	hello	zapLogger/logger_test.go:23	this is a test
2021-05-12T15:02:48.447+0800	error	hello	zapLogger/logger_test.go:23	this is a test
2021-05-12T15:02:48.448+0800	error	hello	zapLogger/logger_test.go:23	this is a test
2021-05-12T15:02:48.448+0800	error	hello	zapLogger/logger_test.go:23	this is a test
2021-05-12T15:02:48.448+0800	error	hello	zapLogger/logger_test.go:23	this is a test
2021-05-12T15:02:48.448+0800	error	hello	zapLogger/logger_test.go:23	this is a test
2021-05-12T15:02:48.448+0800	error	hello	zapLogger/logger_test.go:23	this is a test
2021-05-12T15:02:48.448+0800	error	hello	zapLogger/logger_test.go:23	this is a test
2021-05-12T15:02:48.448+0800	error	hello	zapLogger/logger_test.go:23	this is a test
2021-05-12T15:02:48.448+0800	error	hello	zapLogger/logger_test.go:23	this is a test
2021-05-12T15:02:48.448+0800	error	hello	zapLogger/logger_test.go:23	this is a test
2021-05-12T15:02:48.448+0800	error	hello	zapLogger/logger_test.go:23	this is a test
2021-05-12T15:02:48.448+0800	error	hello	zapLogger/logger_test.go:23	this is a test
2021-05-12T15:02:48.448+0800	error	hello	zapLogger/logger_test.go:23	this is a test
2021-05-12T15:02:48.448+0800	error	hello	zapLogger/logger_test.go:23	this is a test
2021-05-12T15:02:48.448+0800	error	hello	zapLogger/logger_test.go:23	this is a test
2021-05-12T15:02:48.448+0800	error	hello	zapLogger/logger_test.go:23	this is a test
2021-05-12T15:02:48.448+0800	error	hello	zapLogger/logger_test.go:23	this is a test
2021-05-12T15:02:48.448+0800	error	hello	zapLogger/logger_test.go:23	this is a test
2021-05-12T15:02:48.448+0800	error	hello	zapLogger/logger_test.go:23	this is a test
2021-05-12T15:02:48.448+0800	error	hello	zapLogger/logger_test.go:23	this is a test
2021-05-12T15:02:48.448+0800	error	hello	zapLogger/logger_test.go:23	this is a test
2021-05-12T15:02:48.448+0800	error	hello	zapLogger/logger_test.go:23	this is a test
2021-05-12T15:02:48.448+0800	error	hello	zapLogger/logger_test.go:23	this is a test
2021-05-12T15:02:48.448+0800	error	hello	zapLogger/logger_test.go:23	this is a test
2021-05-12T15:02:48.448+0800	error	hello	zapLogger/logger_test.go:23	this is a test
2021-05-12T15:02:48.448+0800	error	hello	zapLogger/logger_test.go:23	this is a test
2021-05-12T15:02:48.448+0800	error	hello	zapLogger/logger_test.go:23	this is a test
2021-05-12T15:02:48.448+0800	error	hello	zapLogger/logger_test.go:23	this is a test
2021-05-12T15:02:48.448+0800	error	hello	zapLogger/logger_test.go:23	this is a test
2021-05-12T15:02:48.448+0800	error	hello	zapLogger/logger_test.go:23	this is a test
2021-05-12T15:02:48.448+0800	error	hello	zapLogger/logger_test.go:23	this is a test
2021-05-12T15:02:48.448+0800	error	hello	zapLogger/logger_test.go:23	this is a test
2021-05-12T15:02:48.448+0800	error	hello	zapLogger/logger_test.go:23	this is a test
2021-05-12T15:02:48.448+0800	error	hello	zapLogger/logger_test.go:23	this is a test
2021-05-12T15:02:48.448+0800	error	hello	zapLogger/logger_test.go:23	this is a test
2021-05-12T15:02:48.448+0800	error	hello	zapLogger/logger_test.go:23	this is a test
2021-05-12T15:02:48.448+0800	error	hello	zapLogger/logger_test.go:23	this is a test
2021-05-12T15:02:48.448+0800	error	hello	zapLogger/logger_test.go:23	this is a test
2021-05-12T15:02:48.448+0800	error	hello	zapLogger/logger_test.go:23	this is a test
2021-05-12T15:02:48.448+0800	error	hello	zapLogger/logger_test.go:23	this is a test
2021-05-12T15:02:48.448+0800	error	hello	zapLogger/logger_test.go:23	this is a test
2021-05-12T15:02:48.448+0800	error	hello	zapLogger/logger_test.go:23	this is a test
2021-05-12T15:02:48.448+0800	error	hello	zapLogger/logger_test.go:23	this is a test
2021-05-12T15:02:48.448+0800	error	hello	zapLogger/logger_test.go:23	this is a test
2021-05-12T15:02:48.448+0800	error	hello	zapLogger/logger_test.go:23	this is a test
2021-05-12T15:02:48.448+0800	error	hello	zapLogger/logger_test.go:23	this is a test
2021-05-12T15:02:48.448+0800	error	hello	zapLogger/logger_test.go:23	this is a test
2021-05-12T15:02:48.448+0800	error	hello	zapLogger/logger_test.go:23	this is a test
2021-05-12T15:02:48.448+0800	error	hello	zapLogger/logger_test.go:23	this is a test
2021-05-12T15:02:48.448+0800	error	hello	zapLogger/logger_test.go:23	this is a test
2021-05-12T15:02:48.448+0800	error	hello	zapLogger/logger_test.go:23	this is a test
2021-05-12T15:02:48.448+0800	error	hello	zapLogger/logger_test.go:23	this is a test
2021-05-12T15:02:48.448+0800	error	hello	zapLogger/logger_test.go:23	this is a test
2021-05-12T15:02:48.448+0800	error	hello	zapLogger/logger_test.go:23	this is a test
2021-05-12T15:02:48.448+0800	error	hello	zapLogger/logger_test.go:23	this is a test
2021-05-12T15:02:48.448+0800	error	hello	zapLogger/logger_test.go:23	this is a test
2021-05-12T15:02:48.448+0800	error	hello	zapLogger/logger_test.go:23	this is a test
2021-05-12T15:02:48.448+0800	error	hello	zapLogger/logger_test.go:23	this is a test
2021-05-12T15:02:48.448+0800	error	hello	zapLogger/logger_test.go:23	this is a test
2021-05-12T15:02:48.448+0800	error	hello	zapLogger/logger_test.go:23	this is a test
2021-05-12T15:02:48.448+0800	error	hello	zapLogger/logger_test.go:23	this is a test
2021-05-12T15:02:48.448+0800	error	hello	zapLogger/logger_test.go:23	this is a test
2021-05-12T15:02:48.448+0800	error	hello	zapLogger/logger_test.go:23	this is a test
2021-05-12T15:02:48.448+0800	error	hello	zapLogger/logger_test.go:23	this is a test
2021-05-12T15:02:48.448+0800	error	hello	zapLogger/logger_test.go:23	this is a test
2021-05-12T15:02:48.448+0800	error	hello	zapLogger/logger_test.go:23	this is a test
2021-05-12T15:02:48.448+0800	error	hello	zapLogger/logger_test.go:23	this is a test
2021-05-12T15:02:48.448+0800	error	hello	zapLogger/logger_test.go:23	this is a test
2021-05-12T15:02:48.448+0800	error	hello	zapLogger/logger_test.go:23	this is a test
2021-05-12T15:02:48.448+0800	error	hello	zapLogger/logger_test.go:23	this is a test
2021-05-12T15:02:48.448+0800	error	hello	zapLogger/logger_test.go:23	this is a test
2021-05-12T15:02:48.448+0800	error	hello	zapLogger/logger_test.go:23	this is a test
2021-05-12T15:02:48.448+0800	error	hello	zapLogger/logger_test.go:23	this is a test
2021-05-12T15:02:48.448+0800	error	hello	zapLogger/logger_test.go:23	this is a test
2021-05-12T15:02:48.448+0800	error	hello	zapLogger/logger_test.go:23	this is a test
2021-05-12T15:02:48.448+0800	error	hello	zapLogger/logger_test.go:23	this is a test
2021-05-12T15:02:48.448+0800	error	hello	zapLogger/logger_test.go:23	this is a test
2021-05-12T15:02:48.448+0800	error	hello	zapLogger/logger_test.go:23	this is a test
2021-05-12T15:02:48.448+0800	error	hello	zapLogger/logger_test.go:23	this is a test
2021-05-12T15:02:48.448+0800	error	hello	zapLogger/logger_test.go:23	this is a test
2021-05-12T15:02:48.448+0800	error	hello	zapLogger/logger_test.go:23	this is a test
2021-05-12T15:02:48.448+0800	error	hello	zapLogger/logger_test.go:23	this is a test
2021-05-12T15:02:48.448+0800	error	hello	zapLogger/logger_test.go:23	this is a test
2021-05-12T15:02:48.448+0800	error	hello	zapLogger/logger_test.go:23	this is a test
2021-05-12T15:02:48.448+0800	error	hello	zapLogger/logger_test.go:23	this is a test
2021-05-12T15:02:48.448+0800	error	hello	zapLogger/logger_test.go:23	this is a test
2021-05-12T15:02:48.448+0800	error	hello	zapLogger/logger_test.go:23	this is a test
2021-05-12T15:02:48.448+0800	error	hello	zapLogger/logger_test.go:23	this is a test
2021-05-12T15:02:48.448+0800	error	hello	zapLogger/logger_test.go:23	this is a test
2021-05-12T15:02:48.448+0800	error	hello	zapLogger/logger_test.go:23	this is a test
2021-05-12T15:02:48.448+0800	error	hello	zapLogger/logger_test.go:23	this is a test
2021-05-12T15:02:48.448+0800	error	hello	zapLogger/logger_test.go:23	this is a test
2021-05-12T15:02:48.448+0800	error	hello	zapLogger/logger_test.go:23	this is a test
2021-05-12T15:02:48.448+0800	error	hello	zapLogger/logger_test.go:23	this is a test
2021-05-12T15:02:48.448+0800	error	hello	zapLogger/logger_test.go:23	this is a test
2021-05-12T15:02:48.448+0800	error	hello	zapLogger/logger_test.go:23	this is a test
2021-05-12T15:02:48.448+0800	error	hello	zapLogger/logger_test.go:23	this is a test
2021-05-12T15:02:48.449+0800	error	hello	zapLogger/logger_test.go:23	this is a test
2021-05-12T15:02:48.449+0800	error	hello	zapLogger/logger_test.go:23	this is a test
2021-05-12T15:02:48.449+0800	error	hello	zapLogger/logger_test.go:23	this is a test
2021-05-12T15:02:48.449+0800	error	hello	zapLogger/logger_test.go:23	this is a test
2021-05-12T15:02:48.449+0800	error	hello	zapLogger/logger_test.go:23	this is a test
2021-05-12T15:02:48.449+0800	error	hello	zapLogger/logger_test.go:23	this is a test
2021-05-12T15:02:48.449+0800	error	hello	zapLogger/logger_test.go:23	this is a test
2021-05-12T15:02:48.449+0800	error	hello	zapLogger/logger_test.go:23	this is a test
2021-05-12T15:02:48.449+0800	error	hello	zapLogger/logger_test.go:23	this is a test
2021-05-12T15:02:48.449+0800	error	hello	zapLogger/logger_test.go:23	this is a test
2021-05-12T15:02:48.449+0800	error	hello	zapLogger/logger_test.go:23	this is a test
2021-05-12T15:02:48.449+0800	error	hello	zapLogger/logger_test.go:23	this is a test
2021-05-12T15:02:48.449+0800	error	hello	zapLogger/logger_test.go:23	this is a test
2021-05-12T15:02:48.449+0800	error	hello	zapLogger/logger_test.go:23	this is a test
2021-05-12T15:02:48.449+0800	error	hello	zapLogger/logger_test.go:23	this is a test
2021-05-12T15:02:48.449+0800	error	hello	zapLogger/logger_test.go:23	this is a test
2021-05-12T15:02:48.449+0800	error	hello	zapLogger/logger_test.go:23	this is a test
2021-05-12T15:02:48.449+0800	error	hello	zapLogger/logger_test.go:23	this is a test
2021-05-12T15:02:48.449+0800	error	hello	zapLogger/logger_test.go:23	this is a test
2021-05-12T15:02:48.449+0800	error	hello	zapLogger/logger_test.go:23	this is a test
2021-05-12T15:02:48.449+0800	error	hello	zapLogger/logger_test.go:23	this is a test
2021-05-12T15:02:48.449+0800	error	hello	zapLogger/logger_test.go:23	this is a test
2021-05-12T15:02:48.449+0800	error	hello	zapLogger/logger_test.go:23	this is a test
2021-05-12T15:02:48.449+0800	error	hello	zapLogger/logger_test.go:23	this is a test
2021-05-12T15:02:48.449+0800	error	hello	zapLogger/logger_test.go:23	this is a test
2021-05-12T15:02:48.449+0800	error	hello	zapLogger/logger_test.go:23	this is a test
2021-05-12T15:02:48.449+0800	error	hello	zapLogger/logger_test.go:23	this is a test
2021-05-12T15:02:48.449+0800	error	hello	zapLogger/logger_test.go:23	this is a test
2021-05-12T15:02:48.449+0800	error	hello	zapLogger/logger_test.go:23	this is a test
2021-05-12T15:02:48.449+0800	error	hello	zapLogger/logger_test.go:23	this is a test
2021-05-12T15:02:48.449+0800	error	hello	zapLogger/logger_test.go:23	this is a test
2021-05-12T15:02:48.449+0800	error	hello	zapLogger/logger_test.go:23	this is a test
2021-05-12T15:02:48.449+0800	error	hello	zapLogger/logger_test.go:23	this is a test
2021-05-12T15:02:48.449+0800	error	hello	zapLogger/logger_test.go:23	this is a test
2021-05-12T15:02:48.449+0800	error	hello	zapLogger/logger_test.go:23	this is a test
2021-05-12T15:02:48.449+0800	error	hello	zapLogger/logger_test.go:23	this is a test
2021-05-12T15:02:48.449+0800	error	hello	zapLogger/logger_test.go:23	this is a test
2021-05-12T15:02:48.449+0800	error	hello	zapLogger/logger_test.go:23	this is a test
2021-05-12T15:02:48.449+0800	error	hello	zapLogger/logger_test.go:23	this is a test
2021-05-12T15:02:48.449+0800	error	hello	zapLogger/logger_test.go:23	this is a test
2021-05-12T15:02:48.449+0800	error	hello	zapLogger/logger_test.go:23	this is a test
2021-05-12T15:02:48.449+0800	error	hello	zapLogger/logger_test.go:23	this is a test
2021-05-12T15:02:48.449+0800	error	hello	zapLogger/logger_test.go:23	this is a test
2021-05-12T15:02:48.448+0800	error	hello	zapLogger/logger_test.go:23	this is a test
2021-05-12T15:02:48.449+0800	error	hello	zapLogger/logger_test.go:23	this is a test
2021-05-12T15:02:48.449+0800	error	hello	zapLogger/logger_test.go:23	this is a test
2021-05-12T15:02:48.449+0800	error	hello	zapLogger/logger_test.go:23	this is a test
2021-05-12T15:02:48.449+0800	error	hello	zapLogger/logger_test.go:23	this is a test
2021-05-12T15:02:48.449+0800	error	hello	zapLogger/logger_test.go:23	this is a test
2021-05-12T15:02:48.449+0800	error	hello	zapLogger/logger_test.go:23	this is a test
2021-05-12T15:02:48.449+0800	error	hello	zapLogger/logger_test.go:23	this is a test
2021-05-12T15:02:48.449+0800	error	hello	zapLogger/logger_test.go:23	this is a test
2021-05-12T15:02:48.449+0800	error	hello	zapLogger/logger_test.go:23	this is a test
2021-05-12T15:02:48.449+0800	error	hello	zapLogger/logger_test.go:23	this is a test
2021-05-12T15:02:48.449+0800	error	hello	zapLogger/logger_test.go:23	this is a test
2021-05-12T15:02:48.449+0800	error	hello	zapLogger/logger_test.go:23	this is a test
2021-05-12T15:02:48.449+0800	error	hello	zapLogger/logger_test.go:23	this is a test
2021-05-12T15:02:48.449+0800	error	hello	zapLogger/logger_test.go:23	this is a test
2021-05-12T15:02:48.449+0800	error	hello	zapLogger/logger_test.go:23	this is a test
2021-05-12T15:02:48.449+0800	error	hello	zapLogger/logger_test.go:23	this is a test
2021-05-12T15:02:48.449+0800	error	hello	zapLogger/logger_test.go:23	this is a test
2021-05-12T15:02:48.449+0800	error	hello	zapLogger/logger_test.go:23	this is a test
2021-05-12T15:02:48.449+0800	error	hello	zapLogger/logger_test.go:23	this is a test
2021-05-12T15:02:48.449+0800	error	hello	zapLogger/logger_test.go:23	this is a test
2021-05-12T15:02:48.449+0800	error	hello	zapLogger/logger_test.go:23	this is a test
2021-05-12T15:02:48.449+0800	error	hello	zapLogger/logger_test.go:23	this is a test
2021-05-12T15:02:48.449+0800	error	hello	zapLogger/logger_test.go:23	this is a test
2021-05-12T15:02:48.449+0800	error	hello	zapLogger/logger_test.go:23	this is a test
2021-05-12T15:02:48.449+0800	error	hello	zapLogger/logger_test.go:23	this is a test
2021-05-12T15:02:48.449+0800	error	hello	zapLogger/logger_test.go:23	this is a test
2021-05-12T15:02:48.449+0800	error	hello	zapLogger/logger_test.go:23	this is a test
2021-05-12T15:02:48.449+0800	error	hello	zapLogger/logger_test.go:23	this is a test
2021-05-12T15:02:48.449+0800	error	hello	zapLogger/logger_test.go:23	this is a test
2021-05-12T15:02:48.449+0800	error	hello	zapLogger/logger_test.go:23	this is a test
2021-05-12T15:02:48.449+0800	error	hello	zapLogger/logger_test.go:23	this is a test
2021-05-12T15:02:48.449+0800	error	hello	zapLogger/logger_test.go:23	this is a test
2021-05-12T15:02:48.449+0800	error	hello	zapLogger/logger_test.go:23	this is a test
2021-05-12T15:02:48.449+0800	error	hello	zapLogger/logger_test.go:23	this is a test
2021-05-12T15:02:48.449+0800	error	hello	zapLogger/logger_test.go:23	this is a test
2021-05-12T15:02:48.449+0800	error	hello	zapLogger/logger_test.go:23	this is a test
2021-05-12T15:02:48.449+0800	error	hello	zapLogger/logger_test.go:23	this is a test
2021-05-12T15:02:48.449+0800	error	hello	zapLogger/logger_test.go:23	this is a test
2021-05-12T15:02:48.449+0800	error	hello	zapLogger/logger_test.go:23	this is a test
2021-05-12T15:02:48.449+0800	error	hello	zapLogger/logger_test.go:23	this is a test
2021-05-12T15:02:48.449+0800	error	hello	zapLogger/logger_test.go:23	this is a test
2021-05-12T15:02:48.449+0800	error	hello	zapLogger/logger_test.go:23	this is a test
2021-05-12T15:02:48.449+0800	error	hello	zapLogger/logger_test.go:23	this is a test
2021-05-12T15:02:48.449+0800	error	hello	zapLogger/logger_test.go:23	this is a test
2021-05-12T15:02:48.449+0800	error	hello	zapLogger/logger_test.go:23	this is a test
2021-05-12T15:02:48.449+0800	error	hello	zapLogger/logger_test.go:23	this is a test
2021-05-12T15:02:48.449+0800	error	hello	zapLogger/logger_test.go:23	this is a test
2021-05-12T15:02:48.448+0800	error	hello	zapLogger/logger_test.go:23	this is a test
2021-05-12T15:02:48.449+0800	error	hello	zapLogger/logger_test.go:23	this is a test
2021-05-12T15:02:48.449+0800	error	hello	zapLogger/logger_test.go:23	this is a test
2021-05-12T15:02:48.449+0800	error	hello	zapLogger/logger_test.go:23	this is a test
2021-05-12T15:02:48.449+0800	error	hello	zapLogger/logger_test.go:23	this is a test
2021-05-12T15:02:48.449+0800	error	hello	zapLogger/logger_test.go:23	this is a test
2021-05-12T15:02:48.449+0800	error	hello	zapLogger/logger_test.go:23	this is a test
2021-05-12T15:02:48.449+0800	error	hello	zapLogger/logger_test.go:23	this is a test
2021-05-12T15:02:48.449+0800	error	hello	zapLogger/logger_test.go:23	this is a test
2021-05-12T15:02:48.449+0800	error	hello	zapLogger/logger_test.go:23	this is a test
2021-05-12T15:02:48.449+0800	error	hello	zapLogger/logger_test.go:23	this is a test
2021-05-12T15:02:48.449+0800	error	hello	zapLogger/logger_test.go:23	this is a test
2021-05-12T15:02:48.449+0800	error	hello	zapLogger/logger_test.go:23	this is a test
2021-05-12T15:02:48.449+0800	error	hello	zapLogger/logger_test.go:23	this is a test
2021-05-12T15:02:48.449+0800	error	hello	zapLogger/logger_test.go:23	this is a test
2021-05-12T15:02:48.449+0800	error	hello	zapLogger/logger_test.go:23	this is a test
2021-05-12T15:02:48.449+0800	error	hello	zapLogger/logger_test.go:23	this is a test
2021-05-12T15:02:48.449+0800	error	hello	zapLogger/logger_test.go:23	this is a test
2021-05-12T15:02:48.449+0800	error	hello	zapLogger/logger_test.go:23	this is a test
2021-05-12T15:02:48.449+0800	error	hello	zapLogger/logger_test.go:23	this is a test
2021-05-12T15:02:48.449+0800	error	hello	zapLogger/logger_test.go:23	this is a test
2021-05-12T15:02:48.449+0800	error	hello	zapLogger/logger_test.go:23	this is a test
2021-05-12T15:02:48.449+0800	error	hello	zapLogger/logger_test.go:23	this is a test
2021-05-12T15:02:48.449+0800	error	hello	zapLogger/logger_test.go:23	this is a test
2021-05-12T15:02:48.449+0800	error	hello	zapLogger/logger_test.go:23	this is a test
2021-05-12T15:02:48.449+0800	error	hello	zapLogger/logger_test.go:23	this is a test
2021-05-12T15:02:48.449+0800	error	hello	zapLogger/logger_test.go:23	this is a test
2021-05-12T15:02:48.449+0800	error	hello	zapLogger/logger_test.go:23	this is a test
2021-05-12T15:02:48.449+0800	error	hello	zapLogger/logger_test.go:23	this is a test
2021-05-12T15:02:48.449+0800	error	hello	zapLogger/logger_test.go:23	this is a test
2021-05-12T15:02:48.449+0800	error	hello	zapLogger/logger_test.go:23	this is a test
2021-05-12T15:02:48.449+0800	error	hello	zapLogger/logger_test.go:23	this is a test
2021-05-12T15:02:48.449+0800	error	hello	zapLogger/logger_test.go:23	this is a test
2021-05-12T15:02:48.449+0800	error	hello	zapLogger/logger_test.go:23	this is a test
2021-05-12T15:02:48.449+0800	error	hello	zapLogger/logger_test.go:23	this is a test
2021-05-12T15:02:48.449+0800	error	hello	zapLogger/logger_test.go:23	this is a test
2021-05-12T15:02:48.449+0800	error	hello	zapLogger/logger_test.go:23	this is a test
2021-05-12T15:02:48.449+0800	error	hello	zapLogger/logger_test.go:23	this is a test
2021-05-12T15:02:48.449+0800	error	hello	zapLogger/logger_test.go:23	this is a test
2021-05-12T15:02:48.449+0800	error	hello	zapLogger/logger_test.go:23	this is a test
2021-05-12T15:02:48.449+0800	error	hello	zapLogger/logger_test.go:23	this is a test
2021-05-12T15:02:48.449+0800	error	hello	zapLogger/logger_test.go:23	this is a test
2021-05-12T15:02:48.449+0800	error	hello	zapLogger/logger_test.go:23	this is a test
2021-05-12T15:02:48.449+0800	error	hello	zapLogger/logger_test.go:23	this is a test
2021-05-12T15:02:48.449+0800	error	hello	zapLogger/logger_test.go:23	this is a test
2021-05-12T15:02:48.449+0800	error	hello	zapLogger/logger_test.go:23	this is a test
2021-05-12T15:02:48.449+0800	error	hello	zapLogger/logger_test.go:23	this is a test
2021-05-12T15:02:48.449+0800	error	hello	zapLogger/logger_test.go:23	this is a test
2021-05-12T15:02:48.449+0800	error	hello	zapLogger/logger_test.go:23	this is a test
2021-05-12T15:02:48.449+0800	error	hello	zapLogger/logger_test.go:23	this is a test
2021-05-12T15:02:48.448+0800	error	hello	zapLogger/logger_test.go:23	this is a test
2021-05-12T15:02:48.449+0800	error	hello	zapLogger/logger_test.go:23	this is a test
2021-05-12T15:02:48.449+0800	error	hello	zapLogger/logger_test.go:23	this is a test
2021-05-12T15:02:48.449+0800	error	hello	zapLogger/logger_test.go:23	this is a test
2021-05-12T15:02:48.449+0800	error	hello	zapLogger/logger_test.go:23	this is a test
2021-05-12T15:02:48.449+0800	error	hello	zapLogger/logger_test.go:23	this is a test
2021-05-12T15:02:48.449+0800	error	hello	zapLogger/logger_test.go:23	this is a test
2021-05-12T15:02:48.449+0800	error	hello	zapLogger/logger_test.go:23	this is a test
2021-05-12T15:02:48.449+0800	error	hello	zapLogger/logger_test.go:23	this is a test
2021-05-12T15:02:48.449+0800	error	hello	zapLogger/logger_test.go:23	this is a test
2021-05-12T15:02:48.449+0800	error	hello	zapLogger/logger_test.go:23	this is a test
2021-05-12T15:02:48.449+0800	error	hello	zapLogger/logger_test.go:23	this is a test
2021-05-12T15:02:48.449+0800	error	hello	zapLogger/logger_test.go:23	this is a test
2021-05-12T15:02:48.449+0800	error	hello	zapLogger/logger_test.go:23	this is a test
2021-05-12T15:02:48.449+0800	error	hello	zapLogger/logger_test.go:23	this is a test
2021-05-12T15:02:48.449+0800	error	hello	zapLogger/logger_test.go:23	this is a test
2021-05-12T15:02:48.449+0800	error	hello	zapLogger/logger_test.go:23	this is a test
2021-05-12T15:02:48.449+0800	error	hello	zapLogger/logger_test.go:23	this is a test
2021-05-12T15:02:48.449+0800	error	hello	zapLogger/logger_test.go:23	this is a test
2021-05-12T15:02:48.449+0800	error	hello	zapLogger/logger_test.go:23	this is a test
2021-05-12T15:02:48.449+0800	error	hello	zapLogger/logger_test.go:23	this is a test
2021-05-12T15:02:48.449+0800	error	hello	zapLogger/logger_test.go:23	this is a test
2021-05-12T15:02:48.449+0800	error	hello	zapLogger/logger_test.go:23	this is a test
2021-05-12T15:02:48.449+0800	error	hello	zapLogger/logger_test.go:23	this is a test
2021-05-12T15:02:48.449+0800	error	hello	zapLogger/logger_test.go:23	this is a test
2021-05-12T15:02:48.449+0800	error	hello	zapLogger/logger_test.go:23	this is a test
2021-05-12T15:02:48.449+0800	error	hello	zapLogger/logger_test.go:23	this is a test
2021-05-12T15:02:48.449+0800	error	hello	zapLogger/logger_test.go:23	this is a test
2021-05-12T15:02:48.449+0800	error	hello	zapLogger/logger_test.go:23	this is a test
2021-05-12T15:02:48.449+0800	error	hello	zapLogger/logger_test.go:23	this is a test
2021-05-12T15:02:48.449+0800	error	hello	zapLogger/logger_test.go:23	this is a test
2021-05-12T15:02:48.449+0800	error	hello	zapLogger/logger_test.go:23	this is a test
2021-05-12T15:02:48.449+0800	error	hello	zapLogger/logger_test.go:23	this is a test
2021-05-12T15:02:48.449+0800	error	hello	zapLogger/logger_test.go:23	this is a test
2021-05-12T15:02:48.449+0800	error	hello	zapLogger/logger_test.go:23	this is a test
2021-05-12T15:02:48.449+0800	error	hello	zapLogger/logger_test.go:23	this is a test
2021-05-12T15:02:48.449+0800	error	hello	zapLogger/logger_test.go:23	this is a test
2021-05-12T15:02:48.449+0800	error	hello	zapLogger/logger_test.go:23	this is a test
2021-05-12T15:02:48.449+0800	error	hello	zapLogger/logger_test.go:23	this is a test
2021-05-12T15:02:48.449+0800	error	hello	zapLogger/logger_test.go:23	this is a test
2021-05-12T15:02:48.449+0800	error	hello	zapLogger/logger_test.go:23	this is a test
2021-05-12T15:02:48.450+0800	error	hello	zapLogger/logger_test.go:23	this is a test
2021-05-12T15:02:48.450+0800	error	hello	zapLogger/logger_test.go:23	this is a test
2021-05-12T15:02:48.450+0800	error	hello	zapLogger/logger_test.go:23	this is a test
2021-05-12T15:02:48.450+0800	error	hello	zapLogger/logger_test.go:23	this is a test
2021-05-12T15:02:48.450+0800	error	hello	zapLogger/logger_test.go:23	this is a test
2021-05-12T15:02:48.450+0800	error	hello	zapLogger/logger_test.go:23	this is a test
2021-05-12T15:02:48.450+0800	error	hello	zapLogger/logger_test.go:23	this is a test
2021-05-12T15:02:48.448+0800	error	hello	zapLogger/logger_test.go:23	this is a test
2021-05-12T15:02:48.450+0800	error	hello	zapLogger/logger_test.go:23	this is a test
2021-05-12T15:02:48.450+0800	error	hello	zapLogger/logger_test.go:23	this is a test
2021-05-12T15:02:48.450+0800	error	hello	zapLogger/logger_test.go:23	this is a test
2021-05-12T15:02:48.450+0800	error	hello	zapLogger/logger_test.go:23	this is a test
2021-05-12T15:02:48.450+0800	error	hello	zapLogger/logger_test.go:23	this is a test
2021-05-12T15:02:48.450+0800	error	hello	zapLogger/logger_test.go:23	this is a test
2021-05-12T15:02:48.450+0800	error	hello	zapLogger/logger_test.go:23	this is a test
2021-05-12T15:02:48.450+0800	error	hello	zapLogger/logger_test.go:23	this is a test
2021-05-12T15:02:48.450+0800	error	hello	zapLogger/logger_test.go:23	this is a test
2021-05-12T15:02:48.450+0800	error	hello	zapLogger/logger_test.go:23	this is a test
2021-05-12T15:02:48.450+0800	error	hello	zapLogger/logger_test.go:23	this is a test
2021-05-12T15:02:48.450+0800	error	hello	zapLogger/logger_test.go:23	this is a test
2021-05-12T15:02:48.450+0800	error	hello	zapLogger/logger_test.go:23	this is a test
2021-05-12T15:02:48.450+0800	error	hello	zapLogger/logger_test.go:23	this is a test
2021-05-12T15:02:48.450+0800	error	hello	zapLogger/logger_test.go:23	this is a test
2021-05-12T15:02:48.450+0800	error	hello	zapLogger/logger_test.go:23	this is a test
2021-05-12T15:02:48.450+0800	error	hello	zapLogger/logger_test.go:23	this is a test
2021-05-12T15:02:48.450+0800	error	hello	zapLogger/logger_test.go:23	this is a test
2021-05-12T15:02:48.450+0800	error	hello	zapLogger/logger_test.go:23	this is a test
2021-05-12T15:02:48.450+0800	error	hello	zapLogger/logger_test.go:23	this is a test
2021-05-12T15:02:48.450+0800	error	hello	zapLogger/logger_test.go:23	this is a test
2021-05-12T15:02:48.450+0800	error	hello	zapLogger/logger_test.go:23	this is a test
2021-05-12T15:02:48.450+0800	error	hello	zapLogger/logger_test.go:23	this is a test
2021-05-12T15:02:48.450+0800	error	hello	zapLogger/logger_test.go:23	this is a test
2021-05-12T15:02:48.450+0800	error	hello	zapLogger/logger_test.go:23	this is a test
2021-05-12T15:02:48.450+0800	error	hello	zapLogger/logger_test.go:23	this is a test
2021-05-12T15:02:48.450+0800	error	hello	zapLogger/logger_test.go:23	this is a test
2021-05-12T15:02:48.450+0800	error	hello	zapLogger/logger_test.go:23	this is a test
2021-05-12T15:02:48.450+0800	error	hello	zapLogger/logger_test.go:23	this is a test
2021-05-12T15:02:48.450+0800	error	hello	zapLogger/logger_test.go:23	this is a test
2021-05-12T15:02:48.450+0800	error	hello	zapLogger/logger_test.go:23	this is a test
2021-05-12T15:02:48.450+0800	error	hello	zapLogger/logger_test.go:23	this is a test
2021-05-12T15:02:48.450+0800	error	hello	zapLogger/logger_test.go:23	this is a test
2021-05-12T15:02:48.450+0800	error	hello	zapLogger/logger_test.go:23	this is a test
2021-05-12T15:02:48.450+0800	error	hello	zapLogger/logger_test.go:23	this is a test
2021-05-12T15:02:48.450+0800	error	hello	zapLogger/logger_test.go:23	this is a test
2021-05-12T15:02:48.450+0800	error	hello	zapLogger/logger_test.go:23	this is a test
2021-05-12T15:02:48.450+0800	error	hello	zapLogger/logger_test.go:23	this is a test
2021-05-12T15:02:48.450+0800	error	hello	zapLogger/logger_test.go:23	this is a test
2021-05-12T15:02:48.450+0800	error	hello	zapLogger/logger_test.go:23	this is a test
2021-05-12T15:02:48.450+0800	error	hello	zapLogger/logger_test.go:23	this is a test
2021-05-12T15:02:48.450+0800	error	hello	zapLogger/logger_test.go:23	this is a test
2021-05-12T15:02:48.450+0800	error	hello	zapLogger/logger_test.go:23	this is a test
2021-05-12T15:02:48.450+0800	error	hello	zapLogger/logger_test.go:23	this is a test
2021-05-12T15:02:48.450+0800	error	hello	zapLogger/logger_test.go:23	this is a test
2021-05-12T15:02:48.450+0800	error	hello	zapLogger/logger_test.go:23	this is a test
2021-05-12T15:02:48.450+0800	error	hello	zapLogger/logger_test.go:23	this is a test
2021-05-12T15:02:48.450+0800	error	hello	zapLogger/logger_test.go:23	this is a test
2021-05-12T15:02:48.450+0800	error	hello	zapLogger/logger_test.go:23	this is a test
2021-05-12T15:02:48.448+0800	error	hello	zapLogger/logger_test.go:23	this is a test
2021-05-12T15:02:48.450+0800	error	hello	zapLogger/logger_test.go:23	this is a test
2021-05-12T15:02:48.450+0800	error	hello	zapLogger/logger_test.go:23	this is a test
2021-05-12T15:02:48.450+0800	error	hello	zapLogger/logger_test.go:23	this is a test
2021-05-12T15:02:48.450+0800	error	hello	zapLogger/logger_test.go:23	this is a test
2021-05-12T15:02:48.450+0800	error	hello	zapLogger/logger_test.go:23	this is a test
2021-05-12T15:02:48.450+0800	error	hello	zapLogger/logger_test.go:23	this is a test
2021-05-12T15:02:48.450+0800	error	hello	zapLogger/logger_test.go:23	this is a test
2021-05-12T15:02:48.450+0800	error	hello	zapLogger/logger_test.go:23	this is a test
2021-05-12T15:02:48.450+0800	error	hello	zapLogger/logger_test.go:23	this is a test
2021-05-12T15:02:48.450+0800	error	hello	zapLogger/logger_test.go:23	this is a test
2021-05-12T15:02:48.450+0800	error	hello	zapLogger/logger_test.go:23	this is a test
2021-05-12T15:02:48.450+0800	error	hello	zapLogger/logger_test.go:23	this is a test
2021-05-12T15:02:48.450+0800	error	hello	zapLogger/logger_test.go:23	this is a test
2021-05-12T15:02:48.450+0800	error	hello	zapLogger/logger_test.go:23	this is a test
2021-05-12T15:02:48.450+0800	error	hello	zapLogger/logger_test.go:23	this is a test
2021-05-12T15:02:48.450+0800	error	hello	zapLogger/logger_test.go:23	this is a test
2021-05-12T15:02:48.450+0800	error	hello	zapLogger/logger_test.go:23	this is a test
2021-05-12T15:02:48.450+0800	error	hello	zapLogger/logger_test.go:23	this is a test
2021-05-12T15:02:48.450+0800	error	hello	zapLogger/logger_test.go:23	this is a test
2021-05-12T15:02:48.450+0800	error	hello	zapLogger/logger_test.go:23	this is a test
2021-05-12T15:02:48.450+0800	error	hello	zapLogger/logger_test.go:23	this is a test
2021-05-12T15:02:48.450+0800	error	hello	zapLogger/logger_test.go:23	this is a test
2021-05-12T15:02:48.450+0800	error	hello	zapLogger/logger_test.go:23	this is a test
2021-05-12T15:02:48.450+0800	error	hello	zapLogger/logger_test.go:23	this is a test
2021-05-12T15:02:48.450+0800	error	hello	zapLogger/logger_test.go:23	this is a test
2021-05-12T15:02:48.450+0800	error	hello	zapLogger/logger_test.go:23	this is a test
2021-05-12T15:02:48.450+0800	error	hello	zapLogger/logger_test.go:23	this is a test
2021-05-12T15:02:48.450+0800	error	hello	zapLogger/logger_test.go:23	this is a test
2021-05-12T15:02:48.450+0800	error	hello	zapLogger/logger_test.go:23	this is a test
2021-05-12T15:02:48.450+0800	error	hello	zapLogger/logger_test.go:23	this is a test
2021-05-12T15:02:48.450+0800	error	hello	zapLogger/logger_test.go:23	this is a test
2021-05-12T15:02:48.450+0800	error	hello	zapLogger/logger_test.go:23	this is a test
2021-05-12T15:02:48.450+0800	error	hello	zapLogger/logger_test.go:23	this is a test
2021-05-12T15:02:48.450+0800	error	hello	zapLogger/logger_test.go:23	this is a test
2021-05-12T15:02:48.450+0800	error	hello	zapLogger/logger_test.go:23	this is a test
2021-05-12T15:02:48.450+0800	error	hello	zapLogger/logger_test.go:23	this is a test
2021-05-12T15:02:48.450+0800	error	hello	zapLogger/logger_test.go:23	this is a test
2021-05-12T15:02:48.450+0800	error	hello	zapLogger/logger_test.go:23	this is a test
2021-05-12T15:02:48.450+0800	error	hello	zapLogger/logger_test.go:23	this is a test
2021-05-12T15:02:48.450+0800	error	hello	zapLogger/logger_test.go:23	this is a test
2021-05-12T15:02:48.450+0800	error	hello	zapLogger/logger_test.go:23	this is a test
2021-05-12T15:02:48.450+0800	error	hello	zapLogger/logger_test.go:23	this is a test
2021-05-12T15:02:48.450+0800	error	hello	zapLogger/logger_test.go:23	this is a test
2021-05-12T15:02:48.450+0800	error	hello	zapLogger/logger_test.go:23	this is a test
2021-05-12T15:02:48.450+0800	error	hello	zapLogger/logger_test.go:23	this is a test
2021-05-12T15:02:48.450+0800	error	hello	zapLogger/logger_test.go:23	this is a test
2021-05-12T15:02:48.450+0800	error	hello	zapLogger/logger_test.go:23	this is a test
2021-05-12T15:02:48.448+0800	error	hello	zapLogger/logger_test.go:23	this is a test
2021-05-12T15:02:48.450+0800	error	hello	zapLogger/logger_test.go:23	this is a test
2021-05-12T15:02:48.450+0800	error	hello	zapLogger/logger_test.go:23	this is a test
2021-05-12T15:02:48.450+0800	error	hello	zapLogger/logger_test.go:23	this is a test
2021-05-12T15:02:48.450+0800	error	hello	zapLogger/logger_test.go:23	this is a test
2021-05-12T15:02:48.450+0800	error	hello	zapLogger/logger_test.go:23	this is a test
2021-05-12T15:02:48.450+0800	error	hello	zapLogger/logger_test.go:23	this is a test
2021-05-12T15:02:48.450+0800	error	hello	zapLogger/logger_test.go:23	this is a test
2021-05-12T15:02:48.450+0800	error	hello	zapLogger/logger_test.go:23	this is a test
2021-05-12T15:02:48.450+0800	error	hello	zapLogger/logger_test.go:23	this is a test
2021-05-12T15:02:48.450+0800	error	hello	zapLogger/logger_test.go:23	this is a test
2021-05-12T15:02:48.450+0800	error	hello	zapLogger/logger_test.go:23	this is a test
2021-05-12T15:02:48.450+0800	error	hello	zapLogger/logger_test.go:23	this is a test
2021-05-12T15:02:48.450+0800	error	hello	zapLogger/logger_test.go:23	this is a test
2021-05-12T15:02:48.450+0800	error	hello	zapLogger/logger_test.go:23	this is a test
2021-05-12T15:02:48.450+0800	error	hello	zapLogger/logger_test.go:23	this is a test
2021-05-12T15:02:48.450+0800	error	hello	zapLogger/logger_test.go:23	this is a test
2021-05-12T15:02:48.450+0800	error	hello	zapLogger/logger_test.go:23	this is a test
2021-05-12T15:02:48.450+0800	error	hello	zapLogger/logger_test.go:23	this is a test
2021-05-12T15:02:48.450+0800	error	hello	zapLogger/logger_test.go:23	this is a test
2021-05-12T15:02:48.450+0800	error	hello	zapLogger/logger_test.go:23	this is a test
2021-05-12T15:02:48.450+0800	error	hello	zapLogger/logger_test.go:23	this is a test
2021-05-12T15:02:48.450+0800	error	hello	zapLogger/logger_test.go:23	this is a test
2021-05-12T15:02:48.450+0800	error	hello	zapLogger/logger_test.go:23	this is a test
2021-05-12T15:02:48.450+0800	error	hello	zapLogger/logger_test.go:23	this is a test
2021-05-12T15:02:48.450+0800	error	hello	zapLogger/logger_test.go:23	this is a test
2021-05-12T15:02:48.450+0800	error	hello	zapLogger/logger_test.go:23	this is a test
2021-05-12T15:02:48.450+0800	error	hello	zapLogger/logger_test.go:23	this is a test
2021-05-12T15:02:48.450+0800	error	hello	zapLogger/logger_test.go:23	this is a test
2021-05-12T15:02:48.450+0800	error	hello	zapLogger/logger_test.go:23	this is a test
2021-05-12T15:02:48.450+0800	error	hello	zapLogger/logger_test.go:23	this is a test
2021-05-12T15:02:48.450+0800	error	hello	zapLogger/logger_test.go:23	this is a test
2021-05-12T15:02:48.450+0800	error	hello	zapLogger/logger_test.go:23	this is a test
2021-05-12T15:02:48.450+0800	error	hello	zapLogger/logger_test.go:23	this is a test
2021-05-12T15:02:48.450+0800	error	hello	zapLogger/logger_test.go:23	this is a test
2021-05-12T15:02:48.450+0800	error	hello	zapLogger/logger_test.go:23	this is a test
2021-05-12T15:02:48.450+0800	error	hello	zapLogger/logger_test.go:23	this is a test
2021-05-12T15:02:48.450+0800	error	hello	zapLogger/logger_test.go:23	this is a test
2021-05-12T15:02:48.450+0800	error	hello	zapLogger/logger_test.go:23	this is a test
2021-05-12T15:02:48.450+0800	error	hello	zapLogger/logger_test.go:23	this is a test
2021-05-12T15:02:48.450+0800	error	hello	zapLogger/logger_test.go:23	this is a test
2021-05-12T15:02:48.450+0800	error	hello	zapLogger/logger_test.go:23	this is a test
2021-05-12T15:02:48.450+0800	error	hello	zapLogger/logger_test.go:23	this is a test
2021-05-12T15:02:48.450+0800	error	hello	zapLogger/logger_test.go:23	this is a test
2021-05-12T15:02:48.450+0800	error	hello	zapLogger/logger_test.go:23	this is a test
2021-05-12T15:02:48.450+0800	error	hello	zapLogger/logger_test.go:23	this is a test
2021-05-12T15:02:48.450+0800	error	hello	zapLogger/logger_test.go:23	this is a test
2021-05-12T15:02:48.450+0800	error	hello	zapLogger/logger_test.go:23	this is a test
2021-05-12T15:02:48.450+0800	error	hello	zapLogger/logger_test.go:23	this is a test
2021-05-12T15:02:48.448+0800	error	hello	zapLogger/logger_test.go:23	this is a test
2021-05-12T15:02:48.450+0800	error	hello	zapLogger/logger_test.go:23	this is a test
2021-05-12T15:02:48.450+0800	error	hello	zapLogger/logger_test.go:23	this is a test
2021-05-12T15:02:48.450+0800	error	hello	zapLogger/logger_test.go:23	this is a test
2021-05-12T15:02:48.450+0800	error	hello	zapLogger/logger_test.go:23	this is a test
2021-05-12T15:02:48.450+0800	error	hello	zapLogger/logger_test.go:23	this is a test
2021-05-12T15:02:48.450+0800	error	hello	zapLogger/logger_test.go:23	this is a test
2021-05-12T15:02:48.450+0800	error	hello	zapLogger/logger_test.go:23	this is a test
2021-05-12T15:02:48.450+0800	error	hello	zapLogger/logger_test.go:23	this is a test
2021-05-12T15:02:48.450+0800	error	hello	zapLogger/logger_test.go:23	this is a test
2021-05-12T15:02:48.450+0800	error	hello	zapLogger/logger_test.go:23	this is a test
2021-05-12T15:02:48.450+0800	error	hello	zapLogger/logger_test.go:23	this is a test
2021-05-12T15:02:48.450+0800	error	hello	zapLogger/logger_test.go:23	this is a test
2021-05-12T15:02:48.450+0800	error	hello	zapLogger/logger_test.go:23	this is a test
2021-05-12T15:02:48.450+0800	error	hello	zapLogger/logger_test.go:23	this is a test
2021-05-12T15:02:48.450+0800	error	hello	zapLogger/logger_test.go:23	this is a test
2021-05-12T15:02:48.450+0800	error	hello	zapLogger/logger_test.go:23	this is a test
2021-05-12T15:02:48.450+0800	error	hello	zapLogger/logger_test.go:23	this is a test
2021-05-12T15:02:48.450+0800	error	hello	zapLogger/logger_test.go:23	this is a test
2021-05-12T15:02:48.450+0800	error	hello	zapLogger/logger_test.go:23	this is a test
2021-05-12T15:02:48.450+0800	error	hello	zapLogger/logger_test.go:23	this is a test
2021-05-12T15:02:48.450+0800	error	hello	zapLogger/logger_test.go:23	this is a test
2021-05-12T15:02:48.450+0800	error	hello	zapLogger/logger_test.go:23	this is a test
2021-05-12T15:02:48.449+0800	error	hello	zapLogger/logger_test.go:23	this is a test
2021-05-12T15:02:48.450+0800	error	hello	zapLogger/logger_test.go:23	this is a test
2021-05-12T15:02:48.449+0800	error	hello	zapLogger/logger_test.go:23	this is a test
2021-05-12T15:02:48.451+0800	error	hello	zapLogger/logger_test.go:23	this is a test
2021-05-12T15:02:48.450+0800	error	hello	zapLogger/logger_test.go:23	this is a test
2021-05-12T15:02:48.451+0800	error	hello	zapLogger/logger_test.go:23	this is a test
2021-05-12T15:02:48.450+0800	error	hello	zapLogger/logger_test.go:23	this is a test
2021-05-12T15:02:48.451+0800	error	hello	zapLogger/logger_test.go:23	this is a test
2021-05-12T15:02:48.451+0800	error	hello	zapLogger/logger_test.go:23	this is a test
2021-05-12T15:02:48.451+0800	error	hello	zapLogger/logger_test.go:23	this is a test
2021-05-12T15:02:48.451+0800	error	hello	zapLogger/logger_test.go:23	this is a test
2021-05-12T15:02:48.451+0800	error	hello	zapLogger/logger_test.go:23	this is a test
2021-05-12T15:02:48.451+0800	error	hello	zapLogger/logger_test.go:23	this is a test
2021-05-12T15:02:48.451+0800	error	hello	zapLogger/logger_test.go:23	this is a test
2021-05-12T15:02:48.451+0800	error	hello	zapLogger/logger_test.go:23	this is a test
2021-05-12T15:02:48.451+0800	error	hello	zapLogger/logger_test.go:23	this is a test
2021-05-12T15:02:48.451+0800	error	hello	zapLogger/logger_test.go:23	this is a test
2021-05-12T15:02:48.448+0800	error	hello	zapLogger/logger_test.go:23	this is a test
2021-05-12T15:02:48.451+0800	error	hello	zapLogger/logger_test.go:23	this is a test
2021-05-12T15:02:48.451+0800	error	hello	zapLogger/logger_test.go:23	this is a test
2021-05-12T15:02:48.451+0800	error	hello	zapLogger/logger_test.go:23	this is a test
2021-05-12T15:02:48.451+0800	error	hello	zapLogger/logger_test.go:23	this is a test
2021-05-12T15:02:48.451+0800	error	hello	zapLogger/logger_test.go:23	this is a test
2021-05-12T15:02:48.451+0800	error	hello	zapLogger/logger_test.go:23	this is a test
2021-05-12T15:02:48.451+0800	error	hello	zapLogger/logger_test.go:23	this is a test
2021-05-12T15:02:48.451+0800	error	hello	zapLogger/logger_test.go:23	this is a test
2021-05-12T15:02:48.449+0800	error	hello	zapLogger/logger_test.go:23	this is a test
2021-05-12T15:02:48.451+0800	error	hello	zapLogger/logger_test.go:23	this is a test
2021-05-12T15:02:48.451+0800	error	hello	zapLogger/logger_test.go:23	this is a test
2021-05-12T15:02:48.451+0800	error	hello	zapLogger/logger_test.go:23	this is a test
2021-05-12T15:02:48.451+0800	error	hello	zapLogger/logger_test.go:23	this is a test
2021-05-12T15:02:48.451+0800	error	hello	zapLogger/logger_test.go:23	this is a test
2021-05-12T15:02:48.451+0800	error	hello	zapLogger/logger_test.go:23	this is a test
2021-05-12T15:02:48.451+0800	error	hello	zapLogger/logger_test.go:23	this is a test
2021-05-12T15:02:48.451+0800	error	hello	zapLogger/logger_test.go:23	this is a test
2021-05-12T15:02:48.451+0800	error	hello	zapLogger/logger_test.go:23	this is a test
2021-05-12T15:02:48.451+0800	error	hello	zapLogger/logger_test.go:23	this is a test
2021-05-12T15:02:48.451+0800	error	hello	zapLogger/logger_test.go:23	this is a test
2021-05-12T15:02:48.451+0800	error	hello	zapLogger/logger_test.go:23	this is a test
2021-05-12T15:02:48.451+0800	error	hello	zapLogger/logger_test.go:23	this is a test
2021-05-12T15:02:48.451+0800	error	hello	zapLogger/logger_test.go:23	this is a test
2021-05-12T15:02:48.451+0800	error	hello	zapLogger/logger_test.go:23	this is a test
2021-05-12T15:02:48.451+0800	error	hello	zapLogger/logger_test.go:23	this is a test
2021-05-12T15:02:48.451+0800	error	hello	zapLogger/logger_test.go:23	this is a test
2021-05-12T15:02:48.451+0800	error	hello	zapLogger/logger_test.go:23	this is a test
2021-05-12T15:02:48.451+0800	error	hello	zapLogger/logger_test.go:23	this is a test
2021-05-12T15:02:48.451+0800	error	hello	zapLogger/logger_test.go:23	this is a test
2021-05-12T15:02:48.451+0800	error	hello	zapLogger/logger_test.go:23	this is a test
2021-05-12T15:02:48.451+0800	error	hello	zapLogger/logger_test.go:23	this is a test
2021-05-12T15:02:48.451+0800	error	hello	zapLogger/logger_test.go:23	this is a test
2021-05-12T15:02:48.451+0800	error	hello	zapLogger/logger_test.go:23	this is a test
2021-05-12T15:02:48.451+0800	error	hello	zapLogger/logger_test.go:23	this is a test
2021-05-12T15:02:48.451+0800	error	hello	zapLogger/logger_test.go:23	this is a test
2021-05-12T15:02:48.451+0800	error	hello	zapLogger/logger_test.go:23	this is a test
2021-05-12T15:02:48.451+0800	error	hello	zapLogger/logger_test.go:23	this is a test
2021-05-12T15:02:48.451+0800	error	hello	zapLogger/logger_test.go:23	this is a test
2021-05-12T15:02:48.451+0800	error	hello	zapLogger/logger_test.go:23	this is a test
2021-05-12T15:02:48.451+0800	error	hello	zapLogger/logger_test.go:23	this is a test
2021-05-12T15:02:48.451+0800	error	hello	zapLogger/logger_test.go:23	this is a test
2021-05-12T15:02:48.450+0800	error	hello	zapLogger/logger_test.go:23	this is a test
2021-05-12T15:02:48.450+0800	error	hello	zapLogger/logger_test.go:23	this is a test
2021-05-12T15:02:48.451+0800	error	hello	zapLogger/logger_test.go:23	this is a test
2021-05-12T15:02:48.451+0800	error	hello	zapLogger/logger_test.go:23	this is a test
2021-05-12T15:02:48.451+0800	error	hello	zapLogger/logger_test.go:23	this is a test
2021-05-12T15:02:48.451+0800	error	hello	zapLogger/logger_test.go:23	this is a test
2021-05-12T15:02:48.451+0800	error	hello	zapLogger/logger_test.go:23	this is a test
2021-05-12T15:02:48.451+0800	error	hello	zapLogger/logger_test.go:23	this is a test
2021-05-12T15:02:48.451+0800	error	hello	zapLogger/logger_test.go:23	this is a test
2021-05-12T15:02:48.451+0800	error	hello	zapLogger/logger_test.go:23	this is a test
2021-05-12T15:02:48.451+0800	error	hello	zapLogger/logger_test.go:23	this is a test
2021-05-12T15:02:48.451+0800	error	hello	zapLogger/logger_test.go:23	this is a test
2021-05-12T15:02:48.451+0800	error	hello	zapLogger/logger_test.go:23	this is a test
2021-05-12T15:02:48.451+0800	error	hello	zapLogger/logger_test.go:23	this is a test
2021-05-12T15:02:48.451+0800	error	hello	zapLogger/logger_test.go:23	this is a test
2021-05-12T15:02:48.451+0800	error	hello	zapLogger/logger_test.go:23	this is a test
2021-05-12T15:02:48.451+0800	error	hello	zapLogger/logger_test.go:23	this is a test
2021-05-12T15:02:48.451+0800	error	hello	zapLogger/logger_test.go:23	this is a test
2021-05-12T15:02:48.451+0800	error	hello	zapLogger/logger_test.go:23	this is a test
2021-05-12T15:02:48.451+0800	error	hello	zapLogger/logger_test.go:23	this is a test
2021-05-12T15:02:48.451+0800	error	hello	zapLogger/logger_test.go:23	this is a test
2021-05-12T15:02:48.451+0800	error	hello	zapLogger/logger_test.go:23	this is a test
2021-05-12T15:02:48.451+0800	error	hello	zapLogger/logger_test.go:23	this is a test
2021-05-12T15:02:48.451+0800	error	hello	zapLogger/logger_test.go:23	this is a test
2021-05-12T15:02:48.451+0800	error	hello	zapLogger/logger_test.go:23	this is a test
2021-05-12T15:02:48.451+0800	error	hello	zapLogger/logger_test.go:23	this is a test
2021-05-12T15:02:48.451+0800	error	hello	zapLogger/logger_test.go:23	this is a test
2021-05-12T15:02:48.451+0800	error	hello	zapLogger/logger_test.go:23	this is a test
2021-05-12T15:02:48.451+0800	error	hello	zapLogger/logger_test.go:23	this is a test
2021-05-12T15:02:48.451+0800	error	hello	zapLogger/logger_test.go:23	this is a test
2021-05-12T15:02:48.451+0800	error	hello	zapLogger/logger_test.go:23	this is a test
2021-05-12T15:02:48.451+0800	error	hello	zapLogger/logger_test.go:23	this is a test
2021-05-12T15:02:48.451+0800	error	hello	zapLogger/logger_test.go:23	this is a test
2021-05-12T15:02:48.451+0800	error	hello	zapLogger/logger_test.go:23	this is a test
2021-05-12T15:02:48.451+0800	error	hello	zapLogger/logger_test.go:23	this is a test
2021-05-12T15:02:48.451+0800	error	hello	zapLogger/logger_test.go:23	this is a test
2021-05-12T15:02:48.451+0800	error	hello	zapLogger/logger_test.go:23	this is a test
2021-05-12T15:02:48.451+0800	error	hello	zapLogger/logger_test.go:23	this is a test
2021-05-12T15:02:48.451+0800	error	hello	zapLogger/logger_test.go:23	this is a test
2021-05-12T15:02:48.451+0800	error	hello	zapLogger/logger_test.go:23	this is a test
2021-05-12T15:02:48.451+0800	error	hello	zapLogger/logger_test.go:23	this is a test
2021-05-12T15:02:48.451+0800	error	hello	zapLogger/logger_test.go:23	this is a test
2021-05-12T15:02:48.451+0800	error	hello	zapLogger/logger_test.go:23	this is a test
2021-05-12T15:02:48.451+0800	error	hello	zapLogger/logger_test.go:23	this is a test
2021-05-12T15:02:48.451+0800	error	hello	zapLogger/logger_test.go:23	this is a test
2021-05-12T15:02:48.451+0800	error	hello	zapLogger/logger_test.go:23	this is a test
2021-05-12T15:02:48.451+0800	error	hello	zapLogger/logger_test.go:23	this is a test
2021-05-12T15:02:48.451+0800	error	hello	zapLogger/logger_test.go:23	this is a test
2021-05-12T15:02:48.451+0800	error	hello	zapLogger/logger_test.go:23	this is a test
2021-05-12T15:02:48.451+0800	error	hello	zapLogger/logger_test.go:23	this is a test
2021-05-12T15:02:48.451+0800	error	hello	zapLogger/logger_test.go:23	this is a test
2021-05-12T15:02:48.451+0800	error	hello	zapLogger/logger_test.go:23	this is a test
2021-05-12T15:02:48.451+0800	error	hello	zapLogger/logger_test.go:23	this is a test
2021-05-12T15:02:48.451+0800	error	hello	zapLogger/logger_test.go:23	this is a test
2021-05-12T15:02:48.451+0800	error	hello	zapLogger/logger_test.go:23	this is a test
2021-05-12T15:02:48.451+0800	error	hello	zapLogger/logger_test.go:23	this is a test
2021-05-12T15:02:48.451+0800	error	hello	zapLogger/logger_test.go:23	this is a test
2021-05-12T15:02:48.451+0800	error	hello	zapLogger/logger_test.go:23	this is a test
2021-05-12T15:02:48.451+0800	error	hello	zapLogger/logger_test.go:23	this is a test
2021-05-12T15:02:48.451+0800	error	hello	zapLogger/logger_test.go:23	this is a test
2021-05-12T15:02:48.451+0800	error	hello	zapLogger/logger_test.go:23	this is a test
2021-05-12T15:02:48.451+0800	error	hello	zapLogger/logger_test.go:23	this is a test
2021-05-12T15:02:48.451+0800	error	hello	zapLogger/logger_test.go:23	this is a test
2021-05-12T15:02:48.451+0800	error	hello	zapLogger/logger_test.go:23	this is a test
2021-05-12T15:02:48.451+0800	error	hello	zapLogger/logger_test.go:23	this is a test
2021-05-12T15:02:48.451+0800	error	hello	zapLogger/logger_test.go:23	this is a test
2021-05-12T15:02:48.451+0800	error	hello	zapLogger/logger_test.go:23	this is a test
2021-05-12T15:02:48.451+0800	error	hello	zapLogger/logger_test.go:23	this is a test
2021-05-12T15:02:48.451+0800	error	hello	zapLogger/logger_test.go:23	this is a test
2021-05-12T15:02:48.451+0800	error	hello	zapLogger/logger_test.go:23	this is a test
2021-05-12T15:02:48.451+0800	error	hello	zapLogger/logger_test.go:23	this is a test
2021-05-12T15:02:48.451+0800	error	hello	zapLogger/logger_test.go:23	this is a test
2021-05-12T15:02:48.451+0800	error	hello	zapLogger/logger_test.go:23	this is a test
2021-05-12T15:02:48.451+0800	error	hello	zapLogger/logger_test.go:23	this is a test
2021-05-12T15:02:48.451+0800	error	hello	zapLogger/logger_test.go:23	this is a test
2021-05-12T15:02:48.451+0800	error	hello	zapLogger/logger_test.go:23	this is a test
2021-05-12T15:02:48.451+0800	error	hello	zapLogger/logger_test.go:23	this is a test
2021-05-12T15:02:48.451+0800	error	hello	zapLogger/logger_test.go:23	this is a test
2021-05-12T15:02:48.451+0800	error	hello	zapLogger/logger_test.go:23	this is a test
2021-05-12T15:02:48.451+0800	error	hello	zapLogger/logger_test.go:23	this is a test
2021-05-12T15:02:48.451+0800	error	hello	zapLogger/logger_test.go:23	this is a test
2021-05-12T15:02:48.451+0800	error	hello	zapLogger/logger_test.go:23	this is a test
2021-05-12T15:02:48.451+0800	error	hello	zapLogger/logger_test.go:23	this is a test
2021-05-12T15:02:48.451+0800	error	hello	zapLogger/logger_test.go:23	this is a test
2021-05-12T15:02:48.451+0800	error	hello	zapLogger/logger_test.go:23	this is a test
2021-05-12T15:02:48.451+0800	error	hello	zapLogger/logger_test.go:23	this is a test
2021-05-12T15:02:48.450+0800	error	hello	zapLogger/logger_test.go:23	this is a test
2021-05-12T15:02:48.451+0800	error	hello	zapLogger/logger_test.go:23	this is a test
2021-05-12T15:02:48.451+0800	error	hello	zapLogger/logger_test.go:23	this is a test
2021-05-12T15:02:48.451+0800	error	hello	zapLogger/logger_test.go:23	this is a test
2021-05-12T15:02:48.451+0800	error	hello	zapLogger/logger_test.go:23	this is a test
2021-05-12T15:02:48.451+0800	error	hello	zapLogger/logger_test.go:23	this is a test
2021-05-12T15:02:48.451+0800	error	hello	zapLogger/logger_test.go:23	this is a test
2021-05-12T15:02:48.451+0800	error	hello	zapLogger/logger_test.go:23	this is a test
2021-05-12T15:02:48.451+0800	error	hello	zapLogger/logger_test.go:23	this is a test
2021-05-12T15:02:48.451+0800	error	hello	zapLogger/logger_test.go:23	this is a test
2021-05-12T15:02:48.451+0800	error	hello	zapLogger/logger_test.go:23	this is a test
2021-05-12T15:02:48.451+0800	error	hello	zapLogger/logger_test.go:23	this is a test
2021-05-12T15:02:48.451+0800	error	hello	zapLogger/logger_test.go:23	this is a test
2021-05-12T15:02:48.451+0800	error	hello	zapLogger/logger_test.go:23	this is a test
2021-05-12T15:02:48.451+0800	error	hello	zapLogger/logger_test.go:23	this is a test
2021-05-12T15:02:48.451+0800	error	hello	zapLogger/logger_test.go:23	this is a test
2021-05-12T15:02:48.451+0800	error	hello	zapLogger/logger_test.go:23	this is a test
2021-05-12T15:02:48.452+0800	error	hello	zapLogger/logger_test.go:23	this is a test
2021-05-12T15:02:48.452+0800	error	hello	zapLogger/logger_test.go:23	this is a test
2021-05-12T15:02:48.452+0800	error	hello	zapLogger/logger_test.go:23	this is a test
2021-05-12T15:02:48.452+0800	error	hello	zapLogger/logger_test.go:23	this is a test
2021-05-12T15:02:48.452+0800	error	hello	zapLogger/logger_test.go:23	this is a test
2021-05-12T15:02:48.452+0800	error	hello	zapLogger/logger_test.go:23	this is a test
2021-05-12T15:02:48.452+0800	error	hello	zapLogger/logger_test.go:23	this is a test
2021-05-12T15:02:48.452+0800	error	hello	zapLogger/logger_test.go:23	this is a test
2021-05-12T15:02:48.452+0800	error	hello	zapLogger/logger_test.go:23	this is a test
2021-05-12T15:02:48.452+0800	error	hello	zapLogger/logger_test.go:23	this is a test
2021-05-12T15:02:48.451+0800	error	hello	zapLogger/logger_test.go:23	this is a test
2021-05-12T15:02:48.452+0800	error	hello	zapLogger/logger_test.go:23	this is a test
2021-05-12T15:02:48.452+0800	error	hello	zapLogger/logger_test.go:23	this is a test
2021-05-12T15:02:48.452+0800	error	hello	zapLogger/logger_test.go:23	this is a test
2021-05-12T15:02:48.452+0800	error	hello	zapLogger/logger_test.go:23	this is a test
2021-05-12T15:02:48.452+0800	error	hello	zapLogger/logger_test.go:23	this is a test
2021-05-12T15:02:48.452+0800	error	hello	zapLogger/logger_test.go:23	this is a test
2021-05-12T15:02:48.452+0800	error	hello	zapLogger/logger_test.go:23	this is a test
2021-05-12T15:02:48.450+0800	error	hello	zapLogger/logger_test.go:23	this is a test
2021-05-12T15:02:48.451+0800	error	hello	zapLogger/logger_test.go:23	this is a test
2021-05-12T15:02:48.452+0800	error	hello	zapLogger/logger_test.go:23	this is a test
2021-05-12T15:02:48.452+0800	error	hello	zapLogger/logger_test.go:23	this is a test
2021-05-12T15:02:48.452+0800	error	hello	zapLogger/logger_test.go:23	this is a test
2021-05-12T15:02:48.452+0800	error	hello	zapLogger/logger_test.go:23	this is a test
2021-05-12T15:02:48.452+0800	error	hello	zapLogger/logger_test.go:23	this is a test
2021-05-12T15:02:48.452+0800	error	hello	zapLogger/logger_test.go:23	this is a test
2021-05-12T15:02:48.452+0800	error	hello	zapLogger/logger_test.go:23	this is a test
2021-05-12T15:02:48.452+0800	error	hello	zapLogger/logger_test.go:23	this is a test
2021-05-12T15:02:48.452+0800	error	hello	zapLogger/logger_test.go:23	this is a test
2021-05-12T15:02:48.452+0800	error	hello	zapLogger/logger_test.go:23	this is a test
2021-05-12T15:02:48.452+0800	error	hello	zapLogger/logger_test.go:23	this is a test
2021-05-12T15:02:48.452+0800	error	hello	zapLogger/logger_test.go:23	this is a test
2021-05-12T15:02:48.452+0800	error	hello	zapLogger/logger_test.go:23	this is a test
2021-05-12T15:02:48.452+0800	error	hello	zapLogger/logger_test.go:23	this is a test
2021-05-12T15:02:48.452+0800	error	hello	zapLogger/logger_test.go:23	this is a test
2021-05-12T15:02:48.452+0800	error	hello	zapLogger/logger_test.go:23	this is a test
2021-05-12T15:02:48.452+0800	error	hello	zapLogger/logger_test.go:23	this is a test
2021-05-12T15:02:48.452+0800	error	hello	zapLogger/logger_test.go:23	this is a test
2021-05-12T15:02:48.452+0800	error	hello	zapLogger/logger_test.go:23	this is a test
2021-05-12T15:02:48.452+0800	error	hello	zapLogger/logger_test.go:23	this is a test
2021-05-12T15:02:48.452+0800	error	hello	zapLogger/logger_test.go:23	this is a test
2021-05-12T15:02:48.452+0800	error	hello	zapLogger/logger_test.go:23	this is a test
2021-05-12T15:02:48.452+0800	error	hello	zapLogger/logger_test.go:23	this is a test
2021-05-12T15:02:48.452+0800	error	hello	zapLogger/logger_test.go:23	this is a test
2021-05-12T15:02:48.452+0800	error	hello	zapLogger/logger_test.go:23	this is a test
2021-05-12T15:02:48.452+0800	error	hello	zapLogger/logger_test.go:23	this is a test
2021-05-12T15:02:48.452+0800	error	hello	zapLogger/logger_test.go:23	this is a test
2021-05-12T15:02:48.452+0800	error	hello	zapLogger/logger_test.go:23	this is a test
2021-05-12T15:02:48.452+0800	error	hello	zapLogger/logger_test.go:23	this is a test
2021-05-12T15:02:48.452+0800	error	hello	zapLogger/logger_test.go:23	this is a test
2021-05-12T15:02:48.452+0800	error	hello	zapLogger/logger_test.go:23	this is a test
2021-05-12T15:02:48.452+0800	error	hello	zapLogger/logger_test.go:23	this is a test
2021-05-12T15:02:48.452+0800	error	hello	zapLogger/logger_test.go:23	this is a test
2021-05-12T15:02:48.452+0800	error	hello	zapLogger/logger_test.go:23	this is a test
2021-05-12T15:02:48.452+0800	error	hello	zapLogger/logger_test.go:23	this is a test
2021-05-12T15:02:48.452+0800	error	hello	zapLogger/logger_test.go:23	this is a test
2021-05-12T15:02:48.452+0800	error	hello	zapLogger/logger_test.go:23	this is a test
2021-05-12T15:02:48.452+0800	error	hello	zapLogger/logger_test.go:23	this is a test
2021-05-12T15:02:48.452+0800	error	hello	zapLogger/logger_test.go:23	this is a test
2021-05-12T15:02:48.451+0800	error	hello	zapLogger/logger_test.go:23	this is a test
2021-05-12T15:02:48.452+0800	error	hello	zapLogger/logger_test.go:23	this is a test
2021-05-12T15:02:48.452+0800	error	hello	zapLogger/logger_test.go:23	this is a test
2021-05-12T15:02:48.452+0800	error	hello	zapLogger/logger_test.go:23	this is a test
2021-05-12T15:02:48.452+0800	error	hello	zapLogger/logger_test.go:23	this is a test
2021-05-12T15:02:48.452+0800	error	hello	zapLogger/logger_test.go:23	this is a test
2021-05-12T15:02:48.452+0800	error	hello	zapLogger/logger_test.go:23	this is a test
2021-05-12T15:02:48.452+0800	error	hello	zapLogger/logger_test.go:23	this is a test
2021-05-12T15:02:48.452+0800	error	hello	zapLogger/logger_test.go:23	this is a test
2021-05-12T15:02:48.452+0800	error	hello	zapLogger/logger_test.go:23	this is a test
2021-05-12T15:02:48.452+0800	error	hello	zapLogger/logger_test.go:23	this is a test
2021-05-12T15:02:48.452+0800	error	hello	zapLogger/logger_test.go:23	this is a test
2021-05-12T15:02:48.452+0800	error	hello	zapLogger/logger_test.go:23	this is a test
2021-05-12T15:02:48.452+0800	error	hello	zapLogger/logger_test.go:23	this is a test
2021-05-12T15:02:48.452+0800	error	hello	zapLogger/logger_test.go:23	this is a test
2021-05-12T15:02:48.452+0800	error	hello	zapLogger/logger_test.go:23	this is a test
2021-05-12T15:02:48.452+0800	error	hello	zapLogger/logger_test.go:23	this is a test
2021-05-12T15:02:48.452+0800	error	hello	zapLogger/logger_test.go:23	this is a test
2021-05-12T15:02:48.452+0800	error	hello	zapLogger/logger_test.go:23	this is a test
2021-05-12T15:02:48.452+0800	error	hello	zapLogger/logger_test.go:23	this is a test
2021-05-12T15:02:48.452+0800	error	hello	zapLogger/logger_test.go:23	this is a test
2021-05-12T15:02:48.452+0800	error	hello	zapLogger/logger_test.go:23	this is a test
2021-05-12T15:02:48.452+0800	error	hello	zapLogger/logger_test.go:23	this is a test
2021-05-12T15:02:48.452+0800	error	hello	zapLogger/logger_test.go:23	this is a test
2021-05-12T15:02:48.452+0800	error	hello	zapLogger/logger_test.go:23	this is a test
2021-05-12T15:02:48.452+0800	error	hello	zapLogger/logger_test.go:23	this is a test
2021-05-12T15:02:48.452+0800	error	hello	zapLogger/logger_test.go:23	this is a test
2021-05-12T15:02:48.452+0800	error	hello	zapLogger/logger_test.go:23	this is a test
2021-05-12T15:02:48.452+0800	error	hello	zapLogger/logger_test.go:23	this is a test
2021-05-12T15:02:48.452+0800	error	hello	zapLogger/logger_test.go:23	this is a test
2021-05-12T15:02:48.452+0800	error	hello	zapLogger/logger_test.go:23	this is a test
2021-05-12T15:02:48.452+0800	error	hello	zapLogger/logger_test.go:23	this is a test
2021-05-12T15:02:48.452+0800	error	hello	zapLogger/logger_test.go:23	this is a test
2021-05-12T15:02:48.452+0800	error	hello	zapLogger/logger_test.go:23	this is a test
2021-05-12T15:02:48.452+0800	error	hello	zapLogger/logger_test.go:23	this is a test
2021-05-12T15:02:48.452+0800	error	hello	zapLogger/logger_test.go:23	this is a test
2021-05-12T15:02:48.452+0800	error	hello	zapLogger/logger_test.go:23	this is a test
2021-05-12T15:02:48.452+0800	error	hello	zapLogger/logger_test.go:23	this is a test
2021-05-12T15:02:48.452+0800	error	hello	zapLogger/logger_test.go:23	this is a test
2021-05-12T15:02:48.452+0800	error	hello	zapLogger/logger_test.go:23	this is a test
2021-05-12T15:02:48.452+0800	error	hello	zapLogger/logger_test.go:23	this is a test
2021-05-12T15:02:48.452+0800	error	hello	zapLogger/logger_test.go:23	this is a test
2021-05-12T15:02:48.452+0800	error	hello	zapLogger/logger_test.go:23	this is a test
2021-05-12T15:02:48.452+0800	error	hello	zapLogger/logger_test.go:23	this is a test
2021-05-12T15:02:48.452+0800	error	hello	zapLogger/logger_test.go:23	this is a test
2021-05-12T15:02:48.452+0800	error	hello	zapLogger/logger_test.go:23	this is a test
2021-05-12T15:02:48.452+0800	error	hello	zapLogger/logger_test.go:23	this is a test
2021-05-12T15:02:48.452+0800	error	hello	zapLogger/logger_test.go:23	this is a test
2021-05-12T15:02:48.452+0800	error	hello	zapLogger/logger_test.go:23	this is a test
2021-05-12T15:02:48.452+0800	error	hello	zapLogger/logger_test.go:23	this is a test
2021-05-12T15:02:48.452+0800	error	hello	zapLogger/logger_test.go:23	this is a test
2021-05-12T15:02:48.452+0800	error	hello	zapLogger/logger_test.go:23	this is a test
2021-05-12T15:02:48.452+0800	error	hello	zapLogger/logger_test.go:23	this is a test
2021-05-12T15:02:48.452+0800	error	hello	zapLogger/logger_test.go:23	this is a test
2021-05-12T15:02:48.452+0800	error	hello	zapLogger/logger_test.go:23	this is a test
2021-05-12T15:02:48.452+0800	error	hello	zapLogger/logger_test.go:23	this is a test
2021-05-12T15:02:48.452+0800	error	hello	zapLogger/logger_test.go:23	this is a test
2021-05-12T15:02:48.452+0800	error	hello	zapLogger/logger_test.go:23	this is a test
2021-05-12T15:02:48.452+0800	error	hello	zapLogger/logger_test.go:23	this is a test
2021-05-12T15:02:48.452+0800	error	hello	zapLogger/logger_test.go:23	this is a test
2021-05-12T15:02:48.452+0800	error	hello	zapLogger/logger_test.go:23	this is a test
2021-05-12T15:02:48.452+0800	error	hello	zapLogger/logger_test.go:23	this is a test
2021-05-12T15:02:48.452+0800	error	hello	zapLogger/logger_test.go:23	this is a test
2021-05-12T15:02:48.452+0800	error	hello	zapLogger/logger_test.go:23	this is a test
2021-05-12T15:02:48.452+0800	error	hello	zapLogger/logger_test.go:23	this is a test
2021-05-12T15:02:48.452+0800	error	hello	zapLogger/logger_test.go:23	this is a test
2021-05-12T15:02:48.452+0800	error	hello	zapLogger/logger_test.go:23	this is a test
2021-05-12T15:02:48.452+0800	error	hello	zapLogger/logger_test.go:23	this is a test
2021-05-12T15:02:48.452+0800	error	hello	zapLogger/logger_test.go:23	this is a test
2021-05-12T15:02:48.452+0800	error	hello	zapLogger/logger_test.go:23	this is a test
2021-05-12T15:02:48.452+0800	error	hello	zapLogger/logger_test.go:23	this is a test
2021-05-12T15:02:48.452+0800	error	hello	zapLogger/logger_test.go:23	this is a test
2021-05-12T15:02:48.452+0800	error	hello	zapLogger/logger_test.go:23	this is a test
2021-05-12T15:02:48.452+0800	error	hello	zapLogger/logger_test.go:23	this is a test
2021-05-12T15:02:48.452+0800	error	hello	zapLogger/logger_test.go:23	this is a test
2021-05-12T15:02:48.452+0800	error	hello	zapLogger/logger_test.go:23	this is a test
2021-05-12T15:02:48.452+0800	error	hello	zapLogger/logger_test.go:23	this is a test
2021-05-12T15:02:48.451+0800	error	hello	zapLogger/logger_test.go:23	this is a test
2021-05-12T15:02:48.452+0800	error	hello	zapLogger/logger_test.go:23	this is a test
2021-05-12T15:02:48.452+0800	error	hello	zapLogger/logger_test.go:23	this is a test
2021-05-12T15:02:48.452+0800	error	hello	zapLogger/logger_test.go:23	this is a test
2021-05-12T15:02:48.452+0800	error	hello	zapLogger/logger_test.go:23	this is a test
2021-05-12T15:02:48.452+0800	error	hello	zapLogger/logger_test.go:23	this is a test
2021-05-12T15:02:48.452+0800	error	hello	zapLogger/logger_test.go:23	this is a test
2021-05-12T15:02:48.452+0800	error	hello	zapLogger/logger_test.go:23	this is a test
2021-05-12T15:02:48.452+0800	error	hello	zapLogger/logger_test.go:23	this is a test
2021-05-12T15:02:48.452+0800	error	hello	zapLogger/logger_test.go:23	this is a test
2021-05-12T15:02:48.452+0800	error	hello	zapLogger/logger_test.go:23	this is a test
2021-05-12T15:02:48.452+0800	error	hello	zapLogger/logger_test.go:23	this is a test
2021-05-12T15:02:48.452+0800	error	hello	zapLogger/logger_test.go:23	this is a test
2021-05-12T15:02:48.452+0800	error	hello	zapLogger/logger_test.go:23	this is a test
2021-05-12T15:02:48.452+0800	error	hello	zapLogger/logger_test.go:23	this is a test
2021-05-12T15:02:48.452+0800	error	hello	zapLogger/logger_test.go:23	this is a test
2021-05-12T15:02:48.452+0800	error	hello	zapLogger/logger_test.go:23	this is a test
2021-05-12T15:02:48.452+0800	error	hello	zapLogger/logger_test.go:23	this is a test
2021-05-12T15:02:48.452+0800	error	hello	zapLogger/logger_test.go:23	this is a test
2021-05-12T15:02:48.452+0800	error	hello	zapLogger/logger_test.go:23	this is a test
2021-05-12T15:02:48.451+0800	error	hello	zapLogger/logger_test.go:23	this is a test
2021-05-12T15:02:48.452+0800	error	hello	zapLogger/logger_test.go:23	this is a test
2021-05-12T15:02:48.452+0800	error	hello	zapLogger/logger_test.go:23	this is a test
2021-05-12T15:02:48.452+0800	error	hello	zapLogger/logger_test.go:23	this is a test
2021-05-12T15:02:48.452+0800	error	hello	zapLogger/logger_test.go:23	this is a test
2021-05-12T15:02:48.453+0800	error	hello	zapLogger/logger_test.go:23	this is a test
2021-05-12T15:02:48.453+0800	error	hello	zapLogger/logger_test.go:23	this is a test
2021-05-12T15:02:48.453+0800	error	hello	zapLogger/logger_test.go:23	this is a test
2021-05-12T15:02:48.453+0800	error	hello	zapLogger/logger_test.go:23	this is a test
2021-05-12T15:02:48.453+0800	error	hello	zapLogger/logger_test.go:23	this is a test
2021-05-12T15:02:48.453+0800	error	hello	zapLogger/logger_test.go:23	this is a test
2021-05-12T15:02:48.453+0800	error	hello	zapLogger/logger_test.go:23	this is a test
2021-05-12T15:02:48.453+0800	error	hello	zapLogger/logger_test.go:23	this is a test
2021-05-12T15:02:48.453+0800	error	hello	zapLogger/logger_test.go:23	this is a test
2021-05-12T15:02:48.453+0800	error	hello	zapLogger/logger_test.go:23	this is a test
2021-05-12T15:02:48.453+0800	error	hello	zapLogger/logger_test.go:23	this is a test
2021-05-12T15:02:48.453+0800	error	hello	zapLogger/logger_test.go:23	this is a test
2021-05-12T15:02:48.453+0800	error	hello	zapLogger/logger_test.go:23	this is a test
2021-05-12T15:02:48.453+0800	error	hello	zapLogger/logger_test.go:23	this is a test
2021-05-12T15:02:48.453+0800	error	hello	zapLogger/logger_test.go:23	this is a test
2021-05-12T15:02:48.453+0800	error	hello	zapLogger/logger_test.go:23	this is a test
2021-05-12T15:02:48.453+0800	error	hello	zapLogger/logger_test.go:23	this is a test
2021-05-12T15:02:48.451+0800	error	hello	zapLogger/logger_test.go:23	this is a test
2021-05-12T15:02:48.453+0800	error	hello	zapLogger/logger_test.go:23	this is a test
2021-05-12T15:02:48.453+0800	error	hello	zapLogger/logger_test.go:23	this is a test
2021-05-12T15:02:48.453+0800	error	hello	zapLogger/logger_test.go:23	this is a test
2021-05-12T15:02:48.453+0800	error	hello	zapLogger/logger_test.go:23	this is a test
2021-05-12T15:02:48.453+0800	error	hello	zapLogger/logger_test.go:23	this is a test
2021-05-12T15:02:48.453+0800	error	hello	zapLogger/logger_test.go:23	this is a test
2021-05-12T15:02:48.453+0800	error	hello	zapLogger/logger_test.go:23	this is a test
2021-05-12T15:02:48.453+0800	error	hello	zapLogger/logger_test.go:23	this is a test
2021-05-12T15:02:48.453+0800	error	hello	zapLogger/logger_test.go:23	this is a test
2021-05-12T15:02:48.453+0800	error	hello	zapLogger/logger_test.go:23	this is a test
2021-05-12T15:02:48.453+0800	error	hello	zapLogger/logger_test.go:23	this is a test
2021-05-12T15:02:48.453+0800	error	hello	zapLogger/logger_test.go:23	this is a test
2021-05-12T15:02:48.453+0800	error	hello	zapLogger/logger_test.go:23	this is a test
2021-05-12T15:02:48.453+0800	error	hello	zapLogger/logger_test.go:23	this is a test
2021-05-12T15:02:48.453+0800	error	hello	zapLogger/logger_test.go:23	this is a test
2021-05-12T15:02:48.453+0800	error	hello	zapLogger/logger_test.go:23	this is a test
2021-05-12T15:02:48.453+0800	error	hello	zapLogger/logger_test.go:23	this is a test
2021-05-12T15:02:48.453+0800	error	hello	zapLogger/logger_test.go:23	this is a test
2021-05-12T15:02:48.453+0800	error	hello	zapLogger/logger_test.go:23	this is a test
2021-05-12T15:02:48.453+0800	error	hello	zapLogger/logger_test.go:23	this is a test
2021-05-12T15:02:48.453+0800	error	hello	zapLogger/logger_test.go:23	this is a test
2021-05-12T15:02:48.453+0800	error	hello	zapLogger/logger_test.go:23	this is a test
2021-05-12T15:02:48.453+0800	error	hello	zapLogger/logger_test.go:23	this is a test
2021-05-12T15:02:48.453+0800	error	hello	zapLogger/logger_test.go:23	this is a test
2021-05-12T15:02:48.453+0800	error	hello	zapLogger/logger_test.go:23	this is a test
2021-05-12T15:02:48.453+0800	error	hello	zapLogger/logger_test.go:23	this is a test
2021-05-12T15:02:48.452+0800	error	hello	zapLogger/logger_test.go:23	this is a test
2021-05-12T15:02:48.453+0800	error	hello	zapLogger/logger_test.go:23	this is a test
2021-05-12T15:02:48.453+0800	error	hello	zapLogger/logger_test.go:23	this is a test
2021-05-12T15:02:48.453+0800	error	hello	zapLogger/logger_test.go:23	this is a test
2021-05-12T15:02:48.453+0800	error	hello	zapLogger/logger_test.go:23	this is a test
2021-05-12T15:02:48.453+0800	error	hello	zapLogger/logger_test.go:23	this is a test
2021-05-12T15:02:48.453+0800	error	hello	zapLogger/logger_test.go:23	this is a test
2021-05-12T15:02:48.453+0800	error	hello	zapLogger/logger_test.go:23	this is a test
2021-05-12T15:02:48.453+0800	error	hello	zapLogger/logger_test.go:23	this is a test
2021-05-12T15:02:48.453+0800	error	hello	zapLogger/logger_test.go:23	this is a test
2021-05-12T15:02:48.453+0800	error	hello	zapLogger/logger_test.go:23	this is a test
2021-05-12T15:02:48.453+0800	error	hello	zapLogger/logger_test.go:23	this is a test
2021-05-12T15:02:48.453+0800	error	hello	zapLogger/logger_test.go:23	this is a test
2021-05-12T15:02:48.453+0800	error	hello	zapLogger/logger_test.go:23	this is a test
2021-05-12T15:02:48.453+0800	error	hello	zapLogger/logger_test.go:23	this is a test
2021-05-12T15:02:48.453+0800	error	hello	zapLogger/logger_test.go:23	this is a test
2021-05-12T15:02:48.453+0800	error	hello	zapLogger/logger_test.go:23	this is a test
2021-05-12T15:02:48.453+0800	error	hello	zapLogger/logger_test.go:23	this is a test
2021-05-12T15:02:48.453+0800	error	hello	zapLogger/logger_test.go:23	this is a test
2021-05-12T15:02:48.453+0800	error	hello	zapLogger/logger_test.go:23	this is a test
2021-05-12T15:02:48.453+0800	error	hello	zapLogger/logger_test.go:23	this is a test
2021-05-12T15:02:48.453+0800	error	hello	zapLogger/logger_test.go:23	this is a test
2021-05-12T15:02:48.453+0800	error	hello	zapLogger/logger_test.go:23	this is a test
2021-05-12T15:02:48.453+0800	error	hello	zapLogger/logger_test.go:23	this is a test
2021-05-12T15:02:48.453+0800	error	hello	zapLogger/logger_test.go:23	this is a test
2021-05-12T15:02:48.453+0800	error	hello	zapLogger/logger_test.go:23	this is a test
2021-05-12T15:02:48.453+0800	error	hello	zapLogger/logger_test.go:23	this is a test
2021-05-12T15:02:48.453+0800	error	hello	zapLogger/logger_test.go:23	this is a test
2021-05-12T15:02:48.453+0800	error	hello	zapLogger/logger_test.go:23	this is a test
2021-05-12T15:02:48.453+0800	error	hello	zapLogger/logger_test.go:23	this is a test
2021-05-12T15:02:48.453+0800	error	hello	zapLogger/logger_test.go:23	this is a test
2021-05-12T15:02:48.453+0800	error	hello	zapLogger/logger_test.go:23	this is a test
2021-05-12T15:02:48.453+0800	error	hello	zapLogger/logger_test.go:23	this is a test
2021-05-12T15:02:48.453+0800	error	hello	zapLogger/logger_test.go:23	this is a test
2021-05-12T15:02:48.453+0800	error	hello	zapLogger/logger_test.go:23	this is a test
2021-05-12T15:02:48.453+0800	error	hello	zapLogger/logger_test.go:23	this is a test
2021-05-12T15:02:48.453+0800	error	hello	zapLogger/logger_test.go:23	this is a test
2021-05-12T15:02:48.453+0800	error	hello	zapLogger/logger_test.go:23	this is a test
2021-05-12T15:02:48.453+0800	error	hello	zapLogger/logger_test.go:23	this is a test
2021-05-12T15:02:48.453+0800	error	hello	zapLogger/logger_test.go:23	this is a test
2021-05-12T15:02:48.453+0800	error	hello	zapLogger/logger_test.go:23	this is a test
2021-05-12T15:02:48.453+0800	error	hello	zapLogger/logger_test.go:23	this is a test
2021-05-12T15:02:48.453+0800	error	hello	zapLogger/logger_test.go:23	this is a test
2021-05-12T15:02:48.453+0800	error	hello	zapLogger/logger_test.go:23	this is a test
2021-05-12T15:02:48.453+0800	error	hello	zapLogger/logger_test.go:23	this is a test
2021-05-12T15:02:48.453+0800	error	hello	zapLogger/logger_test.go:23	this is a test
2021-05-12T15:02:48.453+0800	error	hello	zapLogger/logger_test.go:23	this is a test
2021-05-12T15:02:48.453+0800	error	hello	zapLogger/logger_test.go:23	this is a test
2021-05-12T15:02:48.453+0800	error	hello	zapLogger/logger_test.go:23	this is a test
2021-05-12T15:02:48.451+0800	error	hello	zapLogger/logger_test.go:23	this is a test
2021-05-12T15:02:48.453+0800	error	hello	zapLogger/logger_test.go:23	this is a test
2021-05-12T15:02:48.453+0800	error	hello	zapLogger/logger_test.go:23	this is a test
2021-05-12T15:02:48.453+0800	error	hello	zapLogger/logger_test.go:23	this is a test
2021-05-12T15:02:48.453+0800	error	hello	zapLogger/logger_test.go:23	this is a test
2021-05-12T15:02:48.453+0800	error	hello	zapLogger/logger_test.go:23	this is a test
2021-05-12T15:02:48.453+0800	error	hello	zapLogger/logger_test.go:23	this is a test
2021-05-12T15:02:48.453+0800	error	hello	zapLogger/logger_test.go:23	this is a test
2021-05-12T15:02:48.453+0800	error	hello	zapLogger/logger_test.go:23	this is a test
2021-05-12T15:02:48.453+0800	error	hello	zapLogger/logger_test.go:23	this is a test
2021-05-12T15:02:48.453+0800	error	hello	zapLogger/logger_test.go:23	this is a test
2021-05-12T15:02:48.453+0800	error	hello	zapLogger/logger_test.go:23	this is a test
2021-05-12T15:02:48.453+0800	error	hello	zapLogger/logger_test.go:23	this is a test
2021-05-12T15:02:48.453+0800	error	hello	zapLogger/logger_test.go:23	this is a test
2021-05-12T15:02:48.453+0800	error	hello	zapLogger/logger_test.go:23	this is a test
2021-05-12T15:02:48.453+0800	error	hello	zapLogger/logger_test.go:23	this is a test
2021-05-12T15:02:48.453+0800	error	hello	zapLogger/logger_test.go:23	this is a test
2021-05-12T15:02:48.453+0800	error	hello	zapLogger/logger_test.go:23	this is a test
2021-05-12T15:02:48.453+0800	error	hello	zapLogger/logger_test.go:23	this is a test
2021-05-12T15:02:48.453+0800	error	hello	zapLogger/logger_test.go:23	this is a test
2021-05-12T15:02:48.453+0800	error	hello	zapLogger/logger_test.go:23	this is a test
2021-05-12T15:02:48.453+0800	error	hello	zapLogger/logger_test.go:23	this is a test
2021-05-12T15:02:48.453+0800	error	hello	zapLogger/logger_test.go:23	this is a test
2021-05-12T15:02:48.453+0800	error	hello	zapLogger/logger_test.go:23	this is a test
2021-05-12T15:02:48.453+0800	error	hello	zapLogger/logger_test.go:23	this is a test
2021-05-12T15:02:48.453+0800	error	hello	zapLogger/logger_test.go:23	this is a test
2021-05-12T15:02:48.453+0800	error	hello	zapLogger/logger_test.go:23	this is a test
2021-05-12T15:02:48.453+0800	error	hello	zapLogger/logger_test.go:23	this is a test
2021-05-12T15:02:48.453+0800	error	hello	zapLogger/logger_test.go:23	this is a test
2021-05-12T15:02:48.453+0800	error	hello	zapLogger/logger_test.go:23	this is a test
2021-05-12T15:02:48.453+0800	error	hello	zapLogger/logger_test.go:23	this is a test
2021-05-12T15:02:48.453+0800	error	hello	zapLogger/logger_test.go:23	this is a test
2021-05-12T15:02:48.453+0800	error	hello	zapLogger/logger_test.go:23	this is a test
2021-05-12T15:02:48.453+0800	error	hello	zapLogger/logger_test.go:23	this is a test
2021-05-12T15:02:48.453+0800	error	hello	zapLogger/logger_test.go:23	this is a test
2021-05-12T15:02:48.453+0800	error	hello	zapLogger/logger_test.go:23	this is a test
2021-05-12T15:02:48.453+0800	error	hello	zapLogger/logger_test.go:23	this is a test
2021-05-12T15:02:48.453+0800	error	hello	zapLogger/logger_test.go:23	this is a test
2021-05-12T15:02:48.453+0800	error	hello	zapLogger/logger_test.go:23	this is a test
2021-05-12T15:02:48.453+0800	error	hello	zapLogger/logger_test.go:23	this is a test
2021-05-12T15:02:48.453+0800	error	hello	zapLogger/logger_test.go:23	this is a test
2021-05-12T15:02:48.453+0800	error	hello	zapLogger/logger_test.go:23	this is a test
2021-05-12T15:02:48.453+0800	error	hello	zapLogger/logger_test.go:23	this is a test
2021-05-12T15:02:48.453+0800	error	hello	zapLogger/logger_test.go:23	this is a test
2021-05-12T15:02:48.453+0800	error	hello	zapLogger/logger_test.go:23	this is a test
2021-05-12T15:02:48.453+0800	error	hello	zapLogger/logger_test.go:23	this is a test
2021-05-12T15:02:48.453+0800	error	hello	zapLogger/logger_test.go:23	this is a test
2021-05-12T15:02:48.453+0800	error	hello	zapLogger/logger_test.go:23	this is a test
2021-05-12T15:02:48.453+0800	error	hello	zapLogger/logger_test.go:23	this is a test
2021-05-12T15:02:48.452+0800	error	hello	zapLogger/logger_test.go:23	this is a test
2021-05-12T15:02:48.453+0800	error	hello	zapLogger/logger_test.go:23	this is a test
2021-05-12T15:02:48.453+0800	error	hello	zapLogger/logger_test.go:23	this is a test
2021-05-12T15:02:48.453+0800	error	hello	zapLogger/logger_test.go:23	this is a test
2021-05-12T15:02:48.452+0800	error	hello	zapLogger/logger_test.go:23	this is a test
2021-05-12T15:02:48.453+0800	error	hello	zapLogger/logger_test.go:23	this is a test
2021-05-12T15:02:48.453+0800	error	hello	zapLogger/logger_test.go:23	this is a test
2021-05-12T15:02:48.453+0800	error	hello	zapLogger/logger_test.go:23	this is a test
2021-05-12T15:02:48.453+0800	error	hello	zapLogger/logger_test.go:23	this is a test
2021-05-12T15:02:48.453+0800	error	hello	zapLogger/logger_test.go:23	this is a test
2021-05-12T15:02:48.453+0800	error	hello	zapLogger/logger_test.go:23	this is a test
2021-05-12T15:02:48.453+0800	error	hello	zapLogger/logger_test.go:23	this is a test
2021-05-12T15:02:48.453+0800	error	hello	zapLogger/logger_test.go:23	this is a test
2021-05-12T15:02:48.453+0800	error	hello	zapLogger/logger_test.go:23	this is a test
2021-05-12T15:02:48.453+0800	error	hello	zapLogger/logger_test.go:23	this is a test
2021-05-12T15:02:48.453+0800	error	hello	zapLogger/logger_test.go:23	this is a test
2021-05-12T15:02:48.453+0800	error	hello	zapLogger/logger_test.go:23	this is a test
2021-05-12T15:02:48.453+0800	error	hello	zapLogger/logger_test.go:23	this is a test
2021-05-12T15:02:48.453+0800	error	hello	zapLogger/logger_test.go:23	this is a test
2021-05-12T15:02:48.453+0800	error	hello	zapLogger/logger_test.go:23	this is a test
2021-05-12T15:02:48.453+0800	error	hello	zapLogger/logger_test.go:23	this is a test
2021-05-12T15:02:48.453+0800	error	hello	zapLogger/logger_test.go:23	this is a test
2021-05-12T15:02:48.453+0800	error	hello	zapLogger/logger_test.go:23	this is a test
2021-05-12T15:02:48.453+0800	error	hello	zapLogger/logger_test.go:23	this is a test
2021-05-12T15:02:48.453+0800	error	hello	zapLogger/logger_test.go:23	this is a test
2021-05-12T15:02:48.453+0800	error	hello	zapLogger/logger_test.go:23	this is a test
2021-05-12T15:02:48.453+0800	error	hello	zapLogger/logger_test.go:23	this is a test
2021-05-12T15:02:48.453+0800	error	hello	zapLogger/logger_test.go:23	this is a test
2021-05-12T15:02:48.453+0800	error	hello	zapLogger/logger_test.go:23	this is a test
2021-05-12T15:02:48.453+0800	error	hello	zapLogger/logger_test.go:23	this is a test
2021-05-12T15:02:48.453+0800	error	hello	zapLogger/logger_test.go:23	this is a test
2021-05-12T15:02:48.453+0800	error	hello	zapLogger/logger_test.go:23	this is a test
2021-05-12T15:02:48.453+0800	error	hello	zapLogger/logger_test.go:23	this is a test
2021-05-12T15:02:48.453+0800	error	hello	zapLogger/logger_test.go:23	this is a test
2021-05-12T15:02:48.453+0800	error	hello	zapLogger/logger_test.go:23	this is a test
2021-05-12T15:02:48.453+0800	error	hello	zapLogger/logger_test.go:23	this is a test
2021-05-12T15:02:48.453+0800	error	hello	zapLogger/logger_test.go:23	this is a test
2021-05-12T15:02:48.453+0800	error	hello	zapLogger/logger_test.go:23	this is a test
2021-05-12T15:02:48.454+0800	error	hello	zapLogger/logger_test.go:23	this is a test
2021-05-12T15:02:48.454+0800	error	hello	zapLogger/logger_test.go:23	this is a test
2021-05-12T15:02:48.453+0800	error	hello	zapLogger/logger_test.go:23	this is a test
2021-05-12T15:02:48.454+0800	error	hello	zapLogger/logger_test.go:23	this is a test
2021-05-12T15:02:48.452+0800	error	hello	zapLogger/logger_test.go:23	this is a test
2021-05-12T15:02:48.454+0800	error	hello	zapLogger/logger_test.go:23	this is a test
2021-05-12T15:02:48.454+0800	error	hello	zapLogger/logger_test.go:23	this is a test
2021-05-12T15:02:48.454+0800	error	hello	zapLogger/logger_test.go:23	this is a test
2021-05-12T15:02:48.454+0800	error	hello	zapLogger/logger_test.go:23	this is a test
2021-05-12T15:02:48.454+0800	error	hello	zapLogger/logger_test.go:23	this is a test
2021-05-12T15:02:48.453+0800	error	hello	zapLogger/logger_test.go:23	this is a test
2021-05-12T15:02:48.454+0800	error	hello	zapLogger/logger_test.go:23	this is a test
2021-05-12T15:02:48.454+0800	error	hello	zapLogger/logger_test.go:23	this is a test
2021-05-12T15:02:48.454+0800	error	hello	zapLogger/logger_test.go:23	this is a test
2021-05-12T15:02:48.454+0800	error	hello	zapLogger/logger_test.go:23	this is a test
2021-05-12T15:02:48.454+0800	error	hello	zapLogger/logger_test.go:23	this is a test
2021-05-12T15:02:48.454+0800	error	hello	zapLogger/logger_test.go:23	this is a test
2021-05-12T15:02:48.454+0800	error	hello	zapLogger/logger_test.go:23	this is a test
2021-05-12T15:02:48.454+0800	error	hello	zapLogger/logger_test.go:23	this is a test
2021-05-12T15:02:48.454+0800	error	hello	zapLogger/logger_test.go:23	this is a test
2021-05-12T15:02:48.454+0800	error	hello	zapLogger/logger_test.go:23	this is a test
2021-05-12T15:02:48.454+0800	error	hello	zapLogger/logger_test.go:23	this is a test
2021-05-12T15:02:48.454+0800	error	hello	zapLogger/logger_test.go:23	this is a test
2021-05-12T15:02:48.454+0800	error	hello	zapLogger/logger_test.go:23	this is a test
2021-05-12T15:02:48.454+0800	error	hello	zapLogger/logger_test.go:23	this is a test
2021-05-12T15:02:48.454+0800	error	hello	zapLogger/logger_test.go:23	this is a test
2021-05-12T15:02:48.454+0800	error	hello	zapLogger/logger_test.go:23	this is a test
2021-05-12T15:02:48.454+0800	error	hello	zapLogger/logger_test.go:23	this is a test
2021-05-12T15:02:48.454+0800	error	hello	zapLogger/logger_test.go:23	this is a test
2021-05-12T15:02:48.454+0800	error	hello	zapLogger/logger_test.go:23	this is a test
2021-05-12T15:02:48.454+0800	error	hello	zapLogger/logger_test.go:23	this is a test
2021-05-12T15:02:48.454+0800	error	hello	zapLogger/logger_test.go:23	this is a test
2021-05-12T15:02:48.454+0800	error	hello	zapLogger/logger_test.go:23	this is a test
2021-05-12T15:02:48.454+0800	error	hello	zapLogger/logger_test.go:23	this is a test
2021-05-12T15:02:48.454+0800	error	hello	zapLogger/logger_test.go:23	this is a test
2021-05-12T15:02:48.454+0800	error	hello	zapLogger/logger_test.go:23	this is a test
2021-05-12T15:02:48.454+0800	error	hello	zapLogger/logger_test.go:23	this is a test
2021-05-12T15:02:48.454+0800	error	hello	zapLogger/logger_test.go:23	this is a test
2021-05-12T15:02:48.454+0800	error	hello	zapLogger/logger_test.go:23	this is a test
2021-05-12T15:02:48.454+0800	error	hello	zapLogger/logger_test.go:23	this is a test
2021-05-12T15:02:48.454+0800	error	hello	zapLogger/logger_test.go:23	this is a test
2021-05-12T15:02:48.454+0800	error	hello	zapLogger/logger_test.go:23	this is a test
2021-05-12T15:02:48.454+0800	error	hello	zapLogger/logger_test.go:23	this is a test
2021-05-12T15:02:48.454+0800	error	hello	zapLogger/logger_test.go:23	this is a test
2021-05-12T15:02:48.454+0800	error	hello	zapLogger/logger_test.go:23	this is a test
2021-05-12T15:02:48.454+0800	error	hello	zapLogger/logger_test.go:23	this is a test
2021-05-12T15:02:48.453+0800	error	hello	zapLogger/logger_test.go:23	this is a test
2021-05-12T15:02:48.454+0800	error	hello	zapLogger/logger_test.go:23	this is a test
2021-05-12T15:02:48.454+0800	error	hello	zapLogger/logger_test.go:23	this is a test
2021-05-12T15:02:48.454+0800	error	hello	zapLogger/logger_test.go:23	this is a test
2021-05-12T15:02:48.454+0800	error	hello	zapLogger/logger_test.go:23	this is a test
2021-05-12T15:02:48.454+0800	error	hello	zapLogger/logger_test.go:23	this is a test
2021-05-12T15:02:48.454+0800	error	hello	zapLogger/logger_test.go:23	this is a test
2021-05-12T15:02:48.454+0800	error	hello	zapLogger/logger_test.go:23	this is a test
2021-05-12T15:02:48.454+0800	error	hello	zapLogger/logger_test.go:23	this is a test
2021-05-12T15:02:48.454+0800	error	hello	zapLogger/logger_test.go:23	this is a test
2021-05-12T15:02:48.454+0800	error	hello	zapLogger/logger_test.go:23	this is a test
2021-05-12T15:02:48.454+0800	error	hello	zapLogger/logger_test.go:23	this is a test
2021-05-12T15:02:48.454+0800	error	hello	zapLogger/logger_test.go:23	this is a test
2021-05-12T15:02:48.453+0800	error	hello	zapLogger/logger_test.go:23	this is a test
2021-05-12T15:02:48.454+0800	error	hello	zapLogger/logger_test.go:23	this is a test
2021-05-12T15:02:48.452+0800	error	hello	zapLogger/logger_test.go:23	this is a test
2021-05-12T15:02:48.454+0800	error	hello	zapLogger/logger_test.go:23	this is a test
2021-05-12T15:02:48.454+0800	error	hello	zapLogger/logger_test.go:23	this is a test
2021-05-12T15:02:48.454+0800	error	hello	zapLogger/logger_test.go:23	this is a test
2021-05-12T15:02:48.454+0800	error	hello	zapLogger/logger_test.go:23	this is a test
2021-05-12T15:02:48.454+0800	error	hello	zapLogger/logger_test.go:23	this is a test
2021-05-12T15:02:48.454+0800	error	hello	zapLogger/logger_test.go:23	this is a test
2021-05-12T15:02:48.454+0800	error	hello	zapLogger/logger_test.go:23	this is a test
2021-05-12T15:02:48.453+0800	error	hello	zapLogger/logger_test.go:23	this is a test
2021-05-12T15:02:48.452+0800	error	hello	zapLogger/logger_test.go:23	this is a test
2021-05-12T15:02:48.453+0800	error	hello	zapLogger/logger_test.go:23	this is a test
2021-05-12T15:02:48.454+0800	error	hello	zapLogger/logger_test.go:23	this is a test
2021-05-12T15:02:48.454+0800	error	hello	zapLogger/logger_test.go:23	this is a test
2021-05-12T15:02:48.454+0800	error	hello	zapLogger/logger_test.go:23	this is a test
2021-05-12T15:02:48.454+0800	error	hello	zapLogger/logger_test.go:23	this is a test
2021-05-12T15:02:48.455+0800	error	hello	zapLogger/logger_test.go:23	this is a test
2021-05-12T15:02:48.454+0800	error	hello	zapLogger/logger_test.go:23	this is a test
2021-05-12T15:02:48.455+0800	error	hello	zapLogger/logger_test.go:23	this is a test
2021-05-12T15:02:48.455+0800	error	hello	zapLogger/logger_test.go:23	this is a test
2021-05-12T15:02:48.455+0800	error	hello	zapLogger/logger_test.go:23	this is a test
2021-05-12T15:02:48.455+0800	error	hello	zapLogger/logger_test.go:23	this is a test
2021-05-12T15:02:48.454+0800	error	hello	zapLogger/logger_test.go:23	this is a test
2021-05-12T15:02:48.455+0800	error	hello	zapLogger/logger_test.go:23	this is a test
2021-05-12T15:02:48.455+0800	error	hello	zapLogger/logger_test.go:23	this is a test
2021-05-12T15:02:48.455+0800	error	hello	zapLogger/logger_test.go:23	this is a test
2021-05-12T15:02:48.455+0800	error	hello	zapLogger/logger_test.go:23	this is a test
2021-05-12T15:02:48.455+0800	error	hello	zapLogger/logger_test.go:23	this is a test
2021-05-12T15:02:48.455+0800	error	hello	zapLogger/logger_test.go:23	this is a test
2021-05-12T15:02:48.455+0800	error	hello	zapLogger/logger_test.go:23	this is a test
2021-05-12T15:02:48.455+0800	error	hello	zapLogger/logger_test.go:23	this is a test
2021-05-12T15:02:48.456+0800	error	hello	zapLogger/logger_test.go:23	this is a test
2021-05-12T15:02:48.455+0800	error	hello	zapLogger/logger_test.go:23	this is a test
2021-05-12T15:02:48.456+0800	error	hello	zapLogger/logger_test.go:23	this is a test
2021-05-12T15:02:48.455+0800	error	hello	zapLogger/logger_test.go:23	this is a test
2021-05-12T15:02:48.455+0800	error	hello	zapLogger/logger_test.go:23	this is a test
2021-05-12T15:02:48.456+0800	error	hello	zapLogger/logger_test.go:23	this is a test
2021-05-12T15:02:48.456+0800	error	hello	zapLogger/logger_test.go:23	this is a test
2021-05-12T15:02:48.456+0800	error	hello	zapLogger/logger_test.go:23	this is a test
2021-05-12T15:02:48.455+0800	error	hello	zapLogger/logger_test.go:23	this is a test
2021-05-12T15:02:48.456+0800	error	hello	zapLogger/logger_test.go:23	this is a test
2021-05-12T15:02:48.456+0800	error	hello	zapLogger/logger_test.go:23	this is a test
2021-05-12T15:02:48.456+0800	error	hello	zapLogger/logger_test.go:23	this is a test
2021-05-12T15:02:48.456+0800	error	hello	zapLogger/logger_test.go:23	this is a test
2021-05-12T15:02:48.455+0800	error	hello	zapLogger/logger_test.go:23	this is a test
2021-05-12T15:02:48.456+0800	error	hello	zapLogger/logger_test.go:23	this is a test
2021-05-12T15:02:48.456+0800	error	hello	zapLogger/logger_test.go:23	this is a test
2021-05-12T15:02:48.456+0800	error	hello	zapLogger/logger_test.go:23	this is a test
2021-05-12T15:02:48.455+0800	error	hello	zapLogger/logger_test.go:23	this is a test
2021-05-12T15:02:48.456+0800	error	hello	zapLogger/logger_test.go:23	this is a test
2021-05-12T15:02:48.456+0800	error	hello	zapLogger/logger_test.go:23	this is a test
2021-05-12T15:02:48.456+0800	error	hello	zapLogger/logger_test.go:23	this is a test
2021-05-12T15:02:48.456+0800	error	hello	zapLogger/logger_test.go:23	this is a test
2021-05-12T15:02:48.456+0800	error	hello	zapLogger/logger_test.go:23	this is a test
2021-05-12T15:02:48.456+0800	error	hello	zapLogger/logger_test.go:23	this is a test
2021-05-12T15:02:48.456+0800	error	hello	zapLogger/logger_test.go:23	this is a test
2021-05-12T15:02:48.456+0800	error	hello	zapLogger/logger_test.go:23	this is a test
2021-05-12T15:02:48.456+0800	error	hello	zapLogger/logger_test.go:23	this is a test
2021-05-12T15:02:48.456+0800	error	hello	zapLogger/logger_test.go:23	this is a test
2021-05-12T15:02:48.456+0800	error	hello	zapLogger/logger_test.go:23	this is a test
2021-05-12T15:02:48.456+0800	error	hello	zapLogger/logger_test.go:23	this is a test
2021-05-12T15:02:48.455+0800	error	hello	zapLogger/logger_test.go:23	this is a test
2021-05-12T15:02:48.456+0800	error	hello	zapLogger/logger_test.go:23	this is a test
2021-05-12T15:02:48.456+0800	error	hello	zapLogger/logger_test.go:23	this is a test
2021-05-12T15:02:48.456+0800	error	hello	zapLogger/logger_test.go:23	this is a test
2021-05-12T15:02:48.456+0800	error	hello	zapLogger/logger_test.go:23	this is a test
2021-05-12T15:02:48.456+0800	error	hello	zapLogger/logger_test.go:23	this is a test
2021-05-12T15:02:48.456+0800	error	hello	zapLogger/logger_test.go:23	this is a test
2021-05-12T15:02:48.455+0800	error	hello	zapLogger/logger_test.go:23	this is a test
2021-05-12T15:02:48.456+0800	error	hello	zapLogger/logger_test.go:23	this is a test
2021-05-12T15:02:48.456+0800	error	hello	zapLogger/logger_test.go:23	this is a test
2021-05-12T15:02:48.456+0800	error	hello	zapLogger/logger_test.go:23	this is a test
2021-05-12T15:02:48.456+0800	error	hello	zapLogger/logger_test.go:23	this is a test
2021-05-12T15:02:48.456+0800	error	hello	zapLogger/logger_test.go:23	this is a test
2021-05-12T15:02:48.456+0800	error	hello	zapLogger/logger_test.go:23	this is a test
2021-05-12T15:02:48.456+0800	error	hello	zapLogger/logger_test.go:23	this is a test
2021-05-12T15:02:48.456+0800	error	hello	zapLogger/logger_test.go:23	this is a test
2021-05-12T15:02:48.456+0800	error	hello	zapLogger/logger_test.go:23	this is a test
2021-05-12T15:02:48.456+0800	error	hello	zapLogger/logger_test.go:23	this is a test
2021-05-12T15:02:48.456+0800	error	hello	zapLogger/logger_test.go:23	this is a test
2021-05-12T15:02:48.456+0800	error	hello	zapLogger/logger_test.go:23	this is a test
2021-05-12T15:02:48.456+0800	error	hello	zapLogger/logger_test.go:23	this is a test
2021-05-12T15:02:48.456+0800	error	hello	zapLogger/logger_test.go:23	this is a test
2021-05-12T15:02:48.456+0800	error	hello	zapLogger/logger_test.go:23	this is a test
2021-05-12T15:02:48.456+0800	error	hello	zapLogger/logger_test.go:23	this is a test
2021-05-12T15:02:48.456+0800	error	hello	zapLogger/logger_test.go:23	this is a test
2021-05-12T15:02:48.456+0800	error	hello	zapLogger/logger_test.go:23	this is a test
2021-05-12T15:02:48.456+0800	error	hello	zapLogger/logger_test.go:23	this is a test
2021-05-12T15:02:48.456+0800	error	hello	zapLogger/logger_test.go:23	this is a test
2021-05-12T15:02:48.456+0800	error	hello	zapLogger/logger_test.go:23	this is a test
2021-05-12T15:02:48.456+0800	error	hello	zapLogger/logger_test.go:23	this is a test
2021-05-12T15:02:48.456+0800	error	hello	zapLogger/logger_test.go:23	this is a test
2021-05-12T15:02:48.456+0800	error	hello	zapLogger/logger_test.go:23	this is a test
2021-05-12T15:02:48.456+0800	error	hello	zapLogger/logger_test.go:23	this is a test
2021-05-12T15:02:48.456+0800	error	hello	zapLogger/logger_test.go:23	this is a test
2021-05-12T15:02:48.456+0800	error	hello	zapLogger/logger_test.go:23	this is a test
2021-05-12T15:02:48.456+0800	error	hello	zapLogger/logger_test.go:23	this is a test
2021-05-12T15:02:48.457+0800	error	hello	zapLogger/logger_test.go:23	this is a test
2021-05-12T15:02:48.456+0800	error	hello	zapLogger/logger_test.go:23	this is a test
2021-05-12T15:02:48.457+0800	error	hello	zapLogger/logger_test.go:23	this is a test
2021-05-12T15:02:48.457+0800	error	hello	zapLogger/logger_test.go:23	this is a test
2021-05-12T15:02:48.457+0800	error	hello	zapLogger/logger_test.go:23	this is a test
2021-05-12T15:02:48.457+0800	error	hello	zapLogger/logger_test.go:23	this is a test
2021-05-12T15:02:48.457+0800	error	hello	zapLogger/logger_test.go:23	this is a test
2021-05-12T15:02:48.457+0800	error	hello	zapLogger/logger_test.go:23	this is a test
2021-05-12T15:02:48.456+0800	error	hello	zapLogger/logger_test.go:23	this is a test
2021-05-12T15:02:48.456+0800	error	hello	zapLogger/logger_test.go:23	this is a test
2021-05-12T15:02:48.457+0800	error	hello	zapLogger/logger_test.go:23	this is a test
2021-05-12T15:02:48.457+0800	error	hello	zapLogger/logger_test.go:23	this is a test
2021-05-12T15:02:48.456+0800	error	hello	zapLogger/logger_test.go:23	this is a test
2021-05-12T15:02:48.456+0800	error	hello	zapLogger/logger_test.go:23	this is a test
2021-05-12T15:02:48.457+0800	error	hello	zapLogger/logger_test.go:23	this is a test
2021-05-12T15:02:48.457+0800	error	hello	zapLogger/logger_test.go:23	this is a test
2021-05-12T15:02:48.456+0800	error	hello	zapLogger/logger_test.go:23	this is a test
2021-05-12T15:02:48.457+0800	error	hello	zapLogger/logger_test.go:23	this is a test
2021-05-12T15:02:48.457+0800	error	hello	zapLogger/logger_test.go:23	this is a test
2021-05-12T15:02:48.458+0800	error	hello	zapLogger/logger_test.go:23	this is a test
2021-05-12T15:02:48.457+0800	error	hello	zapLogger/logger_test.go:23	this is a test
2021-05-12T15:02:48.458+0800	error	hello	zapLogger/logger_test.go:23	this is a test
2021-05-12T15:02:48.455+0800	error	hello	zapLogger/logger_test.go:23	this is a test
2021-05-12T15:02:48.457+0800	error	hello	zapLogger/logger_test.go:23	this is a test
2021-05-12T15:02:48.458+0800	error	hello	zapLogger/logger_test.go:23	this is a test
2021-05-12T15:02:48.458+0800	error	hello	zapLogger/logger_test.go:23	this is a test
2021-05-12T15:02:48.458+0800	error	hello	zapLogger/logger_test.go:23	this is a test
2021-05-12T15:02:48.458+0800	error	hello	zapLogger/logger_test.go:23	this is a test
2021-05-12T15:02:48.458+0800	error	hello	zapLogger/logger_test.go:23	this is a test
2021-05-12T15:02:48.458+0800	error	hello	zapLogger/logger_test.go:23	this is a test
2021-05-12T15:02:48.458+0800	error	hello	zapLogger/logger_test.go:23	this is a test
2021-05-12T15:02:48.457+0800	error	hello	zapLogger/logger_test.go:23	this is a test
2021-05-12T15:02:48.458+0800	error	hello	zapLogger/logger_test.go:23	this is a test
2021-05-12T15:02:48.457+0800	error	hello	zapLogger/logger_test.go:23	this is a test
2021-05-12T15:02:48.457+0800	error	hello	zapLogger/logger_test.go:23	this is a test
2021-05-12T15:02:48.458+0800	error	hello	zapLogger/logger_test.go:23	this is a test
2021-05-12T15:02:48.458+0800	error	hello	zapLogger/logger_test.go:23	this is a test
2021-05-12T15:02:48.457+0800	error	hello	zapLogger/logger_test.go:23	this is a test
2021-05-12T15:02:48.458+0800	error	hello	zapLogger/logger_test.go:23	this is a test
2021-05-12T15:02:48.457+0800	error	hello	zapLogger/logger_test.go:23	this is a test
2021-05-12T15:02:48.458+0800	error	hello	zapLogger/logger_test.go:23	this is a test
2021-05-12T15:02:48.458+0800	error	hello	zapLogger/logger_test.go:23	this is a test
2021-05-12T15:02:48.458+0800	error	hello	zapLogger/logger_test.go:23	this is a test
2021-05-12T15:02:48.458+0800	error	hello	zapLogger/logger_test.go:23	this is a test
2021-05-12T15:02:48.458+0800	error	hello	zapLogger/logger_test.go:23	this is a test
2021-05-12T15:02:48.458+0800	error	hello	zapLogger/logger_test.go:23	this is a test
2021-05-12T15:02:48.459+0800	error	hello	zapLogger/logger_test.go:23	this is a test
2021-05-12T15:02:48.458+0800	error	hello	zapLogger/logger_test.go:23	this is a test
2021-05-12T15:02:48.456+0800	error	hello	zapLogger/logger_test.go:23	this is a test
2021-05-12T15:02:48.458+0800	error	hello	zapLogger/logger_test.go:23	this is a test
2021-05-12T15:02:48.458+0800	error	hello	zapLogger/logger_test.go:23	this is a test
2021-05-12T15:02:48.458+0800	error	hello	zapLogger/logger_test.go:23	this is a test
2021-05-12T15:02:48.458+0800	error	hello	zapLogger/logger_test.go:23	this is a test
2021-05-12T15:02:48.458+0800	error	hello	zapLogger/logger_test.go:23	this is a test
2021-05-12T15:02:48.458+0800	error	hello	zapLogger/logger_test.go:23	this is a test
2021-05-12T15:02:48.458+0800	error	hello	zapLogger/logger_test.go:23	this is a test
2021-05-12T15:02:48.459+0800	error	hello	zapLogger/logger_test.go:23	this is a test
2021-05-12T15:02:48.459+0800	error	hello	zapLogger/logger_test.go:23	this is a test
2021-05-12T15:02:48.459+0800	error	hello	zapLogger/logger_test.go:23	this is a test
2021-05-12T15:02:48.459+0800	error	hello	zapLogger/logger_test.go:23	this is a test
2021-05-12T15:02:48.460+0800	error	hello	zapLogger/logger_test.go:23	this is a test
2021-05-12T15:02:48.460+0800	error	hello	zapLogger/logger_test.go:23	this is a test
2021-05-12T15:02:48.460+0800	error	hello	zapLogger/logger_test.go:23	this is a test
2021-05-12T15:02:48.460+0800	error	hello	zapLogger/logger_test.go:23	this is a test
2021-05-12T15:02:48.460+0800	error	hello	zapLogger/logger_test.go:23	this is a test
2021-05-12T15:02:48.460+0800	error	hello	zapLogger/logger_test.go:23	this is a test
2021-05-12T15:02:48.459+0800	error	hello	zapLogger/logger_test.go:23	this is a test
2021-05-12T15:02:48.460+0800	error	hello	zapLogger/logger_test.go:23	this is a test
2021-05-12T15:02:48.460+0800	error	hello	zapLogger/logger_test.go:23	this is a test
2021-05-12T15:02:48.459+0800	error	hello	zapLogger/logger_test.go:23	this is a test
2021-05-12T15:02:48.461+0800	error	hello	zapLogger/logger_test.go:23	this is a test
2021-05-12T15:02:48.459+0800	error	hello	zapLogger/logger_test.go:23	this is a test
2021-05-12T15:02:48.459+0800	error	hello	zapLogger/logger_test.go:23	this is a test
2021-05-12T15:02:48.461+0800	error	hello	zapLogger/logger_test.go:23	this is a test
2021-05-12T15:02:48.461+0800	error	hello	zapLogger/logger_test.go:23	this is a test
2021-05-12T15:02:48.459+0800	error	hello	zapLogger/logger_test.go:23	this is a test
2021-05-12T15:02:48.461+0800	error	hello	zapLogger/logger_test.go:23	this is a test
2021-05-12T15:02:48.459+0800	error	hello	zapLogger/logger_test.go:23	this is a test
2021-05-12T15:02:48.459+0800	error	hello	zapLogger/logger_test.go:23	this is a test
2021-05-12T15:02:48.459+0800	error	hello	zapLogger/logger_test.go:23	this is a test
2021-05-12T15:02:48.460+0800	error	hello	zapLogger/logger_test.go:23	this is a test
2021-05-12T15:02:48.461+0800	error	hello	zapLogger/logger_test.go:23	this is a test
2021-05-12T15:02:48.461+0800	error	hello	zapLogger/logger_test.go:23	this is a test
2021-05-12T15:02:48.460+0800	error	hello	zapLogger/logger_test.go:23	this is a test
2021-05-12T15:02:48.461+0800	error	hello	zapLogger/logger_test.go:23	this is a test
2021-05-12T15:02:48.461+0800	error	hello	zapLogger/logger_test.go:23	this is a test
2021-05-12T15:02:48.461+0800	error	hello	zapLogger/logger_test.go:23	this is a test
2021-05-12T15:02:48.461+0800	error	hello	zapLogger/logger_test.go:23	this is a test
2021-05-12T15:02:48.459+0800	error	hello	zapLogger/logger_test.go:23	this is a test
2021-05-12T15:02:48.461+0800	error	hello	zapLogger/logger_test.go:23	this is a test
2021-05-12T15:02:48.461+0800	error	hello	zapLogger/logger_test.go:23	this is a test
2021-05-12T15:02:48.462+0800	error	hello	zapLogger/logger_test.go:23	this is a test
2021-05-12T15:02:48.461+0800	error	hello	zapLogger/logger_test.go:23	this is a test
2021-05-12T15:02:48.462+0800	error	hello	zapLogger/logger_test.go:23	this is a test
2021-05-12T15:02:48.461+0800	error	hello	zapLogger/logger_test.go:23	this is a test
2021-05-12T15:02:48.462+0800	error	hello	zapLogger/logger_test.go:23	this is a test
2021-05-12T15:02:48.461+0800	error	hello	zapLogger/logger_test.go:23	this is a test
2021-05-12T15:02:48.462+0800	error	hello	zapLogger/logger_test.go:23	this is a test
2021-05-12T15:02:48.462+0800	error	hello	zapLogger/logger_test.go:23	this is a test
2021-05-12T15:02:48.462+0800	error	hello	zapLogger/logger_test.go:23	this is a test
2021-05-12T15:02:48.462+0800	error	hello	zapLogger/logger_test.go:23	this is a test
2021-05-12T15:02:48.462+0800	error	hello	zapLogger/logger_test.go:23	this is a test
2021-05-12T15:02:48.462+0800	error	hello	zapLogger/logger_test.go:23	this is a test
2021-05-12T15:02:48.462+0800	error	hello	zapLogger/logger_test.go:23	this is a test
2021-05-12T15:02:48.462+0800	error	hello	zapLogger/logger_test.go:23	this is a test
2021-05-12T15:02:48.462+0800	error	hello	zapLogger/logger_test.go:23	this is a test
2021-05-12T15:02:48.462+0800	error	hello	zapLogger/logger_test.go:23	this is a test
2021-05-12T15:02:48.462+0800	error	hello	zapLogger/logger_test.go:23	this is a test
2021-05-12T15:02:48.462+0800	error	hello	zapLogger/logger_test.go:23	this is a test
2021-05-12T15:02:48.462+0800	error	hello	zapLogger/logger_test.go:23	this is a test
2021-05-12T15:02:48.462+0800	error	hello	zapLogger/logger_test.go:23	this is a test
2021-05-12T15:02:48.462+0800	error	hello	zapLogger/logger_test.go:23	this is a test
2021-05-12T15:02:48.462+0800	error	hello	zapLogger/logger_test.go:23	this is a test
2021-05-12T15:02:48.462+0800	error	hello	zapLogger/logger_test.go:23	this is a test
2021-05-12T15:02:48.462+0800	error	hello	zapLogger/logger_test.go:23	this is a test
2021-05-12T15:02:48.462+0800	error	hello	zapLogger/logger_test.go:23	this is a test
2021-05-12T15:02:48.462+0800	error	hello	zapLogger/logger_test.go:23	this is a test
2021-05-12T15:02:48.462+0800	error	hello	zapLogger/logger_test.go:23	this is a test
2021-05-12T15:02:48.462+0800	error	hello	zapLogger/logger_test.go:23	this is a test
2021-05-12T15:02:48.462+0800	error	hello	zapLogger/logger_test.go:23	this is a test
2021-05-12T15:02:48.462+0800	error	hello	zapLogger/logger_test.go:23	this is a test
2021-05-12T15:02:48.462+0800	error	hello	zapLogger/logger_test.go:23	this is a test
2021-05-12T15:02:48.462+0800	error	hello	zapLogger/logger_test.go:23	this is a test
2021-05-12T15:02:48.461+0800	error	hello	zapLogger/logger_test.go:23	this is a test
2021-05-12T15:02:48.462+0800	error	hello	zapLogger/logger_test.go:23	this is a test
2021-05-12T15:02:48.461+0800	error	hello	zapLogger/logger_test.go:23	this is a test
2021-05-12T15:02:48.462+0800	error	hello	zapLogger/logger_test.go:23	this is a test
2021-05-12T15:02:48.461+0800	error	hello	zapLogger/logger_test.go:23	this is a test
2021-05-12T15:02:48.462+0800	error	hello	zapLogger/logger_test.go:23	this is a test
2021-05-12T15:02:48.462+0800	error	hello	zapLogger/logger_test.go:23	this is a test
2021-05-12T15:02:48.462+0800	error	hello	zapLogger/logger_test.go:23	this is a test
2021-05-12T15:02:48.462+0800	error	hello	zapLogger/logger_test.go:23	this is a test
2021-05-12T15:02:48.462+0800	error	hello	zapLogger/logger_test.go:23	this is a test
2021-05-12T15:02:48.462+0800	error	hello	zapLogger/logger_test.go:23	this is a test
2021-05-12T15:02:48.462+0800	error	hello	zapLogger/logger_test.go:23	this is a test
2021-05-12T15:02:48.462+0800	error	hello	zapLogger/logger_test.go:23	this is a test
2021-05-12T15:02:48.462+0800	error	hello	zapLogger/logger_test.go:23	this is a test
2021-05-12T15:02:48.462+0800	error	hello	zapLogger/logger_test.go:23	this is a test
2021-05-12T15:02:48.462+0800	error	hello	zapLogger/logger_test.go:23	this is a test
2021-05-12T15:02:48.462+0800	error	hello	zapLogger/logger_test.go:23	this is a test
2021-05-12T15:02:48.462+0800	error	hello	zapLogger/logger_test.go:23	this is a test
2021-05-12T15:02:48.462+0800	error	hello	zapLogger/logger_test.go:23	this is a test
2021-05-12T15:02:48.462+0800	error	hello	zapLogger/logger_test.go:23	this is a test
2021-05-12T15:02:48.462+0800	error	hello	zapLogger/logger_test.go:23	this is a test
2021-05-12T15:02:48.462+0800	error	hello	zapLogger/logger_test.go:23	this is a test
2021-05-12T15:02:48.462+0800	error	hello	zapLogger/logger_test.go:23	this is a test
2021-05-12T15:02:48.461+0800	error	hello	zapLogger/logger_test.go:23	this is a test
2021-05-12T15:02:48.462+0800	error	hello	zapLogger/logger_test.go:23	this is a test
2021-05-12T15:02:48.462+0800	error	hello	zapLogger/logger_test.go:23	this is a test
2021-05-12T15:02:48.462+0800	error	hello	zapLogger/logger_test.go:23	this is a test
2021-05-12T15:02:48.462+0800	error	hello	zapLogger/logger_test.go:23	this is a test
2021-05-12T15:02:48.462+0800	error	hello	zapLogger/logger_test.go:23	this is a test
2021-05-12T15:02:48.462+0800	error	hello	zapLogger/logger_test.go:23	this is a test
2021-05-12T15:02:48.462+0800	error	hello	zapLogger/logger_test.go:23	this is a test
2021-05-12T15:02:48.462+0800	error	hello	zapLogger/logger_test.go:23	this is a test
2021-05-12T15:02:48.462+0800	error	hello	zapLogger/logger_test.go:23	this is a test
2021-05-12T15:02:48.462+0800	error	hello	zapLogger/logger_test.go:23	this is a test
2021-05-12T15:02:48.462+0800	error	hello	zapLogger/logger_test.go:23	this is a test
2021-05-12T15:02:48.462+0800	error	hello	zapLogger/logger_test.go:23	this is a test
2021-05-12T15:02:48.462+0800	error	hello	zapLogger/logger_test.go:23	this is a test
2021-05-12T15:02:48.462+0800	error	hello	zapLogger/logger_test.go:23	this is a test
2021-05-12T15:02:48.462+0800	error	hello	zapLogger/logger_test.go:23	this is a test
2021-05-12T15:02:48.462+0800	error	hello	zapLogger/logger_test.go:23	this is a test
2021-05-12T15:02:48.462+0800	error	hello	zapLogger/logger_test.go:23	this is a test
2021-05-12T15:02:48.462+0800	error	hello	zapLogger/logger_test.go:23	this is a test
2021-05-12T15:02:48.462+0800	error	hello	zapLogger/logger_test.go:23	this is a test
2021-05-12T15:02:48.462+0800	error	hello	zapLogger/logger_test.go:23	this is a test
2021-05-12T15:02:48.462+0800	error	hello	zapLogger/logger_test.go:23	this is a test
2021-05-12T15:02:48.462+0800	error	hello	zapLogger/logger_test.go:23	this is a test
2021-05-12T15:02:48.462+0800	error	hello	zapLogger/logger_test.go:23	this is a test
2021-05-12T15:02:48.462+0800	error	hello	zapLogger/logger_test.go:23	this is a test
2021-05-12T15:02:48.462+0800	error	hello	zapLogger/logger_test.go:23	this is a test
2021-05-12T15:02:48.462+0800	error	hello	zapLogger/logger_test.go:23	this is a test
2021-05-12T15:02:48.462+0800	error	hello	zapLogger/logger_test.go:23	this is a test
2021-05-12T15:02:48.462+0800	error	hello	zapLogger/logger_test.go:23	this is a test
2021-05-12T15:02:48.463+0800	error	hello	zapLogger/logger_test.go:23	this is a test
2021-05-12T15:02:48.462+0800	error	hello	zapLogger/logger_test.go:23	this is a test
2021-05-12T15:02:48.463+0800	error	hello	zapLogger/logger_test.go:23	this is a test
2021-05-12T15:02:48.461+0800	error	hello	zapLogger/logger_test.go:23	this is a test
2021-05-12T15:02:48.461+0800	error	hello	zapLogger/logger_test.go:23	this is a test
2021-05-12T15:02:48.462+0800	error	hello	zapLogger/logger_test.go:23	this is a test
2021-05-12T15:02:48.463+0800	error	hello	zapLogger/logger_test.go:23	this is a test
2021-05-12T15:02:48.462+0800	error	hello	zapLogger/logger_test.go:23	this is a test
2021-05-12T15:02:48.463+0800	error	hello	zapLogger/logger_test.go:23	this is a test
2021-05-12T15:02:48.462+0800	error	hello	zapLogger/logger_test.go:23	this is a test
2021-05-12T15:02:48.462+0800	error	hello	zapLogger/logger_test.go:23	this is a test
2021-05-12T15:02:48.463+0800	error	hello	zapLogger/logger_test.go:23	this is a test
2021-05-12T15:02:48.463+0800	error	hello	zapLogger/logger_test.go:23	this is a test
2021-05-12T15:02:48.463+0800	error	hello	zapLogger/logger_test.go:23	this is a test
2021-05-12T15:02:48.463+0800	error	hello	zapLogger/logger_test.go:23	this is a test
2021-05-12T15:02:48.462+0800	error	hello	zapLogger/logger_test.go:23	this is a test
2021-05-12T15:02:48.463+0800	error	hello	zapLogger/logger_test.go:23	this is a test
2021-05-12T15:02:48.463+0800	error	hello	zapLogger/logger_test.go:23	this is a test
2021-05-12T15:02:48.463+0800	error	hello	zapLogger/logger_test.go:23	this is a test
2021-05-12T15:02:48.463+0800	error	hello	zapLogger/logger_test.go:23	this is a test
2021-05-12T15:02:48.463+0800	error	hello	zapLogger/logger_test.go:23	this is a test
2021-05-12T15:02:48.463+0800	error	hello	zapLogger/logger_test.go:23	this is a test
2021-05-12T15:02:48.463+0800	error	hello	zapLogger/logger_test.go:23	this is a test
2021-05-12T15:02:48.463+0800	error	hello	zapLogger/logger_test.go:23	this is a test
2021-05-12T15:02:48.463+0800	error	hello	zapLogger/logger_test.go:23	this is a test
2021-05-12T15:02:48.463+0800	error	hello	zapLogger/logger_test.go:23	this is a test
2021-05-12T15:02:48.463+0800	error	hello	zapLogger/logger_test.go:23	this is a test
2021-05-12T15:02:48.463+0800	error	hello	zapLogger/logger_test.go:23	this is a test
2021-05-12T15:02:48.463+0800	error	hello	zapLogger/logger_test.go:23	this is a test
2021-05-12T15:02:48.463+0800	error	hello	zapLogger/logger_test.go:23	this is a test
2021-05-12T15:02:48.463+0800	error	hello	zapLogger/logger_test.go:23	this is a test
2021-05-12T15:02:48.463+0800	error	hello	zapLogger/logger_test.go:23	this is a test
2021-05-12T15:02:48.463+0800	error	hello	zapLogger/logger_test.go:23	this is a test
2021-05-12T15:02:48.463+0800	error	hello	zapLogger/logger_test.go:23	this is a test
2021-05-12T15:02:48.463+0800	error	hello	zapLogger/logger_test.go:23	this is a test
2021-05-12T15:02:48.463+0800	error	hello	zapLogger/logger_test.go:23	this is a test
2021-05-12T15:02:48.463+0800	error	hello	zapLogger/logger_test.go:23	this is a test
2021-05-12T15:02:48.463+0800	error	hello	zapLogger/logger_test.go:23	this is a test
2021-05-12T15:02:48.463+0800	error	hello	zapLogger/logger_test.go:23	this is a test
2021-05-12T15:02:48.463+0800	error	hello	zapLogger/logger_test.go:23	this is a test
2021-05-12T15:02:48.463+0800	error	hello	zapLogger/logger_test.go:23	this is a test
2021-05-12T15:02:48.463+0800	error	hello	zapLogger/logger_test.go:23	this is a test
2021-05-12T15:02:48.463+0800	error	hello	zapLogger/logger_test.go:23	this is a test
2021-05-12T15:02:48.463+0800	error	hello	zapLogger/logger_test.go:23	this is a test
2021-05-12T15:02:48.463+0800	error	hello	zapLogger/logger_test.go:23	this is a test
2021-05-12T15:02:48.463+0800	error	hello	zapLogger/logger_test.go:23	this is a test
2021-05-12T15:02:48.463+0800	error	hello	zapLogger/logger_test.go:23	this is a test
2021-05-12T15:02:48.463+0800	error	hello	zapLogger/logger_test.go:23	this is a test
2021-05-12T15:02:48.463+0800	error	hello	zapLogger/logger_test.go:23	this is a test
2021-05-12T15:02:48.463+0800	error	hello	zapLogger/logger_test.go:23	this is a test
2021-05-12T15:02:48.463+0800	error	hello	zapLogger/logger_test.go:23	this is a test
2021-05-12T15:02:48.463+0800	error	hello	zapLogger/logger_test.go:23	this is a test
2021-05-12T15:02:48.463+0800	error	hello	zapLogger/logger_test.go:23	this is a test
2021-05-12T15:02:48.463+0800	error	hello	zapLogger/logger_test.go:23	this is a test
2021-05-12T15:02:48.463+0800	error	hello	zapLogger/logger_test.go:23	this is a test
2021-05-12T15:02:48.463+0800	error	hello	zapLogger/logger_test.go:23	this is a test
2021-05-12T15:02:48.462+0800	error	hello	zapLogger/logger_test.go:23	this is a test
2021-05-12T15:02:48.463+0800	error	hello	zapLogger/logger_test.go:23	this is a test
2021-05-12T15:02:48.463+0800	error	hello	zapLogger/logger_test.go:23	this is a test
2021-05-12T15:02:48.463+0800	error	hello	zapLogger/logger_test.go:23	this is a test
2021-05-12T15:02:48.463+0800	error	hello	zapLogger/logger_test.go:23	this is a test
2021-05-12T15:02:48.463+0800	error	hello	zapLogger/logger_test.go:23	this is a test
2021-05-12T15:02:48.463+0800	error	hello	zapLogger/logger_test.go:23	this is a test
2021-05-12T15:02:48.463+0800	error	hello	zapLogger/logger_test.go:23	this is a test
2021-05-12T15:02:48.463+0800	error	hello	zapLogger/logger_test.go:23	this is a test
2021-05-12T15:02:48.463+0800	error	hello	zapLogger/logger_test.go:23	this is a test
2021-05-12T15:02:48.464+0800	error	hello	zapLogger/logger_test.go:23	this is a test
2021-05-12T15:02:48.464+0800	error	hello	zapLogger/logger_test.go:23	this is a test
2021-05-12T15:02:48.463+0800	error	hello	zapLogger/logger_test.go:23	this is a test
2021-05-12T15:02:48.464+0800	error	hello	zapLogger/logger_test.go:23	this is a test
2021-05-12T15:02:48.464+0800	error	hello	zapLogger/logger_test.go:23	this is a test
2021-05-12T15:02:48.463+0800	error	hello	zapLogger/logger_test.go:23	this is a test
2021-05-12T15:02:48.464+0800	error	hello	zapLogger/logger_test.go:23	this is a test
2021-05-12T15:02:48.463+0800	error	hello	zapLogger/logger_test.go:23	this is a test
2021-05-12T15:02:48.464+0800	error	hello	zapLogger/logger_test.go:23	this is a test
2021-05-12T15:02:48.464+0800	error	hello	zapLogger/logger_test.go:23	this is a test
2021-05-12T15:02:48.464+0800	error	hello	zapLogger/logger_test.go:23	this is a test
2021-05-12T15:02:48.464+0800	error	hello	zapLogger/logger_test.go:23	this is a test
2021-05-12T15:02:48.464+0800	error	hello	zapLogger/logger_test.go:23	this is a test
2021-05-12T15:02:48.464+0800	error	hello	zapLogger/logger_test.go:23	this is a test
2021-05-12T15:02:48.464+0800	error	hello	zapLogger/logger_test.go:23	this is a test
2021-05-12T15:02:48.464+0800	error	hello	zapLogger/logger_test.go:23	this is a test
2021-05-12T15:02:48.464+0800	error	hello	zapLogger/logger_test.go:23	this is a test
2021-05-12T15:02:48.464+0800	error	hello	zapLogger/logger_test.go:23	this is a test
2021-05-12T15:02:48.464+0800	error	hello	zapLogger/logger_test.go:23	this is a test
2021-05-12T15:02:48.464+0800	error	hello	zapLogger/logger_test.go:23	this is a test
2021-05-12T15:02:48.464+0800	error	hello	zapLogger/logger_test.go:23	this is a test
2021-05-12T15:02:48.464+0800	error	hello	zapLogger/logger_test.go:23	this is a test
2021-05-12T15:02:48.464+0800	error	hello	zapLogger/logger_test.go:23	this is a test
2021-05-12T15:02:48.464+0800	error	hello	zapLogger/logger_test.go:23	this is a test
2021-05-12T15:02:48.463+0800	error	hello	zapLogger/logger_test.go:23	this is a test
2021-05-12T15:02:48.464+0800	error	hello	zapLogger/logger_test.go:23	this is a test
2021-05-12T15:02:48.463+0800	error	hello	zapLogger/logger_test.go:23	this is a test
2021-05-12T15:02:48.464+0800	error	hello	zapLogger/logger_test.go:23	this is a test
2021-05-12T15:02:48.463+0800	error	hello	zapLogger/logger_test.go:23	this is a test
2021-05-12T15:02:48.464+0800	error	hello	zapLogger/logger_test.go:23	this is a test
2021-05-12T15:02:48.463+0800	error	hello	zapLogger/logger_test.go:23	this is a test
2021-05-12T15:02:48.464+0800	error	hello	zapLogger/logger_test.go:23	this is a test
2021-05-12T15:02:48.463+0800	error	hello	zapLogger/logger_test.go:23	this is a test
2021-05-12T15:02:48.464+0800	error	hello	zapLogger/logger_test.go:23	this is a test
2021-05-12T15:02:48.464+0800	error	hello	zapLogger/logger_test.go:23	this is a test
2021-05-12T15:02:48.464+0800	error	hello	zapLogger/logger_test.go:23	this is a test
2021-05-12T15:02:48.464+0800	error	hello	zapLogger/logger_test.go:23	this is a test
2021-05-12T15:02:48.464+0800	error	hello	zapLogger/logger_test.go:23	this is a test
2021-05-12T15:02:48.464+0800	error	hello	zapLogger/logger_test.go:23	this is a test
2021-05-12T15:02:48.463+0800	error	hello	zapLogger/logger_test.go:23	this is a test
2021-05-12T15:02:48.464+0800	error	hello	zapLogger/logger_test.go:23	this is a test
2021-05-12T15:02:48.464+0800	error	hello	zapLogger/logger_test.go:23	this is a test
2021-05-12T15:02:48.464+0800	error	hello	zapLogger/logger_test.go:23	this is a test
2021-05-12T15:02:48.464+0800	error	hello	zapLogger/logger_test.go:23	this is a test
2021-05-12T15:02:48.464+0800	error	hello	zapLogger/logger_test.go:23	this is a test
2021-05-12T15:02:48.464+0800	error	hello	zapLogger/logger_test.go:23	this is a test
2021-05-12T15:02:48.464+0800	error	hello	zapLogger/logger_test.go:23	this is a test
2021-05-12T15:02:48.464+0800	error	hello	zapLogger/logger_test.go:23	this is a test
2021-05-12T15:02:48.464+0800	error	hello	zapLogger/logger_test.go:23	this is a test
2021-05-12T15:02:48.464+0800	error	hello	zapLogger/logger_test.go:23	this is a test
2021-05-12T15:02:48.464+0800	error	hello	zapLogger/logger_test.go:23	this is a test
2021-05-12T15:02:48.464+0800	error	hello	zapLogger/logger_test.go:23	this is a test
2021-05-12T15:02:48.464+0800	error	hello	zapLogger/logger_test.go:23	this is a test
2021-05-12T15:02:48.464+0800	error	hello	zapLogger/logger_test.go:23	this is a test
2021-05-12T15:02:48.464+0800	error	hello	zapLogger/logger_test.go:23	this is a test
2021-05-12T15:02:48.464+0800	error	hello	zapLogger/logger_test.go:23	this is a test
2021-05-12T15:02:48.464+0800	error	hello	zapLogger/logger_test.go:23	this is a test
2021-05-12T15:02:48.464+0800	error	hello	zapLogger/logger_test.go:23	this is a test
2021-05-12T15:02:48.464+0800	error	hello	zapLogger/logger_test.go:23	this is a test
2021-05-12T15:02:48.464+0800	error	hello	zapLogger/logger_test.go:23	this is a test
2021-05-12T15:02:48.464+0800	error	hello	zapLogger/logger_test.go:23	this is a test
2021-05-12T15:02:48.464+0800	error	hello	zapLogger/logger_test.go:23	this is a test
2021-05-12T15:02:48.464+0800	error	hello	zapLogger/logger_test.go:23	this is a test
2021-05-12T15:02:48.464+0800	error	hello	zapLogger/logger_test.go:23	this is a test
2021-05-12T15:02:48.464+0800	error	hello	zapLogger/logger_test.go:23	this is a test
2021-05-12T15:02:48.464+0800	error	hello	zapLogger/logger_test.go:23	this is a test
2021-05-12T15:02:48.464+0800	error	hello	zapLogger/logger_test.go:23	this is a test
2021-05-12T15:02:48.464+0800	error	hello	zapLogger/logger_test.go:23	this is a test
2021-05-12T15:02:48.464+0800	error	hello	zapLogger/logger_test.go:23	this is a test
2021-05-12T15:02:48.464+0800	error	hello	zapLogger/logger_test.go:23	this is a test
2021-05-12T15:02:48.464+0800	error	hello	zapLogger/logger_test.go:23	this is a test
2021-05-12T15:02:48.464+0800	error	hello	zapLogger/logger_test.go:23	this is a test
2021-05-12T15:02:48.464+0800	error	hello	zapLogger/logger_test.go:23	this is a test
2021-05-12T15:02:48.464+0800	error	hello	zapLogger/logger_test.go:23	this is a test
2021-05-12T15:02:48.464+0800	error	hello	zapLogger/logger_test.go:23	this is a test
2021-05-12T15:02:48.464+0800	error	hello	zapLogger/logger_test.go:23	this is a test
2021-05-12T15:02:48.464+0800	error	hello	zapLogger/logger_test.go:23	this is a test
2021-05-12T15:02:48.464+0800	error	hello	zapLogger/logger_test.go:23	this is a test
2021-05-12T15:02:48.464+0800	error	hello	zapLogger/logger_test.go:23	this is a test
2021-05-12T15:02:48.464+0800	error	hello	zapLogger/logger_test.go:23	this is a test
2021-05-12T15:02:48.464+0800	error	hello	zapLogger/logger_test.go:23	this is a test
2021-05-12T15:02:48.464+0800	error	hello	zapLogger/logger_test.go:23	this is a test
2021-05-12T15:02:48.465+0800	error	hello	zapLogger/logger_test.go:23	this is a test
2021-05-12T15:02:48.465+0800	error	hello	zapLogger/logger_test.go:23	this is a test
2021-05-12T15:02:48.465+0800	error	hello	zapLogger/logger_test.go:23	this is a test
2021-05-12T15:02:48.465+0800	error	hello	zapLogger/logger_test.go:23	this is a test
2021-05-12T15:02:48.465+0800	error	hello	zapLogger/logger_test.go:23	this is a test
2021-05-12T15:02:48.464+0800	error	hello	zapLogger/logger_test.go:23	this is a test
2021-05-12T15:02:48.465+0800	error	hello	zapLogger/logger_test.go:23	this is a test
2021-05-12T15:02:48.464+0800	error	hello	zapLogger/logger_test.go:23	this is a test
2021-05-12T15:02:48.465+0800	error	hello	zapLogger/logger_test.go:23	this is a test
2021-05-12T15:02:48.464+0800	error	hello	zapLogger/logger_test.go:23	this is a test
2021-05-12T15:02:48.465+0800	error	hello	zapLogger/logger_test.go:23	this is a test
2021-05-12T15:02:48.464+0800	error	hello	zapLogger/logger_test.go:23	this is a test
2021-05-12T15:02:48.465+0800	error	hello	zapLogger/logger_test.go:23	this is a test
2021-05-12T15:02:48.465+0800	error	hello	zapLogger/logger_test.go:23	this is a test
2021-05-12T15:02:48.465+0800	error	hello	zapLogger/logger_test.go:23	this is a test
2021-05-12T15:02:48.465+0800	error	hello	zapLogger/logger_test.go:23	this is a test
2021-05-12T15:02:48.465+0800	error	hello	zapLogger/logger_test.go:23	this is a test
2021-05-12T15:02:48.464+0800	error	hello	zapLogger/logger_test.go:23	this is a test
2021-05-12T15:02:48.465+0800	error	hello	zapLogger/logger_test.go:23	this is a test
2021-05-12T15:02:48.465+0800	error	hello	zapLogger/logger_test.go:23	this is a test
2021-05-12T15:02:48.465+0800	error	hello	zapLogger/logger_test.go:23	this is a test
2021-05-12T15:02:48.465+0800	error	hello	zapLogger/logger_test.go:23	this is a test
2021-05-12T15:02:48.465+0800	error	hello	zapLogger/logger_test.go:23	this is a test
2021-05-12T15:02:48.465+0800	error	hello	zapLogger/logger_test.go:23	this is a test
2021-05-12T15:02:48.465+0800	error	hello	zapLogger/logger_test.go:23	this is a test
2021-05-12T15:02:48.465+0800	error	hello	zapLogger/logger_test.go:23	this is a test
2021-05-12T15:02:48.464+0800	error	hello	zapLogger/logger_test.go:23	this is a test
2021-05-12T15:02:48.465+0800	error	hello	zapLogger/logger_test.go:23	this is a test
2021-05-12T15:02:48.464+0800	error	hello	zapLogger/logger_test.go:23	this is a test
2021-05-12T15:02:48.465+0800	error	hello	zapLogger/logger_test.go:23	this is a test
2021-05-12T15:02:48.465+0800	error	hello	zapLogger/logger_test.go:23	this is a test
2021-05-12T15:02:48.465+0800	error	hello	zapLogger/logger_test.go:23	this is a test
2021-05-12T15:02:48.465+0800	error	hello	zapLogger/logger_test.go:23	this is a test
2021-05-12T15:02:48.465+0800	error	hello	zapLogger/logger_test.go:23	this is a test
2021-05-12T15:02:48.465+0800	error	hello	zapLogger/logger_test.go:23	this is a test
2021-05-12T15:02:48.465+0800	error	hello	zapLogger/logger_test.go:23	this is a test
2021-05-12T15:02:48.465+0800	error	hello	zapLogger/logger_test.go:23	this is a test
2021-05-12T15:02:48.465+0800	error	hello	zapLogger/logger_test.go:23	this is a test
2021-05-12T15:02:48.465+0800	error	hello	zapLogger/logger_test.go:23	this is a test
2021-05-12T15:02:48.465+0800	error	hello	zapLogger/logger_test.go:23	this is a test
2021-05-12T15:02:48.465+0800	error	hello	zapLogger/logger_test.go:23	this is a test
2021-05-12T15:02:48.465+0800	error	hello	zapLogger/logger_test.go:23	this is a test
2021-05-12T15:02:48.465+0800	error	hello	zapLogger/logger_test.go:23	this is a test
2021-05-12T15:02:48.465+0800	error	hello	zapLogger/logger_test.go:23	this is a test
2021-05-12T15:02:48.465+0800	error	hello	zapLogger/logger_test.go:23	this is a test
2021-05-12T15:02:48.464+0800	error	hello	zapLogger/logger_test.go:23	this is a test
2021-05-12T15:02:48.465+0800	error	hello	zapLogger/logger_test.go:23	this is a test
2021-05-12T15:02:48.465+0800	error	hello	zapLogger/logger_test.go:23	this is a test
2021-05-12T15:02:48.465+0800	error	hello	zapLogger/logger_test.go:23	this is a test
2021-05-12T15:02:48.465+0800	error	hello	zapLogger/logger_test.go:23	this is a test
2021-05-12T15:02:48.465+0800	error	hello	zapLogger/logger_test.go:23	this is a test
2021-05-12T15:02:48.465+0800	error	hello	zapLogger/logger_test.go:23	this is a test
2021-05-12T15:02:48.465+0800	error	hello	zapLogger/logger_test.go:23	this is a test
2021-05-12T15:02:48.465+0800	error	hello	zapLogger/logger_test.go:23	this is a test
2021-05-12T15:02:48.465+0800	error	hello	zapLogger/logger_test.go:23	this is a test
2021-05-12T15:02:48.465+0800	error	hello	zapLogger/logger_test.go:23	this is a test
2021-05-12T15:02:48.465+0800	error	hello	zapLogger/logger_test.go:23	this is a test
2021-05-12T15:02:48.465+0800	error	hello	zapLogger/logger_test.go:23	this is a test
2021-05-12T15:02:48.465+0800	error	hello	zapLogger/logger_test.go:23	this is a test
2021-05-12T15:02:48.465+0800	error	hello	zapLogger/logger_test.go:23	this is a test
2021-05-12T15:02:48.465+0800	error	hello	zapLogger/logger_test.go:23	this is a test
2021-05-12T15:02:48.465+0800	error	hello	zapLogger/logger_test.go:23	this is a test
2021-05-12T15:02:48.465+0800	error	hello	zapLogger/logger_test.go:23	this is a test
2021-05-12T15:02:48.465+0800	error	hello	zapLogger/logger_test.go:23	this is a test
2021-05-12T15:02:48.465+0800	error	hello	zapLogger/logger_test.go:23	this is a test
2021-05-12T15:02:48.465+0800	error	hello	zapLogger/logger_test.go:23	this is a test
2021-05-12T15:02:48.465+0800	error	hello	zapLogger/logger_test.go:23	this is a test
2021-05-12T15:02:48.466+0800	error	hello	zapLogger/logger_test.go:23	this is a test
2021-05-12T15:02:48.465+0800	error	hello	zapLogger/logger_test.go:23	this is a test
2021-05-12T15:02:48.466+0800	error	hello	zapLogger/logger_test.go:23	this is a test
2021-05-12T15:02:48.465+0800	error	hello	zapLogger/logger_test.go:23	this is a test
2021-05-12T15:02:48.466+0800	error	hello	zapLogger/logger_test.go:23	this is a test
2021-05-12T15:02:48.465+0800	error	hello	zapLogger/logger_test.go:23	this is a test
2021-05-12T15:02:48.466+0800	error	hello	zapLogger/logger_test.go:23	this is a test
2021-05-12T15:02:48.465+0800	error	hello	zapLogger/logger_test.go:23	this is a test
2021-05-12T15:02:48.466+0800	error	hello	zapLogger/logger_test.go:23	this is a test
2021-05-12T15:02:48.466+0800	error	hello	zapLogger/logger_test.go:23	this is a test
2021-05-12T15:02:48.466+0800	error	hello	zapLogger/logger_test.go:23	this is a test
2021-05-12T15:02:48.465+0800	error	hello	zapLogger/logger_test.go:23	this is a test
2021-05-12T15:02:48.466+0800	error	hello	zapLogger/logger_test.go:23	this is a test
2021-05-12T15:02:48.465+0800	error	hello	zapLogger/logger_test.go:23	this is a test
2021-05-12T15:02:48.466+0800	error	hello	zapLogger/logger_test.go:23	this is a test
2021-05-12T15:02:48.466+0800	error	hello	zapLogger/logger_test.go:23	this is a test
2021-05-12T15:02:48.466+0800	error	hello	zapLogger/logger_test.go:23	this is a test
2021-05-12T15:02:48.466+0800	error	hello	zapLogger/logger_test.go:23	this is a test
2021-05-12T15:02:48.466+0800	error	hello	zapLogger/logger_test.go:23	this is a test
2021-05-12T15:02:48.466+0800	error	hello	zapLogger/logger_test.go:23	this is a test
2021-05-12T15:02:48.466+0800	error	hello	zapLogger/logger_test.go:23	this is a test
2021-05-12T15:02:48.466+0800	error	hello	zapLogger/logger_test.go:23	this is a test
2021-05-12T15:02:48.466+0800	error	hello	zapLogger/logger_test.go:23	this is a test
2021-05-12T15:02:48.465+0800	error	hello	zapLogger/logger_test.go:23	this is a test
2021-05-12T15:02:48.466+0800	error	hello	zapLogger/logger_test.go:23	this is a test
2021-05-12T15:02:48.466+0800	error	hello	zapLogger/logger_test.go:23	this is a test
2021-05-12T15:02:48.466+0800	error	hello	zapLogger/logger_test.go:23	this is a test
2021-05-12T15:02:48.466+0800	error	hello	zapLogger/logger_test.go:23	this is a test
2021-05-12T15:02:48.466+0800	error	hello	zapLogger/logger_test.go:23	this is a test
2021-05-12T15:02:48.466+0800	error	hello	zapLogger/logger_test.go:23	this is a test
2021-05-12T15:02:48.466+0800	error	hello	zapLogger/logger_test.go:23	this is a test
2021-05-12T15:02:48.466+0800	error	hello	zapLogger/logger_test.go:23	this is a test
2021-05-12T15:02:48.466+0800	error	hello	zapLogger/logger_test.go:23	this is a test
2021-05-12T15:02:48.466+0800	error	hello	zapLogger/logger_test.go:23	this is a test
2021-05-12T15:02:48.466+0800	error	hello	zapLogger/logger_test.go:23	this is a test
2021-05-12T15:02:48.466+0800	error	hello	zapLogger/logger_test.go:23	this is a test
2021-05-12T15:02:48.466+0800	error	hello	zapLogger/logger_test.go:23	this is a test
2021-05-12T15:02:48.466+0800	error	hello	zapLogger/logger_test.go:23	this is a test
2021-05-12T15:02:48.466+0800	error	hello	zapLogger/logger_test.go:23	this is a test
2021-05-12T15:02:48.466+0800	error	hello	zapLogger/logger_test.go:23	this is a test
2021-05-12T15:02:48.466+0800	error	hello	zapLogger/logger_test.go:23	this is a test
2021-05-12T15:02:48.466+0800	error	hello	zapLogger/logger_test.go:23	this is a test
2021-05-12T15:02:48.466+0800	error	hello	zapLogger/logger_test.go:23	this is a test
2021-05-12T15:02:48.466+0800	error	hello	zapLogger/logger_test.go:23	this is a test
2021-05-12T15:02:48.466+0800	error	hello	zapLogger/logger_test.go:23	this is a test
2021-05-12T15:02:48.466+0800	error	hello	zapLogger/logger_test.go:23	this is a test
2021-05-12T15:02:48.466+0800	error	hello	zapLogger/logger_test.go:23	this is a test
2021-05-12T15:02:48.466+0800	error	hello	zapLogger/logger_test.go:23	this is a test
2021-05-12T15:02:48.466+0800	error	hello	zapLogger/logger_test.go:23	this is a test
2021-05-12T15:02:48.466+0800	error	hello	zapLogger/logger_test.go:23	this is a test
2021-05-12T15:02:48.465+0800	error	hello	zapLogger/logger_test.go:23	this is a test
2021-05-12T15:02:48.466+0800	error	hello	zapLogger/logger_test.go:23	this is a test
2021-05-12T15:02:48.466+0800	error	hello	zapLogger/logger_test.go:23	this is a test
2021-05-12T15:02:48.466+0800	error	hello	zapLogger/logger_test.go:23	this is a test
2021-05-12T15:02:48.466+0800	error	hello	zapLogger/logger_test.go:23	this is a test
2021-05-12T15:02:48.466+0800	error	hello	zapLogger/logger_test.go:23	this is a test
2021-05-12T15:02:48.466+0800	error	hello	zapLogger/logger_test.go:23	this is a test
2021-05-12T15:02:48.466+0800	error	hello	zapLogger/logger_test.go:23	this is a test
2021-05-12T15:02:48.466+0800	error	hello	zapLogger/logger_test.go:23	this is a test
2021-05-12T15:02:48.466+0800	error	hello	zapLogger/logger_test.go:23	this is a test
2021-05-12T15:02:48.466+0800	error	hello	zapLogger/logger_test.go:23	this is a test
2021-05-12T15:02:48.466+0800	error	hello	zapLogger/logger_test.go:23	this is a test
2021-05-12T15:02:48.466+0800	error	hello	zapLogger/logger_test.go:23	this is a test
2021-05-12T15:02:48.466+0800	error	hello	zapLogger/logger_test.go:23	this is a test
2021-05-12T15:02:48.466+0800	error	hello	zapLogger/logger_test.go:23	this is a test
2021-05-12T15:02:48.466+0800	error	hello	zapLogger/logger_test.go:23	this is a test
2021-05-12T15:02:48.466+0800	error	hello	zapLogger/logger_test.go:23	this is a test
2021-05-12T15:02:48.466+0800	error	hello	zapLogger/logger_test.go:23	this is a test
2021-05-12T15:02:48.466+0800	error	hello	zapLogger/logger_test.go:23	this is a test
2021-05-12T15:02:48.466+0800	error	hello	zapLogger/logger_test.go:23	this is a test
2021-05-12T15:02:48.466+0800	error	hello	zapLogger/logger_test.go:23	this is a test
2021-05-12T15:02:48.466+0800	error	hello	zapLogger/logger_test.go:23	this is a test
2021-05-12T15:02:48.466+0800	error	hello	zapLogger/logger_test.go:23	this is a test
2021-05-12T15:02:48.466+0800	error	hello	zapLogger/logger_test.go:23	this is a test
2021-05-12T15:02:48.466+0800	error	hello	zapLogger/logger_test.go:23	this is a test
2021-05-12T15:02:48.466+0800	error	hello	zapLogger/logger_test.go:23	this is a test
2021-05-12T15:02:48.466+0800	error	hello	zapLogger/logger_test.go:23	this is a test
2021-05-12T15:02:48.466+0800	error	hello	zapLogger/logger_test.go:23	this is a test
2021-05-12T15:02:48.466+0800	error	hello	zapLogger/logger_test.go:23	this is a test
2021-05-12T15:02:48.466+0800	error	hello	zapLogger/logger_test.go:23	this is a test
2021-05-12T15:02:48.466+0800	error	hello	zapLogger/logger_test.go:23	this is a test
2021-05-12T15:02:48.466+0800	error	hello	zapLogger/logger_test.go:23	this is a test
2021-05-12T15:02:48.466+0800	error	hello	zapLogger/logger_test.go:23	this is a test
2021-05-12T15:02:48.466+0800	error	hello	zapLogger/logger_test.go:23	this is a test
2021-05-12T15:02:48.466+0800	error	hello	zapLogger/logger_test.go:23	this is a test
2021-05-12T15:02:48.466+0800	error	hello	zapLogger/logger_test.go:23	this is a test
2021-05-12T15:02:48.466+0800	error	hello	zapLogger/logger_test.go:23	this is a test
2021-05-12T15:02:48.466+0800	error	hello	zapLogger/logger_test.go:23	this is a test
2021-05-12T15:02:48.466+0800	error	hello	zapLogger/logger_test.go:23	this is a test
2021-05-12T15:02:48.466+0800	error	hello	zapLogger/logger_test.go:23	this is a test
2021-05-12T15:02:48.466+0800	error	hello	zapLogger/logger_test.go:23	this is a test
2021-05-12T15:02:48.466+0800	error	hello	zapLogger/logger_test.go:23	this is a test
2021-05-12T15:02:48.467+0800	error	hello	zapLogger/logger_test.go:23	this is a test
2021-05-12T15:02:48.466+0800	error	hello	zapLogger/logger_test.go:23	this is a test
2021-05-12T15:02:48.467+0800	error	hello	zapLogger/logger_test.go:23	this is a test
2021-05-12T15:02:48.467+0800	error	hello	zapLogger/logger_test.go:23	this is a test
2021-05-12T15:02:48.466+0800	error	hello	zapLogger/logger_test.go:23	this is a test
2021-05-12T15:02:48.467+0800	error	hello	zapLogger/logger_test.go:23	this is a test
2021-05-12T15:02:48.467+0800	error	hello	zapLogger/logger_test.go:23	this is a test
2021-05-12T15:02:48.466+0800	error	hello	zapLogger/logger_test.go:23	this is a test
2021-05-12T15:02:48.467+0800	error	hello	zapLogger/logger_test.go:23	this is a test
2021-05-12T15:02:48.466+0800	error	hello	zapLogger/logger_test.go:23	this is a test
2021-05-12T15:02:48.467+0800	error	hello	zapLogger/logger_test.go:23	this is a test
2021-05-12T15:02:48.467+0800	error	hello	zapLogger/logger_test.go:23	this is a test
2021-05-12T15:02:48.467+0800	error	hello	zapLogger/logger_test.go:23	this is a test
2021-05-12T15:02:48.467+0800	error	hello	zapLogger/logger_test.go:23	this is a test
2021-05-12T15:02:48.467+0800	error	hello	zapLogger/logger_test.go:23	this is a test
2021-05-12T15:02:48.467+0800	error	hello	zapLogger/logger_test.go:23	this is a test
2021-05-12T15:02:48.467+0800	error	hello	zapLogger/logger_test.go:23	this is a test
2021-05-12T15:02:48.467+0800	error	hello	zapLogger/logger_test.go:23	this is a test
2021-05-12T15:02:48.467+0800	error	hello	zapLogger/logger_test.go:23	this is a test
2021-05-12T15:02:48.467+0800	error	hello	zapLogger/logger_test.go:23	this is a test
2021-05-12T15:02:48.467+0800	error	hello	zapLogger/logger_test.go:23	this is a test
2021-05-12T15:02:48.466+0800	error	hello	zapLogger/logger_test.go:23	this is a test
2021-05-12T15:02:48.467+0800	error	hello	zapLogger/logger_test.go:23	this is a test
2021-05-12T15:02:48.467+0800	error	hello	zapLogger/logger_test.go:23	this is a test
2021-05-12T15:02:48.467+0800	error	hello	zapLogger/logger_test.go:23	this is a test
2021-05-12T15:02:48.467+0800	error	hello	zapLogger/logger_test.go:23	this is a test
2021-05-12T15:02:48.467+0800	error	hello	zapLogger/logger_test.go:23	this is a test
2021-05-12T15:02:48.467+0800	error	hello	zapLogger/logger_test.go:23	this is a test
2021-05-12T15:02:48.467+0800	error	hello	zapLogger/logger_test.go:23	this is a test
2021-05-12T15:02:48.467+0800	error	hello	zapLogger/logger_test.go:23	this is a test
2021-05-12T15:02:48.467+0800	error	hello	zapLogger/logger_test.go:23	this is a test
2021-05-12T15:02:48.467+0800	error	hello	zapLogger/logger_test.go:23	this is a test
2021-05-12T15:02:48.467+0800	error	hello	zapLogger/logger_test.go:23	this is a test
2021-05-12T15:02:48.467+0800	error	hello	zapLogger/logger_test.go:23	this is a test
2021-05-12T15:02:48.466+0800	error	hello	zapLogger/logger_test.go:23	this is a test
2021-05-12T15:02:48.467+0800	error	hello	zapLogger/logger_test.go:23	this is a test
2021-05-12T15:02:48.467+0800	error	hello	zapLogger/logger_test.go:23	this is a test
2021-05-12T15:02:48.467+0800	error	hello	zapLogger/logger_test.go:23	this is a test
2021-05-12T15:02:48.467+0800	error	hello	zapLogger/logger_test.go:23	this is a test
2021-05-12T15:02:48.467+0800	error	hello	zapLogger/logger_test.go:23	this is a test
2021-05-12T15:02:48.467+0800	error	hello	zapLogger/logger_test.go:23	this is a test
2021-05-12T15:02:48.467+0800	error	hello	zapLogger/logger_test.go:23	this is a test
2021-05-12T15:02:48.467+0800	error	hello	zapLogger/logger_test.go:23	this is a test
2021-05-12T15:02:48.466+0800	error	hello	zapLogger/logger_test.go:23	this is a test
2021-05-12T15:02:48.467+0800	error	hello	zapLogger/logger_test.go:23	this is a test
2021-05-12T15:02:48.467+0800	error	hello	zapLogger/logger_test.go:23	this is a test
2021-05-12T15:02:48.467+0800	error	hello	zapLogger/logger_test.go:23	this is a test
2021-05-12T15:02:48.467+0800	error	hello	zapLogger/logger_test.go:23	this is a test
2021-05-12T15:02:48.467+0800	error	hello	zapLogger/logger_test.go:23	this is a test
2021-05-12T15:02:48.467+0800	error	hello	zapLogger/logger_test.go:23	this is a test
2021-05-12T15:02:48.467+0800	error	hello	zapLogger/logger_test.go:23	this is a test
2021-05-12T15:02:48.467+0800	error	hello	zapLogger/logger_test.go:23	this is a test
2021-05-12T15:02:48.467+0800	error	hello	zapLogger/logger_test.go:23	this is a test
2021-05-12T15:02:48.467+0800	error	hello	zapLogger/logger_test.go:23	this is a test
2021-05-12T15:02:48.466+0800	error	hello	zapLogger/logger_test.go:23	this is a test
2021-05-12T15:02:48.467+0800	error	hello	zapLogger/logger_test.go:23	this is a test
2021-05-12T15:02:48.467+0800	error	hello	zapLogger/logger_test.go:23	this is a test
2021-05-12T15:02:48.467+0800	error	hello	zapLogger/logger_test.go:23	this is a test
2021-05-12T15:02:48.467+0800	error	hello	zapLogger/logger_test.go:23	this is a test
2021-05-12T15:02:48.467+0800	error	hello	zapLogger/logger_test.go:23	this is a test
2021-05-12T15:02:48.467+0800	error	hello	zapLogger/logger_test.go:23	this is a test
2021-05-12T15:02:48.467+0800	error	hello	zapLogger/logger_test.go:23	this is a test
2021-05-12T15:02:48.467+0800	error	hello	zapLogger/logger_test.go:23	this is a test
2021-05-12T15:02:48.467+0800	error	hello	zapLogger/logger_test.go:23	this is a test
2021-05-12T15:02:48.467+0800	error	hello	zapLogger/logger_test.go:23	this is a test
2021-05-12T15:02:48.467+0800	error	hello	zapLogger/logger_test.go:23	this is a test
2021-05-12T15:02:48.467+0800	error	hello	zapLogger/logger_test.go:23	this is a test
2021-05-12T15:02:48.467+0800	error	hello	zapLogger/logger_test.go:23	this is a test
2021-05-12T15:02:48.467+0800	error	hello	zapLogger/logger_test.go:23	this is a test
2021-05-12T15:02:48.467+0800	error	hello	zapLogger/logger_test.go:23	this is a test
2021-05-12T15:02:48.467+0800	error	hello	zapLogger/logger_test.go:23	this is a test
2021-05-12T15:02:48.467+0800	error	hello	zapLogger/logger_test.go:23	this is a test
2021-05-12T15:02:48.467+0800	error	hello	zapLogger/logger_test.go:23	this is a test
2021-05-12T15:02:48.467+0800	error	hello	zapLogger/logger_test.go:23	this is a test
2021-05-12T15:02:48.467+0800	error	hello	zapLogger/logger_test.go:23	this is a test
2021-05-12T15:02:48.467+0800	error	hello	zapLogger/logger_test.go:23	this is a test
2021-05-12T15:02:48.467+0800	error	hello	zapLogger/logger_test.go:23	this is a test
2021-05-12T15:02:48.467+0800	error	hello	zapLogger/logger_test.go:23	this is a test
2021-05-12T15:02:48.467+0800	error	hello	zapLogger/logger_test.go:23	this is a test
2021-05-12T15:02:48.467+0800	error	hello	zapLogger/logger_test.go:23	this is a test
2021-05-12T15:02:48.467+0800	error	hello	zapLogger/logger_test.go:23	this is a test
2021-05-12T15:02:48.467+0800	error	hello	zapLogger/logger_test.go:23	this is a test
2021-05-12T15:02:48.467+0800	error	hello	zapLogger/logger_test.go:23	this is a test
2021-05-12T15:02:48.467+0800	error	hello	zapLogger/logger_test.go:23	this is a test
2021-05-12T15:02:48.467+0800	error	hello	zapLogger/logger_test.go:23	this is a test
2021-05-12T15:02:48.467+0800	error	hello	zapLogger/logger_test.go:23	this is a test
2021-05-12T15:02:48.467+0800	error	hello	zapLogger/logger_test.go:23	this is a test
2021-05-12T15:02:48.467+0800	error	hello	zapLogger/logger_test.go:23	this is a test
2021-05-12T15:02:48.467+0800	error	hello	zapLogger/logger_test.go:23	this is a test
2021-05-12T15:02:48.467+0800	error	hello	zapLogger/logger_test.go:23	this is a test
2021-05-12T15:02:48.467+0800	error	hello	zapLogger/logger_test.go:23	this is a test
2021-05-12T15:02:48.467+0800	error	hello	zapLogger/logger_test.go:23	this is a test
2021-05-12T15:02:48.467+0800	error	hello	zapLogger/logger_test.go:23	this is a test
2021-05-12T15:02:48.467+0800	error	hello	zapLogger/logger_test.go:23	this is a test
2021-05-12T15:02:48.467+0800	error	hello	zapLogger/logger_test.go:23	this is a test
2021-05-12T15:02:48.467+0800	error	hello	zapLogger/logger_test.go:23	this is a test
2021-05-12T15:02:48.467+0800	error	hello	zapLogger/logger_test.go:23	this is a test
2021-05-12T15:02:48.467+0800	error	hello	zapLogger/logger_test.go:23	this is a test
2021-05-12T15:02:48.467+0800	error	hello	zapLogger/logger_test.go:23	this is a test
2021-05-12T15:02:48.467+0800	error	hello	zapLogger/logger_test.go:23	this is a test
2021-05-12T15:02:48.467+0800	error	hello	zapLogger/logger_test.go:23	this is a test
2021-05-12T15:02:48.467+0800	error	hello	zapLogger/logger_test.go:23	this is a test
2021-05-12T15:02:48.467+0800	error	hello	zapLogger/logger_test.go:23	this is a test
2021-05-12T15:02:48.467+0800	error	hello	zapLogger/logger_test.go:23	this is a test
2021-05-12T15:02:48.468+0800	error	hello	zapLogger/logger_test.go:23	this is a test
2021-05-12T15:02:48.468+0800	error	hello	zapLogger/logger_test.go:23	this is a test
2021-05-12T15:02:48.468+0800	error	hello	zapLogger/logger_test.go:23	this is a test
2021-05-12T15:02:48.468+0800	error	hello	zapLogger/logger_test.go:23	this is a test
2021-05-12T15:02:48.468+0800	error	hello	zapLogger/logger_test.go:23	this is a test
2021-05-12T15:02:48.468+0800	error	hello	zapLogger/logger_test.go:23	this is a test
2021-05-12T15:02:48.468+0800	error	hello	zapLogger/logger_test.go:23	this is a test
2021-05-12T15:02:48.468+0800	error	hello	zapLogger/logger_test.go:23	this is a test
2021-05-12T15:02:48.468+0800	error	hello	zapLogger/logger_test.go:23	this is a test
2021-05-12T15:02:48.468+0800	error	hello	zapLogger/logger_test.go:23	this is a test
2021-05-12T15:02:48.468+0800	error	hello	zapLogger/logger_test.go:23	this is a test
2021-05-12T15:02:48.468+0800	error	hello	zapLogger/logger_test.go:23	this is a test
2021-05-12T15:02:48.468+0800	error	hello	zapLogger/logger_test.go:23	this is a test
2021-05-12T15:02:48.467+0800	error	hello	zapLogger/logger_test.go:23	this is a test
2021-05-12T15:02:48.468+0800	error	hello	zapLogger/logger_test.go:23	this is a test
2021-05-12T15:02:48.468+0800	error	hello	zapLogger/logger_test.go:23	this is a test
2021-05-12T15:02:48.468+0800	error	hello	zapLogger/logger_test.go:23	this is a test
2021-05-12T15:02:48.468+0800	error	hello	zapLogger/logger_test.go:23	this is a test
2021-05-12T15:02:48.468+0800	error	hello	zapLogger/logger_test.go:23	this is a test
2021-05-12T15:02:48.468+0800	error	hello	zapLogger/logger_test.go:23	this is a test
2021-05-12T15:02:48.468+0800	error	hello	zapLogger/logger_test.go:23	this is a test
2021-05-12T15:02:48.468+0800	error	hello	zapLogger/logger_test.go:23	this is a test
2021-05-12T15:02:48.468+0800	error	hello	zapLogger/logger_test.go:23	this is a test
2021-05-12T15:02:48.467+0800	error	hello	zapLogger/logger_test.go:23	this is a test
2021-05-12T15:02:48.468+0800	error	hello	zapLogger/logger_test.go:23	this is a test
2021-05-12T15:02:48.468+0800	error	hello	zapLogger/logger_test.go:23	this is a test
2021-05-12T15:02:48.467+0800	error	hello	zapLogger/logger_test.go:23	this is a test
2021-05-12T15:02:48.468+0800	error	hello	zapLogger/logger_test.go:23	this is a test
2021-05-12T15:02:48.468+0800	error	hello	zapLogger/logger_test.go:23	this is a test
2021-05-12T15:02:48.468+0800	error	hello	zapLogger/logger_test.go:23	this is a test
2021-05-12T15:02:48.468+0800	error	hello	zapLogger/logger_test.go:23	this is a test
2021-05-12T15:02:48.468+0800	error	hello	zapLogger/logger_test.go:23	this is a test
2021-05-12T15:02:48.468+0800	error	hello	zapLogger/logger_test.go:23	this is a test
2021-05-12T15:02:48.468+0800	error	hello	zapLogger/logger_test.go:23	this is a test
2021-05-12T15:02:48.468+0800	error	hello	zapLogger/logger_test.go:23	this is a test
2021-05-12T15:02:48.468+0800	error	hello	zapLogger/logger_test.go:23	this is a test
2021-05-12T15:02:48.468+0800	error	hello	zapLogger/logger_test.go:23	this is a test
2021-05-12T15:02:48.468+0800	error	hello	zapLogger/logger_test.go:23	this is a test
2021-05-12T15:02:48.468+0800	error	hello	zapLogger/logger_test.go:23	this is a test
2021-05-12T15:02:48.468+0800	error	hello	zapLogger/logger_test.go:23	this is a test
2021-05-12T15:02:48.468+0800	error	hello	zapLogger/logger_test.go:23	this is a test
2021-05-12T15:02:48.468+0800	error	hello	zapLogger/logger_test.go:23	this is a test
2021-05-12T15:02:48.468+0800	error	hello	zapLogger/logger_test.go:23	this is a test
2021-05-12T15:02:48.468+0800	error	hello	zapLogger/logger_test.go:23	this is a test
2021-05-12T15:02:48.468+0800	error	hello	zapLogger/logger_test.go:23	this is a test
2021-05-12T15:02:48.468+0800	error	hello	zapLogger/logger_test.go:23	this is a test
2021-05-12T15:02:48.468+0800	error	hello	zapLogger/logger_test.go:23	this is a test
2021-05-12T15:02:48.467+0800	error	hello	zapLogger/logger_test.go:23	this is a test
2021-05-12T15:02:48.468+0800	error	hello	zapLogger/logger_test.go:23	this is a test
2021-05-12T15:02:48.467+0800	error	hello	zapLogger/logger_test.go:23	this is a test
2021-05-12T15:02:48.468+0800	error	hello	zapLogger/logger_test.go:23	this is a test
2021-05-12T15:02:48.467+0800	error	hello	zapLogger/logger_test.go:23	this is a test
2021-05-12T15:02:48.468+0800	error	hello	zapLogger/logger_test.go:23	this is a test
2021-05-12T15:02:48.468+0800	error	hello	zapLogger/logger_test.go:23	this is a test
2021-05-12T15:02:48.468+0800	error	hello	zapLogger/logger_test.go:23	this is a test
2021-05-12T15:02:48.468+0800	error	hello	zapLogger/logger_test.go:23	this is a test
2021-05-12T15:02:48.468+0800	error	hello	zapLogger/logger_test.go:23	this is a test
2021-05-12T15:02:48.468+0800	error	hello	zapLogger/logger_test.go:23	this is a test
2021-05-12T15:02:48.468+0800	error	hello	zapLogger/logger_test.go:23	this is a test
2021-05-12T15:02:48.468+0800	error	hello	zapLogger/logger_test.go:23	this is a test
2021-05-12T15:02:48.468+0800	error	hello	zapLogger/logger_test.go:23	this is a test
2021-05-12T15:02:48.468+0800	error	hello	zapLogger/logger_test.go:23	this is a test
2021-05-12T15:02:48.468+0800	error	hello	zapLogger/logger_test.go:23	this is a test
2021-05-12T15:02:48.468+0800	error	hello	zapLogger/logger_test.go:23	this is a test
2021-05-12T15:02:48.468+0800	error	hello	zapLogger/logger_test.go:23	this is a test
2021-05-12T15:02:48.468+0800	error	hello	zapLogger/logger_test.go:23	this is a test
2021-05-12T15:02:48.468+0800	error	hello	zapLogger/logger_test.go:23	this is a test
2021-05-12T15:02:48.468+0800	error	hello	zapLogger/logger_test.go:23	this is a test
2021-05-12T15:02:48.468+0800	error	hello	zapLogger/logger_test.go:23	this is a test
2021-05-12T15:02:48.468+0800	error	hello	zapLogger/logger_test.go:23	this is a test
2021-05-12T15:02:48.468+0800	error	hello	zapLogger/logger_test.go:23	this is a test
2021-05-12T15:02:48.468+0800	error	hello	zapLogger/logger_test.go:23	this is a test
2021-05-12T15:02:48.468+0800	error	hello	zapLogger/logger_test.go:23	this is a test
2021-05-12T15:02:48.468+0800	error	hello	zapLogger/logger_test.go:23	this is a test
2021-05-12T15:02:48.468+0800	error	hello	zapLogger/logger_test.go:23	this is a test
2021-05-12T15:02:48.468+0800	error	hello	zapLogger/logger_test.go:23	this is a test
2021-05-12T15:02:48.468+0800	error	hello	zapLogger/logger_test.go:23	this is a test
2021-05-12T15:02:48.468+0800	error	hello	zapLogger/logger_test.go:23	this is a test
2021-05-12T15:02:48.468+0800	error	hello	zapLogger/logger_test.go:23	this is a test
2021-05-12T15:02:48.468+0800	error	hello	zapLogger/logger_test.go:23	this is a test
2021-05-12T15:02:48.468+0800	error	hello	zapLogger/logger_test.go:23	this is a test
2021-05-12T15:02:48.468+0800	error	hello	zapLogger/logger_test.go:23	this is a test
2021-05-12T15:02:48.468+0800	error	hello	zapLogger/logger_test.go:23	this is a test
2021-05-12T15:02:48.468+0800	error	hello	zapLogger/logger_test.go:23	this is a test
2021-05-12T15:02:48.468+0800	error	hello	zapLogger/logger_test.go:23	this is a test
2021-05-12T15:02:48.468+0800	error	hello	zapLogger/logger_test.go:23	this is a test
2021-05-12T15:02:48.468+0800	error	hello	zapLogger/logger_test.go:23	this is a test
2021-05-12T15:02:48.468+0800	error	hello	zapLogger/logger_test.go:23	this is a test
2021-05-12T15:02:48.468+0800	error	hello	zapLogger/logger_test.go:23	this is a test
2021-05-12T15:02:48.468+0800	error	hello	zapLogger/logger_test.go:23	this is a test
2021-05-12T15:02:48.468+0800	error	hello	zapLogger/logger_test.go:23	this is a test
2021-05-12T15:02:48.468+0800	error	hello	zapLogger/logger_test.go:23	this is a test
2021-05-12T15:02:48.468+0800	error	hello	zapLogger/logger_test.go:23	this is a test
2021-05-12T15:02:48.468+0800	error	hello	zapLogger/logger_test.go:23	this is a test
2021-05-12T15:02:48.468+0800	error	hello	zapLogger/logger_test.go:23	this is a test
2021-05-12T15:02:48.468+0800	error	hello	zapLogger/logger_test.go:23	this is a test
2021-05-12T15:02:48.467+0800	error	hello	zapLogger/logger_test.go:23	this is a test
2021-05-12T15:02:48.468+0800	error	hello	zapLogger/logger_test.go:23	this is a test
2021-05-12T15:02:48.468+0800	error	hello	zapLogger/logger_test.go:23	this is a test
2021-05-12T15:02:48.468+0800	error	hello	zapLogger/logger_test.go:23	this is a test
2021-05-12T15:02:48.468+0800	error	hello	zapLogger/logger_test.go:23	this is a test
2021-05-12T15:02:48.468+0800	error	hello	zapLogger/logger_test.go:23	this is a test
2021-05-12T15:02:48.468+0800	error	hello	zapLogger/logger_test.go:23	this is a test
2021-05-12T15:02:48.468+0800	error	hello	zapLogger/logger_test.go:23	this is a test
2021-05-12T15:02:48.468+0800	error	hello	zapLogger/logger_test.go:23	this is a test
2021-05-12T15:02:48.468+0800	error	hello	zapLogger/logger_test.go:23	this is a test
2021-05-12T15:02:48.468+0800	error	hello	zapLogger/logger_test.go:23	this is a test
2021-05-12T15:02:48.468+0800	error	hello	zapLogger/logger_test.go:23	this is a test
2021-05-12T15:02:48.468+0800	error	hello	zapLogger/logger_test.go:23	this is a test
2021-05-12T15:02:48.468+0800	error	hello	zapLogger/logger_test.go:23	this is a test
2021-05-12T15:02:48.468+0800	error	hello	zapLogger/logger_test.go:23	this is a test
2021-05-12T15:02:48.468+0800	error	hello	zapLogger/logger_test.go:23	this is a test
2021-05-12T15:02:48.468+0800	error	hello	zapLogger/logger_test.go:23	this is a test
2021-05-12T15:02:48.468+0800	error	hello	zapLogger/logger_test.go:23	this is a test
2021-05-12T15:02:48.468+0800	error	hello	zapLogger/logger_test.go:23	this is a test
2021-05-12T15:02:48.469+0800	error	hello	zapLogger/logger_test.go:23	this is a test
2021-05-12T15:02:48.469+0800	error	hello	zapLogger/logger_test.go:23	this is a test
2021-05-12T15:02:48.469+0800	error	hello	zapLogger/logger_test.go:23	this is a test
2021-05-12T15:02:48.469+0800	error	hello	zapLogger/logger_test.go:23	this is a test
2021-05-12T15:02:48.468+0800	error	hello	zapLogger/logger_test.go:23	this is a test
2021-05-12T15:02:48.468+0800	error	hello	zapLogger/logger_test.go:23	this is a test
2021-05-12T15:02:48.469+0800	error	hello	zapLogger/logger_test.go:23	this is a test
2021-05-12T15:02:48.469+0800	error	hello	zapLogger/logger_test.go:23	this is a test
2021-05-12T15:02:48.468+0800	error	hello	zapLogger/logger_test.go:23	this is a test
2021-05-12T15:02:48.467+0800	error	hello	zapLogger/logger_test.go:23	this is a test
2021-05-12T15:02:48.468+0800	error	hello	zapLogger/logger_test.go:23	this is a test
2021-05-12T15:02:48.469+0800	error	hello	zapLogger/logger_test.go:23	this is a test
2021-05-12T15:02:48.469+0800	error	hello	zapLogger/logger_test.go:23	this is a test
2021-05-12T15:02:48.469+0800	error	hello	zapLogger/logger_test.go:23	this is a test
2021-05-12T15:02:48.469+0800	error	hello	zapLogger/logger_test.go:23	this is a test
2021-05-12T15:02:48.468+0800	error	hello	zapLogger/logger_test.go:23	this is a test
2021-05-12T15:02:48.469+0800	error	hello	zapLogger/logger_test.go:23	this is a test
2021-05-12T15:02:48.469+0800	error	hello	zapLogger/logger_test.go:23	this is a test
2021-05-12T15:02:48.468+0800	error	hello	zapLogger/logger_test.go:23	this is a test
2021-05-12T15:02:48.470+0800	error	hello	zapLogger/logger_test.go:23	this is a test
2021-05-12T15:02:48.468+0800	error	hello	zapLogger/logger_test.go:23	this is a test
2021-05-12T15:02:48.470+0800	error	hello	zapLogger/logger_test.go:23	this is a test
2021-05-12T15:02:48.469+0800	error	hello	zapLogger/logger_test.go:23	this is a test
2021-05-12T15:02:48.470+0800	error	hello	zapLogger/logger_test.go:23	this is a test
2021-05-12T15:02:48.470+0800	error	hello	zapLogger/logger_test.go:23	this is a test
2021-05-12T15:02:48.470+0800	error	hello	zapLogger/logger_test.go:23	this is a test
2021-05-12T15:02:48.470+0800	error	hello	zapLogger/logger_test.go:23	this is a test
2021-05-12T15:02:48.470+0800	error	hello	zapLogger/logger_test.go:23	this is a test
2021-05-12T15:02:48.470+0800	error	hello	zapLogger/logger_test.go:23	this is a test
2021-05-12T15:02:48.469+0800	error	hello	zapLogger/logger_test.go:23	this is a test
2021-05-12T15:02:48.469+0800	error	hello	zapLogger/logger_test.go:23	this is a test
2021-05-12T15:02:48.470+0800	error	hello	zapLogger/logger_test.go:23	this is a test
2021-05-12T15:02:48.470+0800	error	hello	zapLogger/logger_test.go:23	this is a test
2021-05-12T15:02:48.470+0800	error	hello	zapLogger/logger_test.go:23	this is a test
2021-05-12T15:02:48.470+0800	error	hello	zapLogger/logger_test.go:23	this is a test
2021-05-12T15:02:48.470+0800	error	hello	zapLogger/logger_test.go:23	this is a test
2021-05-12T15:02:48.470+0800	error	hello	zapLogger/logger_test.go:23	this is a test
2021-05-12T15:02:48.470+0800	error	hello	zapLogger/logger_test.go:23	this is a test
2021-05-12T15:02:48.470+0800	error	hello	zapLogger/logger_test.go:23	this is a test
2021-05-12T15:02:48.470+0800	error	hello	zapLogger/logger_test.go:23	this is a test
2021-05-12T15:02:48.470+0800	error	hello	zapLogger/logger_test.go:23	this is a test
2021-05-12T15:02:48.469+0800	error	hello	zapLogger/logger_test.go:23	this is a test
2021-05-12T15:02:48.470+0800	error	hello	zapLogger/logger_test.go:23	this is a test
2021-05-12T15:02:48.470+0800	error	hello	zapLogger/logger_test.go:23	this is a test
2021-05-12T15:02:48.470+0800	error	hello	zapLogger/logger_test.go:23	this is a test
2021-05-12T15:02:48.469+0800	error	hello	zapLogger/logger_test.go:23	this is a test
2021-05-12T15:02:48.469+0800	error	hello	zapLogger/logger_test.go:23	this is a test
2021-05-12T15:02:48.469+0800	error	hello	zapLogger/logger_test.go:23	this is a test
2021-05-12T15:02:48.470+0800	error	hello	zapLogger/logger_test.go:23	this is a test
2021-05-12T15:02:48.470+0800	error	hello	zapLogger/logger_test.go:23	this is a test
2021-05-12T15:02:48.470+0800	error	hello	zapLogger/logger_test.go:23	this is a test
2021-05-12T15:02:48.470+0800	error	hello	zapLogger/logger_test.go:23	this is a test
2021-05-12T15:02:48.470+0800	error	hello	zapLogger/logger_test.go:23	this is a test
2021-05-12T15:02:48.471+0800	error	hello	zapLogger/logger_test.go:23	this is a test
2021-05-12T15:02:48.471+0800	error	hello	zapLogger/logger_test.go:23	this is a test
2021-05-12T15:02:48.471+0800	error	hello	zapLogger/logger_test.go:23	this is a test
2021-05-12T15:02:48.470+0800	error	hello	zapLogger/logger_test.go:23	this is a test
2021-05-12T15:02:48.471+0800	error	hello	zapLogger/logger_test.go:23	this is a test
2021-05-12T15:02:48.468+0800	error	hello	zapLogger/logger_test.go:23	this is a test
2021-05-12T15:02:48.470+0800	error	hello	zapLogger/logger_test.go:23	this is a test
2021-05-12T15:02:48.471+0800	error	hello	zapLogger/logger_test.go:23	this is a test
2021-05-12T15:02:48.471+0800	error	hello	zapLogger/logger_test.go:23	this is a test
2021-05-12T15:02:48.471+0800	error	hello	zapLogger/logger_test.go:23	this is a test
2021-05-12T15:02:48.471+0800	error	hello	zapLogger/logger_test.go:23	this is a test
2021-05-12T15:02:48.471+0800	error	hello	zapLogger/logger_test.go:23	this is a test
2021-05-12T15:02:48.471+0800	error	hello	zapLogger/logger_test.go:23	this is a test
2021-05-12T15:02:48.470+0800	error	hello	zapLogger/logger_test.go:23	this is a test
2021-05-12T15:02:48.470+0800	error	hello	zapLogger/logger_test.go:23	this is a test
2021-05-12T15:02:48.471+0800	error	hello	zapLogger/logger_test.go:23	this is a test
2021-05-12T15:02:48.471+0800	error	hello	zapLogger/logger_test.go:23	this is a test
2021-05-12T15:02:48.471+0800	error	hello	zapLogger/logger_test.go:23	this is a test
2021-05-12T15:02:48.470+0800	error	hello	zapLogger/logger_test.go:23	this is a test
2021-05-12T15:02:48.471+0800	error	hello	zapLogger/logger_test.go:23	this is a test
2021-05-12T15:02:48.471+0800	error	hello	zapLogger/logger_test.go:23	this is a test
2021-05-12T15:02:48.471+0800	error	hello	zapLogger/logger_test.go:23	this is a test
2021-05-12T15:02:48.470+0800	error	hello	zapLogger/logger_test.go:23	this is a test
2021-05-12T15:02:48.471+0800	error	hello	zapLogger/logger_test.go:23	this is a test
2021-05-12T15:02:48.471+0800	error	hello	zapLogger/logger_test.go:23	this is a test
2021-05-12T15:02:48.471+0800	error	hello	zapLogger/logger_test.go:23	this is a test
2021-05-12T15:02:48.471+0800	error	hello	zapLogger/logger_test.go:23	this is a test
2021-05-12T15:02:48.471+0800	error	hello	zapLogger/logger_test.go:23	this is a test
2021-05-12T15:02:48.471+0800	error	hello	zapLogger/logger_test.go:23	this is a test
2021-05-12T15:02:48.471+0800	error	hello	zapLogger/logger_test.go:23	this is a test
2021-05-12T15:02:48.471+0800	error	hello	zapLogger/logger_test.go:23	this is a test
2021-05-12T15:02:48.471+0800	error	hello	zapLogger/logger_test.go:23	this is a test
2021-05-12T15:02:48.471+0800	error	hello	zapLogger/logger_test.go:23	this is a test
2021-05-12T15:02:48.472+0800	error	hello	zapLogger/logger_test.go:23	this is a test
2021-05-12T15:02:48.472+0800	error	hello	zapLogger/logger_test.go:23	this is a test
2021-05-12T15:02:48.472+0800	error	hello	zapLogger/logger_test.go:23	this is a test
2021-05-12T15:02:48.472+0800	error	hello	zapLogger/logger_test.go:23	this is a test
2021-05-12T15:02:48.472+0800	error	hello	zapLogger/logger_test.go:23	this is a test
2021-05-12T15:02:48.470+0800	error	hello	zapLogger/logger_test.go:23	this is a test
2021-05-12T15:02:48.472+0800	error	hello	zapLogger/logger_test.go:23	this is a test
2021-05-12T15:02:48.471+0800	error	hello	zapLogger/logger_test.go:23	this is a test
2021-05-12T15:02:48.472+0800	error	hello	zapLogger/logger_test.go:23	this is a test
2021-05-12T15:02:48.472+0800	error	hello	zapLogger/logger_test.go:23	this is a test
2021-05-12T15:02:48.471+0800	error	hello	zapLogger/logger_test.go:23	this is a test
2021-05-12T15:02:48.472+0800	error	hello	zapLogger/logger_test.go:23	this is a test
2021-05-12T15:02:48.472+0800	error	hello	zapLogger/logger_test.go:23	this is a test
2021-05-12T15:02:48.471+0800	error	hello	zapLogger/logger_test.go:23	this is a test
2021-05-12T15:02:48.471+0800	error	hello	zapLogger/logger_test.go:23	this is a test
2021-05-12T15:02:48.472+0800	error	hello	zapLogger/logger_test.go:23	this is a test
2021-05-12T15:02:48.471+0800	error	hello	zapLogger/logger_test.go:23	this is a test
2021-05-12T15:02:48.472+0800	error	hello	zapLogger/logger_test.go:23	this is a test
2021-05-12T15:02:48.472+0800	error	hello	zapLogger/logger_test.go:23	this is a test
2021-05-12T15:02:48.471+0800	error	hello	zapLogger/logger_test.go:23	this is a test
2021-05-12T15:02:48.472+0800	error	hello	zapLogger/logger_test.go:23	this is a test
2021-05-12T15:02:48.472+0800	error	hello	zapLogger/logger_test.go:23	this is a test
2021-05-12T15:02:48.472+0800	error	hello	zapLogger/logger_test.go:23	this is a test
2021-05-12T15:02:48.472+0800	error	hello	zapLogger/logger_test.go:23	this is a test
2021-05-12T15:02:48.472+0800	error	hello	zapLogger/logger_test.go:23	this is a test
2021-05-12T15:02:48.472+0800	error	hello	zapLogger/logger_test.go:23	this is a test
2021-05-12T15:02:48.472+0800	error	hello	zapLogger/logger_test.go:23	this is a test
2021-05-12T15:02:48.472+0800	error	hello	zapLogger/logger_test.go:23	this is a test
2021-05-12T15:02:48.472+0800	error	hello	zapLogger/logger_test.go:23	this is a test
2021-05-12T15:02:48.472+0800	error	hello	zapLogger/logger_test.go:23	this is a test
2021-05-12T15:02:48.472+0800	error	hello	zapLogger/logger_test.go:23	this is a test
2021-05-12T15:02:48.472+0800	error	hello	zapLogger/logger_test.go:23	this is a test
2021-05-12T15:02:48.472+0800	error	hello	zapLogger/logger_test.go:23	this is a test
2021-05-12T15:02:48.472+0800	error	hello	zapLogger/logger_test.go:23	this is a test
2021-05-12T15:02:48.472+0800	error	hello	zapLogger/logger_test.go:23	this is a test
2021-05-12T15:02:48.472+0800	error	hello	zapLogger/logger_test.go:23	this is a test
2021-05-12T15:02:48.472+0800	error	hello	zapLogger/logger_test.go:23	this is a test
2021-05-12T15:02:48.472+0800	error	hello	zapLogger/logger_test.go:23	this is a test
2021-05-12T15:02:48.472+0800	error	hello	zapLogger/logger_test.go:23	this is a test
2021-05-12T15:02:48.473+0800	error	hello	zapLogger/logger_test.go:23	this is a test
2021-05-12T15:02:48.473+0800	error	hello	zapLogger/logger_test.go:23	this is a test
2021-05-12T15:02:48.473+0800	error	hello	zapLogger/logger_test.go:23	this is a test
2021-05-12T15:02:48.473+0800	error	hello	zapLogger/logger_test.go:23	this is a test
2021-05-12T15:02:48.473+0800	error	hello	zapLogger/logger_test.go:23	this is a test
2021-05-12T15:02:48.473+0800	error	hello	zapLogger/logger_test.go:23	this is a test
2021-05-12T15:02:48.472+0800	error	hello	zapLogger/logger_test.go:23	this is a test
2021-05-12T15:02:48.472+0800	error	hello	zapLogger/logger_test.go:23	this is a test
2021-05-12T15:02:48.473+0800	error	hello	zapLogger/logger_test.go:23	this is a test
2021-05-12T15:02:48.473+0800	error	hello	zapLogger/logger_test.go:23	this is a test
2021-05-12T15:02:48.473+0800	error	hello	zapLogger/logger_test.go:23	this is a test
2021-05-12T15:02:48.472+0800	error	hello	zapLogger/logger_test.go:23	this is a test
2021-05-12T15:02:48.473+0800	error	hello	zapLogger/logger_test.go:23	this is a test
2021-05-12T15:02:48.473+0800	error	hello	zapLogger/logger_test.go:23	this is a test
2021-05-12T15:02:48.471+0800	error	hello	zapLogger/logger_test.go:23	this is a test
2021-05-12T15:02:48.472+0800	error	hello	zapLogger/logger_test.go:23	this is a test
2021-05-12T15:02:48.473+0800	error	hello	zapLogger/logger_test.go:23	this is a test
2021-05-12T15:02:48.473+0800	error	hello	zapLogger/logger_test.go:23	this is a test
2021-05-12T15:02:48.472+0800	error	hello	zapLogger/logger_test.go:23	this is a test
2021-05-12T15:02:48.473+0800	error	hello	zapLogger/logger_test.go:23	this is a test
2021-05-12T15:02:48.473+0800	error	hello	zapLogger/logger_test.go:23	this is a test
2021-05-12T15:02:48.472+0800	error	hello	zapLogger/logger_test.go:23	this is a test
2021-05-12T15:02:48.473+0800	error	hello	zapLogger/logger_test.go:23	this is a test
2021-05-12T15:02:48.472+0800	error	hello	zapLogger/logger_test.go:23	this is a test
2021-05-12T15:02:48.473+0800	error	hello	zapLogger/logger_test.go:23	this is a test
2021-05-12T15:02:48.473+0800	error	hello	zapLogger/logger_test.go:23	this is a test
2021-05-12T15:02:48.472+0800	error	hello	zapLogger/logger_test.go:23	this is a test
2021-05-12T15:02:48.473+0800	error	hello	zapLogger/logger_test.go:23	this is a test
2021-05-12T15:02:48.473+0800	error	hello	zapLogger/logger_test.go:23	this is a test
2021-05-12T15:02:48.473+0800	error	hello	zapLogger/logger_test.go:23	this is a test
2021-05-12T15:02:48.473+0800	error	hello	zapLogger/logger_test.go:23	this is a test
2021-05-12T15:02:48.473+0800	error	hello	zapLogger/logger_test.go:23	this is a test
2021-05-12T15:02:48.473+0800	error	hello	zapLogger/logger_test.go:23	this is a test
2021-05-12T15:02:48.473+0800	error	hello	zapLogger/logger_test.go:23	this is a test
2021-05-12T15:02:48.473+0800	error	hello	zapLogger/logger_test.go:23	this is a test
2021-05-12T15:02:48.473+0800	error	hello	zapLogger/logger_test.go:23	this is a test
2021-05-12T15:02:48.473+0800	error	hello	zapLogger/logger_test.go:23	this is a test
2021-05-12T15:02:48.473+0800	error	hello	zapLogger/logger_test.go:23	this is a test
2021-05-12T15:02:48.473+0800	error	hello	zapLogger/logger_test.go:23	this is a test
2021-05-12T15:02:48.473+0800	error	hello	zapLogger/logger_test.go:23	this is a test
2021-05-12T15:02:48.473+0800	error	hello	zapLogger/logger_test.go:23	this is a test
2021-05-12T15:02:48.473+0800	error	hello	zapLogger/logger_test.go:23	this is a test
2021-05-12T15:02:48.473+0800	error	hello	zapLogger/logger_test.go:23	this is a test
2021-05-12T15:02:48.473+0800	error	hello	zapLogger/logger_test.go:23	this is a test
2021-05-12T15:02:48.473+0800	error	hello	zapLogger/logger_test.go:23	this is a test
2021-05-12T15:02:48.473+0800	error	hello	zapLogger/logger_test.go:23	this is a test
2021-05-12T15:02:48.473+0800	error	hello	zapLogger/logger_test.go:23	this is a test
2021-05-12T15:02:48.473+0800	error	hello	zapLogger/logger_test.go:23	this is a test
2021-05-12T15:02:48.473+0800	error	hello	zapLogger/logger_test.go:23	this is a test
2021-05-12T15:02:48.473+0800	error	hello	zapLogger/logger_test.go:23	this is a test
2021-05-12T15:02:48.473+0800	error	hello	zapLogger/logger_test.go:23	this is a test
2021-05-12T15:02:48.473+0800	error	hello	zapLogger/logger_test.go:23	this is a test
2021-05-12T15:02:48.473+0800	error	hello	zapLogger/logger_test.go:23	this is a test
2021-05-12T15:02:48.473+0800	error	hello	zapLogger/logger_test.go:23	this is a test
2021-05-12T15:02:48.473+0800	error	hello	zapLogger/logger_test.go:23	this is a test
2021-05-12T15:02:48.473+0800	error	hello	zapLogger/logger_test.go:23	this is a test
2021-05-12T15:02:48.473+0800	error	hello	zapLogger/logger_test.go:23	this is a test
2021-05-12T15:02:48.473+0800	error	hello	zapLogger/logger_test.go:23	this is a test
2021-05-12T15:02:48.473+0800	error	hello	zapLogger/logger_test.go:23	this is a test
2021-05-12T15:02:48.473+0800	error	hello	zapLogger/logger_test.go:23	this is a test
2021-05-12T15:02:48.473+0800	error	hello	zapLogger/logger_test.go:23	this is a test
2021-05-12T15:02:48.473+0800	error	hello	zapLogger/logger_test.go:23	this is a test
2021-05-12T15:02:48.473+0800	error	hello	zapLogger/logger_test.go:23	this is a test
2021-05-12T15:02:48.473+0800	error	hello	zapLogger/logger_test.go:23	this is a test
2021-05-12T15:02:48.473+0800	error	hello	zapLogger/logger_test.go:23	this is a test
2021-05-12T15:02:48.473+0800	error	hello	zapLogger/logger_test.go:23	this is a test
2021-05-12T15:02:48.473+0800	error	hello	zapLogger/logger_test.go:23	this is a test
2021-05-12T15:02:48.473+0800	error	hello	zapLogger/logger_test.go:23	this is a test
2021-05-12T15:02:48.473+0800	error	hello	zapLogger/logger_test.go:23	this is a test
2021-05-12T15:02:48.473+0800	error	hello	zapLogger/logger_test.go:23	this is a test
2021-05-12T15:02:48.473+0800	error	hello	zapLogger/logger_test.go:23	this is a test
2021-05-12T15:02:48.473+0800	error	hello	zapLogger/logger_test.go:23	this is a test
2021-05-12T15:02:48.474+0800	error	hello	zapLogger/logger_test.go:23	this is a test
2021-05-12T15:02:48.473+0800	error	hello	zapLogger/logger_test.go:23	this is a test
2021-05-12T15:02:48.474+0800	error	hello	zapLogger/logger_test.go:23	this is a test
2021-05-12T15:02:48.474+0800	error	hello	zapLogger/logger_test.go:23	this is a test
2021-05-12T15:02:48.474+0800	error	hello	zapLogger/logger_test.go:23	this is a test
2021-05-12T15:02:48.473+0800	error	hello	zapLogger/logger_test.go:23	this is a test
2021-05-12T15:02:48.474+0800	error	hello	zapLogger/logger_test.go:23	this is a test
2021-05-12T15:02:48.474+0800	error	hello	zapLogger/logger_test.go:23	this is a test
2021-05-12T15:02:48.474+0800	error	hello	zapLogger/logger_test.go:23	this is a test
2021-05-12T15:02:48.474+0800	error	hello	zapLogger/logger_test.go:23	this is a test
2021-05-12T15:02:48.474+0800	error	hello	zapLogger/logger_test.go:23	this is a test
2021-05-12T15:02:48.474+0800	error	hello	zapLogger/logger_test.go:23	this is a test
2021-05-12T15:02:48.474+0800	error	hello	zapLogger/logger_test.go:23	this is a test
2021-05-12T15:02:48.474+0800	error	hello	zapLogger/logger_test.go:23	this is a test
2021-05-12T15:02:48.474+0800	error	hello	zapLogger/logger_test.go:23	this is a test
2021-05-12T15:02:48.474+0800	error	hello	zapLogger/logger_test.go:23	this is a test
2021-05-12T15:02:48.474+0800	error	hello	zapLogger/logger_test.go:23	this is a test
2021-05-12T15:02:48.474+0800	error	hello	zapLogger/logger_test.go:23	this is a test
2021-05-12T15:02:48.474+0800	error	hello	zapLogger/logger_test.go:23	this is a test
2021-05-12T15:02:48.474+0800	error	hello	zapLogger/logger_test.go:23	this is a test
2021-05-12T15:02:48.474+0800	error	hello	zapLogger/logger_test.go:23	this is a test
2021-05-12T15:02:48.474+0800	error	hello	zapLogger/logger_test.go:23	this is a test
2021-05-12T15:02:48.474+0800	error	hello	zapLogger/logger_test.go:23	this is a test
2021-05-12T15:02:48.474+0800	error	hello	zapLogger/logger_test.go:23	this is a test
2021-05-12T15:02:48.474+0800	error	hello	zapLogger/logger_test.go:23	this is a test
2021-05-12T15:02:48.474+0800	error	hello	zapLogger/logger_test.go:23	this is a test
2021-05-12T15:02:48.474+0800	error	hello	zapLogger/logger_test.go:23	this is a test
2021-05-12T15:02:48.474+0800	error	hello	zapLogger/logger_test.go:23	this is a test
2021-05-12T15:02:48.473+0800	error	hello	zapLogger/logger_test.go:23	this is a test
2021-05-12T15:02:48.474+0800	error	hello	zapLogger/logger_test.go:23	this is a test
2021-05-12T15:02:48.474+0800	error	hello	zapLogger/logger_test.go:23	this is a test
2021-05-12T15:02:48.474+0800	error	hello	zapLogger/logger_test.go:23	this is a test
2021-05-12T15:02:48.474+0800	error	hello	zapLogger/logger_test.go:23	this is a test
2021-05-12T15:02:48.474+0800	error	hello	zapLogger/logger_test.go:23	this is a test
2021-05-12T15:02:48.474+0800	error	hello	zapLogger/logger_test.go:23	this is a test
2021-05-12T15:02:48.474+0800	error	hello	zapLogger/logger_test.go:23	this is a test
2021-05-12T15:02:48.474+0800	error	hello	zapLogger/logger_test.go:23	this is a test
2021-05-12T15:02:48.474+0800	error	hello	zapLogger/logger_test.go:23	this is a test
2021-05-12T15:02:48.474+0800	error	hello	zapLogger/logger_test.go:23	this is a test
2021-05-12T15:02:48.474+0800	error	hello	zapLogger/logger_test.go:23	this is a test
2021-05-12T15:02:48.474+0800	error	hello	zapLogger/logger_test.go:23	this is a test
2021-05-12T15:02:48.473+0800	error	hello	zapLogger/logger_test.go:23	this is a test
2021-05-12T15:02:48.474+0800	error	hello	zapLogger/logger_test.go:23	this is a test
2021-05-12T15:02:48.474+0800	error	hello	zapLogger/logger_test.go:23	this is a test
2021-05-12T15:02:48.474+0800	error	hello	zapLogger/logger_test.go:23	this is a test
2021-05-12T15:02:48.474+0800	error	hello	zapLogger/logger_test.go:23	this is a test
2021-05-12T15:02:48.474+0800	error	hello	zapLogger/logger_test.go:23	this is a test
2021-05-12T15:02:48.474+0800	error	hello	zapLogger/logger_test.go:23	this is a test
2021-05-12T15:02:48.474+0800	error	hello	zapLogger/logger_test.go:23	this is a test
2021-05-12T15:02:48.474+0800	error	hello	zapLogger/logger_test.go:23	this is a test
2021-05-12T15:02:48.474+0800	error	hello	zapLogger/logger_test.go:23	this is a test
2021-05-12T15:02:48.474+0800	error	hello	zapLogger/logger_test.go:23	this is a test
2021-05-12T15:02:48.474+0800	error	hello	zapLogger/logger_test.go:23	this is a test
2021-05-12T15:02:48.474+0800	error	hello	zapLogger/logger_test.go:23	this is a test
2021-05-12T15:02:48.474+0800	error	hello	zapLogger/logger_test.go:23	this is a test
2021-05-12T15:02:48.474+0800	error	hello	zapLogger/logger_test.go:23	this is a test
2021-05-12T15:02:48.474+0800	error	hello	zapLogger/logger_test.go:23	this is a test
2021-05-12T15:02:48.474+0800	error	hello	zapLogger/logger_test.go:23	this is a test
2021-05-12T15:02:48.474+0800	error	hello	zapLogger/logger_test.go:23	this is a test
2021-05-12T15:02:48.474+0800	error	hello	zapLogger/logger_test.go:23	this is a test
2021-05-12T15:02:48.474+0800	error	hello	zapLogger/logger_test.go:23	this is a test
2021-05-12T15:02:48.474+0800	error	hello	zapLogger/logger_test.go:23	this is a test
2021-05-12T15:02:48.474+0800	error	hello	zapLogger/logger_test.go:23	this is a test
2021-05-12T15:02:48.474+0800	error	hello	zapLogger/logger_test.go:23	this is a test
2021-05-12T15:02:48.474+0800	error	hello	zapLogger/logger_test.go:23	this is a test
2021-05-12T15:02:48.474+0800	error	hello	zapLogger/logger_test.go:23	this is a test
2021-05-12T15:02:48.474+0800	error	hello	zapLogger/logger_test.go:23	this is a test
2021-05-12T15:02:48.474+0800	error	hello	zapLogger/logger_test.go:23	this is a test
2021-05-12T15:02:48.474+0800	error	hello	zapLogger/logger_test.go:23	this is a test
2021-05-12T15:02:48.474+0800	error	hello	zapLogger/logger_test.go:23	this is a test
2021-05-12T15:02:48.474+0800	error	hello	zapLogger/logger_test.go:23	this is a test
2021-05-12T15:02:48.474+0800	error	hello	zapLogger/logger_test.go:23	this is a test
2021-05-12T15:02:48.474+0800	error	hello	zapLogger/logger_test.go:23	this is a test
2021-05-12T15:02:48.474+0800	error	hello	zapLogger/logger_test.go:23	this is a test
2021-05-12T15:02:48.474+0800	error	hello	zapLogger/logger_test.go:23	this is a test
2021-05-12T15:02:48.474+0800	error	hello	zapLogger/logger_test.go:23	this is a test
2021-05-12T15:02:48.474+0800	error	hello	zapLogger/logger_test.go:23	this is a test
2021-05-12T15:02:48.473+0800	error	hello	zapLogger/logger_test.go:23	this is a test
2021-05-12T15:02:48.474+0800	error	hello	zapLogger/logger_test.go:23	this is a test
2021-05-12T15:02:48.474+0800	error	hello	zapLogger/logger_test.go:23	this is a test
2021-05-12T15:02:48.474+0800	error	hello	zapLogger/logger_test.go:23	this is a test
2021-05-12T15:02:48.474+0800	error	hello	zapLogger/logger_test.go:23	this is a test
2021-05-12T15:02:48.474+0800	error	hello	zapLogger/logger_test.go:23	this is a test
2021-05-12T15:02:48.474+0800	error	hello	zapLogger/logger_test.go:23	this is a test
2021-05-12T15:02:48.474+0800	error	hello	zapLogger/logger_test.go:23	this is a test
2021-05-12T15:02:48.474+0800	error	hello	zapLogger/logger_test.go:23	this is a test
2021-05-12T15:02:48.474+0800	error	hello	zapLogger/logger_test.go:23	this is a test
2021-05-12T15:02:48.474+0800	error	hello	zapLogger/logger_test.go:23	this is a test
2021-05-12T15:02:48.474+0800	error	hello	zapLogger/logger_test.go:23	this is a test
2021-05-12T15:02:48.474+0800	error	hello	zapLogger/logger_test.go:23	this is a test
2021-05-12T15:02:48.474+0800	error	hello	zapLogger/logger_test.go:23	this is a test
2021-05-12T15:02:48.474+0800	error	hello	zapLogger/logger_test.go:23	this is a test
2021-05-12T15:02:48.474+0800	error	hello	zapLogger/logger_test.go:23	this is a test
2021-05-12T15:02:48.474+0800	error	hello	zapLogger/logger_test.go:23	this is a test
2021-05-12T15:02:48.474+0800	error	hello	zapLogger/logger_test.go:23	this is a test
2021-05-12T15:02:48.474+0800	error	hello	zapLogger/logger_test.go:23	this is a test
2021-05-12T15:02:48.474+0800	error	hello	zapLogger/logger_test.go:23	this is a test
2021-05-12T15:02:48.474+0800	error	hello	zapLogger/logger_test.go:23	this is a test
2021-05-12T15:02:48.474+0800	error	hello	zapLogger/logger_test.go:23	this is a test
2021-05-12T15:02:48.474+0800	error	hello	zapLogger/logger_test.go:23	this is a test
2021-05-12T15:02:48.474+0800	error	hello	zapLogger/logger_test.go:23	this is a test
2021-05-12T15:02:48.474+0800	error	hello	zapLogger/logger_test.go:23	this is a test
2021-05-12T15:02:48.474+0800	error	hello	zapLogger/logger_test.go:23	this is a test
2021-05-12T15:02:48.474+0800	error	hello	zapLogger/logger_test.go:23	this is a test
2021-05-12T15:02:48.474+0800	error	hello	zapLogger/logger_test.go:23	this is a test
2021-05-12T15:02:48.474+0800	error	hello	zapLogger/logger_test.go:23	this is a test
2021-05-12T15:02:48.474+0800	error	hello	zapLogger/logger_test.go:23	this is a test
2021-05-12T15:02:48.474+0800	error	hello	zapLogger/logger_test.go:23	this is a test
2021-05-12T15:02:48.474+0800	error	hello	zapLogger/logger_test.go:23	this is a test
2021-05-12T15:02:48.474+0800	error	hello	zapLogger/logger_test.go:23	this is a test
2021-05-12T15:02:48.474+0800	error	hello	zapLogger/logger_test.go:23	this is a test
2021-05-12T15:02:48.474+0800	error	hello	zapLogger/logger_test.go:23	this is a test
2021-05-12T15:02:48.474+0800	error	hello	zapLogger/logger_test.go:23	this is a test
2021-05-12T15:02:48.474+0800	error	hello	zapLogger/logger_test.go:23	this is a test
2021-05-12T15:02:48.474+0800	error	hello	zapLogger/logger_test.go:23	this is a test
2021-05-12T15:02:48.474+0800	error	hello	zapLogger/logger_test.go:23	this is a test
2021-05-12T15:02:48.474+0800	error	hello	zapLogger/logger_test.go:23	this is a test
2021-05-12T15:02:48.474+0800	error	hello	zapLogger/logger_test.go:23	this is a test
2021-05-12T15:02:48.474+0800	error	hello	zapLogger/logger_test.go:23	this is a test
2021-05-12T15:02:48.474+0800	error	hello	zapLogger/logger_test.go:23	this is a test
2021-05-12T15:02:48.474+0800	error	hello	zapLogger/logger_test.go:23	this is a test
2021-05-12T15:02:48.474+0800	error	hello	zapLogger/logger_test.go:23	this is a test
2021-05-12T15:02:48.474+0800	error	hello	zapLogger/logger_test.go:23	this is a test
2021-05-12T15:02:48.474+0800	error	hello	zapLogger/logger_test.go:23	this is a test
2021-05-12T15:02:48.474+0800	error	hello	zapLogger/logger_test.go:23	this is a test
2021-05-12T15:02:48.474+0800	error	hello	zapLogger/logger_test.go:23	this is a test
2021-05-12T15:02:48.474+0800	error	hello	zapLogger/logger_test.go:23	this is a test
2021-05-12T15:02:48.474+0800	error	hello	zapLogger/logger_test.go:23	this is a test
2021-05-12T15:02:48.474+0800	error	hello	zapLogger/logger_test.go:23	this is a test
2021-05-12T15:02:48.475+0800	error	hello	zapLogger/logger_test.go:23	this is a test
2021-05-12T15:02:48.475+0800	error	hello	zapLogger/logger_test.go:23	this is a test
2021-05-12T15:02:48.473+0800	error	hello	zapLogger/logger_test.go:23	this is a test
2021-05-12T15:02:48.475+0800	error	hello	zapLogger/logger_test.go:23	this is a test
2021-05-12T15:02:48.475+0800	error	hello	zapLogger/logger_test.go:23	this is a test
2021-05-12T15:02:48.474+0800	error	hello	zapLogger/logger_test.go:23	this is a test
2021-05-12T15:02:48.475+0800	error	hello	zapLogger/logger_test.go:23	this is a test
2021-05-12T15:02:48.475+0800	error	hello	zapLogger/logger_test.go:23	this is a test
2021-05-12T15:02:48.475+0800	error	hello	zapLogger/logger_test.go:23	this is a test
2021-05-12T15:02:48.475+0800	error	hello	zapLogger/logger_test.go:23	this is a test
2021-05-12T15:02:48.475+0800	error	hello	zapLogger/logger_test.go:23	this is a test
2021-05-12T15:02:48.475+0800	error	hello	zapLogger/logger_test.go:23	this is a test
2021-05-12T15:02:48.475+0800	error	hello	zapLogger/logger_test.go:23	this is a test
2021-05-12T15:02:48.475+0800	error	hello	zapLogger/logger_test.go:23	this is a test
2021-05-12T15:02:48.475+0800	error	hello	zapLogger/logger_test.go:23	this is a test
2021-05-12T15:02:48.475+0800	error	hello	zapLogger/logger_test.go:23	this is a test
2021-05-12T15:02:48.475+0800	error	hello	zapLogger/logger_test.go:23	this is a test
2021-05-12T15:02:48.475+0800	error	hello	zapLogger/logger_test.go:23	this is a test
2021-05-12T15:02:48.475+0800	error	hello	zapLogger/logger_test.go:23	this is a test
2021-05-12T15:02:48.475+0800	error	hello	zapLogger/logger_test.go:23	this is a test
2021-05-12T15:02:48.475+0800	error	hello	zapLogger/logger_test.go:23	this is a test
2021-05-12T15:02:48.475+0800	error	hello	zapLogger/logger_test.go:23	this is a test
2021-05-12T15:02:48.475+0800	error	hello	zapLogger/logger_test.go:23	this is a test
2021-05-12T15:02:48.475+0800	error	hello	zapLogger/logger_test.go:23	this is a test
2021-05-12T15:02:48.475+0800	error	hello	zapLogger/logger_test.go:23	this is a test
2021-05-12T15:02:48.475+0800	error	hello	zapLogger/logger_test.go:23	this is a test
2021-05-12T15:02:48.475+0800	error	hello	zapLogger/logger_test.go:23	this is a test
2021-05-12T15:02:48.475+0800	error	hello	zapLogger/logger_test.go:23	this is a test
2021-05-12T15:02:48.475+0800	error	hello	zapLogger/logger_test.go:23	this is a test
2021-05-12T15:02:48.475+0800	error	hello	zapLogger/logger_test.go:23	this is a test
2021-05-12T15:02:48.475+0800	error	hello	zapLogger/logger_test.go:23	this is a test
2021-05-12T15:02:48.475+0800	error	hello	zapLogger/logger_test.go:23	this is a test
2021-05-12T15:02:48.475+0800	error	hello	zapLogger/logger_test.go:23	this is a test
2021-05-12T15:02:48.475+0800	error	hello	zapLogger/logger_test.go:23	this is a test
2021-05-12T15:02:48.475+0800	error	hello	zapLogger/logger_test.go:23	this is a test
2021-05-12T15:02:48.475+0800	error	hello	zapLogger/logger_test.go:23	this is a test
2021-05-12T15:02:48.475+0800	error	hello	zapLogger/logger_test.go:23	this is a test
2021-05-12T15:02:48.475+0800	error	hello	zapLogger/logger_test.go:23	this is a test
2021-05-12T15:02:48.475+0800	error	hello	zapLogger/logger_test.go:23	this is a test
2021-05-12T15:02:48.475+0800	error	hello	zapLogger/logger_test.go:23	this is a test
2021-05-12T15:02:48.474+0800	error	hello	zapLogger/logger_test.go:23	this is a test
2021-05-12T15:02:48.474+0800	error	hello	zapLogger/logger_test.go:23	this is a test
2021-05-12T15:02:48.475+0800	error	hello	zapLogger/logger_test.go:23	this is a test
2021-05-12T15:02:48.475+0800	error	hello	zapLogger/logger_test.go:23	this is a test
2021-05-12T15:02:48.475+0800	error	hello	zapLogger/logger_test.go:23	this is a test
2021-05-12T15:02:48.475+0800	error	hello	zapLogger/logger_test.go:23	this is a test
2021-05-12T15:02:48.473+0800	error	hello	zapLogger/logger_test.go:23	this is a test
2021-05-12T15:02:48.475+0800	error	hello	zapLogger/logger_test.go:23	this is a test
2021-05-12T15:02:48.475+0800	error	hello	zapLogger/logger_test.go:23	this is a test
2021-05-12T15:02:48.475+0800	error	hello	zapLogger/logger_test.go:23	this is a test
2021-05-12T15:02:48.475+0800	error	hello	zapLogger/logger_test.go:23	this is a test
2021-05-12T15:02:48.475+0800	error	hello	zapLogger/logger_test.go:23	this is a test
2021-05-12T15:02:48.474+0800	error	hello	zapLogger/logger_test.go:23	this is a test
2021-05-12T15:02:48.475+0800	error	hello	zapLogger/logger_test.go:23	this is a test
2021-05-12T15:02:48.475+0800	error	hello	zapLogger/logger_test.go:23	this is a test
2021-05-12T15:02:48.475+0800	error	hello	zapLogger/logger_test.go:23	this is a test
2021-05-12T15:02:48.475+0800	error	hello	zapLogger/logger_test.go:23	this is a test
2021-05-12T15:02:48.475+0800	error	hello	zapLogger/logger_test.go:23	this is a test
2021-05-12T15:02:48.475+0800	error	hello	zapLogger/logger_test.go:23	this is a test
2021-05-12T15:02:48.475+0800	error	hello	zapLogger/logger_test.go:23	this is a test
2021-05-12T15:02:48.475+0800	error	hello	zapLogger/logger_test.go:23	this is a test
2021-05-12T15:02:48.475+0800	error	hello	zapLogger/logger_test.go:23	this is a test
2021-05-12T15:02:48.475+0800	error	hello	zapLogger/logger_test.go:23	this is a test
2021-05-12T15:02:48.475+0800	error	hello	zapLogger/logger_test.go:23	this is a test
2021-05-12T15:02:48.475+0800	error	hello	zapLogger/logger_test.go:23	this is a test
2021-05-12T15:02:48.475+0800	error	hello	zapLogger/logger_test.go:23	this is a test
2021-05-12T15:02:48.475+0800	error	hello	zapLogger/logger_test.go:23	this is a test
2021-05-12T15:02:48.475+0800	error	hello	zapLogger/logger_test.go:23	this is a test
2021-05-12T15:02:48.475+0800	error	hello	zapLogger/logger_test.go:23	this is a test
2021-05-12T15:02:48.475+0800	error	hello	zapLogger/logger_test.go:23	this is a test
2021-05-12T15:02:48.475+0800	error	hello	zapLogger/logger_test.go:23	this is a test
2021-05-12T15:02:48.475+0800	error	hello	zapLogger/logger_test.go:23	this is a test
2021-05-12T15:02:48.475+0800	error	hello	zapLogger/logger_test.go:23	this is a test
2021-05-12T15:02:48.475+0800	error	hello	zapLogger/logger_test.go:23	this is a test
2021-05-12T15:02:48.475+0800	error	hello	zapLogger/logger_test.go:23	this is a test
2021-05-12T15:02:48.475+0800	error	hello	zapLogger/logger_test.go:23	this is a test
2021-05-12T15:02:48.475+0800	error	hello	zapLogger/logger_test.go:23	this is a test
2021-05-12T15:02:48.475+0800	error	hello	zapLogger/logger_test.go:23	this is a test
2021-05-12T15:02:48.475+0800	error	hello	zapLogger/logger_test.go:23	this is a test
2021-05-12T15:02:48.475+0800	error	hello	zapLogger/logger_test.go:23	this is a test
2021-05-12T15:02:48.475+0800	error	hello	zapLogger/logger_test.go:23	this is a test
2021-05-12T15:02:48.475+0800	error	hello	zapLogger/logger_test.go:23	this is a test
2021-05-12T15:02:48.476+0800	error	hello	zapLogger/logger_test.go:23	this is a test
2021-05-12T15:02:48.475+0800	error	hello	zapLogger/logger_test.go:23	this is a test
2021-05-12T15:02:48.473+0800	error	hello	zapLogger/logger_test.go:23	this is a test
2021-05-12T15:02:48.476+0800	error	hello	zapLogger/logger_test.go:23	this is a test
2021-05-12T15:02:48.475+0800	error	hello	zapLogger/logger_test.go:23	this is a test
2021-05-12T15:02:48.476+0800	error	hello	zapLogger/logger_test.go:23	this is a test
2021-05-12T15:02:48.474+0800	error	hello	zapLogger/logger_test.go:23	this is a test
2021-05-12T15:02:48.474+0800	error	hello	zapLogger/logger_test.go:23	this is a test
2021-05-12T15:02:48.475+0800	error	hello	zapLogger/logger_test.go:23	this is a test
2021-05-12T15:02:48.475+0800	error	hello	zapLogger/logger_test.go:23	this is a test
2021-05-12T15:02:48.476+0800	error	hello	zapLogger/logger_test.go:23	this is a test
2021-05-12T15:02:48.476+0800	error	hello	zapLogger/logger_test.go:23	this is a test
2021-05-12T15:02:48.476+0800	error	hello	zapLogger/logger_test.go:23	this is a test
2021-05-12T15:02:48.476+0800	error	hello	zapLogger/logger_test.go:23	this is a test
2021-05-12T15:02:48.475+0800	error	hello	zapLogger/logger_test.go:23	this is a test
2021-05-12T15:02:48.476+0800	error	hello	zapLogger/logger_test.go:23	this is a test
2021-05-12T15:02:48.476+0800	error	hello	zapLogger/logger_test.go:23	this is a test
2021-05-12T15:02:48.476+0800	error	hello	zapLogger/logger_test.go:23	this is a test
2021-05-12T15:02:48.476+0800	error	hello	zapLogger/logger_test.go:23	this is a test
2021-05-12T15:02:48.476+0800	error	hello	zapLogger/logger_test.go:23	this is a test
2021-05-12T15:02:48.477+0800	error	hello	zapLogger/logger_test.go:23	this is a test
2021-05-12T15:02:48.477+0800	error	hello	zapLogger/logger_test.go:23	this is a test
2021-05-12T15:02:48.477+0800	error	hello	zapLogger/logger_test.go:23	this is a test
2021-05-12T15:02:48.477+0800	error	hello	zapLogger/logger_test.go:23	this is a test
2021-05-12T15:02:48.477+0800	error	hello	zapLogger/logger_test.go:23	this is a test
2021-05-12T15:02:48.477+0800	error	hello	zapLogger/logger_test.go:23	this is a test
2021-05-12T15:02:48.476+0800	error	hello	zapLogger/logger_test.go:23	this is a test
2021-05-12T15:02:48.476+0800	error	hello	zapLogger/logger_test.go:23	this is a test
2021-05-12T15:02:48.477+0800	error	hello	zapLogger/logger_test.go:23	this is a test
2021-05-12T15:02:48.476+0800	error	hello	zapLogger/logger_test.go:23	this is a test
2021-05-12T15:02:48.476+0800	error	hello	zapLogger/logger_test.go:23	this is a test
2021-05-12T15:02:48.476+0800	error	hello	zapLogger/logger_test.go:23	this is a test
2021-05-12T15:02:48.476+0800	error	hello	zapLogger/logger_test.go:23	this is a test
2021-05-12T15:02:48.476+0800	error	hello	zapLogger/logger_test.go:23	this is a test
2021-05-12T15:02:48.476+0800	error	hello	zapLogger/logger_test.go:23	this is a test
2021-05-12T15:02:48.476+0800	error	hello	zapLogger/logger_test.go:23	this is a test
2021-05-12T15:02:48.477+0800	error	hello	zapLogger/logger_test.go:23	this is a test
2021-05-12T15:02:48.477+0800	error	hello	zapLogger/logger_test.go:23	this is a test
2021-05-12T15:02:48.477+0800	error	hello	zapLogger/logger_test.go:23	this is a test
2021-05-12T15:02:48.478+0800	error	hello	zapLogger/logger_test.go:23	this is a test
2021-05-12T15:02:48.478+0800	error	hello	zapLogger/logger_test.go:23	this is a test
2021-05-12T15:02:48.477+0800	error	hello	zapLogger/logger_test.go:23	this is a test
2021-05-12T15:02:48.478+0800	error	hello	zapLogger/logger_test.go:23	this is a test
2021-05-12T15:02:48.477+0800	error	hello	zapLogger/logger_test.go:23	this is a test
2021-05-12T15:02:48.478+0800	error	hello	zapLogger/logger_test.go:23	this is a test
2021-05-12T15:02:48.478+0800	error	hello	zapLogger/logger_test.go:23	this is a test
2021-05-12T15:02:48.478+0800	error	hello	zapLogger/logger_test.go:23	this is a test
2021-05-12T15:02:48.477+0800	error	hello	zapLogger/logger_test.go:23	this is a test
2021-05-12T15:02:48.478+0800	error	hello	zapLogger/logger_test.go:23	this is a test
2021-05-12T15:02:48.477+0800	error	hello	zapLogger/logger_test.go:23	this is a test
2021-05-12T15:02:48.478+0800	error	hello	zapLogger/logger_test.go:23	this is a test
2021-05-12T15:02:48.478+0800	error	hello	zapLogger/logger_test.go:23	this is a test
2021-05-12T15:02:48.477+0800	error	hello	zapLogger/logger_test.go:23	this is a test
2021-05-12T15:02:48.478+0800	error	hello	zapLogger/logger_test.go:23	this is a test
2021-05-12T15:02:48.478+0800	error	hello	zapLogger/logger_test.go:23	this is a test
2021-05-12T15:02:48.477+0800	error	hello	zapLogger/logger_test.go:23	this is a test
2021-05-12T15:02:48.478+0800	error	hello	zapLogger/logger_test.go:23	this is a test
2021-05-12T15:02:48.477+0800	error	hello	zapLogger/logger_test.go:23	this is a test
2021-05-12T15:02:48.478+0800	error	hello	zapLogger/logger_test.go:23	this is a test
2021-05-12T15:02:48.478+0800	error	hello	zapLogger/logger_test.go:23	this is a test
2021-05-12T15:02:48.478+0800	error	hello	zapLogger/logger_test.go:23	this is a test
2021-05-12T15:02:48.477+0800	error	hello	zapLogger/logger_test.go:23	this is a test
2021-05-12T15:02:48.478+0800	error	hello	zapLogger/logger_test.go:23	this is a test
2021-05-12T15:02:48.478+0800	error	hello	zapLogger/logger_test.go:23	this is a test
2021-05-12T15:02:48.477+0800	error	hello	zapLogger/logger_test.go:23	this is a test
2021-05-12T15:02:48.478+0800	error	hello	zapLogger/logger_test.go:23	this is a test
2021-05-12T15:02:48.478+0800	error	hello	zapLogger/logger_test.go:23	this is a test
2021-05-12T15:02:48.478+0800	error	hello	zapLogger/logger_test.go:23	this is a test
2021-05-12T15:02:48.478+0800	error	hello	zapLogger/logger_test.go:23	this is a test
2021-05-12T15:02:48.478+0800	error	hello	zapLogger/logger_test.go:23	this is a test
2021-05-12T15:02:48.478+0800	error	hello	zapLogger/logger_test.go:23	this is a test
2021-05-12T15:02:48.479+0800	error	hello	zapLogger/logger_test.go:23	this is a test
2021-05-12T15:02:48.478+0800	error	hello	zapLogger/logger_test.go:23	this is a test
2021-05-12T15:02:48.479+0800	error	hello	zapLogger/logger_test.go:23	this is a test
2021-05-12T15:02:48.478+0800	error	hello	zapLogger/logger_test.go:23	this is a test
2021-05-12T15:02:48.479+0800	error	hello	zapLogger/logger_test.go:23	this is a test
2021-05-12T15:02:48.478+0800	error	hello	zapLogger/logger_test.go:23	this is a test
2021-05-12T15:02:48.479+0800	error	hello	zapLogger/logger_test.go:23	this is a test
2021-05-12T15:02:48.479+0800	error	hello	zapLogger/logger_test.go:23	this is a test
2021-05-12T15:02:48.479+0800	error	hello	zapLogger/logger_test.go:23	this is a test
2021-05-12T15:02:48.478+0800	error	hello	zapLogger/logger_test.go:23	this is a test
2021-05-12T15:02:48.479+0800	error	hello	zapLogger/logger_test.go:23	this is a test
2021-05-12T15:02:48.479+0800	error	hello	zapLogger/logger_test.go:23	this is a test
2021-05-12T15:02:48.478+0800	error	hello	zapLogger/logger_test.go:23	this is a test
2021-05-12T15:02:48.479+0800	error	hello	zapLogger/logger_test.go:23	this is a test
2021-05-12T15:02:48.479+0800	error	hello	zapLogger/logger_test.go:23	this is a test
2021-05-12T15:02:48.479+0800	error	hello	zapLogger/logger_test.go:23	this is a test
2021-05-12T15:02:48.479+0800	error	hello	zapLogger/logger_test.go:23	this is a test
2021-05-12T15:02:48.479+0800	error	hello	zapLogger/logger_test.go:23	this is a test
2021-05-12T15:02:48.478+0800	error	hello	zapLogger/logger_test.go:23	this is a test
2021-05-12T15:02:48.479+0800	error	hello	zapLogger/logger_test.go:23	this is a test
2021-05-12T15:02:48.478+0800	error	hello	zapLogger/logger_test.go:23	this is a test
2021-05-12T15:02:48.479+0800	error	hello	zapLogger/logger_test.go:23	this is a test
2021-05-12T15:02:48.478+0800	error	hello	zapLogger/logger_test.go:23	this is a test
2021-05-12T15:02:48.479+0800	error	hello	zapLogger/logger_test.go:23	this is a test
2021-05-12T15:02:48.479+0800	error	hello	zapLogger/logger_test.go:23	this is a test
2021-05-12T15:02:48.479+0800	error	hello	zapLogger/logger_test.go:23	this is a test
2021-05-12T15:02:48.479+0800	error	hello	zapLogger/logger_test.go:23	this is a test
2021-05-12T15:02:48.479+0800	error	hello	zapLogger/logger_test.go:23	this is a test
2021-05-12T15:02:48.479+0800	error	hello	zapLogger/logger_test.go:23	this is a test
2021-05-12T15:02:48.479+0800	error	hello	zapLogger/logger_test.go:23	this is a test
2021-05-12T15:02:48.479+0800	error	hello	zapLogger/logger_test.go:23	this is a test
2021-05-12T15:02:48.479+0800	error	hello	zapLogger/logger_test.go:23	this is a test
2021-05-12T15:02:48.479+0800	error	hello	zapLogger/logger_test.go:23	this is a test
2021-05-12T15:02:48.479+0800	error	hello	zapLogger/logger_test.go:23	this is a test
2021-05-12T15:02:48.480+0800	error	hello	zapLogger/logger_test.go:23	this is a test
2021-05-12T15:02:48.479+0800	error	hello	zapLogger/logger_test.go:23	this is a test
2021-05-12T15:02:48.480+0800	error	hello	zapLogger/logger_test.go:23	this is a test
2021-05-12T15:02:48.480+0800	error	hello	zapLogger/logger_test.go:23	this is a test
2021-05-12T15:02:48.479+0800	error	hello	zapLogger/logger_test.go:23	this is a test
2021-05-12T15:02:48.480+0800	error	hello	zapLogger/logger_test.go:23	this is a test
2021-05-12T15:02:48.480+0800	error	hello	zapLogger/logger_test.go:23	this is a test
2021-05-12T15:02:48.480+0800	error	hello	zapLogger/logger_test.go:23	this is a test
2021-05-12T15:02:48.480+0800	error	hello	zapLogger/logger_test.go:23	this is a test
2021-05-12T15:02:48.479+0800	error	hello	zapLogger/logger_test.go:23	this is a test
2021-05-12T15:02:48.480+0800	error	hello	zapLogger/logger_test.go:23	this is a test
2021-05-12T15:02:48.479+0800	error	hello	zapLogger/logger_test.go:23	this is a test
2021-05-12T15:02:48.479+0800	error	hello	zapLogger/logger_test.go:23	this is a test
2021-05-12T15:02:48.480+0800	error	hello	zapLogger/logger_test.go:23	this is a test
2021-05-12T15:02:48.480+0800	error	hello	zapLogger/logger_test.go:23	this is a test
2021-05-12T15:02:48.479+0800	error	hello	zapLogger/logger_test.go:23	this is a test
2021-05-12T15:02:48.480+0800	error	hello	zapLogger/logger_test.go:23	this is a test
2021-05-12T15:02:48.480+0800	error	hello	zapLogger/logger_test.go:23	this is a test
2021-05-12T15:02:48.479+0800	error	hello	zapLogger/logger_test.go:23	this is a test
2021-05-12T15:02:48.480+0800	error	hello	zapLogger/logger_test.go:23	this is a test
2021-05-12T15:02:48.479+0800	error	hello	zapLogger/logger_test.go:23	this is a test
2021-05-12T15:02:48.480+0800	error	hello	zapLogger/logger_test.go:23	this is a test
2021-05-12T15:02:48.480+0800	error	hello	zapLogger/logger_test.go:23	this is a test
2021-05-12T15:02:48.480+0800	error	hello	zapLogger/logger_test.go:23	this is a test
2021-05-12T15:02:48.480+0800	error	hello	zapLogger/logger_test.go:23	this is a test
2021-05-12T15:02:48.480+0800	error	hello	zapLogger/logger_test.go:23	this is a test
2021-05-12T15:02:48.480+0800	error	hello	zapLogger/logger_test.go:23	this is a test
2021-05-12T15:02:48.480+0800	error	hello	zapLogger/logger_test.go:23	this is a test
2021-05-12T15:02:48.481+0800	error	hello	zapLogger/logger_test.go:23	this is a test
2021-05-12T15:02:48.479+0800	error	hello	zapLogger/logger_test.go:23	this is a test
2021-05-12T15:02:48.481+0800	error	hello	zapLogger/logger_test.go:23	this is a test
2021-05-12T15:02:48.481+0800	error	hello	zapLogger/logger_test.go:23	this is a test
2021-05-12T15:02:48.481+0800	error	hello	zapLogger/logger_test.go:23	this is a test
2021-05-12T15:02:48.481+0800	error	hello	zapLogger/logger_test.go:23	this is a test
2021-05-12T15:02:48.481+0800	error	hello	zapLogger/logger_test.go:23	this is a test
2021-05-12T15:02:48.481+0800	error	hello	zapLogger/logger_test.go:23	this is a test
2021-05-12T15:02:48.481+0800	error	hello	zapLogger/logger_test.go:23	this is a test
2021-05-12T15:02:48.481+0800	error	hello	zapLogger/logger_test.go:23	this is a test
2021-05-12T15:02:48.481+0800	error	hello	zapLogger/logger_test.go:23	this is a test
2021-05-12T15:02:48.481+0800	error	hello	zapLogger/logger_test.go:23	this is a test
2021-05-12T15:02:48.481+0800	error	hello	zapLogger/logger_test.go:23	this is a test
2021-05-12T15:02:48.481+0800	error	hello	zapLogger/logger_test.go:23	this is a test
2021-05-12T15:02:48.481+0800	error	hello	zapLogger/logger_test.go:23	this is a test
2021-05-12T15:02:48.481+0800	error	hello	zapLogger/logger_test.go:23	this is a test
2021-05-12T15:02:48.481+0800	error	hello	zapLogger/logger_test.go:23	this is a test
2021-05-12T15:02:48.481+0800	error	hello	zapLogger/logger_test.go:23	this is a test
2021-05-12T15:02:48.481+0800	error	hello	zapLogger/logger_test.go:23	this is a test
2021-05-12T15:02:48.480+0800	error	hello	zapLogger/logger_test.go:23	this is a test
2021-05-12T15:02:48.481+0800	error	hello	zapLogger/logger_test.go:23	this is a test
2021-05-12T15:02:48.481+0800	error	hello	zapLogger/logger_test.go:23	this is a test
2021-05-12T15:02:48.481+0800	error	hello	zapLogger/logger_test.go:23	this is a test
2021-05-12T15:02:48.481+0800	error	hello	zapLogger/logger_test.go:23	this is a test
2021-05-12T15:02:48.481+0800	error	hello	zapLogger/logger_test.go:23	this is a test
2021-05-12T15:02:48.481+0800	error	hello	zapLogger/logger_test.go:23	this is a test
2021-05-12T15:02:48.481+0800	error	hello	zapLogger/logger_test.go:23	this is a test
2021-05-12T15:02:48.481+0800	error	hello	zapLogger/logger_test.go:23	this is a test
2021-05-12T15:02:48.481+0800	error	hello	zapLogger/logger_test.go:23	this is a test
2021-05-12T15:02:48.480+0800	error	hello	zapLogger/logger_test.go:23	this is a test
2021-05-12T15:02:48.481+0800	error	hello	zapLogger/logger_test.go:23	this is a test
2021-05-12T15:02:48.480+0800	error	hello	zapLogger/logger_test.go:23	this is a test
2021-05-12T15:02:48.481+0800	error	hello	zapLogger/logger_test.go:23	this is a test
2021-05-12T15:02:48.480+0800	error	hello	zapLogger/logger_test.go:23	this is a test
2021-05-12T15:02:48.480+0800	error	hello	zapLogger/logger_test.go:23	this is a test
2021-05-12T15:02:48.481+0800	error	hello	zapLogger/logger_test.go:23	this is a test
2021-05-12T15:02:48.481+0800	error	hello	zapLogger/logger_test.go:23	this is a test
2021-05-12T15:02:48.480+0800	error	hello	zapLogger/logger_test.go:23	this is a test
2021-05-12T15:02:48.481+0800	error	hello	zapLogger/logger_test.go:23	this is a test
2021-05-12T15:02:48.481+0800	error	hello	zapLogger/logger_test.go:23	this is a test
2021-05-12T15:02:48.481+0800	error	hello	zapLogger/logger_test.go:23	this is a test
2021-05-12T15:02:48.480+0800	error	hello	zapLogger/logger_test.go:23	this is a test
2021-05-12T15:02:48.481+0800	error	hello	zapLogger/logger_test.go:23	this is a test
2021-05-12T15:02:48.480+0800	error	hello	zapLogger/logger_test.go:23	this is a test
2021-05-12T15:02:48.481+0800	error	hello	zapLogger/logger_test.go:23	this is a test
2021-05-12T15:02:48.481+0800	error	hello	zapLogger/logger_test.go:23	this is a test
2021-05-12T15:02:48.481+0800	error	hello	zapLogger/logger_test.go:23	this is a test
2021-05-12T15:02:48.481+0800	error	hello	zapLogger/logger_test.go:23	this is a test
2021-05-12T15:02:48.481+0800	error	hello	zapLogger/logger_test.go:23	this is a test
2021-05-12T15:02:48.481+0800	error	hello	zapLogger/logger_test.go:23	this is a test
2021-05-12T15:02:48.482+0800	error	hello	zapLogger/logger_test.go:23	this is a test
2021-05-12T15:02:48.481+0800	error	hello	zapLogger/logger_test.go:23	this is a test
2021-05-12T15:02:48.482+0800	error	hello	zapLogger/logger_test.go:23	this is a test
2021-05-12T15:02:48.481+0800	error	hello	zapLogger/logger_test.go:23	this is a test
2021-05-12T15:02:48.482+0800	error	hello	zapLogger/logger_test.go:23	this is a test
2021-05-12T15:02:48.482+0800	error	hello	zapLogger/logger_test.go:23	this is a test
2021-05-12T15:02:48.482+0800	error	hello	zapLogger/logger_test.go:23	this is a test
2021-05-12T15:02:48.482+0800	error	hello	zapLogger/logger_test.go:23	this is a test
2021-05-12T15:02:48.482+0800	error	hello	zapLogger/logger_test.go:23	this is a test
2021-05-12T15:02:48.481+0800	error	hello	zapLogger/logger_test.go:23	this is a test
2021-05-12T15:02:48.481+0800	error	hello	zapLogger/logger_test.go:23	this is a test
2021-05-12T15:02:48.482+0800	error	hello	zapLogger/logger_test.go:23	this is a test
2021-05-12T15:02:48.482+0800	error	hello	zapLogger/logger_test.go:23	this is a test
2021-05-12T15:02:48.481+0800	error	hello	zapLogger/logger_test.go:23	this is a test
2021-05-12T15:02:48.482+0800	error	hello	zapLogger/logger_test.go:23	this is a test
2021-05-12T15:02:48.482+0800	error	hello	zapLogger/logger_test.go:23	this is a test
2021-05-12T15:02:48.481+0800	error	hello	zapLogger/logger_test.go:23	this is a test
2021-05-12T15:02:48.482+0800	error	hello	zapLogger/logger_test.go:23	this is a test
2021-05-12T15:02:48.482+0800	error	hello	zapLogger/logger_test.go:23	this is a test
2021-05-12T15:02:48.482+0800	error	hello	zapLogger/logger_test.go:23	this is a test
2021-05-12T15:02:48.482+0800	error	hello	zapLogger/logger_test.go:23	this is a test
2021-05-12T15:02:48.482+0800	error	hello	zapLogger/logger_test.go:23	this is a test
2021-05-12T15:02:48.482+0800	error	hello	zapLogger/logger_test.go:23	this is a test
2021-05-12T15:02:48.482+0800	error	hello	zapLogger/logger_test.go:23	this is a test
2021-05-12T15:02:48.482+0800	error	hello	zapLogger/logger_test.go:23	this is a test
2021-05-12T15:02:48.481+0800	error	hello	zapLogger/logger_test.go:23	this is a test
2021-05-12T15:02:48.482+0800	error	hello	zapLogger/logger_test.go:23	this is a test
2021-05-12T15:02:48.482+0800	error	hello	zapLogger/logger_test.go:23	this is a test
2021-05-12T15:02:48.482+0800	error	hello	zapLogger/logger_test.go:23	this is a test
2021-05-12T15:02:48.482+0800	error	hello	zapLogger/logger_test.go:23	this is a test
2021-05-12T15:02:48.482+0800	error	hello	zapLogger/logger_test.go:23	this is a test
2021-05-12T15:02:48.482+0800	error	hello	zapLogger/logger_test.go:23	this is a test
2021-05-12T15:02:48.482+0800	error	hello	zapLogger/logger_test.go:23	this is a test
2021-05-12T15:02:48.482+0800	error	hello	zapLogger/logger_test.go:23	this is a test
2021-05-12T15:02:48.482+0800	error	hello	zapLogger/logger_test.go:23	this is a test
2021-05-12T15:02:48.482+0800	error	hello	zapLogger/logger_test.go:23	this is a test
2021-05-12T15:02:48.482+0800	error	hello	zapLogger/logger_test.go:23	this is a test
2021-05-12T15:02:48.482+0800	error	hello	zapLogger/logger_test.go:23	this is a test
2021-05-12T15:02:48.481+0800	error	hello	zapLogger/logger_test.go:23	this is a test
2021-05-12T15:02:48.482+0800	error	hello	zapLogger/logger_test.go:23	this is a test
2021-05-12T15:02:48.482+0800	error	hello	zapLogger/logger_test.go:23	this is a test
2021-05-12T15:02:48.482+0800	error	hello	zapLogger/logger_test.go:23	this is a test
2021-05-12T15:02:48.482+0800	error	hello	zapLogger/logger_test.go:23	this is a test
2021-05-12T15:02:48.482+0800	error	hello	zapLogger/logger_test.go:23	this is a test
2021-05-12T15:02:48.482+0800	error	hello	zapLogger/logger_test.go:23	this is a test
2021-05-12T15:02:48.482+0800	error	hello	zapLogger/logger_test.go:23	this is a test
2021-05-12T15:02:48.482+0800	error	hello	zapLogger/logger_test.go:23	this is a test
2021-05-12T15:02:48.482+0800	error	hello	zapLogger/logger_test.go:23	this is a test
2021-05-12T15:02:48.482+0800	error	hello	zapLogger/logger_test.go:23	this is a test
2021-05-12T15:02:48.482+0800	error	hello	zapLogger/logger_test.go:23	this is a test
2021-05-12T15:02:48.482+0800	error	hello	zapLogger/logger_test.go:23	this is a test
2021-05-12T15:02:48.482+0800	error	hello	zapLogger/logger_test.go:23	this is a test
2021-05-12T15:02:48.482+0800	error	hello	zapLogger/logger_test.go:23	this is a test
2021-05-12T15:02:48.482+0800	error	hello	zapLogger/logger_test.go:23	this is a test
2021-05-12T15:02:48.482+0800	error	hello	zapLogger/logger_test.go:23	this is a test
2021-05-12T15:02:48.482+0800	error	hello	zapLogger/logger_test.go:23	this is a test
2021-05-12T15:02:48.482+0800	error	hello	zapLogger/logger_test.go:23	this is a test
2021-05-12T15:02:48.482+0800	error	hello	zapLogger/logger_test.go:23	this is a test
2021-05-12T15:02:48.482+0800	error	hello	zapLogger/logger_test.go:23	this is a test
2021-05-12T15:02:48.482+0800	error	hello	zapLogger/logger_test.go:23	this is a test
2021-05-12T15:02:48.483+0800	error	hello	zapLogger/logger_test.go:23	this is a test
2021-05-12T15:02:48.483+0800	error	hello	zapLogger/logger_test.go:23	this is a test
2021-05-12T15:02:48.483+0800	error	hello	zapLogger/logger_test.go:23	this is a test
2021-05-12T15:02:48.483+0800	error	hello	zapLogger/logger_test.go:23	this is a test
2021-05-12T15:02:48.483+0800	error	hello	zapLogger/logger_test.go:23	this is a test
2021-05-12T15:02:48.483+0800	error	hello	zapLogger/logger_test.go:23	this is a test
2021-05-12T15:02:48.483+0800	error	hello	zapLogger/logger_test.go:23	this is a test
2021-05-12T15:02:48.483+0800	error	hello	zapLogger/logger_test.go:23	this is a test
2021-05-12T15:02:48.482+0800	error	hello	zapLogger/logger_test.go:23	this is a test
2021-05-12T15:02:48.483+0800	error	hello	zapLogger/logger_test.go:23	this is a test
2021-05-12T15:02:48.482+0800	error	hello	zapLogger/logger_test.go:23	this is a test
2021-05-12T15:02:48.483+0800	error	hello	zapLogger/logger_test.go:23	this is a test
2021-05-12T15:02:48.482+0800	error	hello	zapLogger/logger_test.go:23	this is a test
2021-05-12T15:02:48.483+0800	error	hello	zapLogger/logger_test.go:23	this is a test
2021-05-12T15:02:48.482+0800	error	hello	zapLogger/logger_test.go:23	this is a test
2021-05-12T15:02:48.483+0800	error	hello	zapLogger/logger_test.go:23	this is a test
2021-05-12T15:02:48.483+0800	error	hello	zapLogger/logger_test.go:23	this is a test
2021-05-12T15:02:48.483+0800	error	hello	zapLogger/logger_test.go:23	this is a test
2021-05-12T15:02:48.483+0800	error	hello	zapLogger/logger_test.go:23	this is a test
2021-05-12T15:02:48.483+0800	error	hello	zapLogger/logger_test.go:23	this is a test
2021-05-12T15:02:48.482+0800	error	hello	zapLogger/logger_test.go:23	this is a test
2021-05-12T15:02:48.483+0800	error	hello	zapLogger/logger_test.go:23	this is a test
2021-05-12T15:02:48.482+0800	error	hello	zapLogger/logger_test.go:23	this is a test
2021-05-12T15:02:48.483+0800	error	hello	zapLogger/logger_test.go:23	this is a test
2021-05-12T15:02:48.483+0800	error	hello	zapLogger/logger_test.go:23	this is a test
2021-05-12T15:02:48.483+0800	error	hello	zapLogger/logger_test.go:23	this is a test
2021-05-12T15:02:48.483+0800	error	hello	zapLogger/logger_test.go:23	this is a test
2021-05-12T15:02:48.483+0800	error	hello	zapLogger/logger_test.go:23	this is a test
2021-05-12T15:02:48.483+0800	error	hello	zapLogger/logger_test.go:23	this is a test
2021-05-12T15:02:48.483+0800	error	hello	zapLogger/logger_test.go:23	this is a test
2021-05-12T15:02:48.483+0800	error	hello	zapLogger/logger_test.go:23	this is a test
2021-05-12T15:02:48.483+0800	error	hello	zapLogger/logger_test.go:23	this is a test
2021-05-12T15:02:48.482+0800	error	hello	zapLogger/logger_test.go:23	this is a test
2021-05-12T15:02:48.483+0800	error	hello	zapLogger/logger_test.go:23	this is a test
2021-05-12T15:02:48.482+0800	error	hello	zapLogger/logger_test.go:23	this is a test
2021-05-12T15:02:48.483+0800	error	hello	zapLogger/logger_test.go:23	this is a test
2021-05-12T15:02:48.483+0800	error	hello	zapLogger/logger_test.go:23	this is a test
2021-05-12T15:02:48.483+0800	error	hello	zapLogger/logger_test.go:23	this is a test
2021-05-12T15:02:48.483+0800	error	hello	zapLogger/logger_test.go:23	this is a test
2021-05-12T15:02:48.483+0800	error	hello	zapLogger/logger_test.go:23	this is a test
2021-05-12T15:02:48.483+0800	error	hello	zapLogger/logger_test.go:23	this is a test
2021-05-12T15:02:48.483+0800	error	hello	zapLogger/logger_test.go:23	this is a test
2021-05-12T15:02:48.483+0800	error	hello	zapLogger/logger_test.go:23	this is a test
2021-05-12T15:02:48.483+0800	error	hello	zapLogger/logger_test.go:23	this is a test
2021-05-12T15:02:48.483+0800	error	hello	zapLogger/logger_test.go:23	this is a test
2021-05-12T15:02:48.483+0800	error	hello	zapLogger/logger_test.go:23	this is a test
2021-05-12T15:02:48.483+0800	error	hello	zapLogger/logger_test.go:23	this is a test
2021-05-12T15:02:48.483+0800	error	hello	zapLogger/logger_test.go:23	this is a test
2021-05-12T15:02:48.483+0800	error	hello	zapLogger/logger_test.go:23	this is a test
2021-05-12T15:02:48.483+0800	error	hello	zapLogger/logger_test.go:23	this is a test
2021-05-12T15:02:48.483+0800	error	hello	zapLogger/logger_test.go:23	this is a test
2021-05-12T15:02:48.483+0800	error	hello	zapLogger/logger_test.go:23	this is a test
2021-05-12T15:02:48.483+0800	error	hello	zapLogger/logger_test.go:23	this is a test
2021-05-12T15:02:48.483+0800	error	hello	zapLogger/logger_test.go:23	this is a test
2021-05-12T15:02:48.483+0800	error	hello	zapLogger/logger_test.go:23	this is a test
2021-05-12T15:02:48.483+0800	error	hello	zapLogger/logger_test.go:23	this is a test
2021-05-12T15:02:48.483+0800	error	hello	zapLogger/logger_test.go:23	this is a test
2021-05-12T15:02:48.483+0800	error	hello	zapLogger/logger_test.go:23	this is a test
2021-05-12T15:02:48.483+0800	error	hello	zapLogger/logger_test.go:23	this is a test
2021-05-12T15:02:48.483+0800	error	hello	zapLogger/logger_test.go:23	this is a test
2021-05-12T15:02:48.483+0800	error	hello	zapLogger/logger_test.go:23	this is a test
2021-05-12T15:02:48.483+0800	error	hello	zapLogger/logger_test.go:23	this is a test
2021-05-12T15:02:48.483+0800	error	hello	zapLogger/logger_test.go:23	this is a test
2021-05-12T15:02:48.483+0800	error	hello	zapLogger/logger_test.go:23	this is a test
2021-05-12T15:02:48.483+0800	error	hello	zapLogger/logger_test.go:23	this is a test
2021-05-12T15:02:48.483+0800	error	hello	zapLogger/logger_test.go:23	this is a test
2021-05-12T15:02:48.483+0800	error	hello	zapLogger/logger_test.go:23	this is a test
2021-05-12T15:02:48.483+0800	error	hello	zapLogger/logger_test.go:23	this is a test
2021-05-12T15:02:48.483+0800	error	hello	zapLogger/logger_test.go:23	this is a test
2021-05-12T15:02:48.483+0800	error	hello	zapLogger/logger_test.go:23	this is a test
2021-05-12T15:02:48.484+0800	error	hello	zapLogger/logger_test.go:23	this is a test
2021-05-12T15:02:48.483+0800	error	hello	zapLogger/logger_test.go:23	this is a test
2021-05-12T15:02:48.484+0800	error	hello	zapLogger/logger_test.go:23	this is a test
2021-05-12T15:02:48.484+0800	error	hello	zapLogger/logger_test.go:23	this is a test
2021-05-12T15:02:48.483+0800	error	hello	zapLogger/logger_test.go:23	this is a test
2021-05-12T15:02:48.484+0800	error	hello	zapLogger/logger_test.go:23	this is a test
2021-05-12T15:02:48.483+0800	error	hello	zapLogger/logger_test.go:23	this is a test
2021-05-12T15:02:48.484+0800	error	hello	zapLogger/logger_test.go:23	this is a test
2021-05-12T15:02:48.484+0800	error	hello	zapLogger/logger_test.go:23	this is a test
2021-05-12T15:02:48.484+0800	error	hello	zapLogger/logger_test.go:23	this is a test
2021-05-12T15:02:48.483+0800	error	hello	zapLogger/logger_test.go:23	this is a test
2021-05-12T15:02:48.484+0800	error	hello	zapLogger/logger_test.go:23	this is a test
2021-05-12T15:02:48.484+0800	error	hello	zapLogger/logger_test.go:23	this is a test
2021-05-12T15:02:48.483+0800	error	hello	zapLogger/logger_test.go:23	this is a test
2021-05-12T15:02:48.484+0800	error	hello	zapLogger/logger_test.go:23	this is a test
2021-05-12T15:02:48.483+0800	error	hello	zapLogger/logger_test.go:23	this is a test
2021-05-12T15:02:48.484+0800	error	hello	zapLogger/logger_test.go:23	this is a test
2021-05-12T15:02:48.483+0800	error	hello	zapLogger/logger_test.go:23	this is a test
2021-05-12T15:02:48.484+0800	error	hello	zapLogger/logger_test.go:23	this is a test
2021-05-12T15:02:48.484+0800	error	hello	zapLogger/logger_test.go:23	this is a test
2021-05-12T15:02:48.484+0800	error	hello	zapLogger/logger_test.go:23	this is a test
2021-05-12T15:02:48.484+0800	error	hello	zapLogger/logger_test.go:23	this is a test
2021-05-12T15:02:48.484+0800	error	hello	zapLogger/logger_test.go:23	this is a test
2021-05-12T15:02:48.484+0800	error	hello	zapLogger/logger_test.go:23	this is a test
2021-05-12T15:02:48.484+0800	error	hello	zapLogger/logger_test.go:23	this is a test
2021-05-12T15:02:48.484+0800	error	hello	zapLogger/logger_test.go:23	this is a test
2021-05-12T15:02:48.484+0800	error	hello	zapLogger/logger_test.go:23	this is a test
2021-05-12T15:02:48.484+0800	error	hello	zapLogger/logger_test.go:23	this is a test
2021-05-12T15:02:48.484+0800	error	hello	zapLogger/logger_test.go:23	this is a test
2021-05-12T15:02:48.484+0800	error	hello	zapLogger/logger_test.go:23	this is a test
2021-05-12T15:02:48.483+0800	error	hello	zapLogger/logger_test.go:23	this is a test
2021-05-12T15:02:48.484+0800	error	hello	zapLogger/logger_test.go:23	this is a test
2021-05-12T15:02:48.484+0800	error	hello	zapLogger/logger_test.go:23	this is a test
2021-05-12T15:02:48.484+0800	error	hello	zapLogger/logger_test.go:23	this is a test
2021-05-12T15:02:48.484+0800	error	hello	zapLogger/logger_test.go:23	this is a test
2021-05-12T15:02:48.484+0800	error	hello	zapLogger/logger_test.go:23	this is a test
2021-05-12T15:02:48.484+0800	error	hello	zapLogger/logger_test.go:23	this is a test
2021-05-12T15:02:48.484+0800	error	hello	zapLogger/logger_test.go:23	this is a test
2021-05-12T15:02:48.484+0800	error	hello	zapLogger/logger_test.go:23	this is a test
2021-05-12T15:02:48.484+0800	error	hello	zapLogger/logger_test.go:23	this is a test
2021-05-12T15:02:48.484+0800	error	hello	zapLogger/logger_test.go:23	this is a test
2021-05-12T15:02:48.484+0800	error	hello	zapLogger/logger_test.go:23	this is a test
2021-05-12T15:02:48.484+0800	error	hello	zapLogger/logger_test.go:23	this is a test
2021-05-12T15:02:48.484+0800	error	hello	zapLogger/logger_test.go:23	this is a test
2021-05-12T15:02:48.484+0800	error	hello	zapLogger/logger_test.go:23	this is a test
2021-05-12T15:02:48.484+0800	error	hello	zapLogger/logger_test.go:23	this is a test
2021-05-12T15:02:48.484+0800	error	hello	zapLogger/logger_test.go:23	this is a test
2021-05-12T15:02:48.484+0800	error	hello	zapLogger/logger_test.go:23	this is a test
2021-05-12T15:02:48.484+0800	error	hello	zapLogger/logger_test.go:23	this is a test
2021-05-12T15:02:48.484+0800	error	hello	zapLogger/logger_test.go:23	this is a test
2021-05-12T15:02:48.484+0800	error	hello	zapLogger/logger_test.go:23	this is a test
2021-05-12T15:02:48.484+0800	error	hello	zapLogger/logger_test.go:23	this is a test
2021-05-12T15:02:48.484+0800	error	hello	zapLogger/logger_test.go:23	this is a test
2021-05-12T15:02:48.484+0800	error	hello	zapLogger/logger_test.go:23	this is a test
2021-05-12T15:02:48.484+0800	error	hello	zapLogger/logger_test.go:23	this is a test
2021-05-12T15:02:48.484+0800	error	hello	zapLogger/logger_test.go:23	this is a test
2021-05-12T15:02:48.484+0800	error	hello	zapLogger/logger_test.go:23	this is a test
2021-05-12T15:02:48.484+0800	error	hello	zapLogger/logger_test.go:23	this is a test
2021-05-12T15:02:48.484+0800	error	hello	zapLogger/logger_test.go:23	this is a test
2021-05-12T15:02:48.484+0800	error	hello	zapLogger/logger_test.go:23	this is a test
2021-05-12T15:02:48.484+0800	error	hello	zapLogger/logger_test.go:23	this is a test
2021-05-12T15:02:48.484+0800	error	hello	zapLogger/logger_test.go:23	this is a test
2021-05-12T15:02:48.484+0800	error	hello	zapLogger/logger_test.go:23	this is a test
2021-05-12T15:02:48.484+0800	error	hello	zapLogger/logger_test.go:23	this is a test
2021-05-12T15:02:48.485+0800	error	hello	zapLogger/logger_test.go:23	this is a test
2021-05-12T15:02:48.484+0800	error	hello	zapLogger/logger_test.go:23	this is a test
2021-05-12T15:02:48.485+0800	error	hello	zapLogger/logger_test.go:23	this is a test
2021-05-12T15:02:48.484+0800	error	hello	zapLogger/logger_test.go:23	this is a test
2021-05-12T15:02:48.485+0800	error	hello	zapLogger/logger_test.go:23	this is a test
2021-05-12T15:02:48.484+0800	error	hello	zapLogger/logger_test.go:23	this is a test
2021-05-12T15:02:48.485+0800	error	hello	zapLogger/logger_test.go:23	this is a test
2021-05-12T15:02:48.484+0800	error	hello	zapLogger/logger_test.go:23	this is a test
2021-05-12T15:02:48.485+0800	error	hello	zapLogger/logger_test.go:23	this is a test
2021-05-12T15:02:48.484+0800	error	hello	zapLogger/logger_test.go:23	this is a test
2021-05-12T15:02:48.485+0800	error	hello	zapLogger/logger_test.go:23	this is a test
2021-05-12T15:02:48.484+0800	error	hello	zapLogger/logger_test.go:23	this is a test
2021-05-12T15:02:48.484+0800	error	hello	zapLogger/logger_test.go:23	this is a test
2021-05-12T15:02:48.485+0800	error	hello	zapLogger/logger_test.go:23	this is a test
2021-05-12T15:02:48.485+0800	error	hello	zapLogger/logger_test.go:23	this is a test
2021-05-12T15:02:48.484+0800	error	hello	zapLogger/logger_test.go:23	this is a test
2021-05-12T15:02:48.485+0800	error	hello	zapLogger/logger_test.go:23	this is a test
2021-05-12T15:02:48.485+0800	error	hello	zapLogger/logger_test.go:23	this is a test
2021-05-12T15:02:48.485+0800	error	hello	zapLogger/logger_test.go:23	this is a test
2021-05-12T15:02:48.485+0800	error	hello	zapLogger/logger_test.go:23	this is a test
2021-05-12T15:02:48.485+0800	error	hello	zapLogger/logger_test.go:23	this is a test
2021-05-12T15:02:48.485+0800	error	hello	zapLogger/logger_test.go:23	this is a test
2021-05-12T15:02:48.485+0800	error	hello	zapLogger/logger_test.go:23	this is a test
2021-05-12T15:02:48.485+0800	error	hello	zapLogger/logger_test.go:23	this is a test
2021-05-12T15:02:48.485+0800	error	hello	zapLogger/logger_test.go:23	this is a test
2021-05-12T15:02:48.485+0800	error	hello	zapLogger/logger_test.go:23	this is a test
2021-05-12T15:02:48.485+0800	error	hello	zapLogger/logger_test.go:23	this is a test
2021-05-12T15:02:48.485+0800	error	hello	zapLogger/logger_test.go:23	this is a test
2021-05-12T15:02:48.485+0800	error	hello	zapLogger/logger_test.go:23	this is a test
2021-05-12T15:02:48.485+0800	error	hello	zapLogger/logger_test.go:23	this is a test
2021-05-12T15:02:48.485+0800	error	hello	zapLogger/logger_test.go:23	this is a test
2021-05-12T15:02:48.485+0800	error	hello	zapLogger/logger_test.go:23	this is a test
2021-05-12T15:02:48.485+0800	error	hello	zapLogger/logger_test.go:23	this is a test
2021-05-12T15:02:48.485+0800	error	hello	zapLogger/logger_test.go:23	this is a test
2021-05-12T15:02:48.485+0800	error	hello	zapLogger/logger_test.go:23	this is a test
2021-05-12T15:02:48.485+0800	error	hello	zapLogger/logger_test.go:23	this is a test
2021-05-12T15:02:48.485+0800	error	hello	zapLogger/logger_test.go:23	this is a test
2021-05-12T15:02:48.485+0800	error	hello	zapLogger/logger_test.go:23	this is a test
2021-05-12T15:02:48.485+0800	error	hello	zapLogger/logger_test.go:23	this is a test
2021-05-12T15:02:48.485+0800	error	hello	zapLogger/logger_test.go:23	this is a test
2021-05-12T15:02:48.485+0800	error	hello	zapLogger/logger_test.go:23	this is a test
2021-05-12T15:02:48.485+0800	error	hello	zapLogger/logger_test.go:23	this is a test
2021-05-12T15:02:48.485+0800	error	hello	zapLogger/logger_test.go:23	this is a test
2021-05-12T15:02:48.485+0800	error	hello	zapLogger/logger_test.go:23	this is a test
2021-05-12T15:02:48.485+0800	error	hello	zapLogger/logger_test.go:23	this is a test
2021-05-12T15:02:48.485+0800	error	hello	zapLogger/logger_test.go:23	this is a test
2021-05-12T15:02:48.485+0800	error	hello	zapLogger/logger_test.go:23	this is a test
2021-05-12T15:02:48.485+0800	error	hello	zapLogger/logger_test.go:23	this is a test
2021-05-12T15:02:48.485+0800	error	hello	zapLogger/logger_test.go:23	this is a test
2021-05-12T15:02:48.485+0800	error	hello	zapLogger/logger_test.go:23	this is a test
2021-05-12T15:02:48.485+0800	error	hello	zapLogger/logger_test.go:23	this is a test
2021-05-12T15:02:48.485+0800	error	hello	zapLogger/logger_test.go:23	this is a test
2021-05-12T15:02:48.485+0800	error	hello	zapLogger/logger_test.go:23	this is a test
2021-05-12T15:02:48.485+0800	error	hello	zapLogger/logger_test.go:23	this is a test
2021-05-12T15:02:48.485+0800	error	hello	zapLogger/logger_test.go:23	this is a test
2021-05-12T15:02:48.485+0800	error	hello	zapLogger/logger_test.go:23	this is a test
2021-05-12T15:02:48.485+0800	error	hello	zapLogger/logger_test.go:23	this is a test
2021-05-12T15:02:48.485+0800	error	hello	zapLogger/logger_test.go:23	this is a test
2021-05-12T15:02:48.485+0800	error	hello	zapLogger/logger_test.go:23	this is a test
2021-05-12T15:02:48.485+0800	error	hello	zapLogger/logger_test.go:23	this is a test
2021-05-12T15:02:48.485+0800	error	hello	zapLogger/logger_test.go:23	this is a test
2021-05-12T15:02:48.485+0800	error	hello	zapLogger/logger_test.go:23	this is a test
2021-05-12T15:02:48.485+0800	error	hello	zapLogger/logger_test.go:23	this is a test
2021-05-12T15:02:48.485+0800	error	hello	zapLogger/logger_test.go:23	this is a test
2021-05-12T15:02:48.485+0800	error	hello	zapLogger/logger_test.go:23	this is a test
2021-05-12T15:02:48.485+0800	error	hello	zapLogger/logger_test.go:23	this is a test
2021-05-12T15:02:48.485+0800	error	hello	zapLogger/logger_test.go:23	this is a test
2021-05-12T15:02:48.485+0800	error	hello	zapLogger/logger_test.go:23	this is a test
2021-05-12T15:02:48.485+0800	error	hello	zapLogger/logger_test.go:23	this is a test
2021-05-12T15:02:48.485+0800	error	hello	zapLogger/logger_test.go:23	this is a test
2021-05-12T15:02:48.485+0800	error	hello	zapLogger/logger_test.go:23	this is a test
2021-05-12T15:02:48.485+0800	error	hello	zapLogger/logger_test.go:23	this is a test
2021-05-12T15:02:48.485+0800	error	hello	zapLogger/logger_test.go:23	this is a test
2021-05-12T15:02:48.485+0800	error	hello	zapLogger/logger_test.go:23	this is a test
2021-05-12T15:02:48.485+0800	error	hello	zapLogger/logger_test.go:23	this is a test
2021-05-12T15:02:48.485+0800	error	hello	zapLogger/logger_test.go:23	this is a test
2021-05-12T15:02:48.485+0800	error	hello	zapLogger/logger_test.go:23	this is a test
2021-05-12T15:02:48.485+0800	error	hello	zapLogger/logger_test.go:23	this is a test
2021-05-12T15:02:48.485+0800	error	hello	zapLogger/logger_test.go:23	this is a test
2021-05-12T15:02:48.485+0800	error	hello	zapLogger/logger_test.go:23	this is a test
2021-05-12T15:02:48.485+0800	error	hello	zapLogger/logger_test.go:23	this is a test
2021-05-12T15:02:48.485+0800	error	hello	zapLogger/logger_test.go:23	this is a test
2021-05-12T15:02:48.486+0800	error	hello	zapLogger/logger_test.go:23	this is a test
2021-05-12T15:02:48.486+0800	error	hello	zapLogger/logger_test.go:23	this is a test
2021-05-12T15:02:48.486+0800	error	hello	zapLogger/logger_test.go:23	this is a test
2021-05-12T15:02:48.486+0800	error	hello	zapLogger/logger_test.go:23	this is a test
2021-05-12T15:02:48.486+0800	error	hello	zapLogger/logger_test.go:23	this is a test
2021-05-12T15:02:48.486+0800	error	hello	zapLogger/logger_test.go:23	this is a test
2021-05-12T15:02:48.486+0800	error	hello	zapLogger/logger_test.go:23	this is a test
2021-05-12T15:02:48.486+0800	error	hello	zapLogger/logger_test.go:23	this is a test
2021-05-12T15:02:48.486+0800	error	hello	zapLogger/logger_test.go:23	this is a test
2021-05-12T15:02:48.486+0800	error	hello	zapLogger/logger_test.go:23	this is a test
2021-05-12T15:02:48.486+0800	error	hello	zapLogger/logger_test.go:23	this is a test
2021-05-12T15:02:48.486+0800	error	hello	zapLogger/logger_test.go:23	this is a test
2021-05-12T15:02:48.486+0800	error	hello	zapLogger/logger_test.go:23	this is a test
2021-05-12T15:02:48.486+0800	error	hello	zapLogger/logger_test.go:23	this is a test
2021-05-12T15:02:48.486+0800	error	hello	zapLogger/logger_test.go:23	this is a test
2021-05-12T15:02:48.486+0800	error	hello	zapLogger/logger_test.go:23	this is a test
2021-05-12T15:02:48.485+0800	error	hello	zapLogger/logger_test.go:23	this is a test
2021-05-12T15:02:48.486+0800	error	hello	zapLogger/logger_test.go:23	this is a test
2021-05-12T15:02:48.486+0800	error	hello	zapLogger/logger_test.go:23	this is a test
2021-05-12T15:02:48.486+0800	error	hello	zapLogger/logger_test.go:23	this is a test
2021-05-12T15:02:48.486+0800	error	hello	zapLogger/logger_test.go:23	this is a test
2021-05-12T15:02:48.486+0800	error	hello	zapLogger/logger_test.go:23	this is a test
2021-05-12T15:02:48.486+0800	error	hello	zapLogger/logger_test.go:23	this is a test
2021-05-12T15:02:48.486+0800	error	hello	zapLogger/logger_test.go:23	this is a test
2021-05-12T15:02:48.486+0800	error	hello	zapLogger/logger_test.go:23	this is a test
2021-05-12T15:02:48.486+0800	error	hello	zapLogger/logger_test.go:23	this is a test
2021-05-12T15:02:48.486+0800	error	hello	zapLogger/logger_test.go:23	this is a test
2021-05-12T15:02:48.486+0800	error	hello	zapLogger/logger_test.go:23	this is a test
2021-05-12T15:02:48.486+0800	error	hello	zapLogger/logger_test.go:23	this is a test
2021-05-12T15:02:48.486+0800	error	hello	zapLogger/logger_test.go:23	this is a test
2021-05-12T15:02:48.486+0800	error	hello	zapLogger/logger_test.go:23	this is a test
2021-05-12T15:02:48.486+0800	error	hello	zapLogger/logger_test.go:23	this is a test
2021-05-12T15:02:48.486+0800	error	hello	zapLogger/logger_test.go:23	this is a test
2021-05-12T15:02:48.486+0800	error	hello	zapLogger/logger_test.go:23	this is a test
2021-05-12T15:02:48.486+0800	error	hello	zapLogger/logger_test.go:23	this is a test
2021-05-12T15:02:48.486+0800	error	hello	zapLogger/logger_test.go:23	this is a test
2021-05-12T15:02:48.486+0800	error	hello	zapLogger/logger_test.go:23	this is a test
2021-05-12T15:02:48.486+0800	error	hello	zapLogger/logger_test.go:23	this is a test
2021-05-12T15:02:48.486+0800	error	hello	zapLogger/logger_test.go:23	this is a test
2021-05-12T15:02:48.486+0800	error	hello	zapLogger/logger_test.go:23	this is a test
2021-05-12T15:02:48.486+0800	error	hello	zapLogger/logger_test.go:23	this is a test
2021-05-12T15:02:48.486+0800	error	hello	zapLogger/logger_test.go:23	this is a test
2021-05-12T15:02:48.486+0800	error	hello	zapLogger/logger_test.go:23	this is a test
2021-05-12T15:02:48.485+0800	error	hello	zapLogger/logger_test.go:23	this is a test
2021-05-12T15:02:48.486+0800	error	hello	zapLogger/logger_test.go:23	this is a test
2021-05-12T15:02:48.486+0800	error	hello	zapLogger/logger_test.go:23	this is a test
2021-05-12T15:02:48.486+0800	error	hello	zapLogger/logger_test.go:23	this is a test
2021-05-12T15:02:48.486+0800	error	hello	zapLogger/logger_test.go:23	this is a test
2021-05-12T15:02:48.486+0800	error	hello	zapLogger/logger_test.go:23	this is a test
2021-05-12T15:02:48.486+0800	error	hello	zapLogger/logger_test.go:23	this is a test
2021-05-12T15:02:48.486+0800	error	hello	zapLogger/logger_test.go:23	this is a test
2021-05-12T15:02:48.486+0800	error	hello	zapLogger/logger_test.go:23	this is a test
2021-05-12T15:02:48.486+0800	error	hello	zapLogger/logger_test.go:23	this is a test
2021-05-12T15:02:48.486+0800	error	hello	zapLogger/logger_test.go:23	this is a test
2021-05-12T15:02:48.486+0800	error	hello	zapLogger/logger_test.go:23	this is a test
2021-05-12T15:02:48.486+0800	error	hello	zapLogger/logger_test.go:23	this is a test
2021-05-12T15:02:48.486+0800	error	hello	zapLogger/logger_test.go:23	this is a test
2021-05-12T15:02:48.486+0800	error	hello	zapLogger/logger_test.go:23	this is a test
2021-05-12T15:02:48.486+0800	error	hello	zapLogger/logger_test.go:23	this is a test
2021-05-12T15:02:48.486+0800	error	hello	zapLogger/logger_test.go:23	this is a test
2021-05-12T15:02:48.486+0800	error	hello	zapLogger/logger_test.go:23	this is a test
2021-05-12T15:02:48.486+0800	error	hello	zapLogger/logger_test.go:23	this is a test
2021-05-12T15:02:48.486+0800	error	hello	zapLogger/logger_test.go:23	this is a test
2021-05-12T15:02:48.486+0800	error	hello	zapLogger/logger_test.go:23	this is a test
2021-05-12T15:02:48.486+0800	error	hello	zapLogger/logger_test.go:23	this is a test
2021-05-12T15:02:48.486+0800	error	hello	zapLogger/logger_test.go:23	this is a test
2021-05-12T15:02:48.486+0800	error	hello	zapLogger/logger_test.go:23	this is a test
2021-05-12T15:02:48.486+0800	error	hello	zapLogger/logger_test.go:23	this is a test
2021-05-12T15:02:48.486+0800	error	hello	zapLogger/logger_test.go:23	this is a test
2021-05-12T15:02:48.486+0800	error	hello	zapLogger/logger_test.go:23	this is a test
2021-05-12T15:02:48.485+0800	error	hello	zapLogger/logger_test.go:23	this is a test
2021-05-12T15:02:48.486+0800	error	hello	zapLogger/logger_test.go:23	this is a test
2021-05-12T15:02:48.486+0800	error	hello	zapLogger/logger_test.go:23	this is a test
2021-05-12T15:02:48.486+0800	error	hello	zapLogger/logger_test.go:23	this is a test
2021-05-12T15:02:48.486+0800	error	hello	zapLogger/logger_test.go:23	this is a test
2021-05-12T15:02:48.486+0800	error	hello	zapLogger/logger_test.go:23	this is a test
2021-05-12T15:02:48.486+0800	error	hello	zapLogger/logger_test.go:23	this is a test
2021-05-12T15:02:48.486+0800	error	hello	zapLogger/logger_test.go:23	this is a test
2021-05-12T15:02:48.486+0800	error	hello	zapLogger/logger_test.go:23	this is a test
2021-05-12T15:02:48.486+0800	error	hello	zapLogger/logger_test.go:23	this is a test
2021-05-12T15:02:48.486+0800	error	hello	zapLogger/logger_test.go:23	this is a test
2021-05-12T15:02:48.486+0800	error	hello	zapLogger/logger_test.go:23	this is a test
2021-05-12T15:02:48.486+0800	error	hello	zapLogger/logger_test.go:23	this is a test
2021-05-12T15:02:48.486+0800	error	hello	zapLogger/logger_test.go:23	this is a test
2021-05-12T15:02:48.486+0800	error	hello	zapLogger/logger_test.go:23	this is a test
2021-05-12T15:02:48.486+0800	error	hello	zapLogger/logger_test.go:23	this is a test
2021-05-12T15:02:48.485+0800	error	hello	zapLogger/logger_test.go:23	this is a test
2021-05-12T15:02:48.486+0800	error	hello	zapLogger/logger_test.go:23	this is a test
2021-05-12T15:02:48.486+0800	error	hello	zapLogger/logger_test.go:23	this is a test
2021-05-12T15:02:48.485+0800	error	hello	zapLogger/logger_test.go:23	this is a test
2021-05-12T15:02:48.486+0800	error	hello	zapLogger/logger_test.go:23	this is a test
2021-05-12T15:02:48.486+0800	error	hello	zapLogger/logger_test.go:23	this is a test
2021-05-12T15:02:48.486+0800	error	hello	zapLogger/logger_test.go:23	this is a test
2021-05-12T15:02:48.486+0800	error	hello	zapLogger/logger_test.go:23	this is a test
2021-05-12T15:02:48.486+0800	error	hello	zapLogger/logger_test.go:23	this is a test
2021-05-12T15:02:48.486+0800	error	hello	zapLogger/logger_test.go:23	this is a test
2021-05-12T15:02:48.486+0800	error	hello	zapLogger/logger_test.go:23	this is a test
2021-05-12T15:02:48.486+0800	error	hello	zapLogger/logger_test.go:23	this is a test
2021-05-12T15:02:48.486+0800	error	hello	zapLogger/logger_test.go:23	this is a test
2021-05-12T15:02:48.486+0800	error	hello	zapLogger/logger_test.go:23	this is a test
2021-05-12T15:02:48.486+0800	error	hello	zapLogger/logger_test.go:23	this is a test
2021-05-12T15:02:48.485+0800	error	hello	zapLogger/logger_test.go:23	this is a test
2021-05-12T15:02:48.486+0800	error	hello	zapLogger/logger_test.go:23	this is a test
2021-05-12T15:02:48.487+0800	error	hello	zapLogger/logger_test.go:23	this is a test
2021-05-12T15:02:48.485+0800	error	hello	zapLogger/logger_test.go:23	this is a test
2021-05-12T15:02:48.487+0800	error	hello	zapLogger/logger_test.go:23	this is a test
2021-05-12T15:02:48.487+0800	error	hello	zapLogger/logger_test.go:23	this is a test
2021-05-12T15:02:48.487+0800	error	hello	zapLogger/logger_test.go:23	this is a test
2021-05-12T15:02:48.485+0800	error	hello	zapLogger/logger_test.go:23	this is a test
2021-05-12T15:02:48.487+0800	error	hello	zapLogger/logger_test.go:23	this is a test
2021-05-12T15:02:48.486+0800	error	hello	zapLogger/logger_test.go:23	this is a test
2021-05-12T15:02:48.487+0800	error	hello	zapLogger/logger_test.go:23	this is a test
2021-05-12T15:02:48.487+0800	error	hello	zapLogger/logger_test.go:23	this is a test
2021-05-12T15:02:48.487+0800	error	hello	zapLogger/logger_test.go:23	this is a test
2021-05-12T15:02:48.487+0800	error	hello	zapLogger/logger_test.go:23	this is a test
2021-05-12T15:02:48.487+0800	error	hello	zapLogger/logger_test.go:23	this is a test
2021-05-12T15:02:48.487+0800	error	hello	zapLogger/logger_test.go:23	this is a test
2021-05-12T15:02:48.487+0800	error	hello	zapLogger/logger_test.go:23	this is a test
2021-05-12T15:02:48.487+0800	error	hello	zapLogger/logger_test.go:23	this is a test
2021-05-12T15:02:48.487+0800	error	hello	zapLogger/logger_test.go:23	this is a test
2021-05-12T15:02:48.487+0800	error	hello	zapLogger/logger_test.go:23	this is a test
2021-05-12T15:02:48.487+0800	error	hello	zapLogger/logger_test.go:23	this is a test
2021-05-12T15:02:48.487+0800	error	hello	zapLogger/logger_test.go:23	this is a test
2021-05-12T15:02:48.487+0800	error	hello	zapLogger/logger_test.go:23	this is a test
2021-05-12T15:02:48.487+0800	error	hello	zapLogger/logger_test.go:23	this is a test
2021-05-12T15:02:48.487+0800	error	hello	zapLogger/logger_test.go:23	this is a test
2021-05-12T15:02:48.487+0800	error	hello	zapLogger/logger_test.go:23	this is a test
2021-05-12T15:02:48.487+0800	error	hello	zapLogger/logger_test.go:23	this is a test
2021-05-12T15:02:48.487+0800	error	hello	zapLogger/logger_test.go:23	this is a test
2021-05-12T15:02:48.487+0800	error	hello	zapLogger/logger_test.go:23	this is a test
2021-05-12T15:02:48.487+0800	error	hello	zapLogger/logger_test.go:23	this is a test
2021-05-12T15:02:48.487+0800	error	hello	zapLogger/logger_test.go:23	this is a test
2021-05-12T15:02:48.487+0800	error	hello	zapLogger/logger_test.go:23	this is a test
2021-05-12T15:02:48.487+0800	error	hello	zapLogger/logger_test.go:23	this is a test
2021-05-12T15:02:48.487+0800	error	hello	zapLogger/logger_test.go:23	this is a test
2021-05-12T15:02:48.487+0800	error	hello	zapLogger/logger_test.go:23	this is a test
2021-05-12T15:02:48.487+0800	error	hello	zapLogger/logger_test.go:23	this is a test
2021-05-12T15:02:48.487+0800	error	hello	zapLogger/logger_test.go:23	this is a test
2021-05-12T15:02:48.486+0800	error	hello	zapLogger/logger_test.go:23	this is a test
2021-05-12T15:02:48.487+0800	error	hello	zapLogger/logger_test.go:23	this is a test
2021-05-12T15:02:48.487+0800	error	hello	zapLogger/logger_test.go:23	this is a test
2021-05-12T15:02:48.487+0800	error	hello	zapLogger/logger_test.go:23	this is a test
2021-05-12T15:02:48.487+0800	error	hello	zapLogger/logger_test.go:23	this is a test
2021-05-12T15:02:48.487+0800	error	hello	zapLogger/logger_test.go:23	this is a test
2021-05-12T15:02:48.487+0800	error	hello	zapLogger/logger_test.go:23	this is a test
2021-05-12T15:02:48.487+0800	error	hello	zapLogger/logger_test.go:23	this is a test
2021-05-12T15:02:48.487+0800	error	hello	zapLogger/logger_test.go:23	this is a test
2021-05-12T15:02:48.487+0800	error	hello	zapLogger/logger_test.go:23	this is a test
2021-05-12T15:02:48.487+0800	error	hello	zapLogger/logger_test.go:23	this is a test
2021-05-12T15:02:48.487+0800	error	hello	zapLogger/logger_test.go:23	this is a test
2021-05-12T15:02:48.487+0800	error	hello	zapLogger/logger_test.go:23	this is a test
2021-05-12T15:02:48.487+0800	error	hello	zapLogger/logger_test.go:23	this is a test
2021-05-12T15:02:48.487+0800	error	hello	zapLogger/logger_test.go:23	this is a test
2021-05-12T15:02:48.487+0800	error	hello	zapLogger/logger_test.go:23	this is a test
2021-05-12T15:02:48.487+0800	error	hello	zapLogger/logger_test.go:23	this is a test
2021-05-12T15:02:48.487+0800	error	hello	zapLogger/logger_test.go:23	this is a test
2021-05-12T15:02:48.487+0800	error	hello	zapLogger/logger_test.go:23	this is a test
2021-05-12T15:02:48.487+0800	error	hello	zapLogger/logger_test.go:23	this is a test
2021-05-12T15:02:48.487+0800	error	hello	zapLogger/logger_test.go:23	this is a test
2021-05-12T15:02:48.487+0800	error	hello	zapLogger/logger_test.go:23	this is a test
2021-05-12T15:02:48.487+0800	error	hello	zapLogger/logger_test.go:23	this is a test
2021-05-12T15:02:48.487+0800	error	hello	zapLogger/logger_test.go:23	this is a test
2021-05-12T15:02:48.487+0800	error	hello	zapLogger/logger_test.go:23	this is a test
2021-05-12T15:02:48.487+0800	error	hello	zapLogger/logger_test.go:23	this is a test
2021-05-12T15:02:48.487+0800	error	hello	zapLogger/logger_test.go:23	this is a test
2021-05-12T15:02:48.487+0800	error	hello	zapLogger/logger_test.go:23	this is a test
2021-05-12T15:02:48.487+0800	error	hello	zapLogger/logger_test.go:23	this is a test
2021-05-12T15:02:48.487+0800	error	hello	zapLogger/logger_test.go:23	this is a test
2021-05-12T15:02:48.487+0800	error	hello	zapLogger/logger_test.go:23	this is a test
2021-05-12T15:02:48.487+0800	error	hello	zapLogger/logger_test.go:23	this is a test
2021-05-12T15:02:48.487+0800	error	hello	zapLogger/logger_test.go:23	this is a test
2021-05-12T15:02:48.487+0800	error	hello	zapLogger/logger_test.go:23	this is a test
2021-05-12T15:02:48.487+0800	error	hello	zapLogger/logger_test.go:23	this is a test
2021-05-12T15:02:48.487+0800	error	hello	zapLogger/logger_test.go:23	this is a test
2021-05-12T15:02:48.487+0800	error	hello	zapLogger/logger_test.go:23	this is a test
2021-05-12T15:02:48.487+0800	error	hello	zapLogger/logger_test.go:23	this is a test
2021-05-12T15:02:48.487+0800	error	hello	zapLogger/logger_test.go:23	this is a test
2021-05-12T15:02:48.487+0800	error	hello	zapLogger/logger_test.go:23	this is a test
2021-05-12T15:02:48.487+0800	error	hello	zapLogger/logger_test.go:23	this is a test
2021-05-12T15:02:48.487+0800	error	hello	zapLogger/logger_test.go:23	this is a test
2021-05-12T15:02:48.487+0800	error	hello	zapLogger/logger_test.go:23	this is a test
2021-05-12T15:02:48.487+0800	error	hello	zapLogger/logger_test.go:23	this is a test
2021-05-12T15:02:48.487+0800	error	hello	zapLogger/logger_test.go:23	this is a test
2021-05-12T15:02:48.487+0800	error	hello	zapLogger/logger_test.go:23	this is a test
2021-05-12T15:02:48.487+0800	error	hello	zapLogger/logger_test.go:23	this is a test
2021-05-12T15:02:48.486+0800	error	hello	zapLogger/logger_test.go:23	this is a test
2021-05-12T15:02:48.487+0800	error	hello	zapLogger/logger_test.go:23	this is a test
2021-05-12T15:02:48.487+0800	error	hello	zapLogger/logger_test.go:23	this is a test
2021-05-12T15:02:48.487+0800	error	hello	zapLogger/logger_test.go:23	this is a test
2021-05-12T15:02:48.487+0800	error	hello	zapLogger/logger_test.go:23	this is a test
2021-05-12T15:02:48.487+0800	error	hello	zapLogger/logger_test.go:23	this is a test
2021-05-12T15:02:48.487+0800	error	hello	zapLogger/logger_test.go:23	this is a test
2021-05-12T15:02:48.487+0800	error	hello	zapLogger/logger_test.go:23	this is a test
2021-05-12T15:02:48.487+0800	error	hello	zapLogger/logger_test.go:23	this is a test
2021-05-12T15:02:48.487+0800	error	hello	zapLogger/logger_test.go:23	this is a test
2021-05-12T15:02:48.487+0800	error	hello	zapLogger/logger_test.go:23	this is a test
2021-05-12T15:02:48.487+0800	error	hello	zapLogger/logger_test.go:23	this is a test
2021-05-12T15:02:48.487+0800	error	hello	zapLogger/logger_test.go:23	this is a test
2021-05-12T15:02:48.487+0800	error	hello	zapLogger/logger_test.go:23	this is a test
2021-05-12T15:02:48.487+0800	error	hello	zapLogger/logger_test.go:23	this is a test
2021-05-12T15:02:48.487+0800	error	hello	zapLogger/logger_test.go:23	this is a test
2021-05-12T15:02:48.487+0800	error	hello	zapLogger/logger_test.go:23	this is a test
2021-05-12T15:02:48.487+0800	error	hello	zapLogger/logger_test.go:23	this is a test
2021-05-12T15:02:48.487+0800	error	hello	zapLogger/logger_test.go:23	this is a test
2021-05-12T15:02:48.487+0800	error	hello	zapLogger/logger_test.go:23	this is a test
2021-05-12T15:02:48.487+0800	error	hello	zapLogger/logger_test.go:23	this is a test
2021-05-12T15:02:48.487+0800	error	hello	zapLogger/logger_test.go:23	this is a test
2021-05-12T15:02:48.487+0800	error	hello	zapLogger/logger_test.go:23	this is a test
2021-05-12T15:02:48.487+0800	error	hello	zapLogger/logger_test.go:23	this is a test
2021-05-12T15:02:48.487+0800	error	hello	zapLogger/logger_test.go:23	this is a test
2021-05-12T15:02:48.487+0800	error	hello	zapLogger/logger_test.go:23	this is a test
2021-05-12T15:02:48.487+0800	error	hello	zapLogger/logger_test.go:23	this is a test
2021-05-12T15:02:48.487+0800	error	hello	zapLogger/logger_test.go:23	this is a test
2021-05-12T15:02:48.487+0800	error	hello	zapLogger/logger_test.go:23	this is a test
2021-05-12T15:02:48.487+0800	error	hello	zapLogger/logger_test.go:23	this is a test
2021-05-12T15:02:48.487+0800	error	hello	zapLogger/logger_test.go:23	this is a test
2021-05-12T15:02:48.487+0800	error	hello	zapLogger/logger_test.go:23	this is a test
2021-05-12T15:02:48.487+0800	error	hello	zapLogger/logger_test.go:23	this is a test
2021-05-12T15:02:48.487+0800	error	hello	zapLogger/logger_test.go:23	this is a test
2021-05-12T15:02:48.487+0800	error	hello	zapLogger/logger_test.go:23	this is a test
2021-05-12T15:02:48.487+0800	error	hello	zapLogger/logger_test.go:23	this is a test
2021-05-12T15:02:48.487+0800	error	hello	zapLogger/logger_test.go:23	this is a test
2021-05-12T15:02:48.487+0800	error	hello	zapLogger/logger_test.go:23	this is a test
2021-05-12T15:02:48.487+0800	error	hello	zapLogger/logger_test.go:23	this is a test
2021-05-12T15:02:48.487+0800	error	hello	zapLogger/logger_test.go:23	this is a test
2021-05-12T15:02:48.487+0800	error	hello	zapLogger/logger_test.go:23	this is a test
2021-05-12T15:02:48.487+0800	error	hello	zapLogger/logger_test.go:23	this is a test
2021-05-12T15:02:48.487+0800	error	hello	zapLogger/logger_test.go:23	this is a test
2021-05-12T15:02:48.487+0800	error	hello	zapLogger/logger_test.go:23	this is a test
2021-05-12T15:02:48.487+0800	error	hello	zapLogger/logger_test.go:23	this is a test
2021-05-12T15:02:48.487+0800	error	hello	zapLogger/logger_test.go:23	this is a test
2021-05-12T15:02:48.487+0800	error	hello	zapLogger/logger_test.go:23	this is a test
2021-05-12T15:02:48.487+0800	error	hello	zapLogger/logger_test.go:23	this is a test
2021-05-12T15:02:48.487+0800	error	hello	zapLogger/logger_test.go:23	this is a test
2021-05-12T15:02:48.487+0800	error	hello	zapLogger/logger_test.go:23	this is a test
2021-05-12T15:02:48.487+0800	error	hello	zapLogger/logger_test.go:23	this is a test
2021-05-12T15:02:48.486+0800	error	hello	zapLogger/logger_test.go:23	this is a test
2021-05-12T15:02:48.487+0800	error	hello	zapLogger/logger_test.go:23	this is a test
2021-05-12T15:02:48.487+0800	error	hello	zapLogger/logger_test.go:23	this is a test
2021-05-12T15:02:48.487+0800	error	hello	zapLogger/logger_test.go:23	this is a test
2021-05-12T15:02:48.487+0800	error	hello	zapLogger/logger_test.go:23	this is a test
2021-05-12T15:02:48.487+0800	error	hello	zapLogger/logger_test.go:23	this is a test
2021-05-12T15:02:48.487+0800	error	hello	zapLogger/logger_test.go:23	this is a test
2021-05-12T15:02:48.487+0800	error	hello	zapLogger/logger_test.go:23	this is a test
2021-05-12T15:02:48.487+0800	error	hello	zapLogger/logger_test.go:23	this is a test
2021-05-12T15:02:48.487+0800	error	hello	zapLogger/logger_test.go:23	this is a test
2021-05-12T15:02:48.487+0800	error	hello	zapLogger/logger_test.go:23	this is a test
2021-05-12T15:02:48.487+0800	error	hello	zapLogger/logger_test.go:23	this is a test
2021-05-12T15:02:48.487+0800	error	hello	zapLogger/logger_test.go:23	this is a test
2021-05-12T15:02:48.487+0800	error	hello	zapLogger/logger_test.go:23	this is a test
2021-05-12T15:02:48.487+0800	error	hello	zapLogger/logger_test.go:23	this is a test
2021-05-12T15:02:48.487+0800	error	hello	zapLogger/logger_test.go:23	this is a test
2021-05-12T15:02:48.487+0800	error	hello	zapLogger/logger_test.go:23	this is a test
2021-05-12T15:02:48.487+0800	error	hello	zapLogger/logger_test.go:23	this is a test
2021-05-12T15:02:48.487+0800	error	hello	zapLogger/logger_test.go:23	this is a test
2021-05-12T15:02:48.487+0800	error	hello	zapLogger/logger_test.go:23	this is a test
2021-05-12T15:02:48.487+0800	error	hello	zapLogger/logger_test.go:23	this is a test
2021-05-12T15:02:48.487+0800	error	hello	zapLogger/logger_test.go:23	this is a test
2021-05-12T15:02:48.487+0800	error	hello	zapLogger/logger_test.go:23	this is a test
2021-05-12T15:02:48.487+0800	error	hello	zapLogger/logger_test.go:23	this is a test
2021-05-12T15:02:48.487+0800	error	hello	zapLogger/logger_test.go:23	this is a test
2021-05-12T15:02:48.487+0800	error	hello	zapLogger/logger_test.go:23	this is a test
2021-05-12T15:02:48.487+0800	error	hello	zapLogger/logger_test.go:23	this is a test
2021-05-12T15:02:48.487+0800	error	hello	zapLogger/logger_test.go:23	this is a test
2021-05-12T15:02:48.487+0800	error	hello	zapLogger/logger_test.go:23	this is a test
2021-05-12T15:02:48.487+0800	error	hello	zapLogger/logger_test.go:23	this is a test
2021-05-12T15:02:48.487+0800	error	hello	zapLogger/logger_test.go:23	this is a test
2021-05-12T15:02:48.487+0800	error	hello	zapLogger/logger_test.go:23	this is a test
2021-05-12T15:02:48.487+0800	error	hello	zapLogger/logger_test.go:23	this is a test
2021-05-12T15:02:48.487+0800	error	hello	zapLogger/logger_test.go:23	this is a test
2021-05-12T15:02:48.487+0800	error	hello	zapLogger/logger_test.go:23	this is a test
2021-05-12T15:02:48.487+0800	error	hello	zapLogger/logger_test.go:23	this is a test
2021-05-12T15:02:48.487+0800	error	hello	zapLogger/logger_test.go:23	this is a test
2021-05-12T15:02:48.487+0800	error	hello	zapLogger/logger_test.go:23	this is a test
2021-05-12T15:02:48.487+0800	error	hello	zapLogger/logger_test.go:23	this is a test
2021-05-12T15:02:48.487+0800	error	hello	zapLogger/logger_test.go:23	this is a test
2021-05-12T15:02:48.487+0800	error	hello	zapLogger/logger_test.go:23	this is a test
2021-05-12T15:02:48.487+0800	error	hello	zapLogger/logger_test.go:23	this is a test
2021-05-12T15:02:48.487+0800	error	hello	zapLogger/logger_test.go:23	this is a test
2021-05-12T15:02:48.487+0800	error	hello	zapLogger/logger_test.go:23	this is a test
2021-05-12T15:02:48.487+0800	error	hello	zapLogger/logger_test.go:23	this is a test
2021-05-12T15:02:48.487+0800	error	hello	zapLogger/logger_test.go:23	this is a test
2021-05-12T15:02:48.487+0800	error	hello	zapLogger/logger_test.go:23	this is a test
2021-05-12T15:02:48.487+0800	error	hello	zapLogger/logger_test.go:23	this is a test
2021-05-12T15:02:48.487+0800	error	hello	zapLogger/logger_test.go:23	this is a test
2021-05-12T15:02:48.486+0800	error	hello	zapLogger/logger_test.go:23	this is a test
2021-05-12T15:02:48.487+0800	error	hello	zapLogger/logger_test.go:23	this is a test
2021-05-12T15:02:48.487+0800	error	hello	zapLogger/logger_test.go:23	this is a test
2021-05-12T15:02:48.487+0800	error	hello	zapLogger/logger_test.go:23	this is a test
2021-05-12T15:02:48.488+0800	error	hello	zapLogger/logger_test.go:23	this is a test
2021-05-12T15:02:48.488+0800	error	hello	zapLogger/logger_test.go:23	this is a test
2021-05-12T15:02:48.488+0800	error	hello	zapLogger/logger_test.go:23	this is a test
2021-05-12T15:02:48.488+0800	error	hello	zapLogger/logger_test.go:23	this is a test
2021-05-12T15:02:48.488+0800	error	hello	zapLogger/logger_test.go:23	this is a test
2021-05-12T15:02:48.488+0800	error	hello	zapLogger/logger_test.go:23	this is a test
2021-05-12T15:02:48.488+0800	error	hello	zapLogger/logger_test.go:23	this is a test
2021-05-12T15:02:48.488+0800	error	hello	zapLogger/logger_test.go:23	this is a test
2021-05-12T15:02:48.488+0800	error	hello	zapLogger/logger_test.go:23	this is a test
2021-05-12T15:02:48.488+0800	error	hello	zapLogger/logger_test.go:23	this is a test
2021-05-12T15:02:48.488+0800	error	hello	zapLogger/logger_test.go:23	this is a test
2021-05-12T15:02:48.488+0800	error	hello	zapLogger/logger_test.go:23	this is a test
2021-05-12T15:02:48.488+0800	error	hello	zapLogger/logger_test.go:23	this is a test
2021-05-12T15:02:48.488+0800	error	hello	zapLogger/logger_test.go:23	this is a test
2021-05-12T15:02:48.488+0800	error	hello	zapLogger/logger_test.go:23	this is a test
2021-05-12T15:02:48.488+0800	error	hello	zapLogger/logger_test.go:23	this is a test
2021-05-12T15:02:48.488+0800	error	hello	zapLogger/logger_test.go:23	this is a test
2021-05-12T15:02:48.488+0800	error	hello	zapLogger/logger_test.go:23	this is a test
2021-05-12T15:02:48.488+0800	error	hello	zapLogger/logger_test.go:23	this is a test
2021-05-12T15:02:48.488+0800	error	hello	zapLogger/logger_test.go:23	this is a test
2021-05-12T15:02:48.488+0800	error	hello	zapLogger/logger_test.go:23	this is a test
2021-05-12T15:02:48.488+0800	error	hello	zapLogger/logger_test.go:23	this is a test
2021-05-12T15:02:48.488+0800	error	hello	zapLogger/logger_test.go:23	this is a test
2021-05-12T15:02:48.488+0800	error	hello	zapLogger/logger_test.go:23	this is a test
2021-05-12T15:02:48.488+0800	error	hello	zapLogger/logger_test.go:23	this is a test
2021-05-12T15:02:48.488+0800	error	hello	zapLogger/logger_test.go:23	this is a test
2021-05-12T15:02:48.488+0800	error	hello	zapLogger/logger_test.go:23	this is a test
2021-05-12T15:02:48.488+0800	error	hello	zapLogger/logger_test.go:23	this is a test
2021-05-12T15:02:48.488+0800	error	hello	zapLogger/logger_test.go:23	this is a test
2021-05-12T15:02:48.488+0800	error	hello	zapLogger/logger_test.go:23	this is a test
2021-05-12T15:02:48.488+0800	error	hello	zapLogger/logger_test.go:23	this is a test
2021-05-12T15:02:48.488+0800	error	hello	zapLogger/logger_test.go:23	this is a test
2021-05-12T15:02:48.488+0800	error	hello	zapLogger/logger_test.go:23	this is a test
2021-05-12T15:02:48.488+0800	error	hello	zapLogger/logger_test.go:23	this is a test
2021-05-12T15:02:48.488+0800	error	hello	zapLogger/logger_test.go:23	this is a test
2021-05-12T15:02:48.488+0800	error	hello	zapLogger/logger_test.go:23	this is a test
2021-05-12T15:02:48.488+0800	error	hello	zapLogger/logger_test.go:23	this is a test
2021-05-12T15:02:48.488+0800	error	hello	zapLogger/logger_test.go:23	this is a test
2021-05-12T15:02:48.488+0800	error	hello	zapLogger/logger_test.go:23	this is a test
2021-05-12T15:02:48.488+0800	error	hello	zapLogger/logger_test.go:23	this is a test
2021-05-12T15:02:48.488+0800	error	hello	zapLogger/logger_test.go:23	this is a test
2021-05-12T15:02:48.488+0800	error	hello	zapLogger/logger_test.go:23	this is a test
2021-05-12T15:02:48.488+0800	error	hello	zapLogger/logger_test.go:23	this is a test
2021-05-12T15:02:48.488+0800	error	hello	zapLogger/logger_test.go:23	this is a test
2021-05-12T15:02:48.487+0800	error	hello	zapLogger/logger_test.go:23	this is a test
2021-05-12T15:02:48.488+0800	error	hello	zapLogger/logger_test.go:23	this is a test
2021-05-12T15:02:48.488+0800	error	hello	zapLogger/logger_test.go:23	this is a test
2021-05-12T15:02:48.488+0800	error	hello	zapLogger/logger_test.go:23	this is a test
2021-05-12T15:02:48.488+0800	error	hello	zapLogger/logger_test.go:23	this is a test
2021-05-12T15:02:48.488+0800	error	hello	zapLogger/logger_test.go:23	this is a test
2021-05-12T15:02:48.488+0800	error	hello	zapLogger/logger_test.go:23	this is a test
2021-05-12T15:02:48.488+0800	error	hello	zapLogger/logger_test.go:23	this is a test
2021-05-12T15:02:48.488+0800	error	hello	zapLogger/logger_test.go:23	this is a test
2021-05-12T15:02:48.488+0800	error	hello	zapLogger/logger_test.go:23	this is a test
2021-05-12T15:02:48.488+0800	error	hello	zapLogger/logger_test.go:23	this is a test
2021-05-12T15:02:48.488+0800	error	hello	zapLogger/logger_test.go:23	this is a test
2021-05-12T15:02:48.488+0800	error	hello	zapLogger/logger_test.go:23	this is a test
2021-05-12T15:02:48.488+0800	error	hello	zapLogger/logger_test.go:23	this is a test
2021-05-12T15:02:48.488+0800	error	hello	zapLogger/logger_test.go:23	this is a test
2021-05-12T15:02:48.488+0800	error	hello	zapLogger/logger_test.go:23	this is a test
2021-05-12T15:02:48.488+0800	error	hello	zapLogger/logger_test.go:23	this is a test
2021-05-12T15:02:48.488+0800	error	hello	zapLogger/logger_test.go:23	this is a test
2021-05-12T15:02:48.488+0800	error	hello	zapLogger/logger_test.go:23	this is a test
2021-05-12T15:02:48.488+0800	error	hello	zapLogger/logger_test.go:23	this is a test
2021-05-12T15:02:48.488+0800	error	hello	zapLogger/logger_test.go:23	this is a test
2021-05-12T15:02:48.488+0800	error	hello	zapLogger/logger_test.go:23	this is a test
2021-05-12T15:02:48.488+0800	error	hello	zapLogger/logger_test.go:23	this is a test
2021-05-12T15:02:48.488+0800	error	hello	zapLogger/logger_test.go:23	this is a test
2021-05-12T15:02:48.488+0800	error	hello	zapLogger/logger_test.go:23	this is a test
2021-05-12T15:02:48.488+0800	error	hello	zapLogger/logger_test.go:23	this is a test
2021-05-12T15:02:48.488+0800	error	hello	zapLogger/logger_test.go:23	this is a test
2021-05-12T15:02:48.487+0800	error	hello	zapLogger/logger_test.go:23	this is a test
2021-05-12T15:02:48.488+0800	error	hello	zapLogger/logger_test.go:23	this is a test
2021-05-12T15:02:48.488+0800	error	hello	zapLogger/logger_test.go:23	this is a test
2021-05-12T15:02:48.488+0800	error	hello	zapLogger/logger_test.go:23	this is a test
2021-05-12T15:02:48.488+0800	error	hello	zapLogger/logger_test.go:23	this is a test
2021-05-12T15:02:48.488+0800	error	hello	zapLogger/logger_test.go:23	this is a test
2021-05-12T15:02:48.488+0800	error	hello	zapLogger/logger_test.go:23	this is a test
2021-05-12T15:02:48.488+0800	error	hello	zapLogger/logger_test.go:23	this is a test
2021-05-12T15:02:48.488+0800	error	hello	zapLogger/logger_test.go:23	this is a test
2021-05-12T15:02:48.488+0800	error	hello	zapLogger/logger_test.go:23	this is a test
2021-05-12T15:02:48.488+0800	error	hello	zapLogger/logger_test.go:23	this is a test
2021-05-12T15:02:48.488+0800	error	hello	zapLogger/logger_test.go:23	this is a test
2021-05-12T15:02:48.488+0800	error	hello	zapLogger/logger_test.go:23	this is a test
2021-05-12T15:02:48.488+0800	error	hello	zapLogger/logger_test.go:23	this is a test
2021-05-12T15:02:48.488+0800	error	hello	zapLogger/logger_test.go:23	this is a test
2021-05-12T15:02:48.488+0800	error	hello	zapLogger/logger_test.go:23	this is a test
2021-05-12T15:02:48.488+0800	error	hello	zapLogger/logger_test.go:23	this is a test
2021-05-12T15:02:48.488+0800	error	hello	zapLogger/logger_test.go:23	this is a test
2021-05-12T15:02:48.488+0800	error	hello	zapLogger/logger_test.go:23	this is a test
2021-05-12T15:02:48.487+0800	error	hello	zapLogger/logger_test.go:23	this is a test
2021-05-12T15:02:48.488+0800	error	hello	zapLogger/logger_test.go:23	this is a test
2021-05-12T15:02:48.488+0800	error	hello	zapLogger/logger_test.go:23	this is a test
2021-05-12T15:02:48.487+0800	error	hello	zapLogger/logger_test.go:23	this is a test
2021-05-12T15:02:48.488+0800	error	hello	zapLogger/logger_test.go:23	this is a test
2021-05-12T15:02:48.488+0800	error	hello	zapLogger/logger_test.go:23	this is a test
2021-05-12T15:02:48.488+0800	error	hello	zapLogger/logger_test.go:23	this is a test
2021-05-12T15:02:48.488+0800	error	hello	zapLogger/logger_test.go:23	this is a test
2021-05-12T15:02:48.488+0800	error	hello	zapLogger/logger_test.go:23	this is a test
2021-05-12T15:02:48.488+0800	error	hello	zapLogger/logger_test.go:23	this is a test
2021-05-12T15:02:48.488+0800	error	hello	zapLogger/logger_test.go:23	this is a test
2021-05-12T15:02:48.488+0800	error	hello	zapLogger/logger_test.go:23	this is a test
2021-05-12T15:02:48.488+0800	error	hello	zapLogger/logger_test.go:23	this is a test
2021-05-12T15:02:48.488+0800	error	hello	zapLogger/logger_test.go:23	this is a test
2021-05-12T15:02:48.488+0800	error	hello	zapLogger/logger_test.go:23	this is a test
2021-05-12T15:02:48.488+0800	error	hello	zapLogger/logger_test.go:23	this is a test
2021-05-12T15:02:48.488+0800	error	hello	zapLogger/logger_test.go:23	this is a test
2021-05-12T15:02:48.488+0800	error	hello	zapLogger/logger_test.go:23	this is a test
2021-05-12T15:02:48.488+0800	error	hello	zapLogger/logger_test.go:23	this is a test
2021-05-12T15:02:48.488+0800	error	hello	zapLogger/logger_test.go:23	this is a test
2021-05-12T15:02:48.488+0800	error	hello	zapLogger/logger_test.go:23	this is a test
2021-05-12T15:02:48.488+0800	error	hello	zapLogger/logger_test.go:23	this is a test
2021-05-12T15:02:48.488+0800	error	hello	zapLogger/logger_test.go:23	this is a test
2021-05-12T15:02:48.488+0800	error	hello	zapLogger/logger_test.go:23	this is a test
2021-05-12T15:02:48.488+0800	error	hello	zapLogger/logger_test.go:23	this is a test
2021-05-12T15:02:48.488+0800	error	hello	zapLogger/logger_test.go:23	this is a test
2021-05-12T15:02:48.488+0800	error	hello	zapLogger/logger_test.go:23	this is a test
2021-05-12T15:02:48.488+0800	error	hello	zapLogger/logger_test.go:23	this is a test
2021-05-12T15:02:48.488+0800	error	hello	zapLogger/logger_test.go:23	this is a test
2021-05-12T15:02:48.488+0800	error	hello	zapLogger/logger_test.go:23	this is a test
2021-05-12T15:02:48.488+0800	error	hello	zapLogger/logger_test.go:23	this is a test
2021-05-12T15:02:48.488+0800	error	hello	zapLogger/logger_test.go:23	this is a test
2021-05-12T15:02:48.488+0800	error	hello	zapLogger/logger_test.go:23	this is a test
2021-05-12T15:02:48.488+0800	error	hello	zapLogger/logger_test.go:23	this is a test
2021-05-12T15:02:48.488+0800	error	hello	zapLogger/logger_test.go:23	this is a test
2021-05-12T15:02:48.488+0800	error	hello	zapLogger/logger_test.go:23	this is a test
2021-05-12T15:02:48.488+0800	error	hello	zapLogger/logger_test.go:23	this is a test
2021-05-12T15:02:48.488+0800	error	hello	zapLogger/logger_test.go:23	this is a test
2021-05-12T15:02:48.488+0800	error	hello	zapLogger/logger_test.go:23	this is a test
2021-05-12T15:02:48.488+0800	error	hello	zapLogger/logger_test.go:23	this is a test
2021-05-12T15:02:48.488+0800	error	hello	zapLogger/logger_test.go:23	this is a test
2021-05-12T15:02:48.488+0800	error	hello	zapLogger/logger_test.go:23	this is a test
2021-05-12T15:02:48.488+0800	error	hello	zapLogger/logger_test.go:23	this is a test
2021-05-12T15:02:48.488+0800	error	hello	zapLogger/logger_test.go:23	this is a test
2021-05-12T15:02:48.488+0800	error	hello	zapLogger/logger_test.go:23	this is a test
2021-05-12T15:02:48.488+0800	error	hello	zapLogger/logger_test.go:23	this is a test
2021-05-12T15:02:48.488+0800	error	hello	zapLogger/logger_test.go:23	this is a test
2021-05-12T15:02:48.488+0800	error	hello	zapLogger/logger_test.go:23	this is a test
2021-05-12T15:02:48.488+0800	error	hello	zapLogger/logger_test.go:23	this is a test
2021-05-12T15:02:48.488+0800	error	hello	zapLogger/logger_test.go:23	this is a test
2021-05-12T15:02:48.488+0800	error	hello	zapLogger/logger_test.go:23	this is a test
2021-05-12T15:02:48.488+0800	error	hello	zapLogger/logger_test.go:23	this is a test
2021-05-12T15:02:48.487+0800	error	hello	zapLogger/logger_test.go:23	this is a test
2021-05-12T15:02:48.488+0800	error	hello	zapLogger/logger_test.go:23	this is a test
2021-05-12T15:02:48.488+0800	error	hello	zapLogger/logger_test.go:23	this is a test
2021-05-12T15:02:48.488+0800	error	hello	zapLogger/logger_test.go:23	this is a test
2021-05-12T15:02:48.488+0800	error	hello	zapLogger/logger_test.go:23	this is a test
2021-05-12T15:02:48.488+0800	error	hello	zapLogger/logger_test.go:23	this is a test
2021-05-12T15:02:48.488+0800	error	hello	zapLogger/logger_test.go:23	this is a test
2021-05-12T15:02:48.488+0800	error	hello	zapLogger/logger_test.go:23	this is a test
2021-05-12T15:02:48.488+0800	error	hello	zapLogger/logger_test.go:23	this is a test
2021-05-12T15:02:48.488+0800	error	hello	zapLogger/logger_test.go:23	this is a test
2021-05-12T15:02:48.488+0800	error	hello	zapLogger/logger_test.go:23	this is a test
2021-05-12T15:02:48.488+0800	error	hello	zapLogger/logger_test.go:23	this is a test
2021-05-12T15:02:48.488+0800	error	hello	zapLogger/logger_test.go:23	this is a test
2021-05-12T15:02:48.488+0800	error	hello	zapLogger/logger_test.go:23	this is a test
2021-05-12T15:02:48.488+0800	error	hello	zapLogger/logger_test.go:23	this is a test
2021-05-12T15:02:48.488+0800	error	hello	zapLogger/logger_test.go:23	this is a test
2021-05-12T15:02:48.488+0800	error	hello	zapLogger/logger_test.go:23	this is a test
2021-05-12T15:02:48.488+0800	error	hello	zapLogger/logger_test.go:23	this is a test
2021-05-12T15:02:48.488+0800	error	hello	zapLogger/logger_test.go:23	this is a test
2021-05-12T15:02:48.488+0800	error	hello	zapLogger/logger_test.go:23	this is a test
2021-05-12T15:02:48.488+0800	error	hello	zapLogger/logger_test.go:23	this is a test
2021-05-12T15:02:48.488+0800	error	hello	zapLogger/logger_test.go:23	this is a test
2021-05-12T15:02:48.488+0800	error	hello	zapLogger/logger_test.go:23	this is a test
2021-05-12T15:02:48.488+0800	error	hello	zapLogger/logger_test.go:23	this is a test
2021-05-12T15:02:48.486+0800	error	hello	zapLogger/logger_test.go:23	this is a test
2021-05-12T15:02:48.488+0800	error	hello	zapLogger/logger_test.go:23	this is a test
2021-05-12T15:02:48.488+0800	error	hello	zapLogger/logger_test.go:23	this is a test
2021-05-12T15:02:48.488+0800	error	hello	zapLogger/logger_test.go:23	this is a test
2021-05-12T15:02:48.488+0800	error	hello	zapLogger/logger_test.go:23	this is a test
2021-05-12T15:02:48.488+0800	error	hello	zapLogger/logger_test.go:23	this is a test
2021-05-12T15:02:48.488+0800	error	hello	zapLogger/logger_test.go:23	this is a test
2021-05-12T15:02:48.488+0800	error	hello	zapLogger/logger_test.go:23	this is a test
2021-05-12T15:02:48.488+0800	error	hello	zapLogger/logger_test.go:23	this is a test
2021-05-12T15:02:48.488+0800	error	hello	zapLogger/logger_test.go:23	this is a test
2021-05-12T15:02:48.488+0800	error	hello	zapLogger/logger_test.go:23	this is a test
2021-05-12T15:02:48.488+0800	error	hello	zapLogger/logger_test.go:23	this is a test
2021-05-12T15:02:48.488+0800	error	hello	zapLogger/logger_test.go:23	this is a test
2021-05-12T15:02:48.488+0800	error	hello	zapLogger/logger_test.go:23	this is a test
2021-05-12T15:02:48.488+0800	error	hello	zapLogger/logger_test.go:23	this is a test
2021-05-12T15:02:48.488+0800	error	hello	zapLogger/logger_test.go:23	this is a test
2021-05-12T15:02:48.488+0800	error	hello	zapLogger/logger_test.go:23	this is a test
2021-05-12T15:02:48.488+0800	error	hello	zapLogger/logger_test.go:23	this is a test
2021-05-12T15:02:48.488+0800	error	hello	zapLogger/logger_test.go:23	this is a test
2021-05-12T15:02:48.488+0800	error	hello	zapLogger/logger_test.go:23	this is a test
2021-05-12T15:02:48.488+0800	error	hello	zapLogger/logger_test.go:23	this is a test
2021-05-12T15:02:48.489+0800	error	hello	zapLogger/logger_test.go:23	this is a test
2021-05-12T15:02:48.488+0800	error	hello	zapLogger/logger_test.go:23	this is a test
2021-05-12T15:02:48.489+0800	error	hello	zapLogger/logger_test.go:23	this is a test
2021-05-12T15:02:48.489+0800	error	hello	zapLogger/logger_test.go:23	this is a test
2021-05-12T15:02:48.487+0800	error	hello	zapLogger/logger_test.go:23	this is a test
2021-05-12T15:02:48.489+0800	error	hello	zapLogger/logger_test.go:23	this is a test
2021-05-12T15:02:48.489+0800	error	hello	zapLogger/logger_test.go:23	this is a test
2021-05-12T15:02:48.489+0800	error	hello	zapLogger/logger_test.go:23	this is a test
2021-05-12T15:02:48.489+0800	error	hello	zapLogger/logger_test.go:23	this is a test
2021-05-12T15:02:48.489+0800	error	hello	zapLogger/logger_test.go:23	this is a test
2021-05-12T15:02:48.489+0800	error	hello	zapLogger/logger_test.go:23	this is a test
2021-05-12T15:02:48.489+0800	error	hello	zapLogger/logger_test.go:23	this is a test
2021-05-12T15:02:48.489+0800	error	hello	zapLogger/logger_test.go:23	this is a test
2021-05-12T15:02:48.489+0800	error	hello	zapLogger/logger_test.go:23	this is a test
2021-05-12T15:02:48.489+0800	error	hello	zapLogger/logger_test.go:23	this is a test
2021-05-12T15:02:48.489+0800	error	hello	zapLogger/logger_test.go:23	this is a test
2021-05-12T15:02:48.489+0800	error	hello	zapLogger/logger_test.go:23	this is a test
2021-05-12T15:02:48.489+0800	error	hello	zapLogger/logger_test.go:23	this is a test
2021-05-12T15:02:48.489+0800	error	hello	zapLogger/logger_test.go:23	this is a test
2021-05-12T15:02:48.489+0800	error	hello	zapLogger/logger_test.go:23	this is a test
2021-05-12T15:02:48.489+0800	error	hello	zapLogger/logger_test.go:23	this is a test
2021-05-12T15:02:48.489+0800	error	hello	zapLogger/logger_test.go:23	this is a test
2021-05-12T15:02:48.489+0800	error	hello	zapLogger/logger_test.go:23	this is a test
2021-05-12T15:02:48.489+0800	error	hello	zapLogger/logger_test.go:23	this is a test
2021-05-12T15:02:48.489+0800	error	hello	zapLogger/logger_test.go:23	this is a test
2021-05-12T15:02:48.489+0800	error	hello	zapLogger/logger_test.go:23	this is a test
2021-05-12T15:02:48.489+0800	error	hello	zapLogger/logger_test.go:23	this is a test
2021-05-12T15:02:48.489+0800	error	hello	zapLogger/logger_test.go:23	this is a test
2021-05-12T15:02:48.489+0800	error	hello	zapLogger/logger_test.go:23	this is a test
2021-05-12T15:02:48.489+0800	error	hello	zapLogger/logger_test.go:23	this is a test
2021-05-12T15:02:48.489+0800	error	hello	zapLogger/logger_test.go:23	this is a test
2021-05-12T15:02:48.489+0800	error	hello	zapLogger/logger_test.go:23	this is a test
2021-05-12T15:02:48.489+0800	error	hello	zapLogger/logger_test.go:23	this is a test
2021-05-12T15:02:48.489+0800	error	hello	zapLogger/logger_test.go:23	this is a test
2021-05-12T15:02:48.489+0800	error	hello	zapLogger/logger_test.go:23	this is a test
2021-05-12T15:02:48.489+0800	error	hello	zapLogger/logger_test.go:23	this is a test
2021-05-12T15:02:48.489+0800	error	hello	zapLogger/logger_test.go:23	this is a test
2021-05-12T15:02:48.489+0800	error	hello	zapLogger/logger_test.go:23	this is a test
2021-05-12T15:02:48.489+0800	error	hello	zapLogger/logger_test.go:23	this is a test
2021-05-12T15:02:48.489+0800	error	hello	zapLogger/logger_test.go:23	this is a test
2021-05-12T15:02:48.489+0800	error	hello	zapLogger/logger_test.go:23	this is a test
2021-05-12T15:02:48.489+0800	error	hello	zapLogger/logger_test.go:23	this is a test
2021-05-12T15:02:48.489+0800	error	hello	zapLogger/logger_test.go:23	this is a test
2021-05-12T15:02:48.489+0800	error	hello	zapLogger/logger_test.go:23	this is a test
2021-05-12T15:02:48.489+0800	error	hello	zapLogger/logger_test.go:23	this is a test
2021-05-12T15:02:48.489+0800	error	hello	zapLogger/logger_test.go:23	this is a test
2021-05-12T15:02:48.489+0800	error	hello	zapLogger/logger_test.go:23	this is a test
2021-05-12T15:02:48.489+0800	error	hello	zapLogger/logger_test.go:23	this is a test
2021-05-12T15:02:48.489+0800	error	hello	zapLogger/logger_test.go:23	this is a test
2021-05-12T15:02:48.489+0800	error	hello	zapLogger/logger_test.go:23	this is a test
2021-05-12T15:02:48.489+0800	error	hello	zapLogger/logger_test.go:23	this is a test
2021-05-12T15:02:48.489+0800	error	hello	zapLogger/logger_test.go:23	this is a test
2021-05-12T15:02:48.488+0800	error	hello	zapLogger/logger_test.go:23	this is a test
2021-05-12T15:02:48.489+0800	error	hello	zapLogger/logger_test.go:23	this is a test
2021-05-12T15:02:48.489+0800	error	hello	zapLogger/logger_test.go:23	this is a test
2021-05-12T15:02:48.489+0800	error	hello	zapLogger/logger_test.go:23	this is a test
2021-05-12T15:02:48.489+0800	error	hello	zapLogger/logger_test.go:23	this is a test
2021-05-12T15:02:48.489+0800	error	hello	zapLogger/logger_test.go:23	this is a test
2021-05-12T15:02:48.489+0800	error	hello	zapLogger/logger_test.go:23	this is a test
2021-05-12T15:02:48.489+0800	error	hello	zapLogger/logger_test.go:23	this is a test
2021-05-12T15:02:48.489+0800	error	hello	zapLogger/logger_test.go:23	this is a test
2021-05-12T15:02:48.489+0800	error	hello	zapLogger/logger_test.go:23	this is a test
2021-05-12T15:02:48.489+0800	error	hello	zapLogger/logger_test.go:23	this is a test
2021-05-12T15:02:48.489+0800	error	hello	zapLogger/logger_test.go:23	this is a test
2021-05-12T15:02:48.489+0800	error	hello	zapLogger/logger_test.go:23	this is a test
2021-05-12T15:02:48.489+0800	error	hello	zapLogger/logger_test.go:23	this is a test
2021-05-12T15:02:48.489+0800	error	hello	zapLogger/logger_test.go:23	this is a test
2021-05-12T15:02:48.489+0800	error	hello	zapLogger/logger_test.go:23	this is a test
2021-05-12T15:02:48.489+0800	error	hello	zapLogger/logger_test.go:23	this is a test
2021-05-12T15:02:48.489+0800	error	hello	zapLogger/logger_test.go:23	this is a test
2021-05-12T15:02:48.489+0800	error	hello	zapLogger/logger_test.go:23	this is a test
2021-05-12T15:02:48.489+0800	error	hello	zapLogger/logger_test.go:23	this is a test
2021-05-12T15:02:48.489+0800	error	hello	zapLogger/logger_test.go:23	this is a test
2021-05-12T15:02:48.489+0800	error	hello	zapLogger/logger_test.go:23	this is a test
2021-05-12T15:02:48.489+0800	error	hello	zapLogger/logger_test.go:23	this is a test
2021-05-12T15:02:48.489+0800	error	hello	zapLogger/logger_test.go:23	this is a test
2021-05-12T15:02:48.489+0800	error	hello	zapLogger/logger_test.go:23	this is a test
2021-05-12T15:02:48.489+0800	error	hello	zapLogger/logger_test.go:23	this is a test
2021-05-12T15:02:48.489+0800	error	hello	zapLogger/logger_test.go:23	this is a test
2021-05-12T15:02:48.489+0800	error	hello	zapLogger/logger_test.go:23	this is a test
2021-05-12T15:02:48.489+0800	error	hello	zapLogger/logger_test.go:23	this is a test
2021-05-12T15:02:48.489+0800	error	hello	zapLogger/logger_test.go:23	this is a test
2021-05-12T15:02:48.489+0800	error	hello	zapLogger/logger_test.go:23	this is a test
2021-05-12T15:02:48.489+0800	error	hello	zapLogger/logger_test.go:23	this is a test
2021-05-12T15:02:48.489+0800	error	hello	zapLogger/logger_test.go:23	this is a test
2021-05-12T15:02:48.489+0800	error	hello	zapLogger/logger_test.go:23	this is a test
2021-05-12T15:02:48.489+0800	error	hello	zapLogger/logger_test.go:23	this is a test
2021-05-12T15:02:48.489+0800	error	hello	zapLogger/logger_test.go:23	this is a test
2021-05-12T15:02:48.489+0800	error	hello	zapLogger/logger_test.go:23	this is a test
2021-05-12T15:02:48.489+0800	error	hello	zapLogger/logger_test.go:23	this is a test
2021-05-12T15:02:48.489+0800	error	hello	zapLogger/logger_test.go:23	this is a test
2021-05-12T15:02:48.489+0800	error	hello	zapLogger/logger_test.go:23	this is a test
2021-05-12T15:02:48.489+0800	error	hello	zapLogger/logger_test.go:23	this is a test
2021-05-12T15:02:48.489+0800	error	hello	zapLogger/logger_test.go:23	this is a test
2021-05-12T15:02:48.489+0800	error	hello	zapLogger/logger_test.go:23	this is a test
2021-05-12T15:02:48.489+0800	error	hello	zapLogger/logger_test.go:23	this is a test
2021-05-12T15:02:48.489+0800	error	hello	zapLogger/logger_test.go:23	this is a test
2021-05-12T15:02:48.489+0800	error	hello	zapLogger/logger_test.go:23	this is a test
2021-05-12T15:02:48.489+0800	error	hello	zapLogger/logger_test.go:23	this is a test
2021-05-12T15:02:48.489+0800	error	hello	zapLogger/logger_test.go:23	this is a test
2021-05-12T15:02:48.488+0800	error	hello	zapLogger/logger_test.go:23	this is a test
2021-05-12T15:02:48.489+0800	error	hello	zapLogger/logger_test.go:23	this is a test
2021-05-12T15:02:48.489+0800	error	hello	zapLogger/logger_test.go:23	this is a test
2021-05-12T15:02:48.489+0800	error	hello	zapLogger/logger_test.go:23	this is a test
2021-05-12T15:02:48.489+0800	error	hello	zapLogger/logger_test.go:23	this is a test
2021-05-12T15:02:48.489+0800	error	hello	zapLogger/logger_test.go:23	this is a test
2021-05-12T15:02:48.489+0800	error	hello	zapLogger/logger_test.go:23	this is a test
2021-05-12T15:02:48.489+0800	error	hello	zapLogger/logger_test.go:23	this is a test
2021-05-12T15:02:48.489+0800	error	hello	zapLogger/logger_test.go:23	this is a test
2021-05-12T15:02:48.489+0800	error	hello	zapLogger/logger_test.go:23	this is a test
2021-05-12T15:02:48.489+0800	error	hello	zapLogger/logger_test.go:23	this is a test
2021-05-12T15:02:48.489+0800	error	hello	zapLogger/logger_test.go:23	this is a test
2021-05-12T15:02:48.489+0800	error	hello	zapLogger/logger_test.go:23	this is a test
2021-05-12T15:02:48.489+0800	error	hello	zapLogger/logger_test.go:23	this is a test
2021-05-12T15:02:48.489+0800	error	hello	zapLogger/logger_test.go:23	this is a test
2021-05-12T15:02:48.489+0800	error	hello	zapLogger/logger_test.go:23	this is a test
2021-05-12T15:02:48.489+0800	error	hello	zapLogger/logger_test.go:23	this is a test
2021-05-12T15:02:48.489+0800	error	hello	zapLogger/logger_test.go:23	this is a test
2021-05-12T15:02:48.489+0800	error	hello	zapLogger/logger_test.go:23	this is a test
2021-05-12T15:02:48.489+0800	error	hello	zapLogger/logger_test.go:23	this is a test
2021-05-12T15:02:48.489+0800	error	hello	zapLogger/logger_test.go:23	this is a test
2021-05-12T15:02:48.489+0800	error	hello	zapLogger/logger_test.go:23	this is a test
2021-05-12T15:02:48.489+0800	error	hello	zapLogger/logger_test.go:23	this is a test
2021-05-12T15:02:48.489+0800	error	hello	zapLogger/logger_test.go:23	this is a test
2021-05-12T15:02:48.489+0800	error	hello	zapLogger/logger_test.go:23	this is a test
2021-05-12T15:02:48.489+0800	error	hello	zapLogger/logger_test.go:23	this is a test
2021-05-12T15:02:48.489+0800	error	hello	zapLogger/logger_test.go:23	this is a test
2021-05-12T15:02:48.489+0800	error	hello	zapLogger/logger_test.go:23	this is a test
2021-05-12T15:02:48.489+0800	error	hello	zapLogger/logger_test.go:23	this is a test
2021-05-12T15:02:48.489+0800	error	hello	zapLogger/logger_test.go:23	this is a test
2021-05-12T15:02:48.489+0800	error	hello	zapLogger/logger_test.go:23	this is a test
2021-05-12T15:02:48.489+0800	error	hello	zapLogger/logger_test.go:23	this is a test
2021-05-12T15:02:48.489+0800	error	hello	zapLogger/logger_test.go:23	this is a test
2021-05-12T15:02:48.489+0800	error	hello	zapLogger/logger_test.go:23	this is a test
2021-05-12T15:02:48.489+0800	error	hello	zapLogger/logger_test.go:23	this is a test
2021-05-12T15:02:48.489+0800	error	hello	zapLogger/logger_test.go:23	this is a test
2021-05-12T15:02:48.489+0800	error	hello	zapLogger/logger_test.go:23	this is a test
2021-05-12T15:02:48.489+0800	error	hello	zapLogger/logger_test.go:23	this is a test
2021-05-12T15:02:48.489+0800	error	hello	zapLogger/logger_test.go:23	this is a test
2021-05-12T15:02:48.489+0800	error	hello	zapLogger/logger_test.go:23	this is a test
2021-05-12T15:02:48.489+0800	error	hello	zapLogger/logger_test.go:23	this is a test
2021-05-12T15:02:48.489+0800	error	hello	zapLogger/logger_test.go:23	this is a test
2021-05-12T15:02:48.489+0800	error	hello	zapLogger/logger_test.go:23	this is a test
2021-05-12T15:02:48.489+0800	error	hello	zapLogger/logger_test.go:23	this is a test
2021-05-12T15:02:48.489+0800	error	hello	zapLogger/logger_test.go:23	this is a test
2021-05-12T15:02:48.489+0800	error	hello	zapLogger/logger_test.go:23	this is a test
2021-05-12T15:02:48.489+0800	error	hello	zapLogger/logger_test.go:23	this is a test
2021-05-12T15:02:48.489+0800	error	hello	zapLogger/logger_test.go:23	this is a test
2021-05-12T15:02:48.489+0800	error	hello	zapLogger/logger_test.go:23	this is a test
2021-05-12T15:02:48.489+0800	error	hello	zapLogger/logger_test.go:23	this is a test
2021-05-12T15:02:48.489+0800	error	hello	zapLogger/logger_test.go:23	this is a test
2021-05-12T15:02:48.489+0800	error	hello	zapLogger/logger_test.go:23	this is a test
2021-05-12T15:02:48.489+0800	error	hello	zapLogger/logger_test.go:23	this is a test
2021-05-12T15:02:48.489+0800	error	hello	zapLogger/logger_test.go:23	this is a test
2021-05-12T15:02:48.489+0800	error	hello	zapLogger/logger_test.go:23	this is a test
2021-05-12T15:02:48.489+0800	error	hello	zapLogger/logger_test.go:23	this is a test
2021-05-12T15:02:48.489+0800	error	hello	zapLogger/logger_test.go:23	this is a test
2021-05-12T15:02:48.489+0800	error	hello	zapLogger/logger_test.go:23	this is a test
2021-05-12T15:02:48.489+0800	error	hello	zapLogger/logger_test.go:23	this is a test
2021-05-12T15:02:48.489+0800	error	hello	zapLogger/logger_test.go:23	this is a test
2021-05-12T15:02:48.489+0800	error	hello	zapLogger/logger_test.go:23	this is a test
2021-05-12T15:02:48.489+0800	error	hello	zapLogger/logger_test.go:23	this is a test
2021-05-12T15:02:48.489+0800	error	hello	zapLogger/logger_test.go:23	this is a test
2021-05-12T15:02:48.489+0800	error	hello	zapLogger/logger_test.go:23	this is a test
2021-05-12T15:02:48.489+0800	error	hello	zapLogger/logger_test.go:23	this is a test
2021-05-12T15:02:48.489+0800	error	hello	zapLogger/logger_test.go:23	this is a test
2021-05-12T15:02:48.489+0800	error	hello	zapLogger/logger_test.go:23	this is a test
2021-05-12T15:02:48.489+0800	error	hello	zapLogger/logger_test.go:23	this is a test
2021-05-12T15:02:48.489+0800	error	hello	zapLogger/logger_test.go:23	this is a test
2021-05-12T15:02:48.489+0800	error	hello	zapLogger/logger_test.go:23	this is a test
2021-05-12T15:02:48.489+0800	error	hello	zapLogger/logger_test.go:23	this is a test
2021-05-12T15:02:48.489+0800	error	hello	zapLogger/logger_test.go:23	this is a test
2021-05-12T15:02:48.489+0800	error	hello	zapLogger/logger_test.go:23	this is a test
2021-05-12T15:02:48.489+0800	error	hello	zapLogger/logger_test.go:23	this is a test
2021-05-12T15:02:48.489+0800	error	hello	zapLogger/logger_test.go:23	this is a test
2021-05-12T15:02:48.489+0800	error	hello	zapLogger/logger_test.go:23	this is a test
2021-05-12T15:02:48.489+0800	error	hello	zapLogger/logger_test.go:23	this is a test
2021-05-12T15:02:48.489+0800	error	hello	zapLogger/logger_test.go:23	this is a test
2021-05-12T15:02:48.489+0800	error	hello	zapLogger/logger_test.go:23	this is a test
2021-05-12T15:02:48.489+0800	error	hello	zapLogger/logger_test.go:23	this is a test
2021-05-12T15:02:48.488+0800	error	hello	zapLogger/logger_test.go:23	this is a test
2021-05-12T15:02:48.489+0800	error	hello	zapLogger/logger_test.go:23	this is a test
2021-05-12T15:02:48.490+0800	error	hello	zapLogger/logger_test.go:23	this is a test
2021-05-12T15:02:48.489+0800	error	hello	zapLogger/logger_test.go:23	this is a test
2021-05-12T15:02:48.490+0800	error	hello	zapLogger/logger_test.go:23	this is a test
2021-05-12T15:02:48.490+0800	error	hello	zapLogger/logger_test.go:23	this is a test
2021-05-12T15:02:48.490+0800	error	hello	zapLogger/logger_test.go:23	this is a test
2021-05-12T15:02:48.490+0800	error	hello	zapLogger/logger_test.go:23	this is a test
2021-05-12T15:02:48.490+0800	error	hello	zapLogger/logger_test.go:23	this is a test
2021-05-12T15:02:48.490+0800	error	hello	zapLogger/logger_test.go:23	this is a test
2021-05-12T15:02:48.490+0800	error	hello	zapLogger/logger_test.go:23	this is a test
2021-05-12T15:02:48.490+0800	error	hello	zapLogger/logger_test.go:23	this is a test
2021-05-12T15:02:48.490+0800	error	hello	zapLogger/logger_test.go:23	this is a test
2021-05-12T15:02:48.490+0800	error	hello	zapLogger/logger_test.go:23	this is a test
2021-05-12T15:02:48.490+0800	error	hello	zapLogger/logger_test.go:23	this is a test
2021-05-12T15:02:48.490+0800	error	hello	zapLogger/logger_test.go:23	this is a test
2021-05-12T15:02:48.490+0800	error	hello	zapLogger/logger_test.go:23	this is a test
2021-05-12T15:02:48.490+0800	error	hello	zapLogger/logger_test.go:23	this is a test
2021-05-12T15:02:48.490+0800	error	hello	zapLogger/logger_test.go:23	this is a test
2021-05-12T15:02:48.488+0800	error	hello	zapLogger/logger_test.go:23	this is a test
2021-05-12T15:02:48.490+0800	error	hello	zapLogger/logger_test.go:23	this is a test
2021-05-12T15:02:48.490+0800	error	hello	zapLogger/logger_test.go:23	this is a test
2021-05-12T15:02:48.490+0800	error	hello	zapLogger/logger_test.go:23	this is a test
2021-05-12T15:02:48.490+0800	error	hello	zapLogger/logger_test.go:23	this is a test
2021-05-12T15:02:48.490+0800	error	hello	zapLogger/logger_test.go:23	this is a test
2021-05-12T15:02:48.490+0800	error	hello	zapLogger/logger_test.go:23	this is a test
2021-05-12T15:02:48.490+0800	error	hello	zapLogger/logger_test.go:23	this is a test
2021-05-12T15:02:48.490+0800	error	hello	zapLogger/logger_test.go:23	this is a test
2021-05-12T15:02:48.490+0800	error	hello	zapLogger/logger_test.go:23	this is a test
2021-05-12T15:02:48.490+0800	error	hello	zapLogger/logger_test.go:23	this is a test
2021-05-12T15:02:48.490+0800	error	hello	zapLogger/logger_test.go:23	this is a test
2021-05-12T15:02:48.490+0800	error	hello	zapLogger/logger_test.go:23	this is a test
2021-05-12T15:02:48.490+0800	error	hello	zapLogger/logger_test.go:23	this is a test
2021-05-12T15:02:48.490+0800	error	hello	zapLogger/logger_test.go:23	this is a test
2021-05-12T15:02:48.490+0800	error	hello	zapLogger/logger_test.go:23	this is a test
2021-05-12T15:02:48.490+0800	error	hello	zapLogger/logger_test.go:23	this is a test
2021-05-12T15:02:48.490+0800	error	hello	zapLogger/logger_test.go:23	this is a test
2021-05-12T15:02:48.490+0800	error	hello	zapLogger/logger_test.go:23	this is a test
2021-05-12T15:02:48.490+0800	error	hello	zapLogger/logger_test.go:23	this is a test
2021-05-12T15:02:48.490+0800	error	hello	zapLogger/logger_test.go:23	this is a test
2021-05-12T15:02:48.490+0800	error	hello	zapLogger/logger_test.go:23	this is a test
2021-05-12T15:02:48.490+0800	error	hello	zapLogger/logger_test.go:23	this is a test
2021-05-12T15:02:48.490+0800	error	hello	zapLogger/logger_test.go:23	this is a test
2021-05-12T15:02:48.490+0800	error	hello	zapLogger/logger_test.go:23	this is a test
2021-05-12T15:02:48.490+0800	error	hello	zapLogger/logger_test.go:23	this is a test
2021-05-12T15:02:48.490+0800	error	hello	zapLogger/logger_test.go:23	this is a test
2021-05-12T15:02:48.490+0800	error	hello	zapLogger/logger_test.go:23	this is a test
2021-05-12T15:02:48.490+0800	error	hello	zapLogger/logger_test.go:23	this is a test
2021-05-12T15:02:48.490+0800	error	hello	zapLogger/logger_test.go:23	this is a test
2021-05-12T15:02:48.490+0800	error	hello	zapLogger/logger_test.go:23	this is a test
2021-05-12T15:02:48.490+0800	error	hello	zapLogger/logger_test.go:23	this is a test
2021-05-12T15:02:48.490+0800	error	hello	zapLogger/logger_test.go:23	this is a test
2021-05-12T15:02:48.490+0800	error	hello	zapLogger/logger_test.go:23	this is a test
2021-05-12T15:02:48.490+0800	error	hello	zapLogger/logger_test.go:23	this is a test
2021-05-12T15:02:48.490+0800	error	hello	zapLogger/logger_test.go:23	this is a test
2021-05-12T15:02:48.490+0800	error	hello	zapLogger/logger_test.go:23	this is a test
2021-05-12T15:02:48.490+0800	error	hello	zapLogger/logger_test.go:23	this is a test
2021-05-12T15:02:48.490+0800	error	hello	zapLogger/logger_test.go:23	this is a test
2021-05-12T15:02:48.490+0800	error	hello	zapLogger/logger_test.go:23	this is a test
2021-05-12T15:02:48.490+0800	error	hello	zapLogger/logger_test.go:23	this is a test
2021-05-12T15:02:48.490+0800	error	hello	zapLogger/logger_test.go:23	this is a test
2021-05-12T15:02:48.490+0800	error	hello	zapLogger/logger_test.go:23	this is a test
2021-05-12T15:02:48.490+0800	error	hello	zapLogger/logger_test.go:23	this is a test
2021-05-12T15:02:48.490+0800	error	hello	zapLogger/logger_test.go:23	this is a test
2021-05-12T15:02:48.490+0800	error	hello	zapLogger/logger_test.go:23	this is a test
2021-05-12T15:02:48.490+0800	error	hello	zapLogger/logger_test.go:23	this is a test
2021-05-12T15:02:48.490+0800	error	hello	zapLogger/logger_test.go:23	this is a test
2021-05-12T15:02:48.490+0800	error	hello	zapLogger/logger_test.go:23	this is a test
2021-05-12T15:02:48.489+0800	error	hello	zapLogger/logger_test.go:23	this is a test
2021-05-12T15:02:48.490+0800	error	hello	zapLogger/logger_test.go:23	this is a test
2021-05-12T15:02:48.490+0800	error	hello	zapLogger/logger_test.go:23	this is a test
2021-05-12T15:02:48.490+0800	error	hello	zapLogger/logger_test.go:23	this is a test
2021-05-12T15:02:48.490+0800	error	hello	zapLogger/logger_test.go:23	this is a test
2021-05-12T15:02:48.490+0800	error	hello	zapLogger/logger_test.go:23	this is a test
2021-05-12T15:02:48.490+0800	error	hello	zapLogger/logger_test.go:23	this is a test
2021-05-12T15:02:48.490+0800	error	hello	zapLogger/logger_test.go:23	this is a test
2021-05-12T15:02:48.490+0800	error	hello	zapLogger/logger_test.go:23	this is a test
2021-05-12T15:02:48.490+0800	error	hello	zapLogger/logger_test.go:23	this is a test
2021-05-12T15:02:48.490+0800	error	hello	zapLogger/logger_test.go:23	this is a test
2021-05-12T15:02:48.488+0800	error	hello	zapLogger/logger_test.go:23	this is a test
2021-05-12T15:02:48.490+0800	error	hello	zapLogger/logger_test.go:23	this is a test
2021-05-12T15:02:48.490+0800	error	hello	zapLogger/logger_test.go:23	this is a test
2021-05-12T15:02:48.490+0800	error	hello	zapLogger/logger_test.go:23	this is a test
2021-05-12T15:02:48.490+0800	error	hello	zapLogger/logger_test.go:23	this is a test
2021-05-12T15:02:48.490+0800	error	hello	zapLogger/logger_test.go:23	this is a test
2021-05-12T15:02:48.490+0800	error	hello	zapLogger/logger_test.go:23	this is a test
2021-05-12T15:02:48.490+0800	error	hello	zapLogger/logger_test.go:23	this is a test
2021-05-12T15:02:48.490+0800	error	hello	zapLogger/logger_test.go:23	this is a test
2021-05-12T15:02:48.490+0800	error	hello	zapLogger/logger_test.go:23	this is a test
2021-05-12T15:02:48.490+0800	error	hello	zapLogger/logger_test.go:23	this is a test
2021-05-12T15:02:48.490+0800	error	hello	zapLogger/logger_test.go:23	this is a test
2021-05-12T15:02:48.490+0800	error	hello	zapLogger/logger_test.go:23	this is a test
2021-05-12T15:02:48.490+0800	error	hello	zapLogger/logger_test.go:23	this is a test
2021-05-12T15:02:48.490+0800	error	hello	zapLogger/logger_test.go:23	this is a test
2021-05-12T15:02:48.490+0800	error	hello	zapLogger/logger_test.go:23	this is a test
2021-05-12T15:02:48.490+0800	error	hello	zapLogger/logger_test.go:23	this is a test
2021-05-12T15:02:48.490+0800	error	hello	zapLogger/logger_test.go:23	this is a test
2021-05-12T15:02:48.490+0800	error	hello	zapLogger/logger_test.go:23	this is a test
2021-05-12T15:02:48.490+0800	error	hello	zapLogger/logger_test.go:23	this is a test
2021-05-12T15:02:48.490+0800	error	hello	zapLogger/logger_test.go:23	this is a test
2021-05-12T15:02:48.490+0800	error	hello	zapLogger/logger_test.go:23	this is a test
2021-05-12T15:02:48.490+0800	error	hello	zapLogger/logger_test.go:23	this is a test
2021-05-12T15:02:48.490+0800	error	hello	zapLogger/logger_test.go:23	this is a test
2021-05-12T15:02:48.490+0800	error	hello	zapLogger/logger_test.go:23	this is a test
2021-05-12T15:02:48.490+0800	error	hello	zapLogger/logger_test.go:23	this is a test
2021-05-12T15:02:48.490+0800	error	hello	zapLogger/logger_test.go:23	this is a test
2021-05-12T15:02:48.490+0800	error	hello	zapLogger/logger_test.go:23	this is a test
2021-05-12T15:02:48.490+0800	error	hello	zapLogger/logger_test.go:23	this is a test
2021-05-12T15:02:48.490+0800	error	hello	zapLogger/logger_test.go:23	this is a test
2021-05-12T15:02:48.490+0800	error	hello	zapLogger/logger_test.go:23	this is a test
2021-05-12T15:02:48.490+0800	error	hello	zapLogger/logger_test.go:23	this is a test
2021-05-12T15:02:48.490+0800	error	hello	zapLogger/logger_test.go:23	this is a test
2021-05-12T15:02:48.490+0800	error	hello	zapLogger/logger_test.go:23	this is a test
2021-05-12T15:02:48.490+0800	error	hello	zapLogger/logger_test.go:23	this is a test
2021-05-12T15:02:48.490+0800	error	hello	zapLogger/logger_test.go:23	this is a test
2021-05-12T15:02:48.490+0800	error	hello	zapLogger/logger_test.go:23	this is a test
2021-05-12T15:02:48.489+0800	error	hello	zapLogger/logger_test.go:23	this is a test
2021-05-12T15:02:48.490+0800	error	hello	zapLogger/logger_test.go:23	this is a test
2021-05-12T15:02:48.490+0800	error	hello	zapLogger/logger_test.go:23	this is a test
2021-05-12T15:02:48.490+0800	error	hello	zapLogger/logger_test.go:23	this is a test
2021-05-12T15:02:48.490+0800	error	hello	zapLogger/logger_test.go:23	this is a test
2021-05-12T15:02:48.490+0800	error	hello	zapLogger/logger_test.go:23	this is a test
2021-05-12T15:02:48.490+0800	error	hello	zapLogger/logger_test.go:23	this is a test
2021-05-12T15:02:48.490+0800	error	hello	zapLogger/logger_test.go:23	this is a test
2021-05-12T15:02:48.490+0800	error	hello	zapLogger/logger_test.go:23	this is a test
2021-05-12T15:02:48.490+0800	error	hello	zapLogger/logger_test.go:23	this is a test
2021-05-12T15:02:48.490+0800	error	hello	zapLogger/logger_test.go:23	this is a test
2021-05-12T15:02:48.490+0800	error	hello	zapLogger/logger_test.go:23	this is a test
2021-05-12T15:02:48.490+0800	error	hello	zapLogger/logger_test.go:23	this is a test
2021-05-12T15:02:48.490+0800	error	hello	zapLogger/logger_test.go:23	this is a test
2021-05-12T15:02:48.490+0800	error	hello	zapLogger/logger_test.go:23	this is a test
2021-05-12T15:02:48.490+0800	error	hello	zapLogger/logger_test.go:23	this is a test
2021-05-12T15:02:48.490+0800	error	hello	zapLogger/logger_test.go:23	this is a test
2021-05-12T15:02:48.490+0800	error	hello	zapLogger/logger_test.go:23	this is a test
2021-05-12T15:02:48.490+0800	error	hello	zapLogger/logger_test.go:23	this is a test
2021-05-12T15:02:48.490+0800	error	hello	zapLogger/logger_test.go:23	this is a test
2021-05-12T15:02:48.490+0800	error	hello	zapLogger/logger_test.go:23	this is a test
2021-05-12T15:02:48.490+0800	error	hello	zapLogger/logger_test.go:23	this is a test
2021-05-12T15:02:48.490+0800	error	hello	zapLogger/logger_test.go:23	this is a test
2021-05-12T15:02:48.490+0800	error	hello	zapLogger/logger_test.go:23	this is a test
2021-05-12T15:02:48.490+0800	error	hello	zapLogger/logger_test.go:23	this is a test
2021-05-12T15:02:48.490+0800	error	hello	zapLogger/logger_test.go:23	this is a test
2021-05-12T15:02:48.490+0800	error	hello	zapLogger/logger_test.go:23	this is a test
2021-05-12T15:02:48.490+0800	error	hello	zapLogger/logger_test.go:23	this is a test
2021-05-12T15:02:48.490+0800	error	hello	zapLogger/logger_test.go:23	this is a test
2021-05-12T15:02:48.490+0800	error	hello	zapLogger/logger_test.go:23	this is a test
2021-05-12T15:02:48.490+0800	error	hello	zapLogger/logger_test.go:23	this is a test
2021-05-12T15:02:48.490+0800	error	hello	zapLogger/logger_test.go:23	this is a test
2021-05-12T15:02:48.490+0800	error	hello	zapLogger/logger_test.go:23	this is a test
2021-05-12T15:02:48.490+0800	error	hello	zapLogger/logger_test.go:23	this is a test
2021-05-12T15:02:48.490+0800	error	hello	zapLogger/logger_test.go:23	this is a test
2021-05-12T15:02:48.490+0800	error	hello	zapLogger/logger_test.go:23	this is a test
2021-05-12T15:02:48.490+0800	error	hello	zapLogger/logger_test.go:23	this is a test
2021-05-12T15:02:48.490+0800	error	hello	zapLogger/logger_test.go:23	this is a test
2021-05-12T15:02:48.490+0800	error	hello	zapLogger/logger_test.go:23	this is a test
2021-05-12T15:02:48.490+0800	error	hello	zapLogger/logger_test.go:23	this is a test
2021-05-12T15:02:48.490+0800	error	hello	zapLogger/logger_test.go:23	this is a test
2021-05-12T15:02:48.490+0800	error	hello	zapLogger/logger_test.go:23	this is a test
2021-05-12T15:02:48.490+0800	error	hello	zapLogger/logger_test.go:23	this is a test
2021-05-12T15:02:48.490+0800	error	hello	zapLogger/logger_test.go:23	this is a test
2021-05-12T15:02:48.490+0800	error	hello	zapLogger/logger_test.go:23	this is a test
2021-05-12T15:02:48.490+0800	error	hello	zapLogger/logger_test.go:23	this is a test
2021-05-12T15:02:48.490+0800	error	hello	zapLogger/logger_test.go:23	this is a test
2021-05-12T15:02:48.490+0800	error	hello	zapLogger/logger_test.go:23	this is a test
2021-05-12T15:02:48.490+0800	error	hello	zapLogger/logger_test.go:23	this is a test
2021-05-12T15:02:48.490+0800	error	hello	zapLogger/logger_test.go:23	this is a test
2021-05-12T15:02:48.490+0800	error	hello	zapLogger/logger_test.go:23	this is a test
2021-05-12T15:02:48.490+0800	error	hello	zapLogger/logger_test.go:23	this is a test
2021-05-12T15:02:48.490+0800	error	hello	zapLogger/logger_test.go:23	this is a test
2021-05-12T15:02:48.490+0800	error	hello	zapLogger/logger_test.go:23	this is a test
2021-05-12T15:02:48.490+0800	error	hello	zapLogger/logger_test.go:23	this is a test
2021-05-12T15:02:48.490+0800	error	hello	zapLogger/logger_test.go:23	this is a test
2021-05-12T15:02:48.490+0800	error	hello	zapLogger/logger_test.go:23	this is a test
2021-05-12T15:02:48.490+0800	error	hello	zapLogger/logger_test.go:23	this is a test
2021-05-12T15:02:48.490+0800	error	hello	zapLogger/logger_test.go:23	this is a test
2021-05-12T15:02:48.490+0800	error	hello	zapLogger/logger_test.go:23	this is a test
2021-05-12T15:02:48.490+0800	error	hello	zapLogger/logger_test.go:23	this is a test
2021-05-12T15:02:48.490+0800	error	hello	zapLogger/logger_test.go:23	this is a test
2021-05-12T15:02:48.490+0800	error	hello	zapLogger/logger_test.go:23	this is a test
2021-05-12T15:02:48.490+0800	error	hello	zapLogger/logger_test.go:23	this is a test
2021-05-12T15:02:48.490+0800	error	hello	zapLogger/logger_test.go:23	this is a test
2021-05-12T15:02:48.490+0800	error	hello	zapLogger/logger_test.go:23	this is a test
2021-05-12T15:02:48.491+0800	error	hello	zapLogger/logger_test.go:23	this is a test
2021-05-12T15:02:48.491+0800	error	hello	zapLogger/logger_test.go:23	this is a test
2021-05-12T15:02:48.491+0800	error	hello	zapLogger/logger_test.go:23	this is a test
2021-05-12T15:02:48.491+0800	error	hello	zapLogger/logger_test.go:23	this is a test
2021-05-12T15:02:48.491+0800	error	hello	zapLogger/logger_test.go:23	this is a test
2021-05-12T15:02:48.491+0800	error	hello	zapLogger/logger_test.go:23	this is a test
2021-05-12T15:02:48.491+0800	error	hello	zapLogger/logger_test.go:23	this is a test
2021-05-12T15:02:48.491+0800	error	hello	zapLogger/logger_test.go:23	this is a test
2021-05-12T15:02:48.491+0800	error	hello	zapLogger/logger_test.go:23	this is a test
2021-05-12T15:02:48.491+0800	error	hello	zapLogger/logger_test.go:23	this is a test
2021-05-12T15:02:48.491+0800	error	hello	zapLogger/logger_test.go:23	this is a test
2021-05-12T15:02:48.491+0800	error	hello	zapLogger/logger_test.go:23	this is a test
2021-05-12T15:02:48.491+0800	error	hello	zapLogger/logger_test.go:23	this is a test
2021-05-12T15:02:48.491+0800	error	hello	zapLogger/logger_test.go:23	this is a test
2021-05-12T15:02:48.491+0800	error	hello	zapLogger/logger_test.go:23	this is a test
2021-05-12T15:02:48.491+0800	error	hello	zapLogger/logger_test.go:23	this is a test
2021-05-12T15:02:48.491+0800	error	hello	zapLogger/logger_test.go:23	this is a test
2021-05-12T15:02:48.491+0800	error	hello	zapLogger/logger_test.go:23	this is a test
2021-05-12T15:02:48.491+0800	error	hello	zapLogger/logger_test.go:23	this is a test
2021-05-12T15:02:48.491+0800	error	hello	zapLogger/logger_test.go:23	this is a test
2021-05-12T15:02:48.491+0800	error	hello	zapLogger/logger_test.go:23	this is a test
2021-05-12T15:02:48.491+0800	error	hello	zapLogger/logger_test.go:23	this is a test
2021-05-12T15:02:48.491+0800	error	hello	zapLogger/logger_test.go:23	this is a test
2021-05-12T15:02:48.491+0800	error	hello	zapLogger/logger_test.go:23	this is a test
2021-05-12T15:02:48.491+0800	error	hello	zapLogger/logger_test.go:23	this is a test
2021-05-12T15:02:48.491+0800	error	hello	zapLogger/logger_test.go:23	this is a test
2021-05-12T15:02:48.491+0800	error	hello	zapLogger/logger_test.go:23	this is a test
2021-05-12T15:02:48.491+0800	error	hello	zapLogger/logger_test.go:23	this is a test
2021-05-12T15:02:48.491+0800	error	hello	zapLogger/logger_test.go:23	this is a test
2021-05-12T15:02:48.491+0800	error	hello	zapLogger/logger_test.go:23	this is a test
2021-05-12T15:02:48.491+0800	error	hello	zapLogger/logger_test.go:23	this is a test
2021-05-12T15:02:48.491+0800	error	hello	zapLogger/logger_test.go:23	this is a test
2021-05-12T15:02:48.490+0800	error	hello	zapLogger/logger_test.go:23	this is a test
2021-05-12T15:02:48.491+0800	error	hello	zapLogger/logger_test.go:23	this is a test
2021-05-12T15:02:48.491+0800	error	hello	zapLogger/logger_test.go:23	this is a test
2021-05-12T15:02:48.491+0800	error	hello	zapLogger/logger_test.go:23	this is a test
2021-05-12T15:02:48.491+0800	error	hello	zapLogger/logger_test.go:23	this is a test
2021-05-12T15:02:48.491+0800	error	hello	zapLogger/logger_test.go:23	this is a test
2021-05-12T15:02:48.491+0800	error	hello	zapLogger/logger_test.go:23	this is a test
2021-05-12T15:02:48.491+0800	error	hello	zapLogger/logger_test.go:23	this is a test
2021-05-12T15:02:48.491+0800	error	hello	zapLogger/logger_test.go:23	this is a test
2021-05-12T15:02:48.491+0800	error	hello	zapLogger/logger_test.go:23	this is a test
2021-05-12T15:02:48.491+0800	error	hello	zapLogger/logger_test.go:23	this is a test
2021-05-12T15:02:48.491+0800	error	hello	zapLogger/logger_test.go:23	this is a test
2021-05-12T15:02:48.491+0800	error	hello	zapLogger/logger_test.go:23	this is a test
2021-05-12T15:02:48.491+0800	error	hello	zapLogger/logger_test.go:23	this is a test
2021-05-12T15:02:48.491+0800	error	hello	zapLogger/logger_test.go:23	this is a test
2021-05-12T15:02:48.491+0800	error	hello	zapLogger/logger_test.go:23	this is a test
2021-05-12T15:02:48.491+0800	error	hello	zapLogger/logger_test.go:23	this is a test
2021-05-12T15:02:48.491+0800	error	hello	zapLogger/logger_test.go:23	this is a test
2021-05-12T15:02:48.491+0800	error	hello	zapLogger/logger_test.go:23	this is a test
2021-05-12T15:02:48.491+0800	error	hello	zapLogger/logger_test.go:23	this is a test
2021-05-12T15:02:48.490+0800	error	hello	zapLogger/logger_test.go:23	this is a test
2021-05-12T15:02:48.491+0800	error	hello	zapLogger/logger_test.go:23	this is a test
2021-05-12T15:02:48.491+0800	error	hello	zapLogger/logger_test.go:23	this is a test
2021-05-12T15:02:48.491+0800	error	hello	zapLogger/logger_test.go:23	this is a test
2021-05-12T15:02:48.491+0800	error	hello	zapLogger/logger_test.go:23	this is a test
2021-05-12T15:02:48.491+0800	error	hello	zapLogger/logger_test.go:23	this is a test
2021-05-12T15:02:48.491+0800	error	hello	zapLogger/logger_test.go:23	this is a test
2021-05-12T15:02:48.491+0800	error	hello	zapLogger/logger_test.go:23	this is a test
2021-05-12T15:02:48.491+0800	error	hello	zapLogger/logger_test.go:23	this is a test
2021-05-12T15:02:48.491+0800	error	hello	zapLogger/logger_test.go:23	this is a test
2021-05-12T15:02:48.491+0800	error	hello	zapLogger/logger_test.go:23	this is a test
2021-05-12T15:02:48.491+0800	error	hello	zapLogger/logger_test.go:23	this is a test
2021-05-12T15:02:48.491+0800	error	hello	zapLogger/logger_test.go:23	this is a test
2021-05-12T15:02:48.491+0800	error	hello	zapLogger/logger_test.go:23	this is a test
2021-05-12T15:02:48.491+0800	error	hello	zapLogger/logger_test.go:23	this is a test
2021-05-12T15:02:48.491+0800	error	hello	zapLogger/logger_test.go:23	this is a test
2021-05-12T15:02:48.491+0800	error	hello	zapLogger/logger_test.go:23	this is a test
2021-05-12T15:02:48.491+0800	error	hello	zapLogger/logger_test.go:23	this is a test
2021-05-12T15:02:48.491+0800	error	hello	zapLogger/logger_test.go:23	this is a test
2021-05-12T15:02:48.491+0800	error	hello	zapLogger/logger_test.go:23	this is a test
2021-05-12T15:02:48.491+0800	error	hello	zapLogger/logger_test.go:23	this is a test
2021-05-12T15:02:48.491+0800	error	hello	zapLogger/logger_test.go:23	this is a test
2021-05-12T15:02:48.491+0800	error	hello	zapLogger/logger_test.go:23	this is a test
2021-05-12T15:02:48.491+0800	error	hello	zapLogger/logger_test.go:23	this is a test
2021-05-12T15:02:48.491+0800	error	hello	zapLogger/logger_test.go:23	this is a test
2021-05-12T15:02:48.491+0800	error	hello	zapLogger/logger_test.go:23	this is a test
2021-05-12T15:02:48.491+0800	error	hello	zapLogger/logger_test.go:23	this is a test
2021-05-12T15:02:48.491+0800	error	hello	zapLogger/logger_test.go:23	this is a test
2021-05-12T15:02:48.491+0800	error	hello	zapLogger/logger_test.go:23	this is a test
2021-05-12T15:02:48.490+0800	error	hello	zapLogger/logger_test.go:23	this is a test
2021-05-12T15:02:48.491+0800	error	hello	zapLogger/logger_test.go:23	this is a test
2021-05-12T15:02:48.491+0800	error	hello	zapLogger/logger_test.go:23	this is a test
2021-05-12T15:02:48.491+0800	error	hello	zapLogger/logger_test.go:23	this is a test
2021-05-12T15:02:48.491+0800	error	hello	zapLogger/logger_test.go:23	this is a test
2021-05-12T15:02:48.491+0800	error	hello	zapLogger/logger_test.go:23	this is a test
2021-05-12T15:02:48.491+0800	error	hello	zapLogger/logger_test.go:23	this is a test
2021-05-12T15:02:48.491+0800	error	hello	zapLogger/logger_test.go:23	this is a test
2021-05-12T15:02:48.491+0800	error	hello	zapLogger/logger_test.go:23	this is a test
2021-05-12T15:02:48.491+0800	error	hello	zapLogger/logger_test.go:23	this is a test
2021-05-12T15:02:48.491+0800	error	hello	zapLogger/logger_test.go:23	this is a test
2021-05-12T15:02:48.491+0800	error	hello	zapLogger/logger_test.go:23	this is a test
2021-05-12T15:02:48.490+0800	error	hello	zapLogger/logger_test.go:23	this is a test
2021-05-12T15:02:48.491+0800	error	hello	zapLogger/logger_test.go:23	this is a test
2021-05-12T15:02:48.491+0800	error	hello	zapLogger/logger_test.go:23	this is a test
2021-05-12T15:02:48.491+0800	error	hello	zapLogger/logger_test.go:23	this is a test
2021-05-12T15:02:48.491+0800	error	hello	zapLogger/logger_test.go:23	this is a test
2021-05-12T15:02:48.491+0800	error	hello	zapLogger/logger_test.go:23	this is a test
2021-05-12T15:02:48.491+0800	error	hello	zapLogger/logger_test.go:23	this is a test
2021-05-12T15:02:48.491+0800	error	hello	zapLogger/logger_test.go:23	this is a test
2021-05-12T15:02:48.491+0800	error	hello	zapLogger/logger_test.go:23	this is a test
2021-05-12T15:02:48.491+0800	error	hello	zapLogger/logger_test.go:23	this is a test
2021-05-12T15:02:48.491+0800	error	hello	zapLogger/logger_test.go:23	this is a test
2021-05-12T15:02:48.491+0800	error	hello	zapLogger/logger_test.go:23	this is a test
2021-05-12T15:02:48.491+0800	error	hello	zapLogger/logger_test.go:23	this is a test
2021-05-12T15:02:48.491+0800	error	hello	zapLogger/logger_test.go:23	this is a test
2021-05-12T15:02:48.491+0800	error	hello	zapLogger/logger_test.go:23	this is a test
2021-05-12T15:02:48.491+0800	error	hello	zapLogger/logger_test.go:23	this is a test
2021-05-12T15:02:48.491+0800	error	hello	zapLogger/logger_test.go:23	this is a test
2021-05-12T15:02:48.491+0800	error	hello	zapLogger/logger_test.go:23	this is a test
2021-05-12T15:02:48.491+0800	error	hello	zapLogger/logger_test.go:23	this is a test
2021-05-12T15:02:48.491+0800	error	hello	zapLogger/logger_test.go:23	this is a test
2021-05-12T15:02:48.491+0800	error	hello	zapLogger/logger_test.go:23	this is a test
2021-05-12T15:02:48.491+0800	error	hello	zapLogger/logger_test.go:23	this is a test
2021-05-12T15:02:48.491+0800	error	hello	zapLogger/logger_test.go:23	this is a test
2021-05-12T15:02:48.491+0800	error	hello	zapLogger/logger_test.go:23	this is a test
2021-05-12T15:02:48.491+0800	error	hello	zapLogger/logger_test.go:23	this is a test
2021-05-12T15:02:48.491+0800	error	hello	zapLogger/logger_test.go:23	this is a test
2021-05-12T15:02:48.491+0800	error	hello	zapLogger/logger_test.go:23	this is a test
2021-05-12T15:02:48.491+0800	error	hello	zapLogger/logger_test.go:23	this is a test
2021-05-12T15:02:48.491+0800	error	hello	zapLogger/logger_test.go:23	this is a test
2021-05-12T15:02:48.491+0800	error	hello	zapLogger/logger_test.go:23	this is a test
2021-05-12T15:02:48.491+0800	error	hello	zapLogger/logger_test.go:23	this is a test
2021-05-12T15:02:48.491+0800	error	hello	zapLogger/logger_test.go:23	this is a test
2021-05-12T15:02:48.491+0800	error	hello	zapLogger/logger_test.go:23	this is a test
2021-05-12T15:02:48.491+0800	error	hello	zapLogger/logger_test.go:23	this is a test
2021-05-12T15:02:48.491+0800	error	hello	zapLogger/logger_test.go:23	this is a test
2021-05-12T15:02:48.491+0800	error	hello	zapLogger/logger_test.go:23	this is a test
2021-05-12T15:02:48.490+0800	error	hello	zapLogger/logger_test.go:23	this is a test
2021-05-12T15:02:48.491+0800	error	hello	zapLogger/logger_test.go:23	this is a test
2021-05-12T15:02:48.491+0800	error	hello	zapLogger/logger_test.go:23	this is a test
2021-05-12T15:02:48.491+0800	error	hello	zapLogger/logger_test.go:23	this is a test
2021-05-12T15:02:48.491+0800	error	hello	zapLogger/logger_test.go:23	this is a test
2021-05-12T15:02:48.491+0800	error	hello	zapLogger/logger_test.go:23	this is a test
2021-05-12T15:02:48.491+0800	error	hello	zapLogger/logger_test.go:23	this is a test
2021-05-12T15:02:48.491+0800	error	hello	zapLogger/logger_test.go:23	this is a test
2021-05-12T15:02:48.491+0800	error	hello	zapLogger/logger_test.go:23	this is a test
2021-05-12T15:02:48.491+0800	error	hello	zapLogger/logger_test.go:23	this is a test
2021-05-12T15:02:48.491+0800	error	hello	zapLogger/logger_test.go:23	this is a test
2021-05-12T15:02:48.491+0800	error	hello	zapLogger/logger_test.go:23	this is a test
2021-05-12T15:02:48.491+0800	error	hello	zapLogger/logger_test.go:23	this is a test
2021-05-12T15:02:48.491+0800	error	hello	zapLogger/logger_test.go:23	this is a test
2021-05-12T15:02:48.491+0800	error	hello	zapLogger/logger_test.go:23	this is a test
2021-05-12T15:02:48.491+0800	error	hello	zapLogger/logger_test.go:23	this is a test
2021-05-12T15:02:48.491+0800	error	hello	zapLogger/logger_test.go:23	this is a test
2021-05-12T15:02:48.491+0800	error	hello	zapLogger/logger_test.go:23	this is a test
2021-05-12T15:02:48.491+0800	error	hello	zapLogger/logger_test.go:23	this is a test
2021-05-12T15:02:48.491+0800	error	hello	zapLogger/logger_test.go:23	this is a test
2021-05-12T15:02:48.491+0800	error	hello	zapLogger/logger_test.go:23	this is a test
2021-05-12T15:02:48.491+0800	error	hello	zapLogger/logger_test.go:23	this is a test
2021-05-12T15:02:48.491+0800	error	hello	zapLogger/logger_test.go:23	this is a test
2021-05-12T15:02:48.491+0800	error	hello	zapLogger/logger_test.go:23	this is a test
2021-05-12T15:02:48.491+0800	error	hello	zapLogger/logger_test.go:23	this is a test
2021-05-12T15:02:48.491+0800	error	hello	zapLogger/logger_test.go:23	this is a test
2021-05-12T15:02:48.491+0800	error	hello	zapLogger/logger_test.go:23	this is a test
2021-05-12T15:02:48.491+0800	error	hello	zapLogger/logger_test.go:23	this is a test
2021-05-12T15:02:48.491+0800	error	hello	zapLogger/logger_test.go:23	this is a test
2021-05-12T15:02:48.491+0800	error	hello	zapLogger/logger_test.go:23	this is a test
2021-05-12T15:02:48.491+0800	error	hello	zapLogger/logger_test.go:23	this is a test
2021-05-12T15:02:48.491+0800	error	hello	zapLogger/logger_test.go:23	this is a test
2021-05-12T15:02:48.491+0800	error	hello	zapLogger/logger_test.go:23	this is a test
2021-05-12T15:02:48.491+0800	error	hello	zapLogger/logger_test.go:23	this is a test
2021-05-12T15:02:48.491+0800	error	hello	zapLogger/logger_test.go:23	this is a test
2021-05-12T15:02:48.491+0800	error	hello	zapLogger/logger_test.go:23	this is a test
2021-05-12T15:02:48.491+0800	error	hello	zapLogger/logger_test.go:23	this is a test
2021-05-12T15:02:48.491+0800	error	hello	zapLogger/logger_test.go:23	this is a test
2021-05-12T15:02:48.491+0800	error	hello	zapLogger/logger_test.go:23	this is a test
2021-05-12T15:02:48.491+0800	error	hello	zapLogger/logger_test.go:23	this is a test
2021-05-12T15:02:48.491+0800	error	hello	zapLogger/logger_test.go:23	this is a test
2021-05-12T15:02:48.491+0800	error	hello	zapLogger/logger_test.go:23	this is a test
2021-05-12T15:02:48.491+0800	error	hello	zapLogger/logger_test.go:23	this is a test
2021-05-12T15:02:48.491+0800	error	hello	zapLogger/logger_test.go:23	this is a test
2021-05-12T15:02:48.491+0800	error	hello	zapLogger/logger_test.go:23	this is a test
2021-05-12T15:02:48.491+0800	error	hello	zapLogger/logger_test.go:23	this is a test
2021-05-12T15:02:48.491+0800	error	hello	zapLogger/logger_test.go:23	this is a test
2021-05-12T15:02:48.491+0800	error	hello	zapLogger/logger_test.go:23	this is a test
2021-05-12T15:02:48.491+0800	error	hello	zapLogger/logger_test.go:23	this is a test
2021-05-12T15:02:48.491+0800	error	hello	zapLogger/logger_test.go:23	this is a test
2021-05-12T15:02:48.491+0800	error	hello	zapLogger/logger_test.go:23	this is a test
2021-05-12T15:02:48.492+0800	error	hello	zapLogger/logger_test.go:23	this is a test
2021-05-12T15:02:48.492+0800	error	hello	zapLogger/logger_test.go:23	this is a test
2021-05-12T15:02:48.492+0800	error	hello	zapLogger/logger_test.go:23	this is a test
2021-05-12T15:02:48.492+0800	error	hello	zapLogger/logger_test.go:23	this is a test
2021-05-12T15:02:48.492+0800	error	hello	zapLogger/logger_test.go:23	this is a test
2021-05-12T15:02:48.492+0800	error	hello	zapLogger/logger_test.go:23	this is a test
2021-05-12T15:02:48.492+0800	error	hello	zapLogger/logger_test.go:23	this is a test
2021-05-12T15:02:48.492+0800	error	hello	zapLogger/logger_test.go:23	this is a test
2021-05-12T15:02:48.492+0800	error	hello	zapLogger/logger_test.go:23	this is a test
2021-05-12T15:02:48.492+0800	error	hello	zapLogger/logger_test.go:23	this is a test
2021-05-12T15:02:48.492+0800	error	hello	zapLogger/logger_test.go:23	this is a test
2021-05-12T15:02:48.492+0800	error	hello	zapLogger/logger_test.go:23	this is a test
2021-05-12T15:02:48.492+0800	error	hello	zapLogger/logger_test.go:23	this is a test
2021-05-12T15:02:48.492+0800	error	hello	zapLogger/logger_test.go:23	this is a test
2021-05-12T15:02:48.492+0800	error	hello	zapLogger/logger_test.go:23	this is a test
2021-05-12T15:02:48.492+0800	error	hello	zapLogger/logger_test.go:23	this is a test
2021-05-12T15:02:48.492+0800	error	hello	zapLogger/logger_test.go:23	this is a test
2021-05-12T15:02:48.492+0800	error	hello	zapLogger/logger_test.go:23	this is a test
2021-05-12T15:02:48.492+0800	error	hello	zapLogger/logger_test.go:23	this is a test
2021-05-12T15:02:48.492+0800	error	hello	zapLogger/logger_test.go:23	this is a test
2021-05-12T15:02:48.492+0800	error	hello	zapLogger/logger_test.go:23	this is a test
2021-05-12T15:02:48.492+0800	error	hello	zapLogger/logger_test.go:23	this is a test
2021-05-12T15:02:48.492+0800	error	hello	zapLogger/logger_test.go:23	this is a test
2021-05-12T15:02:48.492+0800	error	hello	zapLogger/logger_test.go:23	this is a test
2021-05-12T15:02:48.492+0800	error	hello	zapLogger/logger_test.go:23	this is a test
2021-05-12T15:02:48.492+0800	error	hello	zapLogger/logger_test.go:23	this is a test
2021-05-12T15:02:48.492+0800	error	hello	zapLogger/logger_test.go:23	this is a test
2021-05-12T15:02:48.492+0800	error	hello	zapLogger/logger_test.go:23	this is a test
2021-05-12T15:02:48.492+0800	error	hello	zapLogger/logger_test.go:23	this is a test
2021-05-12T15:02:48.492+0800	error	hello	zapLogger/logger_test.go:23	this is a test
2021-05-12T15:02:48.492+0800	error	hello	zapLogger/logger_test.go:23	this is a test
2021-05-12T15:02:48.492+0800	error	hello	zapLogger/logger_test.go:23	this is a test
2021-05-12T15:02:48.492+0800	error	hello	zapLogger/logger_test.go:23	this is a test
2021-05-12T15:02:48.492+0800	error	hello	zapLogger/logger_test.go:23	this is a test
2021-05-12T15:02:48.492+0800	error	hello	zapLogger/logger_test.go:23	this is a test
2021-05-12T15:02:48.492+0800	error	hello	zapLogger/logger_test.go:23	this is a test
2021-05-12T15:02:48.492+0800	error	hello	zapLogger/logger_test.go:23	this is a test
2021-05-12T15:02:48.492+0800	error	hello	zapLogger/logger_test.go:23	this is a test
2021-05-12T15:02:48.492+0800	error	hello	zapLogger/logger_test.go:23	this is a test
2021-05-12T15:02:48.492+0800	error	hello	zapLogger/logger_test.go:23	this is a test
2021-05-12T15:02:48.492+0800	error	hello	zapLogger/logger_test.go:23	this is a test
2021-05-12T15:02:48.492+0800	error	hello	zapLogger/logger_test.go:23	this is a test
2021-05-12T15:02:48.492+0800	error	hello	zapLogger/logger_test.go:23	this is a test
2021-05-12T15:02:48.492+0800	error	hello	zapLogger/logger_test.go:23	this is a test
2021-05-12T15:02:48.492+0800	error	hello	zapLogger/logger_test.go:23	this is a test
2021-05-12T15:02:48.492+0800	error	hello	zapLogger/logger_test.go:23	this is a test
2021-05-12T15:02:48.492+0800	error	hello	zapLogger/logger_test.go:23	this is a test
2021-05-12T15:02:48.491+0800	error	hello	zapLogger/logger_test.go:23	this is a test
2021-05-12T15:02:48.492+0800	error	hello	zapLogger/logger_test.go:23	this is a test
2021-05-12T15:02:48.492+0800	error	hello	zapLogger/logger_test.go:23	this is a test
2021-05-12T15:02:48.491+0800	error	hello	zapLogger/logger_test.go:23	this is a test
2021-05-12T15:02:48.492+0800	error	hello	zapLogger/logger_test.go:23	this is a test
2021-05-12T15:02:48.492+0800	error	hello	zapLogger/logger_test.go:23	this is a test
2021-05-12T15:02:48.492+0800	error	hello	zapLogger/logger_test.go:23	this is a test
2021-05-12T15:02:48.492+0800	error	hello	zapLogger/logger_test.go:23	this is a test
2021-05-12T15:02:48.491+0800	error	hello	zapLogger/logger_test.go:23	this is a test
2021-05-12T15:02:48.492+0800	error	hello	zapLogger/logger_test.go:23	this is a test
2021-05-12T15:02:48.492+0800	error	hello	zapLogger/logger_test.go:23	this is a test
2021-05-12T15:02:48.492+0800	error	hello	zapLogger/logger_test.go:23	this is a test
2021-05-12T15:02:48.492+0800	error	hello	zapLogger/logger_test.go:23	this is a test
2021-05-12T15:02:48.492+0800	error	hello	zapLogger/logger_test.go:23	this is a test
2021-05-12T15:02:48.492+0800	error	hello	zapLogger/logger_test.go:23	this is a test
2021-05-12T15:02:48.492+0800	error	hello	zapLogger/logger_test.go:23	this is a test
2021-05-12T15:02:48.492+0800	error	hello	zapLogger/logger_test.go:23	this is a test
2021-05-12T15:02:48.492+0800	error	hello	zapLogger/logger_test.go:23	this is a test
2021-05-12T15:02:48.492+0800	error	hello	zapLogger/logger_test.go:23	this is a test
2021-05-12T15:02:48.492+0800	error	hello	zapLogger/logger_test.go:23	this is a test
2021-05-12T15:02:48.492+0800	error	hello	zapLogger/logger_test.go:23	this is a test
2021-05-12T15:02:48.492+0800	error	hello	zapLogger/logger_test.go:23	this is a test
2021-05-12T15:02:48.492+0800	error	hello	zapLogger/logger_test.go:23	this is a test
2021-05-12T15:02:48.492+0800	error	hello	zapLogger/logger_test.go:23	this is a test
2021-05-12T15:02:48.492+0800	error	hello	zapLogger/logger_test.go:23	this is a test
2021-05-12T15:02:48.492+0800	error	hello	zapLogger/logger_test.go:23	this is a test
2021-05-12T15:02:48.492+0800	error	hello	zapLogger/logger_test.go:23	this is a test
2021-05-12T15:02:48.492+0800	error	hello	zapLogger/logger_test.go:23	this is a test
2021-05-12T15:02:48.492+0800	error	hello	zapLogger/logger_test.go:23	this is a test
2021-05-12T15:02:48.492+0800	error	hello	zapLogger/logger_test.go:23	this is a test
2021-05-12T15:02:48.492+0800	error	hello	zapLogger/logger_test.go:23	this is a test
2021-05-12T15:02:48.492+0800	error	hello	zapLogger/logger_test.go:23	this is a test
2021-05-12T15:02:48.492+0800	error	hello	zapLogger/logger_test.go:23	this is a test
2021-05-12T15:02:48.492+0800	error	hello	zapLogger/logger_test.go:23	this is a test
2021-05-12T15:02:48.492+0800	error	hello	zapLogger/logger_test.go:23	this is a test
2021-05-12T15:02:48.492+0800	error	hello	zapLogger/logger_test.go:23	this is a test
2021-05-12T15:02:48.492+0800	error	hello	zapLogger/logger_test.go:23	this is a test
2021-05-12T15:02:48.492+0800	error	hello	zapLogger/logger_test.go:23	this is a test
2021-05-12T15:02:48.492+0800	error	hello	zapLogger/logger_test.go:23	this is a test
2021-05-12T15:02:48.492+0800	error	hello	zapLogger/logger_test.go:23	this is a test
2021-05-12T15:02:48.492+0800	error	hello	zapLogger/logger_test.go:23	this is a test
2021-05-12T15:02:48.492+0800	error	hello	zapLogger/logger_test.go:23	this is a test
2021-05-12T15:02:48.492+0800	error	hello	zapLogger/logger_test.go:23	this is a test
2021-05-12T15:02:48.492+0800	error	hello	zapLogger/logger_test.go:23	this is a test
2021-05-12T15:02:48.492+0800	error	hello	zapLogger/logger_test.go:23	this is a test
2021-05-12T15:02:48.492+0800	error	hello	zapLogger/logger_test.go:23	this is a test
2021-05-12T15:02:48.492+0800	error	hello	zapLogger/logger_test.go:23	this is a test
2021-05-12T15:02:48.492+0800	error	hello	zapLogger/logger_test.go:23	this is a test
2021-05-12T15:02:48.492+0800	error	hello	zapLogger/logger_test.go:23	this is a test
2021-05-12T15:02:48.492+0800	error	hello	zapLogger/logger_test.go:23	this is a test
2021-05-12T15:02:48.492+0800	error	hello	zapLogger/logger_test.go:23	this is a test
2021-05-12T15:02:48.492+0800	error	hello	zapLogger/logger_test.go:23	this is a test
2021-05-12T15:02:48.492+0800	error	hello	zapLogger/logger_test.go:23	this is a test
2021-05-12T15:02:48.492+0800	error	hello	zapLogger/logger_test.go:23	this is a test
2021-05-12T15:02:48.492+0800	error	hello	zapLogger/logger_test.go:23	this is a test
2021-05-12T15:02:48.492+0800	error	hello	zapLogger/logger_test.go:23	this is a test
2021-05-12T15:02:48.492+0800	error	hello	zapLogger/logger_test.go:23	this is a test
2021-05-12T15:02:48.492+0800	error	hello	zapLogger/logger_test.go:23	this is a test
2021-05-12T15:02:48.492+0800	error	hello	zapLogger/logger_test.go:23	this is a test
2021-05-12T15:02:48.492+0800	error	hello	zapLogger/logger_test.go:23	this is a test
2021-05-12T15:02:48.492+0800	error	hello	zapLogger/logger_test.go:23	this is a test
2021-05-12T15:02:48.492+0800	error	hello	zapLogger/logger_test.go:23	this is a test
2021-05-12T15:02:48.492+0800	error	hello	zapLogger/logger_test.go:23	this is a test
2021-05-12T15:02:48.492+0800	error	hello	zapLogger/logger_test.go:23	this is a test
2021-05-12T15:02:48.492+0800	error	hello	zapLogger/logger_test.go:23	this is a test
2021-05-12T15:02:48.492+0800	error	hello	zapLogger/logger_test.go:23	this is a test
2021-05-12T15:02:48.492+0800	error	hello	zapLogger/logger_test.go:23	this is a test
2021-05-12T15:02:48.492+0800	error	hello	zapLogger/logger_test.go:23	this is a test
2021-05-12T15:02:48.492+0800	error	hello	zapLogger/logger_test.go:23	this is a test
2021-05-12T15:02:48.492+0800	error	hello	zapLogger/logger_test.go:23	this is a test
2021-05-12T15:02:48.492+0800	error	hello	zapLogger/logger_test.go:23	this is a test
2021-05-12T15:02:48.492+0800	error	hello	zapLogger/logger_test.go:23	this is a test
2021-05-12T15:02:48.492+0800	error	hello	zapLogger/logger_test.go:23	this is a test
2021-05-12T15:02:48.492+0800	error	hello	zapLogger/logger_test.go:23	this is a test
2021-05-12T15:02:48.492+0800	error	hello	zapLogger/logger_test.go:23	this is a test
2021-05-12T15:02:48.492+0800	error	hello	zapLogger/logger_test.go:23	this is a test
2021-05-12T15:02:48.492+0800	error	hello	zapLogger/logger_test.go:23	this is a test
2021-05-12T15:02:48.492+0800	error	hello	zapLogger/logger_test.go:23	this is a test
2021-05-12T15:02:48.492+0800	error	hello	zapLogger/logger_test.go:23	this is a test
2021-05-12T15:02:48.492+0800	error	hello	zapLogger/logger_test.go:23	this is a test
2021-05-12T15:02:48.492+0800	error	hello	zapLogger/logger_test.go:23	this is a test
2021-05-12T15:02:48.492+0800	error	hello	zapLogger/logger_test.go:23	this is a test
2021-05-12T15:02:48.492+0800	error	hello	zapLogger/logger_test.go:23	this is a test
2021-05-12T15:02:48.492+0800	error	hello	zapLogger/logger_test.go:23	this is a test
2021-05-12T15:02:48.492+0800	error	hello	zapLogger/logger_test.go:23	this is a test
2021-05-12T15:02:48.492+0800	error	hello	zapLogger/logger_test.go:23	this is a test
2021-05-12T15:02:48.492+0800	error	hello	zapLogger/logger_test.go:23	this is a test
2021-05-12T15:02:48.492+0800	error	hello	zapLogger/logger_test.go:23	this is a test
2021-05-12T15:02:48.492+0800	error	hello	zapLogger/logger_test.go:23	this is a test
2021-05-12T15:02:48.492+0800	error	hello	zapLogger/logger_test.go:23	this is a test
2021-05-12T15:02:48.492+0800	error	hello	zapLogger/logger_test.go:23	this is a test
2021-05-12T15:02:48.492+0800	error	hello	zapLogger/logger_test.go:23	this is a test
2021-05-12T15:02:48.492+0800	error	hello	zapLogger/logger_test.go:23	this is a test
2021-05-12T15:02:48.492+0800	error	hello	zapLogger/logger_test.go:23	this is a test
2021-05-12T15:02:48.492+0800	error	hello	zapLogger/logger_test.go:23	this is a test
2021-05-12T15:02:48.492+0800	error	hello	zapLogger/logger_test.go:23	this is a test
2021-05-12T15:02:48.492+0800	error	hello	zapLogger/logger_test.go:23	this is a test
2021-05-12T15:02:48.492+0800	error	hello	zapLogger/logger_test.go:23	this is a test
2021-05-12T15:02:48.492+0800	error	hello	zapLogger/logger_test.go:23	this is a test
2021-05-12T15:02:48.492+0800	error	hello	zapLogger/logger_test.go:23	this is a test
2021-05-12T15:02:48.492+0800	error	hello	zapLogger/logger_test.go:23	this is a test
2021-05-12T15:02:48.492+0800	error	hello	zapLogger/logger_test.go:23	this is a test
2021-05-12T15:02:48.492+0800	error	hello	zapLogger/logger_test.go:23	this is a test
2021-05-12T15:02:48.492+0800	error	hello	zapLogger/logger_test.go:23	this is a test
2021-05-12T15:02:48.492+0800	error	hello	zapLogger/logger_test.go:23	this is a test
2021-05-12T15:02:48.492+0800	error	hello	zapLogger/logger_test.go:23	this is a test
2021-05-12T15:02:48.492+0800	error	hello	zapLogger/logger_test.go:23	this is a test
2021-05-12T15:02:48.492+0800	error	hello	zapLogger/logger_test.go:23	this is a test
2021-05-12T15:02:48.492+0800	error	hello	zapLogger/logger_test.go:23	this is a test
2021-05-12T15:02:48.492+0800	error	hello	zapLogger/logger_test.go:23	this is a test
2021-05-12T15:02:48.492+0800	error	hello	zapLogger/logger_test.go:23	this is a test
2021-05-12T15:02:48.492+0800	error	hello	zapLogger/logger_test.go:23	this is a test
2021-05-12T15:02:48.492+0800	error	hello	zapLogger/logger_test.go:23	this is a test
2021-05-12T15:02:48.492+0800	error	hello	zapLogger/logger_test.go:23	this is a test
2021-05-12T15:02:48.492+0800	error	hello	zapLogger/logger_test.go:23	this is a test
2021-05-12T15:02:48.492+0800	error	hello	zapLogger/logger_test.go:23	this is a test
2021-05-12T15:02:48.492+0800	error	hello	zapLogger/logger_test.go:23	this is a test
2021-05-12T15:02:48.492+0800	error	hello	zapLogger/logger_test.go:23	this is a test
2021-05-12T15:02:48.492+0800	error	hello	zapLogger/logger_test.go:23	this is a test
2021-05-12T15:02:48.492+0800	error	hello	zapLogger/logger_test.go:23	this is a test
2021-05-12T15:02:48.492+0800	error	hello	zapLogger/logger_test.go:23	this is a test
2021-05-12T15:02:48.492+0800	error	hello	zapLogger/logger_test.go:23	this is a test
2021-05-12T15:02:48.492+0800	error	hello	zapLogger/logger_test.go:23	this is a test
2021-05-12T15:02:48.492+0800	error	hello	zapLogger/logger_test.go:23	this is a test
2021-05-12T15:02:48.492+0800	error	hello	zapLogger/logger_test.go:23	this is a test
2021-05-12T15:02:48.492+0800	error	hello	zapLogger/logger_test.go:23	this is a test
2021-05-12T15:02:48.492+0800	error	hello	zapLogger/logger_test.go:23	this is a test
2021-05-12T15:02:48.492+0800	error	hello	zapLogger/logger_test.go:23	this is a test
2021-05-12T15:02:48.492+0800	error	hello	zapLogger/logger_test.go:23	this is a test
2021-05-12T15:02:48.492+0800	error	hello	zapLogger/logger_test.go:23	this is a test
2021-05-12T15:02:48.492+0800	error	hello	zapLogger/logger_test.go:23	this is a test
2021-05-12T15:02:48.492+0800	error	hello	zapLogger/logger_test.go:23	this is a test
2021-05-12T15:02:48.492+0800	error	hello	zapLogger/logger_test.go:23	this is a test
2021-05-12T15:02:48.492+0800	error	hello	zapLogger/logger_test.go:23	this is a test
2021-05-12T15:02:48.492+0800	error	hello	zapLogger/logger_test.go:23	this is a test
2021-05-12T15:02:48.492+0800	error	hello	zapLogger/logger_test.go:23	this is a test
2021-05-12T15:02:48.492+0800	error	hello	zapLogger/logger_test.go:23	this is a test
2021-05-12T15:02:48.492+0800	error	hello	zapLogger/logger_test.go:23	this is a test
2021-05-12T15:02:48.493+0800	error	hello	zapLogger/logger_test.go:23	this is a test
2021-05-12T15:02:48.493+0800	error	hello	zapLogger/logger_test.go:23	this is a test
2021-05-12T15:02:48.493+0800	error	hello	zapLogger/logger_test.go:23	this is a test
2021-05-12T15:02:48.493+0800	error	hello	zapLogger/logger_test.go:23	this is a test
2021-05-12T15:02:48.493+0800	error	hello	zapLogger/logger_test.go:23	this is a test
2021-05-12T15:02:48.493+0800	error	hello	zapLogger/logger_test.go:23	this is a test
2021-05-12T15:02:48.493+0800	error	hello	zapLogger/logger_test.go:23	this is a test
2021-05-12T15:02:48.493+0800	error	hello	zapLogger/logger_test.go:23	this is a test
2021-05-12T15:02:48.492+0800	error	hello	zapLogger/logger_test.go:23	this is a test
2021-05-12T15:02:48.493+0800	error	hello	zapLogger/logger_test.go:23	this is a test
2021-05-12T15:02:48.493+0800	error	hello	zapLogger/logger_test.go:23	this is a test
2021-05-12T15:02:48.493+0800	error	hello	zapLogger/logger_test.go:23	this is a test
2021-05-12T15:02:48.493+0800	error	hello	zapLogger/logger_test.go:23	this is a test
2021-05-12T15:02:48.493+0800	error	hello	zapLogger/logger_test.go:23	this is a test
2021-05-12T15:02:48.493+0800	error	hello	zapLogger/logger_test.go:23	this is a test
2021-05-12T15:02:48.493+0800	error	hello	zapLogger/logger_test.go:23	this is a test
2021-05-12T15:02:48.493+0800	error	hello	zapLogger/logger_test.go:23	this is a test
2021-05-12T15:02:48.493+0800	error	hello	zapLogger/logger_test.go:23	this is a test
2021-05-12T15:02:48.493+0800	error	hello	zapLogger/logger_test.go:23	this is a test
2021-05-12T15:02:48.493+0800	error	hello	zapLogger/logger_test.go:23	this is a test
2021-05-12T15:02:48.493+0800	error	hello	zapLogger/logger_test.go:23	this is a test
2021-05-12T15:02:48.493+0800	error	hello	zapLogger/logger_test.go:23	this is a test
2021-05-12T15:02:48.493+0800	error	hello	zapLogger/logger_test.go:23	this is a test
2021-05-12T15:02:48.493+0800	error	hello	zapLogger/logger_test.go:23	this is a test
2021-05-12T15:02:48.493+0800	error	hello	zapLogger/logger_test.go:23	this is a test
2021-05-12T15:02:48.493+0800	error	hello	zapLogger/logger_test.go:23	this is a test
2021-05-12T15:02:48.493+0800	error	hello	zapLogger/logger_test.go:23	this is a test
2021-05-12T15:02:48.493+0800	error	hello	zapLogger/logger_test.go:23	this is a test
2021-05-12T15:02:48.493+0800	error	hello	zapLogger/logger_test.go:23	this is a test
2021-05-12T15:02:48.493+0800	error	hello	zapLogger/logger_test.go:23	this is a test
2021-05-12T15:02:48.493+0800	error	hello	zapLogger/logger_test.go:23	this is a test
2021-05-12T15:02:48.493+0800	error	hello	zapLogger/logger_test.go:23	this is a test
2021-05-12T15:02:48.493+0800	error	hello	zapLogger/logger_test.go:23	this is a test
2021-05-12T15:02:48.493+0800	error	hello	zapLogger/logger_test.go:23	this is a test
2021-05-12T15:02:48.493+0800	error	hello	zapLogger/logger_test.go:23	this is a test
2021-05-12T15:02:48.493+0800	error	hello	zapLogger/logger_test.go:23	this is a test
2021-05-12T15:02:48.493+0800	error	hello	zapLogger/logger_test.go:23	this is a test
2021-05-12T15:02:48.493+0800	error	hello	zapLogger/logger_test.go:23	this is a test
2021-05-12T15:02:48.493+0800	error	hello	zapLogger/logger_test.go:23	this is a test
2021-05-12T15:02:48.493+0800	error	hello	zapLogger/logger_test.go:23	this is a test
2021-05-12T15:02:48.493+0800	error	hello	zapLogger/logger_test.go:23	this is a test
2021-05-12T15:02:48.493+0800	error	hello	zapLogger/logger_test.go:23	this is a test
2021-05-12T15:02:48.493+0800	error	hello	zapLogger/logger_test.go:23	this is a test
2021-05-12T15:02:48.493+0800	error	hello	zapLogger/logger_test.go:23	this is a test
2021-05-12T15:02:48.493+0800	error	hello	zapLogger/logger_test.go:23	this is a test
2021-05-12T15:02:48.493+0800	error	hello	zapLogger/logger_test.go:23	this is a test
2021-05-12T15:02:48.493+0800	error	hello	zapLogger/logger_test.go:23	this is a test
2021-05-12T15:02:48.493+0800	error	hello	zapLogger/logger_test.go:23	this is a test
2021-05-12T15:02:48.493+0800	error	hello	zapLogger/logger_test.go:23	this is a test
2021-05-12T15:02:48.493+0800	error	hello	zapLogger/logger_test.go:23	this is a test
2021-05-12T15:02:48.493+0800	error	hello	zapLogger/logger_test.go:23	this is a test
2021-05-12T15:02:48.493+0800	error	hello	zapLogger/logger_test.go:23	this is a test
2021-05-12T15:02:48.493+0800	error	hello	zapLogger/logger_test.go:23	this is a test
2021-05-12T15:02:48.493+0800	error	hello	zapLogger/logger_test.go:23	this is a test
2021-05-12T15:02:48.493+0800	error	hello	zapLogger/logger_test.go:23	this is a test
2021-05-12T15:02:48.493+0800	error	hello	zapLogger/logger_test.go:23	this is a test
2021-05-12T15:02:48.493+0800	error	hello	zapLogger/logger_test.go:23	this is a test
2021-05-12T15:02:48.493+0800	error	hello	zapLogger/logger_test.go:23	this is a test
2021-05-12T15:02:48.493+0800	error	hello	zapLogger/logger_test.go:23	this is a test
2021-05-12T15:02:48.493+0800	error	hello	zapLogger/logger_test.go:23	this is a test
2021-05-12T15:02:48.493+0800	error	hello	zapLogger/logger_test.go:23	this is a test
2021-05-12T15:02:48.493+0800	error	hello	zapLogger/logger_test.go:23	this is a test
2021-05-12T15:02:48.493+0800	error	hello	zapLogger/logger_test.go:23	this is a test
2021-05-12T15:02:48.493+0800	error	hello	zapLogger/logger_test.go:23	this is a test
2021-05-12T15:02:48.493+0800	error	hello	zapLogger/logger_test.go:23	this is a test
2021-05-12T15:02:48.493+0800	error	hello	zapLogger/logger_test.go:23	this is a test
2021-05-12T15:02:48.493+0800	error	hello	zapLogger/logger_test.go:23	this is a test
2021-05-12T15:02:48.493+0800	error	hello	zapLogger/logger_test.go:23	this is a test
2021-05-12T15:02:48.493+0800	error	hello	zapLogger/logger_test.go:23	this is a test
2021-05-12T15:02:48.493+0800	error	hello	zapLogger/logger_test.go:23	this is a test
2021-05-12T15:02:48.493+0800	error	hello	zapLogger/logger_test.go:23	this is a test
2021-05-12T15:02:48.493+0800	error	hello	zapLogger/logger_test.go:23	this is a test
2021-05-12T15:02:48.493+0800	error	hello	zapLogger/logger_test.go:23	this is a test
2021-05-12T15:02:48.493+0800	error	hello	zapLogger/logger_test.go:23	this is a test
2021-05-12T15:02:48.493+0800	error	hello	zapLogger/logger_test.go:23	this is a test
2021-05-12T15:02:48.493+0800	error	hello	zapLogger/logger_test.go:23	this is a test
2021-05-12T15:02:48.493+0800	error	hello	zapLogger/logger_test.go:23	this is a test
2021-05-12T15:02:48.493+0800	error	hello	zapLogger/logger_test.go:23	this is a test
2021-05-12T15:02:48.493+0800	error	hello	zapLogger/logger_test.go:23	this is a test
2021-05-12T15:02:48.493+0800	error	hello	zapLogger/logger_test.go:23	this is a test
2021-05-12T15:02:48.493+0800	error	hello	zapLogger/logger_test.go:23	this is a test
2021-05-12T15:02:48.493+0800	error	hello	zapLogger/logger_test.go:23	this is a test
2021-05-12T15:02:48.493+0800	error	hello	zapLogger/logger_test.go:23	this is a test
2021-05-12T15:02:48.493+0800	error	hello	zapLogger/logger_test.go:23	this is a test
2021-05-12T15:02:48.493+0800	error	hello	zapLogger/logger_test.go:23	this is a test
2021-05-12T15:02:48.493+0800	error	hello	zapLogger/logger_test.go:23	this is a test
2021-05-12T15:02:48.493+0800	error	hello	zapLogger/logger_test.go:23	this is a test
2021-05-12T15:02:48.493+0800	error	hello	zapLogger/logger_test.go:23	this is a test
2021-05-12T15:02:48.493+0800	error	hello	zapLogger/logger_test.go:23	this is a test
2021-05-12T15:02:48.493+0800	error	hello	zapLogger/logger_test.go:23	this is a test
2021-05-12T15:02:48.493+0800	error	hello	zapLogger/logger_test.go:23	this is a test
2021-05-12T15:02:48.493+0800	error	hello	zapLogger/logger_test.go:23	this is a test
2021-05-12T15:02:48.493+0800	error	hello	zapLogger/logger_test.go:23	this is a test
2021-05-12T15:02:48.493+0800	error	hello	zapLogger/logger_test.go:23	this is a test
2021-05-12T15:02:48.493+0800	error	hello	zapLogger/logger_test.go:23	this is a test
2021-05-12T15:02:48.493+0800	error	hello	zapLogger/logger_test.go:23	this is a test
2021-05-12T15:02:48.493+0800	error	hello	zapLogger/logger_test.go:23	this is a test
2021-05-12T15:02:48.493+0800	error	hello	zapLogger/logger_test.go:23	this is a test
2021-05-12T15:02:48.493+0800	error	hello	zapLogger/logger_test.go:23	this is a test
2021-05-12T15:02:48.493+0800	error	hello	zapLogger/logger_test.go:23	this is a test
2021-05-12T15:02:48.493+0800	error	hello	zapLogger/logger_test.go:23	this is a test
2021-05-12T15:02:48.493+0800	error	hello	zapLogger/logger_test.go:23	this is a test
2021-05-12T15:02:48.493+0800	error	hello	zapLogger/logger_test.go:23	this is a test
2021-05-12T15:02:48.493+0800	error	hello	zapLogger/logger_test.go:23	this is a test
2021-05-12T15:02:48.493+0800	error	hello	zapLogger/logger_test.go:23	this is a test
2021-05-12T15:02:48.493+0800	error	hello	zapLogger/logger_test.go:23	this is a test
2021-05-12T15:02:48.493+0800	error	hello	zapLogger/logger_test.go:23	this is a test
2021-05-12T15:02:48.493+0800	error	hello	zapLogger/logger_test.go:23	this is a test
2021-05-12T15:02:48.493+0800	error	hello	zapLogger/logger_test.go:23	this is a test
2021-05-12T15:02:48.493+0800	error	hello	zapLogger/logger_test.go:23	this is a test
2021-05-12T15:02:48.493+0800	error	hello	zapLogger/logger_test.go:23	this is a test
2021-05-12T15:02:48.493+0800	error	hello	zapLogger/logger_test.go:23	this is a test
2021-05-12T15:02:48.493+0800	error	hello	zapLogger/logger_test.go:23	this is a test
2021-05-12T15:02:48.493+0800	error	hello	zapLogger/logger_test.go:23	this is a test
2021-05-12T15:02:48.493+0800	error	hello	zapLogger/logger_test.go:23	this is a test
2021-05-12T15:02:48.493+0800	error	hello	zapLogger/logger_test.go:23	this is a test
2021-05-12T15:02:48.493+0800	error	hello	zapLogger/logger_test.go:23	this is a test
2021-05-12T15:02:48.493+0800	error	hello	zapLogger/logger_test.go:23	this is a test
2021-05-12T15:02:48.493+0800	error	hello	zapLogger/logger_test.go:23	this is a test
2021-05-12T15:02:48.493+0800	error	hello	zapLogger/logger_test.go:23	this is a test
2021-05-12T15:02:48.493+0800	error	hello	zapLogger/logger_test.go:23	this is a test
2021-05-12T15:02:48.493+0800	error	hello	zapLogger/logger_test.go:23	this is a test
2021-05-12T15:02:48.493+0800	error	hello	zapLogger/logger_test.go:23	this is a test
2021-05-12T15:02:48.493+0800	error	hello	zapLogger/logger_test.go:23	this is a test
2021-05-12T15:02:48.493+0800	error	hello	zapLogger/logger_test.go:23	this is a test
2021-05-12T15:02:48.493+0800	error	hello	zapLogger/logger_test.go:23	this is a test
2021-05-12T15:02:48.493+0800	error	hello	zapLogger/logger_test.go:23	this is a test
2021-05-12T15:02:48.493+0800	error	hello	zapLogger/logger_test.go:23	this is a test
2021-05-12T15:02:48.493+0800	error	hello	zapLogger/logger_test.go:23	this is a test
2021-05-12T15:02:48.493+0800	error	hello	zapLogger/logger_test.go:23	this is a test
2021-05-12T15:02:48.493+0800	error	hello	zapLogger/logger_test.go:23	this is a test
2021-05-12T15:02:48.493+0800	error	hello	zapLogger/logger_test.go:23	this is a test
2021-05-12T15:02:48.493+0800	error	hello	zapLogger/logger_test.go:23	this is a test
2021-05-12T15:02:48.493+0800	error	hello	zapLogger/logger_test.go:23	this is a test
2021-05-12T15:02:48.493+0800	error	hello	zapLogger/logger_test.go:23	this is a test
2021-05-12T15:02:48.493+0800	error	hello	zapLogger/logger_test.go:23	this is a test
2021-05-12T15:02:48.493+0800	error	hello	zapLogger/logger_test.go:23	this is a test
2021-05-12T15:02:48.493+0800	error	hello	zapLogger/logger_test.go:23	this is a test
2021-05-12T15:02:48.493+0800	error	hello	zapLogger/logger_test.go:23	this is a test
2021-05-12T15:02:48.493+0800	error	hello	zapLogger/logger_test.go:23	this is a test
2021-05-12T15:02:48.493+0800	error	hello	zapLogger/logger_test.go:23	this is a test
2021-05-12T15:02:48.493+0800	error	hello	zapLogger/logger_test.go:23	this is a test
2021-05-12T15:02:48.493+0800	error	hello	zapLogger/logger_test.go:23	this is a test
2021-05-12T15:02:48.493+0800	error	hello	zapLogger/logger_test.go:23	this is a test
2021-05-12T15:02:48.493+0800	error	hello	zapLogger/logger_test.go:23	this is a test
2021-05-12T15:02:48.493+0800	error	hello	zapLogger/logger_test.go:23	this is a test
2021-05-12T15:02:48.493+0800	error	hello	zapLogger/logger_test.go:23	this is a test
2021-05-12T15:02:48.493+0800	error	hello	zapLogger/logger_test.go:23	this is a test
2021-05-12T15:02:48.493+0800	error	hello	zapLogger/logger_test.go:23	this is a test
2021-05-12T15:02:48.493+0800	error	hello	zapLogger/logger_test.go:23	this is a test
2021-05-12T15:02:48.493+0800	error	hello	zapLogger/logger_test.go:23	this is a test
2021-05-12T15:02:48.493+0800	error	hello	zapLogger/logger_test.go:23	this is a test
2021-05-12T15:02:48.493+0800	error	hello	zapLogger/logger_test.go:23	this is a test
2021-05-12T15:02:48.493+0800	error	hello	zapLogger/logger_test.go:23	this is a test
2021-05-12T15:02:48.493+0800	error	hello	zapLogger/logger_test.go:23	this is a test
2021-05-12T15:02:48.493+0800	error	hello	zapLogger/logger_test.go:23	this is a test
2021-05-12T15:02:48.493+0800	error	hello	zapLogger/logger_test.go:23	this is a test
2021-05-12T15:02:48.493+0800	error	hello	zapLogger/logger_test.go:23	this is a test
2021-05-12T15:02:48.493+0800	error	hello	zapLogger/logger_test.go:23	this is a test
2021-05-12T15:02:48.493+0800	error	hello	zapLogger/logger_test.go:23	this is a test
2021-05-12T15:02:48.493+0800	error	hello	zapLogger/logger_test.go:23	this is a test
2021-05-12T15:02:48.493+0800	error	hello	zapLogger/logger_test.go:23	this is a test
2021-05-12T15:02:48.493+0800	error	hello	zapLogger/logger_test.go:23	this is a test
2021-05-12T15:02:48.493+0800	error	hello	zapLogger/logger_test.go:23	this is a test
2021-05-12T15:02:48.493+0800	error	hello	zapLogger/logger_test.go:23	this is a test
2021-05-12T15:02:48.493+0800	error	hello	zapLogger/logger_test.go:23	this is a test
2021-05-12T15:02:48.493+0800	error	hello	zapLogger/logger_test.go:23	this is a test
2021-05-12T15:02:48.493+0800	error	hello	zapLogger/logger_test.go:23	this is a test
2021-05-12T15:02:48.493+0800	error	hello	zapLogger/logger_test.go:23	this is a test
2021-05-12T15:02:48.493+0800	error	hello	zapLogger/logger_test.go:23	this is a test
2021-05-12T15:02:48.493+0800	error	hello	zapLogger/logger_test.go:23	this is a test
2021-05-12T15:02:48.493+0800	error	hello	zapLogger/logger_test.go:23	this is a test
2021-05-12T15:02:48.493+0800	error	hello	zapLogger/logger_test.go:23	this is a test
2021-05-12T15:02:48.493+0800	error	hello	zapLogger/logger_test.go:23	this is a test
2021-05-12T15:02:48.494+0800	error	hello	zapLogger/logger_test.go:23	this is a test
2021-05-12T15:02:48.494+0800	error	hello	zapLogger/logger_test.go:23	this is a test
2021-05-12T15:02:48.494+0800	error	hello	zapLogger/logger_test.go:23	this is a test
2021-05-12T15:02:48.494+0800	error	hello	zapLogger/logger_test.go:23	this is a test
2021-05-12T15:02:48.494+0800	error	hello	zapLogger/logger_test.go:23	this is a test
2021-05-12T15:02:48.494+0800	error	hello	zapLogger/logger_test.go:23	this is a test
2021-05-12T15:02:48.494+0800	error	hello	zapLogger/logger_test.go:23	this is a test
2021-05-12T15:02:48.494+0800	error	hello	zapLogger/logger_test.go:23	this is a test
2021-05-12T15:02:48.494+0800	error	hello	zapLogger/logger_test.go:23	this is a test
2021-05-12T15:02:48.494+0800	error	hello	zapLogger/logger_test.go:23	this is a test
2021-05-12T15:02:48.494+0800	error	hello	zapLogger/logger_test.go:23	this is a test
2021-05-12T15:02:48.494+0800	error	hello	zapLogger/logger_test.go:23	this is a test
2021-05-12T15:02:48.494+0800	error	hello	zapLogger/logger_test.go:23	this is a test
2021-05-12T15:02:48.494+0800	error	hello	zapLogger/logger_test.go:23	this is a test
2021-05-12T15:02:48.494+0800	error	hello	zapLogger/logger_test.go:23	this is a test
2021-05-12T15:02:48.494+0800	error	hello	zapLogger/logger_test.go:23	this is a test
2021-05-12T15:02:48.494+0800	error	hello	zapLogger/logger_test.go:23	this is a test
2021-05-12T15:02:48.494+0800	error	hello	zapLogger/logger_test.go:23	this is a test
2021-05-12T15:02:48.494+0800	error	hello	zapLogger/logger_test.go:23	this is a test
2021-05-12T15:02:48.494+0800	error	hello	zapLogger/logger_test.go:23	this is a test
2021-05-12T15:02:48.494+0800	error	hello	zapLogger/logger_test.go:23	this is a test
2021-05-12T15:02:48.494+0800	error	hello	zapLogger/logger_test.go:23	this is a test
2021-05-12T15:02:48.494+0800	error	hello	zapLogger/logger_test.go:23	this is a test
2021-05-12T15:02:48.494+0800	error	hello	zapLogger/logger_test.go:23	this is a test
2021-05-12T15:02:48.494+0800	error	hello	zapLogger/logger_test.go:23	this is a test
2021-05-12T15:02:48.494+0800	error	hello	zapLogger/logger_test.go:23	this is a test
2021-05-12T15:02:48.494+0800	error	hello	zapLogger/logger_test.go:23	this is a test
2021-05-12T15:02:48.494+0800	error	hello	zapLogger/logger_test.go:23	this is a test
2021-05-12T15:02:48.494+0800	error	hello	zapLogger/logger_test.go:23	this is a test
2021-05-12T15:02:48.494+0800	error	hello	zapLogger/logger_test.go:23	this is a test
2021-05-12T15:02:48.494+0800	error	hello	zapLogger/logger_test.go:23	this is a test
2021-05-12T15:02:48.494+0800	error	hello	zapLogger/logger_test.go:23	this is a test
2021-05-12T15:02:48.494+0800	error	hello	zapLogger/logger_test.go:23	this is a test
2021-05-12T15:02:48.494+0800	error	hello	zapLogger/logger_test.go:23	this is a test
2021-05-12T15:02:48.494+0800	error	hello	zapLogger/logger_test.go:23	this is a test
2021-05-12T15:02:48.494+0800	error	hello	zapLogger/logger_test.go:23	this is a test
2021-05-12T15:02:48.494+0800	error	hello	zapLogger/logger_test.go:23	this is a test
2021-05-12T15:02:48.494+0800	error	hello	zapLogger/logger_test.go:23	this is a test
2021-05-12T15:02:48.494+0800	error	hello	zapLogger/logger_test.go:23	this is a test
2021-05-12T15:02:48.494+0800	error	hello	zapLogger/logger_test.go:23	this is a test
2021-05-12T15:02:48.494+0800	error	hello	zapLogger/logger_test.go:23	this is a test
2021-05-12T15:02:48.494+0800	error	hello	zapLogger/logger_test.go:23	this is a test
2021-05-12T15:02:48.494+0800	error	hello	zapLogger/logger_test.go:23	this is a test
2021-05-12T15:02:48.494+0800	error	hello	zapLogger/logger_test.go:23	this is a test
2021-05-12T15:02:48.494+0800	error	hello	zapLogger/logger_test.go:23	this is a test
2021-05-12T15:02:48.494+0800	error	hello	zapLogger/logger_test.go:23	this is a test
2021-05-12T15:02:48.494+0800	error	hello	zapLogger/logger_test.go:23	this is a test
2021-05-12T15:02:48.494+0800	error	hello	zapLogger/logger_test.go:23	this is a test
2021-05-12T15:02:48.494+0800	error	hello	zapLogger/logger_test.go:23	this is a test
2021-05-12T15:02:48.494+0800	error	hello	zapLogger/logger_test.go:23	this is a test
2021-05-12T15:02:48.494+0800	error	hello	zapLogger/logger_test.go:23	this is a test
2021-05-12T15:02:48.494+0800	error	hello	zapLogger/logger_test.go:23	this is a test
2021-05-12T15:02:48.494+0800	error	hello	zapLogger/logger_test.go:23	this is a test
2021-05-12T15:02:48.494+0800	error	hello	zapLogger/logger_test.go:23	this is a test
2021-05-12T15:02:48.494+0800	error	hello	zapLogger/logger_test.go:23	this is a test
2021-05-12T15:02:48.494+0800	error	hello	zapLogger/logger_test.go:23	this is a test
2021-05-12T15:02:48.494+0800	error	hello	zapLogger/logger_test.go:23	this is a test
2021-05-12T15:02:48.494+0800	error	hello	zapLogger/logger_test.go:23	this is a test
2021-05-12T15:02:48.494+0800	error	hello	zapLogger/logger_test.go:23	this is a test
2021-05-12T15:02:48.494+0800	error	hello	zapLogger/logger_test.go:23	this is a test
2021-05-12T15:02:48.494+0800	error	hello	zapLogger/logger_test.go:23	this is a test
2021-05-12T15:02:48.494+0800	error	hello	zapLogger/logger_test.go:23	this is a test
2021-05-12T15:02:48.494+0800	error	hello	zapLogger/logger_test.go:23	this is a test
2021-05-12T15:02:48.494+0800	error	hello	zapLogger/logger_test.go:23	this is a test
2021-05-12T15:02:48.494+0800	error	hello	zapLogger/logger_test.go:23	this is a test
2021-05-12T15:02:48.494+0800	error	hello	zapLogger/logger_test.go:23	this is a test
2021-05-12T15:02:48.494+0800	error	hello	zapLogger/logger_test.go:23	this is a test
2021-05-12T15:02:48.494+0800	error	hello	zapLogger/logger_test.go:23	this is a test
2021-05-12T15:02:48.494+0800	error	hello	zapLogger/logger_test.go:23	this is a test
2021-05-12T15:02:48.494+0800	error	hello	zapLogger/logger_test.go:23	this is a test
2021-05-12T15:02:48.494+0800	error	hello	zapLogger/logger_test.go:23	this is a test
2021-05-12T15:02:48.494+0800	error	hello	zapLogger/logger_test.go:23	this is a test
2021-05-12T15:02:48.494+0800	error	hello	zapLogger/logger_test.go:23	this is a test
2021-05-12T15:02:48.494+0800	error	hello	zapLogger/logger_test.go:23	this is a test
2021-05-12T15:02:48.494+0800	error	hello	zapLogger/logger_test.go:23	this is a test
2021-05-12T15:02:48.494+0800	error	hello	zapLogger/logger_test.go:23	this is a test
2021-05-12T15:02:48.494+0800	error	hello	zapLogger/logger_test.go:23	this is a test
2021-05-12T15:02:48.494+0800	error	hello	zapLogger/logger_test.go:23	this is a test
2021-05-12T15:02:48.494+0800	error	hello	zapLogger/logger_test.go:23	this is a test
2021-05-12T15:02:48.494+0800	error	hello	zapLogger/logger_test.go:23	this is a test
2021-05-12T15:02:48.494+0800	error	hello	zapLogger/logger_test.go:23	this is a test
2021-05-12T15:02:48.494+0800	error	hello	zapLogger/logger_test.go:23	this is a test
2021-05-12T15:02:48.494+0800	error	hello	zapLogger/logger_test.go:23	this is a test
2021-05-12T15:02:48.494+0800	error	hello	zapLogger/logger_test.go:23	this is a test
2021-05-12T15:02:48.494+0800	error	hello	zapLogger/logger_test.go:23	this is a test
2021-05-12T15:02:48.494+0800	error	hello	zapLogger/logger_test.go:23	this is a test
2021-05-12T15:02:48.494+0800	error	hello	zapLogger/logger_test.go:23	this is a test
2021-05-12T15:02:48.494+0800	error	hello	zapLogger/logger_test.go:23	this is a test
2021-05-12T15:02:48.494+0800	error	hello	zapLogger/logger_test.go:23	this is a test
2021-05-12T15:02:48.494+0800	error	hello	zapLogger/logger_test.go:23	this is a test
2021-05-12T15:02:48.494+0800	error	hello	zapLogger/logger_test.go:23	this is a test
2021-05-12T15:02:48.494+0800	error	hello	zapLogger/logger_test.go:23	this is a test
2021-05-12T15:02:48.494+0800	error	hello	zapLogger/logger_test.go:23	this is a test
2021-05-12T15:02:48.494+0800	error	hello	zapLogger/logger_test.go:23	this is a test
2021-05-12T15:02:48.494+0800	error	hello	zapLogger/logger_test.go:23	this is a test
2021-05-12T15:02:48.494+0800	error	hello	zapLogger/logger_test.go:23	this is a test
2021-05-12T15:02:48.494+0800	error	hello	zapLogger/logger_test.go:23	this is a test
2021-05-12T15:02:48.494+0800	error	hello	zapLogger/logger_test.go:23	this is a test
2021-05-12T15:02:48.494+0800	error	hello	zapLogger/logger_test.go:23	this is a test
2021-05-12T15:02:48.494+0800	error	hello	zapLogger/logger_test.go:23	this is a test
2021-05-12T15:02:48.494+0800	error	hello	zapLogger/logger_test.go:23	this is a test
2021-05-12T15:02:48.494+0800	error	hello	zapLogger/logger_test.go:23	this is a test
2021-05-12T15:02:48.494+0800	error	hello	zapLogger/logger_test.go:23	this is a test
2021-05-12T15:02:48.494+0800	error	hello	zapLogger/logger_test.go:23	this is a test
2021-05-12T15:02:48.494+0800	error	hello	zapLogger/logger_test.go:23	this is a test
2021-05-12T15:02:48.494+0800	error	hello	zapLogger/logger_test.go:23	this is a test
2021-05-12T15:02:48.494+0800	error	hello	zapLogger/logger_test.go:23	this is a test
2021-05-12T15:02:48.494+0800	error	hello	zapLogger/logger_test.go:23	this is a test
2021-05-12T15:02:48.494+0800	error	hello	zapLogger/logger_test.go:23	this is a test
2021-05-12T15:02:48.494+0800	error	hello	zapLogger/logger_test.go:23	this is a test
2021-05-12T15:02:48.494+0800	error	hello	zapLogger/logger_test.go:23	this is a test
2021-05-12T15:02:48.494+0800	error	hello	zapLogger/logger_test.go:23	this is a test
2021-05-12T15:02:48.494+0800	error	hello	zapLogger/logger_test.go:23	this is a test
2021-05-12T15:02:48.494+0800	error	hello	zapLogger/logger_test.go:23	this is a test
2021-05-12T15:02:48.494+0800	error	hello	zapLogger/logger_test.go:23	this is a test
2021-05-12T15:02:48.494+0800	error	hello	zapLogger/logger_test.go:23	this is a test
2021-05-12T15:02:48.494+0800	error	hello	zapLogger/logger_test.go:23	this is a test
2021-05-12T15:02:48.494+0800	error	hello	zapLogger/logger_test.go:23	this is a test
2021-05-12T15:02:48.494+0800	error	hello	zapLogger/logger_test.go:23	this is a test
2021-05-12T15:02:48.494+0800	error	hello	zapLogger/logger_test.go:23	this is a test
2021-05-12T15:02:48.494+0800	error	hello	zapLogger/logger_test.go:23	this is a test
2021-05-12T15:02:48.494+0800	error	hello	zapLogger/logger_test.go:23	this is a test
2021-05-12T15:02:48.494+0800	error	hello	zapLogger/logger_test.go:23	this is a test
2021-05-12T15:02:48.494+0800	error	hello	zapLogger/logger_test.go:23	this is a test
2021-05-12T15:02:48.494+0800	error	hello	zapLogger/logger_test.go:23	this is a test
2021-05-12T15:02:48.494+0800	error	hello	zapLogger/logger_test.go:23	this is a test
2021-05-12T15:02:48.494+0800	error	hello	zapLogger/logger_test.go:23	this is a test
2021-05-12T15:02:48.494+0800	error	hello	zapLogger/logger_test.go:23	this is a test
